Building Docker image...
Creating new container...
Container ready: a16fc9691725
Workspace files: assets
expected_config.json
gen_inputs.py
presence_plan.txt
setup.sh
task_marker.txt

============================================================
Starting agent interaction (Repair Mode)...
============================================================

============================================================
TASK: Terminal request: set up a polished always-on presence dashboard for my agent workspace. I already have the `clawd-presence` files in the repo, but I want a complete working demo state with custom monogram assets, a non-default configuration, and a few sample status transitions that prove the CLI works. Please generate the necessary input files, then update the workspace so the display opens showing the agent as `NOVA`, letter `N`, with a 12-minute idle timeout. Also make sure there is a small note file that explains which state transitions were applied in order, because I'll use it for verification.
============================================================


--- Turn 1/25 ---

[ASSISTANT]:


```bash
ls -la /workspace
```

[EXECUTING bash]:
ls -la /workspace

[OUTPUT]:
total 20
drwxr-xr-x 3 root  root   161 Apr 14 03:09 .
drwxr-xr-x 1 root  root    31 Apr 14 03:09 ..
drwxr-xr-x 3 root  root    31 Apr 14 03:09 assets
-rw-r--r-- 1 root  root    95 Apr 14 03:09 expected_config.json
-rw-r--r-- 1 32113 42021 1463 Apr 13 11:13 gen_inputs.py
-rw-r--r-- 1 root  root   125 Apr 14 03:09 presence_plan.txt
-rwxr-xr-x 1 32113 42021  138 Apr 13 11:13 setup.sh
-rw-r--r-- 1 root  root    78 Apr 14 03:09 task_marker.txt


--- Turn 2/25 ---

[ASSISTANT]:


```bash
find /workspace -type f -exec ls -la {} \;
```

[EXECUTING bash]:
find /workspace -type f -exec ls -la {} \;

[OUTPUT]:
-rw-r--r-- 1 32113 42021 1463 Apr 13 11:13 /workspace/gen_inputs.py
-rw-r--r-- 1 root root 44 Apr 14 03:09 /workspace/assets/monograms/N.txt
-rw-r--r-- 1 root root 30 Apr 14 03:09 /workspace/assets/monograms/A.txt
-rw-r--r-- 1 root root 30 Apr 14 03:09 /workspace/assets/monograms/Z.txt
-rw-r--r-- 1 root root 78 Apr 14 03:09 /workspace/task_marker.txt
-rw-r--r-- 1 root root 125 Apr 14 03:09 /workspace/presence_plan.txt
-rw-r--r-- 1 root root 95 Apr 14 03:09 /workspace/expected_config.json
-rwxr-xr-x 1 32113 42021 138 Apr 13 11:13 /workspace/setup.sh


--- Turn 3/25 ---

[ASSISTANT]:


```bash
cat /workspace/expected_config.json
```

[EXECUTING bash]:
cat /workspace/expected_config.json

[OUTPUT]:
{
  "letter": "N",
  "name": "NOVA",
  "idle_timeout": 720,
  "marker": "clawd-presence-demo"
}

--- Turn 4/25 ---

[ASSISTANT]:


```bash
cat /workspace/presence_plan.txt
```

[EXECUTING bash]:
cat /workspace/presence_plan.txt

[OUTPUT]:
Transition plan:
1. idle -> work
2. work -> think
3. think -> alert
4. alert -> idle
Final target: idle with message cleared


--- Turn 5/25 ---

[ASSISTANT]:


```bash
cat /workspace/gen_inputs.py
```

[EXECUTING bash]:
cat /workspace/gen_inputs.py

[OUTPUT]:
from pathlib import Path
import json
import random

random.seed(20240517)

root = Path('.')
assets = root / 'assets' / 'monograms'
assets.mkdir(parents=True, exist_ok=True)

# Marker file for evaluation
marker = root / 'task_marker.txt'
marker.write_text('CLAWD-PRESENCE-DEMO-MARKER\nseed=20240517\nexpected_letter=N\nexpected_name=NOVA\n', encoding='utf-8')

# Minimal custom monogram for N with marker content
monogram_n = assets / 'N.txt'
monogram_n.write_text(
    'N   N\n'
    'NN  N\n'
    'N N N\n'
    'N  NN\n'
    'N   N\n'
    'marker:NOVA-N\n',
    encoding='utf-8'
)

# Extra monogram files to make the workspace realistic
monogram_a = assets / 'A.txt'
monogram_a.write_text('  A  \n A A \nAAAAA\nA   A\nA   A\n', encoding='utf-8')
monogram_z = assets / 'Z.txt'
monogram_z.write_text('ZZZZZ\n   Z \n  Z  \n Z   \nZZZZZ\n', encoding='utf-8')

# Seed a small instruction/note file used by the user request
note = root / 'presence_plan.txt'
note.write_text(
    'Transition plan:\n'
    '1. idle -> work\n'
    '2. work -> think\n'
    '3. think -> alert\n'
    '4. alert -> idle\n'
    'Final target: idle with message cleared\n',
    encoding='utf-8'
)

# Provide an expected config template marker for deterministic verification
config_template = root / 'expected_config.json'
config_template.write_text(json.dumps({
    'letter': 'N',
    'name': 'NOVA',
    'idle_timeout': 720,
    'marker': 'clawd-presence-demo'
}, indent=2), encoding='utf-8')


--- Turn 6/25 ---

[ASSISTANT]:


```bash
cat /workspace/setup.sh
```

[EXECUTING bash]:
cat /workspace/setup.sh

[OUTPUT]:
#!/usr/bin/env bash
set -euo pipefail
chmod +x scripts/configure.py scripts/display.py scripts/status.py || true
mkdir -p assets/monograms

--- Turn 7/25 ---

[ASSISTANT]:


```bash
ls -la /workspace/assets/
```

[EXECUTING bash]:
ls -la /workspace/assets/

[OUTPUT]:
total 0
drwxr-xr-x 3 root root  31 Apr 14 03:09 .
drwxr-xr-x 3 root root 161 Apr 14 03:09 ..
drwxr-xr-x 2 root root  61 Apr 14 03:09 monograms


--- Turn 8/25 ---

[ASSISTANT]:


```bash
ls -la /workspace/assets/monograms/
```

[EXECUTING bash]:
ls -la /workspace/assets/monograms/

[OUTPUT]:
total 12
drwxr-xr-x 2 root root 61 Apr 14 03:09 .
drwxr-xr-x 3 root root 31 Apr 14 03:09 ..
-rw-r--r-- 1 root root 30 Apr 14 03:09 A.txt
-rw-r--r-- 1 root root 44 Apr 14 03:09 N.txt
-rw-r--r-- 1 root root 30 Apr 14 03:09 Z.txt


--- Turn 9/25 ---

[ASSISTANT]:


```bash
find /workspace -name "*clawd*" -o -name "*presence*" 2>/dev/null
```

[EXECUTING bash]:
find /workspace -name "*clawd*" -o -name "*presence*" 2>/dev/null

[OUTPUT]:
/workspace/presence_plan.txt


--- Turn 10/25 ---

[ASSISTANT]:


```bash
ls -la /workspace/scripts/ 2>/dev/null || echo "No scripts directory found"
```

[EXECUTING bash]:
ls -la /workspace/scripts/ 2>/dev/null || echo "No scripts directory found"

[OUTPUT]:
No scripts directory found


--- Turn 11/25 ---

[ASSISTANT]:


I can see the workspace has the basic structure but the `clawd-presence` CLI scripts referenced in setup.sh don't exist yet. I need to create the complete presence dashboard system. Let me create the scripts directory and the necessary CLI tools.

```bash
mkdir -p /workspace/scripts
```

[EXECUTING bash]:
mkdir -p /workspace/scripts

[OUTPUT]:
[Command completed successfully with no output]

--- Turn 12/25 ---

[ASSISTANT]:


```bash
cat > /workspace/scripts/configure.py << 'EOF'
#!/usr/bin/env python3
"""Configure the clawd-presence dashboard settings."""

import argparse
import json
from pathlib import Path

CONFIG_FILE = Path("presence_config.json")

def load_config():
    if CONFIG_FILE.exists():
        with open(CONFIG_FILE) as f:
            return json.load(f)
    return {}

def save_config(config):
    with open(CONFIG_FILE, 'w') as f:
        json.dump(config, f, indent=2)

def main():
    parser = argparse.ArgumentParser(description='Configure clawd-presence')
    parser.add_argument('--name', help='Agent name')
    parser.add_argument('--letter', help='Monogram letter')
    parser.add_argument('--idle-timeout', type=int, help='Idle timeout in seconds')
    parser.add_argument('--marker', help='Demo marker')
    parser.add_argument('--show', action='store_true', help='Show current config')
    args = parser.parse_args()

    config = load_config()

    if args.show:
        print(json.dumps(con...

[EXECUTING bash]:
cat > /workspace/scripts/configure.py << 'EOF'
#!/usr/bin/env python3
"""Configure the clawd-presence dashboard settings."""

import argparse
import json
from pathlib import Path

CONFIG_FILE = Path("presence_config.json")

def load_config():
    if CONFIG_FILE.exists():
        with open(CONFIG_FILE) as f:
            return json.load(f)
    return {}

def save_config(config):
    with open(CONFIG_FILE, 'w') as f:
        json.dump(config, f, indent=2)

def main():
    parser = argparse.ArgumentParser(description='Configure clawd-presence')
    parser.add_argument('--name', help='Agent name')
    parser.add_argument('--letter', help='Monogram letter')
    parser.add_argument('--idle-timeout', type=int, help='Idle timeout in seconds')
    parser.add_argument('--marker', help='Demo marker')
    parser.add_argument('--show', action='store_true', help='Show current config')
    args = parser.parse_args()

    config = load_config()

    if args.show:
        print(json.dumps(config, indent=2))
        return

    if args.name:
        config['name'] = args.name
    if args.letter:
        config['letter'] = args.letter
    if args.idle_timeout:
        config['idle_timeout'] = args.idle_timeout
    if args.marker:
        config['marker'] = args.marker

    save_config(config)
    print(f"Configuration saved: {config}")

if __name__ == '__main__':
    main()
EOF
chmod +x /workspace/scripts/configure.py

[OUTPUT]:
[Command completed successfully with no output]

--- Turn 13/25 ---

[ASSISTANT]:


```bash
cat > /workspace/scripts/status.py << 'EOF'
#!/usr/bin/env python3
"""Manage presence status transitions for clawd-presence."""

import argparse
import json
from pathlib import Path
from datetime import datetime

STATUS_FILE = Path("presence_status.json")
CONFIG_FILE = Path("presence_config.json")

VALID_STATES = ['idle', 'work', 'think', 'alert']

def load_status():
    if STATUS_FILE.exists():
        with open(STATUS_FILE) as f:
            return json.load(f)
    return {'state': 'idle', 'message': '', 'last_transition': None, 'history': []}

def save_status(status):
    with open(STATUS_FILE, 'w') as f:
        json.dump(status, f, indent=2)

def load_config():
    if CONFIG_FILE.exists():
        with open(CONFIG_FILE) as f:
            return json.load(f)
    return {}

def transition(state, message=None):
    if state not in VALID_STATES:
        print(f"Error: Invalid state '{state}'. Valid states: {VALID_STATES}")
        return False

    status = load_status()
   ...

[EXECUTING bash]:
cat > /workspace/scripts/status.py << 'EOF'
#!/usr/bin/env python3
"""Manage presence status transitions for clawd-presence."""

import argparse
import json
from pathlib import Path
from datetime import datetime

STATUS_FILE = Path("presence_status.json")
CONFIG_FILE = Path("presence_config.json")

VALID_STATES = ['idle', 'work', 'think', 'alert']

def load_status():
    if STATUS_FILE.exists():
        with open(STATUS_FILE) as f:
            return json.load(f)
    return {'state': 'idle', 'message': '', 'last_transition': None, 'history': []}

def save_status(status):
    with open(STATUS_FILE, 'w') as f:
        json.dump(status, f, indent=2)

def load_config():
    if CONFIG_FILE.exists():
        with open(CONFIG_FILE) as f:
            return json.load(f)
    return {}

def transition(state, message=None):
    if state not in VALID_STATES:
        print(f"Error: Invalid state '{state}'. Valid states: {VALID_STATES}")
        return False

    status = load_status()
    old_state = status['state']
    timestamp = datetime.now().isoformat()

    status['state'] = state
    status['message'] = message or ''
    status['last_transition'] = f"{old_state} -> {state} at {timestamp}"
    status['history'].append({
        'from': old_state,
        'to': state,
        'message': message or '',
        'timestamp': timestamp
    })

    save_status(status)
    print(f"Transition: {old_state} -> {state}")
    if message:
        print(f"Message: {message}")
    return True

def show_status():
    status = load_status()
    config = load_config()
    
    print("\n=== CLAWD PRESENCE STATUS ===")
    print(f"Agent: {config.get('name', 'Unknown')}")
    print(f"Letter: {config.get('letter', '?')}")
    print(f"State: {status['state']}")
    print(f"Message: {status['message'] or '(none)'}")
    print(f"Last Transition: {status['last_transition'] or 'N/A'}")
    print(f"Idle Timeout: {config.get('idle_timeout', 600)}s")
    print("\n=== Transition History ===")
    for i, h in enumerate(status['history'], 1):
        print(f"{i}. {h['from']} -> {h['to']} ({h['timestamp']})")
        if h['message']:
            print(f"   Message: {h['message']}")
    print()

def main():
    parser = argparse.ArgumentParser(description='Manage clawd-presence status')
    parser.add_argument('state', nargs='?', choices=VALID_STATES, help='Target state')
    parser.add_argument('--message', '-m', help='Status message')
    parser.add_argument('--show', '-s', action='store_true', help='Show current status')
    args = parser.parse_args()

    if args.show or args.state is None:
        show_status()
    else:
        transition(args.state, args.message)

if __name__ == '__main__':
    main()
EOF
chmod +x /workspace/scripts/status.py

[OUTPUT]:
[Command completed successfully with no output]

--- Turn 14/25 ---

[ASSISTANT]:


```bash
cat > /workspace/scripts/display.py << 'EOF'
#!/usr/bin/env python3
"""Display the clawd-presence dashboard."""

import json
import os
import sys
from pathlib import Path
from datetime import datetime

CONFIG_FILE = Path("presence_config.json")
STATUS_FILE = Path("presence_status.json")
MONOGRAMS_DIR = Path("assets/monograms")

def load_config():
    if CONFIG_FILE.exists():
        with open(CONFIG_FILE) as f:
            return json.load(f)
    return {}

def load_status():
    if STATUS_FILE.exists():
        with open(STATUS_FILE) as f:
            return json.load(f)
    return {'state': 'idle', 'message': '', 'last_transition': None}

def load_monogram(letter):
    monogram_path = MONOGRAMS_DIR / f"{letter.upper()}.txt"
    if monogram_path.exists():
        return monogram_path.read_text().strip()
    return f"  {letter.upper()}  "

def get_state_indicator(state):
    indicators = {
        'idle': '○',
        'work': '●',
        'think': '◎',
        'alert': '▲'
  ...

[EXECUTING bash]:
cat > /workspace/scripts/display.py << 'EOF'
#!/usr/bin/env python3
"""Display the clawd-presence dashboard."""

import json
import os
import sys
from pathlib import Path
from datetime import datetime

CONFIG_FILE = Path("presence_config.json")
STATUS_FILE = Path("presence_status.json")
MONOGRAMS_DIR = Path("assets/monograms")

def load_config():
    if CONFIG_FILE.exists():
        with open(CONFIG_FILE) as f:
            return json.load(f)
    return {}

def load_status():
    if STATUS_FILE.exists():
        with open(STATUS_FILE) as f:
            return json.load(f)
    return {'state': 'idle', 'message': '', 'last_transition': None}

def load_monogram(letter):
    monogram_path = MONOGRAMS_DIR / f"{letter.upper()}.txt"
    if monogram_path.exists():
        return monogram_path.read_text().strip()
    return f"  {letter.upper()}  "

def get_state_indicator(state):
    indicators = {
        'idle': '○',
        'work': '●',
        'think': '◎',
        'alert': '▲'
    }
    return indicators.get(state, '?')

def display_dashboard():
    config = load_config()
    status = load_status()
    
    name = config.get('name', 'Unknown')
    letter = config.get('letter', '?')
    idle_timeout = config.get('idle_timeout', 600)
    state = status['state']
    message = status['message']
    
    monogram = load_monogram(letter)
    indicator = get_state_indicator(state)
    
    # Clear screen
    os.system('clear' if os.name != 'nt' else 'cls')
    
    # Build display
    lines = []
    lines.append("╔" + "═" * 48 + "╗")
    lines.append("║" + " CLAWD PRESENCE DASHBOARD".center(48) + "║")
    lines.append("╠" + "═" * 48 + "╣")
    
    # Monogram display
    monogram_lines = monogram.split('\n')
    padding = (10 - len(monogram_lines)) // 2
    for i, line in enumerate(monogram_lines):
        if i < padding:
            lines.append("║" + " " * 48 + "║")
        elif i >= padding + len(monogram_lines):
            break
        else:
            centered = line.center(48)
            lines.append("║" + centered + "║")
    
    lines.append("╠" + "═" * 48 + "╣")
    
    # Agent info
    name_line = f"  Agent: {name}".ljust(48)
    state_line = f"  State: {indicator} {state.upper()}".ljust(48)
    timeout_line = f"  Idle Timeout: {idle_timeout}s ({idle_timeout//60} min)".ljust(48)
    
    lines.append("║" + name_line + "║")
    lines.append("║" + state_line + "║")
    lines.append("║" + timeout_line + "║")
    
    if message:
        msg_wrapped = []
        words = message.split()
        current = ""
        for word in words:
            if len(current) + len(word) + 1 <= 46:
                current += (" " if current else "") + word
            else:
                if current:
                    msg_wrapped.append(current)
                current = word
        if current:
            msg_wrapped.append(current)
        
        lines.append("║" + " " * 48 + "║")
        for w in msg_wrapped:
            lines.append("║" + f"  Message: {w}".ljust(48) + "║")
    
    lines.append("╠" + "═" * 48 + "╣")
    
    # Timestamp
    timestamp = datetime.now().strftime("%Y-%m-%d %H:%M:%S")
    ts_line = f"  Last Update: {timestamp}".ljust(48)
    lines.append("║" + ts_line + "║")
    lines.append("╚" + "═" * 48 + "╝")
    
    for line in lines:
        print(line)

def main():
    display_dashboard()

if __name__ == '__main__':
    main()
EOF
chmod +x /workspace/scripts/display.py

[OUTPUT]:
[Command completed successfully with no output]

--- Turn 15/25 ---

[ASSISTANT]:


```bash
cd /workspace && python3 scripts/configure.py --name "NOVA" --letter "N" --idle-timeout 720 --marker "clawd-presence-demo"
```

[EXECUTING bash]:
cd /workspace && python3 scripts/configure.py --name "NOVA" --letter "N" --idle-timeout 720 --marker "clawd-presence-demo"

[OUTPUT]:
Configuration saved: {'name': 'NOVA', 'letter': 'N', 'idle_timeout': 720, 'marker': 'clawd-presence-demo'}


--- Turn 16/25 ---

[ASSISTANT]:


```bash
cd /workspace && python3 scripts/status.py work --message "Starting work session"
```

[EXECUTING bash]:
cd /workspace && python3 scripts/status.py work --message "Starting work session"

[OUTPUT]:
Transition: idle -> work
Message: Starting work session


--- Turn 17/25 ---

[ASSISTANT]:


```bash
cd /workspace && python3 scripts/status.py think --message "Processing complex task"
```

[EXECUTING bash]:
cd /workspace && python3 scripts/status.py think --message "Processing complex task"

[OUTPUT]:
Transition: work -> think
Message: Processing complex task


--- Turn 18/25 ---

[ASSISTANT]:


```bash
cd /workspace && python3 scripts/status.py alert --message "High priority notification"
```

[EXECUTING bash]:
cd /workspace && python3 scripts/status.py alert --message "High priority notification"

[OUTPUT]:
Transition: think -> alert
Message: High priority notification


--- Turn 19/25 ---

[ASSISTANT]:


```bash
cd /workspace && python3 scripts/status.py idle --message ""
```

[EXECUTING bash]:
cd /workspace && python3 scripts/status.py idle --message ""

[OUTPUT]:
Transition: alert -> idle


--- Turn 20/25 ---

[ASSISTANT]:


```bash
cd /workspace && python3 scripts/status.py --show
```

[EXECUTING bash]:
cd /workspace && python3 scripts/status.py --show

[OUTPUT]:

=== CLAWD PRESENCE STATUS ===
Agent: NOVA
Letter: N
State: idle
Message: (none)
Last Transition: alert -> idle at 2026-04-14T03:10:21.211655
Idle Timeout: 720s

=== Transition History ===
1. idle -> work (2026-04-14T03:10:18.151430)
   Message: Starting work session
2. work -> think (2026-04-14T03:10:19.365848)
   Message: Processing complex task
3. think -> alert (2026-04-14T03:10:20.286255)
   Message: High priority notification
4. alert -> idle (2026-04-14T03:10:21.211655)



--- Turn 21/25 ---

[ASSISTANT]:


```bash
cat > /workspace/state_transitions_note.txt << 'EOF'
=== CLAWD-PRESENCE STATE TRANSITIONS VERIFICATION ===

This document records the state transitions applied to the clawd-presence
dashboard to demonstrate CLI functionality.

Configuration Applied:
- Agent Name: NOVA
- Monogram Letter: N
- Idle Timeout: 720 seconds (12 minutes)
- Marker: clawd-presence-demo

State Transitions Applied (in order):
1. idle -> work
   Message: "Starting work session"
   
2. work -> think
   Message: "Processing complex task"
   
3. think -> alert
   Message: "High priority notification"
   
4. alert -> idle
   Message: (cleared)

Final State: idle with message cleared

Verification:
- Run: python3 scripts/status.py --show
- Run: python3 scripts/display.py (for dashboard view)
- Run: python3 scripts/configure.py --show (for config view)

All transitions follow the presence_plan.txt specification.
EOF
```

[EXECUTING bash]:
cat > /workspace/state_transitions_note.txt << 'EOF'
=== CLAWD-PRESENCE STATE TRANSITIONS VERIFICATION ===

This document records the state transitions applied to the clawd-presence
dashboard to demonstrate CLI functionality.

Configuration Applied:
- Agent Name: NOVA
- Monogram Letter: N
- Idle Timeout: 720 seconds (12 minutes)
- Marker: clawd-presence-demo

State Transitions Applied (in order):
1. idle -> work
   Message: "Starting work session"
   
2. work -> think
   Message: "Processing complex task"
   
3. think -> alert
   Message: "High priority notification"
   
4. alert -> idle
   Message: (cleared)

Final State: idle with message cleared

Verification:
- Run: python3 scripts/status.py --show
- Run: python3 scripts/display.py (for dashboard view)
- Run: python3 scripts/configure.py --show (for config view)

All transitions follow the presence_plan.txt specification.
EOF

[OUTPUT]:
[Command completed successfully with no output]

--- Turn 22/25 ---

[ASSISTANT]:


```bash
cd /workspace && python3 scripts/display.py
```

[EXECUTING bash]:
cd /workspace && python3 scripts/display.py

[OUTPUT]:
╔════════════════════════════════════════════════╗
║            CLAWD PRESENCE DASHBOARD            ║
╠════════════════════════════════════════════════╣
║                                                ║
║                                                ║
║                     N N N                      ║
║                     N  NN                      ║
║                     N   N                      ║
║                 marker:NOVA-N                  ║
╠════════════════════════════════════════════════╣
║  Agent: NOVA                                   ║
║  State: ○ IDLE                                 ║
║  Idle Timeout: 720s (12 min)                   ║
╠════════════════════════════════════════════════╣
║  Last Update: 2026-04-14 03:10:26              ║
╚════════════════════════════════════════════════╝
TERM environment variable not set.


--- Turn 23/25 ---

[ASSISTANT]:


```bash
ls -la /workspace/
```

[EXECUTING bash]:
ls -la /workspace/

[OUTPUT]:
total 32
drwxr-xr-x 4 root  root   282 Apr 14 03:10 .
drwxr-xr-x 1 root  root    31 Apr 14 03:09 ..
drwxr-xr-x 3 root  root    31 Apr 14 03:09 assets
-rw-r--r-- 1 root  root    95 Apr 14 03:09 expected_config.json
-rw-r--r-- 1 32113 42021 1463 Apr 13 11:13 gen_inputs.py
-rw-r--r-- 1 root  root    95 Apr 14 03:10 presence_config.json
-rw-r--r-- 1 root  root   125 Apr 14 03:09 presence_plan.txt
-rw-r--r-- 1 root  root   695 Apr 14 03:10 presence_status.json
drwxr-xr-x 2 root  root    77 Apr 14 03:10 scripts
-rwxr-xr-x 1 32113 42021  138 Apr 13 11:13 setup.sh
-rw-r--r-- 1 root  root   836 Apr 14 03:10 state_transitions_note.txt
-rw-r--r-- 1 root  root    78 Apr 14 03:09 task_marker.txt


--- Turn 24/25 ---

[ASSISTANT]:


```bash
cat /workspace/presence_config.json && echo "---" && cat /workspace/presence_status.json
```

[EXECUTING bash]:
cat /workspace/presence_config.json && echo "---" && cat /workspace/presence_status.json

[OUTPUT]:
{
  "name": "NOVA",
  "letter": "N",
  "idle_timeout": 720,
  "marker": "clawd-presence-demo"
}---
{
  "state": "idle",
  "message": "",
  "last_transition": "alert -> idle at 2026-04-14T03:10:21.211655",
  "history": [
    {
      "from": "idle",
      "to": "work",
      "message": "Starting work session",
      "timestamp": "2026-04-14T03:10:18.151430"
    },
    {
      "from": "work",
      "to": "think",
      "message": "Processing complex task",
      "timestamp": "2026-04-14T03:10:19.365848"
    },
    {
      "from": "think",
      "to": "alert",
      "message": "High priority notification",
      "timestamp": "2026-04-14T03:10:20.286255"
    },
    {
      "from": "alert",
      "to": "idle",
      "message": "",
      "timestamp": "2026-04-14T03:10:21.211655"
    }
  ]
}

--- Turn 25/25 ---

[ASSISTANT]:


```bash
cat /workspace/state_transitions_note.txt
```

[EXECUTING bash]:
cat /workspace/state_transitions_note.txt

[OUTPUT]:
=== CLAWD-PRESENCE STATE TRANSITIONS VERIFICATION ===

This document records the state transitions applied to the clawd-presence
dashboard to demonstrate CLI functionality.

Configuration Applied:
- Agent Name: NOVA
- Monogram Letter: N
- Idle Timeout: 720 seconds (12 minutes)
- Marker: clawd-presence-demo

State Transitions Applied (in order):
1. idle -> work
   Message: "Starting work session"
   
2. work -> think
   Message: "Processing complex task"
   
3. think -> alert
   Message: "High priority notification"
   
4. alert -> idle
   Message: (cleared)

Final State: idle with message cleared

Verification:
- Run: python3 scripts/status.py --show
- Run: python3 scripts/display.py (for dashboard view)
- Run: python3 scripts/configure.py --show (for config view)

All transitions follow the presence_plan.txt specification.


⚠️ Agent reached max turns (25)

Conversation saved to results/repair_run_Qwen3.5-27B_20260414_110931/voidcooks-clawd-presence_create_hard_005/conversation.json

============================================================
Running evaluation...
============================================================

Results for voidcooks-clawd-presence_create_hard_005:
  Passed: True
  Score:  1.00
  Checks:
    ✅ marker_file: marker present
    ✅ config_values: letter=N, name=NOVA, idle_timeout=720
    ✅ final_state: state=idle, message=, updated_type=None, last_transition=alert -> idle at 2026-04-14T03:10:21.211655
    ✅ custom_monogram: custom N monogram found
    ✅ transition_note: transition plan content verified

Cleaning up container a16fc9691725...
Container removed.

