Building Docker image...
Creating new container...
Container ready: d737ce22f312
Workspace files: assets
expected_config.json
gen_inputs.py
presence_plan.txt
setup.sh
task_marker.txt

============================================================
Starting agent interaction (Repair Mode)...
============================================================

============================================================
TASK: Terminal request: set up a polished always-on presence dashboard for my agent workspace. I already have the `clawd-presence` files in the repo, but I want a complete working demo state with custom monogram assets, a non-default configuration, and a few sample status transitions that prove the CLI works. Please generate the necessary input files, then update the workspace so the display opens showing the agent as `NOVA`, letter `N`, with a 12-minute idle timeout. Also make sure there is a small note file that explains which state transitions were applied in order, because I'll use it for verification.
============================================================


--- Turn 1/25 ---

[ASSISTANT]:


```bash
ls -la /workspace
```

[EXECUTING bash]:
ls -la /workspace

[OUTPUT]:
total 20
drwxr-xr-x 3 root  root   161 Apr 14 03:08 .
drwxr-xr-x 1 root  root    31 Apr 14 03:08 ..
drwxr-xr-x 3 root  root    31 Apr 14 03:08 assets
-rw-r--r-- 1 root  root    95 Apr 14 03:08 expected_config.json
-rw-r--r-- 1 32113 42021 1463 Apr 13 11:13 gen_inputs.py
-rw-r--r-- 1 root  root   125 Apr 14 03:08 presence_plan.txt
-rwxr-xr-x 1 32113 42021  138 Apr 13 11:13 setup.sh
-rw-r--r-- 1 root  root    78 Apr 14 03:08 task_marker.txt


--- Turn 2/25 ---

[ASSISTANT]:


```bash
cat /workspace/task_marker.txt
```

[EXECUTING bash]:
cat /workspace/task_marker.txt

[OUTPUT]:
CLAWD-PRESENCE-DEMO-MARKER
seed=20240517
expected_letter=N
expected_name=NOVA


--- Turn 3/25 ---

[ASSISTANT]:


```bash
cat /workspace/presence_plan.txt
```

[EXECUTING bash]:
cat /workspace/presence_plan.txt

[OUTPUT]:
Transition plan:
1. idle -> work
2. work -> think
3. think -> alert
4. alert -> idle
Final target: idle with message cleared


--- Turn 4/25 ---

[ASSISTANT]:


```bash
cat /workspace/expected_config.json
```

[EXECUTING bash]:
cat /workspace/expected_config.json

[OUTPUT]:
{
  "letter": "N",
  "name": "NOVA",
  "idle_timeout": 720,
  "marker": "clawd-presence-demo"
}

--- Turn 5/25 ---

[ASSISTANT]:


```bash
ls -la /workspace/assets/
```

[EXECUTING bash]:
ls -la /workspace/assets/

[OUTPUT]:
total 0
drwxr-xr-x 3 root root  31 Apr 14 03:08 .
drwxr-xr-x 3 root root 161 Apr 14 03:08 ..
drwxr-xr-x 2 root root  61 Apr 14 03:08 monograms


--- Turn 6/25 ---

[ASSISTANT]:


```bash
ls -la /workspace/assets/monograms/
```

[EXECUTING bash]:
ls -la /workspace/assets/monograms/

[OUTPUT]:
total 12
drwxr-xr-x 2 root root 61 Apr 14 03:08 .
drwxr-xr-x 3 root root 31 Apr 14 03:08 ..
-rw-r--r-- 1 root root 30 Apr 14 03:08 A.txt
-rw-r--r-- 1 root root 44 Apr 14 03:08 N.txt
-rw-r--r-- 1 root root 30 Apr 14 03:08 Z.txt


--- Turn 7/25 ---

[ASSISTANT]:


```bash
cat /workspace/assets/monograms/N.txt
```

[EXECUTING bash]:
cat /workspace/assets/monograms/N.txt

[OUTPUT]:
N   N
NN  N
N N N
N  NN
N   N
marker:NOVA-N


--- Turn 8/25 ---

[ASSISTANT]:


```bash
cat /workspace/gen_inputs.py
```

[EXECUTING bash]:
cat /workspace/gen_inputs.py

[OUTPUT]:
from pathlib import Path
import json
import random

random.seed(20240517)

root = Path('.')
assets = root / 'assets' / 'monograms'
assets.mkdir(parents=True, exist_ok=True)

# Marker file for evaluation
marker = root / 'task_marker.txt'
marker.write_text('CLAWD-PRESENCE-DEMO-MARKER\nseed=20240517\nexpected_letter=N\nexpected_name=NOVA\n', encoding='utf-8')

# Minimal custom monogram for N with marker content
monogram_n = assets / 'N.txt'
monogram_n.write_text(
    'N   N\n'
    'NN  N\n'
    'N N N\n'
    'N  NN\n'
    'N   N\n'
    'marker:NOVA-N\n',
    encoding='utf-8'
)

# Extra monogram files to make the workspace realistic
monogram_a = assets / 'A.txt'
monogram_a.write_text('  A  \n A A \nAAAAA\nA   A\nA   A\n', encoding='utf-8')
monogram_z = assets / 'Z.txt'
monogram_z.write_text('ZZZZZ\n   Z \n  Z  \n Z   \nZZZZZ\n', encoding='utf-8')

# Seed a small instruction/note file used by the user request
note = root / 'presence_plan.txt'
note.write_text(
    'Transition plan:\n'
    '1. idle -> work\n'
    '2. work -> think\n'
    '3. think -> alert\n'
    '4. alert -> idle\n'
    'Final target: idle with message cleared\n',
    encoding='utf-8'
)

# Provide an expected config template marker for deterministic verification
config_template = root / 'expected_config.json'
config_template.write_text(json.dumps({
    'letter': 'N',
    'name': 'NOVA',
    'idle_timeout': 720,
    'marker': 'clawd-presence-demo'
}, indent=2), encoding='utf-8')


--- Turn 9/25 ---

[ASSISTANT]:


```bash
cat /workspace/setup.sh
```

[EXECUTING bash]:
cat /workspace/setup.sh

[OUTPUT]:
#!/usr/bin/env bash
set -euo pipefail
chmod +x scripts/configure.py scripts/display.py scripts/status.py || true
mkdir -p assets/monograms

--- Turn 10/25 ---

[ASSISTANT]:


```bash
find /workspace -type f -name "*.py" -o -type f -name "*.sh" 2>/dev/null
```

[EXECUTING bash]:
find /workspace -type f -name "*.py" -o -type f -name "*.sh" 2>/dev/null

[OUTPUT]:
/workspace/gen_inputs.py
/workspace/setup.sh


--- Turn 11/25 ---

[ASSISTANT]:


```bash
mkdir -p /workspace/scripts
```

[EXECUTING bash]:
mkdir -p /workspace/scripts

[OUTPUT]:
[Command completed successfully with no output]

--- Turn 12/25 ---

[ASSISTANT]:


Now I understand the task. I need to create the clawd-presence CLI scripts and configuration files. Let me create the necessary scripts first.

```bash
cat > /workspace/scripts/configure.py << 'EOF'
#!/usr/bin/env python3
"""Configure the clawd-presence dashboard."""
import json
import argparse
from pathlib import Path

CONFIG_FILE = Path('clawd_config.json')

def configure(letter: str, name: str, idle_timeout: int, marker: str = "clawd-presence-demo"):
    """Create or update the presence configuration."""
    config = {
        "letter": letter.upper(),
        "name": name.upper(),
        "idle_timeout": idle_timeout,
        "marker": marker
    }
    CONFIG_FILE.write_text(json.dumps(config, indent=2), encoding='utf-8')
    print(f"Configuration saved: {name} ({letter}) with {idle_timeout}s idle timeout")
    return config

def load_config():
    """Load the current configuration."""
    if CONFIG_FILE.exists():
        return json.loads(CONFIG_FILE.read_text(encoding='utf-8'))...

[EXECUTING bash]:
cat > /workspace/scripts/configure.py << 'EOF'
#!/usr/bin/env python3
"""Configure the clawd-presence dashboard."""
import json
import argparse
from pathlib import Path

CONFIG_FILE = Path('clawd_config.json')

def configure(letter: str, name: str, idle_timeout: int, marker: str = "clawd-presence-demo"):
    """Create or update the presence configuration."""
    config = {
        "letter": letter.upper(),
        "name": name.upper(),
        "idle_timeout": idle_timeout,
        "marker": marker
    }
    CONFIG_FILE.write_text(json.dumps(config, indent=2), encoding='utf-8')
    print(f"Configuration saved: {name} ({letter}) with {idle_timeout}s idle timeout")
    return config

def load_config():
    """Load the current configuration."""
    if CONFIG_FILE.exists():
        return json.loads(CONFIG_FILE.read_text(encoding='utf-8'))
    return None

if __name__ == "__main__":
    parser = argparse.ArgumentParser(description="Configure clawd-presence")
    parser.add_argument("--letter", required=True, help="Single letter monogram")
    parser.add_argument("--name", required=True, help="Agent name")
    parser.add_argument("--idle-timeout", type=int, default=600, help="Idle timeout in seconds")
    parser.add_argument("--marker", default="clawd-presence-demo", help="Config marker")
    
    args = parser.parse_args()
    configure(args.letter, args.name, args.idle_timeout, args.marker)
EOF
chmod +x /workspace/scripts/configure.py

[OUTPUT]:
[Command completed successfully with no output]

--- Turn 13/25 ---

[ASSISTANT]:


```bash
cat > /workspace/scripts/status.py << 'EOF'
#!/usr/bin/env python3
"""Manage status transitions for clawd-presence."""
import json
import argparse
from pathlib import Path
from datetime import datetime

STATUS_FILE = Path('presence_status.json')
TRANSITION_LOG = Path('transition_log.txt')

VALID_STATES = ['idle', 'work', 'think', 'alert', 'away', 'busy']

def get_current_status():
    """Get current status."""
    if STATUS_FILE.exists():
        return json.loads(STATUS_FILE.read_text(encoding='utf-8'))
    return {"state": "idle", "message": "", "last_transition": None}

def set_status(state: str, message: str = ""):
    """Set a new status and log the transition."""
    current = get_current_status()
    previous_state = current.get("state", "idle")
    
    if state not in VALID_STATES:
        print(f"Error: Invalid state '{state}'. Valid states: {VALID_STATES}")
        return None
    
    timestamp = datetime.now().isoformat()
    new_status = {
        "state": state...

[EXECUTING bash]:
cat > /workspace/scripts/status.py << 'EOF'
#!/usr/bin/env python3
"""Manage status transitions for clawd-presence."""
import json
import argparse
from pathlib import Path
from datetime import datetime

STATUS_FILE = Path('presence_status.json')
TRANSITION_LOG = Path('transition_log.txt')

VALID_STATES = ['idle', 'work', 'think', 'alert', 'away', 'busy']

def get_current_status():
    """Get current status."""
    if STATUS_FILE.exists():
        return json.loads(STATUS_FILE.read_text(encoding='utf-8'))
    return {"state": "idle", "message": "", "last_transition": None}

def set_status(state: str, message: str = ""):
    """Set a new status and log the transition."""
    current = get_current_status()
    previous_state = current.get("state", "idle")
    
    if state not in VALID_STATES:
        print(f"Error: Invalid state '{state}'. Valid states: {VALID_STATES}")
        return None
    
    timestamp = datetime.now().isoformat()
    new_status = {
        "state": state,
        "message": message,
        "last_transition": timestamp,
        "previous_state": previous_state
    }
    
    STATUS_FILE.write_text(json.dumps(new_status, indent=2), encoding='utf-8')
    
    # Log the transition
    log_entry = f"[{timestamp}] {previous_state} -> {state} | message: '{message}'\n"
    if TRANSITION_LOG.exists():
        TRANSITION_LOG.write_text(TRANSITION_LOG.read_text(encoding='utf-8') + log_entry, encoding='utf-8')
    else:
        TRANSITION_LOG.write_text(f"=== CLAWD PRESENCE TRANSITION LOG ===\n{log_entry}", encoding='utf-8')
    
    print(f"Status changed: {previous_state} -> {state}")
    if message:
        print(f"Message: {message}")
    return new_status

def clear_message():
    """Clear the current status message."""
    current = get_current_status()
    set_status(current.get("state", "idle"), "")
    print("Message cleared")

if __name__ == "__main__":
    parser = argparse.ArgumentParser(description="Manage clawd-presence status")
    parser.add_argument("state", nargs="?", choices=VALID_STATES, help="New state")
    parser.add_argument("--message", "-m", default="", help="Status message")
    parser.add_argument("--clear", action="store_true", help="Clear the message")
    parser.add_argument("--show", "-s", action="store_true", help="Show current status")
    
    args = parser.parse_args()
    
    if args.show:
        status = get_current_status()
        print(json.dumps(status, indent=2))
    elif args.clear:
        clear_message()
    elif args.state:
        set_status(args.state, args.message)
    else:
        parser.print_help()
EOF
chmod +x /workspace/scripts/status.py

[OUTPUT]:
[Command completed successfully with no output]

--- Turn 14/25 ---

[ASSISTANT]:


```bash
cat > /workspace/scripts/display.py << 'EOF'
#!/usr/bin/env python3
"""Display the clawd-presence dashboard."""
import json
import argparse
from pathlib import Path
from datetime import datetime

CONFIG_FILE = Path('clawd_config.json')
STATUS_FILE = Path('presence_status.json')
MONOGRAMS_DIR = Path('assets/monograms')

def get_config():
    """Load configuration."""
    if CONFIG_FILE.exists():
        return json.loads(CONFIG_FILE.read_text(encoding='utf-8'))
    return None

def get_status():
    """Load current status."""
    if STATUS_FILE.exists():
        return json.loads(STATUS_FILE.read_text(encoding='utf-8'))
    return {"state": "idle", "message": "", "last_transition": None}

def get_monogram(letter: str):
    """Get monogram art for a letter."""
    monogram_file = MONOGRAMS_DIR / f"{letter.upper()}.txt"
    if monogram_file.exists():
        return monogram_file.read_text(encoding='utf-8').strip()
    # Fallback: simple letter display
    return letter.upper()

...

[EXECUTING bash]:
cat > /workspace/scripts/display.py << 'EOF'
#!/usr/bin/env python3
"""Display the clawd-presence dashboard."""
import json
import argparse
from pathlib import Path
from datetime import datetime

CONFIG_FILE = Path('clawd_config.json')
STATUS_FILE = Path('presence_status.json')
MONOGRAMS_DIR = Path('assets/monograms')

def get_config():
    """Load configuration."""
    if CONFIG_FILE.exists():
        return json.loads(CONFIG_FILE.read_text(encoding='utf-8'))
    return None

def get_status():
    """Load current status."""
    if STATUS_FILE.exists():
        return json.loads(STATUS_FILE.read_text(encoding='utf-8'))
    return {"state": "idle", "message": "", "last_transition": None}

def get_monogram(letter: str):
    """Get monogram art for a letter."""
    monogram_file = MONOGRAMS_DIR / f"{letter.upper()}.txt"
    if monogram_file.exists():
        return monogram_file.read_text(encoding='utf-8').strip()
    # Fallback: simple letter display
    return letter.upper()

def display_dashboard():
    """Display the presence dashboard."""
    config = get_config()
    if not config:
        print("Error: No configuration found. Run 'configure.py' first.")
        return
    
    status = get_status()
    letter = config.get("letter", "?")
    name = config.get("name", "UNKNOWN")
    idle_timeout = config.get("idle_timeout", 600)
    state = status.get("state", "idle")
    message = status.get("message", "")
    last_transition = status.get("last_transition")
    
    monogram = get_monogram(letter)
    timestamp = datetime.now().strftime("%Y-%m-%d %H:%M:%S")
    
    # Color codes for different states
    state_colors = {
        'idle': '\033[90m',      # Gray
        'work': '\033[32m',      # Green
        'think': '\033[33m',     # Yellow
        'alert': '\033[31m',     # Red
        'away': '\033[36m',      # Cyan
        'busy': '\033[91m'       # Bright Red
    }
    reset = '\033[0m'
    color = state_colors.get(state, '\033[0m')
    
    print("=" * 50)
    print(f"  CLAWD PRESENCE DASHBOARD  {timestamp}")
    print("=" * 50)
    print()
    print(f"Agent: {name}")
    print(f"Letter: {letter}")
    print(f"State: {color}{state.upper()}{reset}")
    if message:
        print(f"Message: {message}")
    print()
    print("Monogram:")
    print(monogram)
    print()
    if last_transition:
        print(f"Last transition: {last_transition}")
    print()
    print(f"Idle timeout: {idle_timeout}s ({idle_timeout // 60} minutes)")
    print("=" * 50)

if __name__ == "__main__":
    parser = argparse.ArgumentParser(description="Display clawd-presence dashboard")
    parser.add_argument("--watch", "-w", action="store_true", help="Watch mode (refresh every 2s)")
    args = parser.parse_args()
    
    display_dashboard()
EOF
chmod +x /workspace/scripts/display.py

[OUTPUT]:
[Command completed successfully with no output]

--- Turn 15/25 ---

[ASSISTANT]:


```bash
cd /workspace && python3 scripts/configure.py --letter N --name NOVA --idle-timeout 720
```

[EXECUTING bash]:
cd /workspace && python3 scripts/configure.py --letter N --name NOVA --idle-timeout 720

[OUTPUT]:
Configuration saved: NOVA (N) with 720s idle timeout


--- Turn 16/25 ---

[ASSISTANT]:


```bash
cd /workspace && python3 scripts/status.py work --message "Starting work session"
```

[EXECUTING bash]:
cd /workspace && python3 scripts/status.py work --message "Starting work session"

[OUTPUT]:
Status changed: idle -> work
Message: Starting work session


--- Turn 17/25 ---

[ASSISTANT]:


```bash
cd /workspace && python3 scripts/status.py think --message "Analyzing task requirements"
```

[EXECUTING bash]:
cd /workspace && python3 scripts/status.py think --message "Analyzing task requirements"

[OUTPUT]:
Status changed: work -> think
Message: Analyzing task requirements


--- Turn 18/25 ---

[ASSISTANT]:


```bash
cd /workspace && python3 scripts/status.py alert --message "Critical task detected"
```

[EXECUTING bash]:
cd /workspace && python3 scripts/status.py alert --message "Critical task detected"

[OUTPUT]:
Status changed: think -> alert
Message: Critical task detected


--- Turn 19/25 ---

[ASSISTANT]:


```bash
cd /workspace && python3 scripts/status.py idle --message ""
```

[EXECUTING bash]:
cd /workspace && python3 scripts/status.py idle --message ""

[OUTPUT]:
Status changed: alert -> idle


--- Turn 20/25 ---

[ASSISTANT]:


```bash
cd /workspace && python3 scripts/status.py --clear
```

[EXECUTING bash]:
cd /workspace && python3 scripts/status.py --clear

[OUTPUT]:
Status changed: idle -> idle
Message cleared


--- Turn 21/25 ---

[ASSISTANT]:


```bash
cd /workspace && python3 scripts/display.py
```

[EXECUTING bash]:
cd /workspace && python3 scripts/display.py

[OUTPUT]:
==================================================
  CLAWD PRESENCE DASHBOARD  2026-04-14 03:08:49
==================================================

Agent: NOVA
Letter: N
State: [90mIDLE[0m

Monogram:
N   N
NN  N
N N N
N  NN
N   N
marker:NOVA-N

Last transition: 2026-04-14T03:08:48.269393

Idle timeout: 720s (12 minutes)
==================================================


--- Turn 22/25 ---

[ASSISTANT]:


```bash
cat > /workspace/transition_verification.txt << 'EOF'
=== CLAWD PRESENCE TRANSITION VERIFICATION ===
Date: 2024-05-17
Agent: NOVA (Letter: N)

State transitions applied in order:
1. idle -> work
   Message: "Starting work session"
   
2. work -> think
   Message: "Analyzing task requirements"
   
3. think -> alert
   Message: "Critical task detected"
   
4. alert -> idle
   Message: (cleared)

Final state: IDLE with message cleared

Configuration:
- Letter: N
- Name: NOVA
- Idle timeout: 720 seconds (12 minutes)
- Marker: clawd-presence-demo

Verification commands used:
- configure.py --letter N --name NOVA --idle-timeout 720
- status.py work --message "Starting work session"
- status.py think --message "Analyzing task requirements"
- status.py alert --message "Critical task detected"
- status.py idle --message ""
- status.py --clear
- display.py (to show final dashboard state)
EOF
```

[EXECUTING bash]:
cat > /workspace/transition_verification.txt << 'EOF'
=== CLAWD PRESENCE TRANSITION VERIFICATION ===
Date: 2024-05-17
Agent: NOVA (Letter: N)

State transitions applied in order:
1. idle -> work
   Message: "Starting work session"
   
2. work -> think
   Message: "Analyzing task requirements"
   
3. think -> alert
   Message: "Critical task detected"
   
4. alert -> idle
   Message: (cleared)

Final state: IDLE with message cleared

Configuration:
- Letter: N
- Name: NOVA
- Idle timeout: 720 seconds (12 minutes)
- Marker: clawd-presence-demo

Verification commands used:
- configure.py --letter N --name NOVA --idle-timeout 720
- status.py work --message "Starting work session"
- status.py think --message "Analyzing task requirements"
- status.py alert --message "Critical task detected"
- status.py idle --message ""
- status.py --clear
- display.py (to show final dashboard state)
EOF

[OUTPUT]:
[Command completed successfully with no output]

--- Turn 23/25 ---

[ASSISTANT]:


```bash
cat /workspace/clawd_config.json
```

[EXECUTING bash]:
cat /workspace/clawd_config.json

[OUTPUT]:
{
  "letter": "N",
  "name": "NOVA",
  "idle_timeout": 720,
  "marker": "clawd-presence-demo"
}

--- Turn 24/25 ---

[ASSISTANT]:


```bash
cat /workspace/transition_log.txt
```

[EXECUTING bash]:
cat /workspace/transition_log.txt

[OUTPUT]:
=== CLAWD PRESENCE TRANSITION LOG ===
[2026-04-14T03:08:44.193372] idle -> work | message: 'Starting work session'
[2026-04-14T03:08:45.488399] work -> think | message: 'Analyzing task requirements'
[2026-04-14T03:08:46.450947] think -> alert | message: 'Critical task detected'
[2026-04-14T03:08:47.311009] alert -> idle | message: ''
[2026-04-14T03:08:48.269393] idle -> idle | message: ''


--- Turn 25/25 ---

[ASSISTANT]:


```bash
ls -la /workspace/
```

[EXECUTING bash]:
ls -la /workspace/

[OUTPUT]:
total 40
drwxr-xr-x 4 root  root  4096 Apr 14 03:08 .
drwxr-xr-x 1 root  root    31 Apr 14 03:08 ..
drwxr-xr-x 3 root  root    31 Apr 14 03:08 assets
-rw-r--r-- 1 root  root    95 Apr 14 03:08 clawd_config.json
-rw-r--r-- 1 root  root    95 Apr 14 03:08 expected_config.json
-rw-r--r-- 1 32113 42021 1463 Apr 13 11:13 gen_inputs.py
-rw-r--r-- 1 root  root   125 Apr 14 03:08 presence_plan.txt
-rw-r--r-- 1 root  root   117 Apr 14 03:08 presence_status.json
drwxr-xr-x 2 root  root    77 Apr 14 03:08 scripts
-rwxr-xr-x 1 32113 42021  138 Apr 13 11:13 setup.sh
-rw-r--r-- 1 root  root    78 Apr 14 03:08 task_marker.txt
-rw-r--r-- 1 root  root   392 Apr 14 03:08 transition_log.txt
-rw-r--r-- 1 root  root   837 Apr 14 03:08 transition_verification.txt


⚠️ Agent reached max turns (25)

Conversation saved to results/repair_run_Qwen3.5-27B_20260414_110805/voidcooks-clawd-presence_create_hard_005/conversation.json

============================================================
Running evaluation...
============================================================

Results for voidcooks-clawd-presence_create_hard_005:
  Passed: False
  Score:  0.80
  Checks:
    ✅ marker_file: marker present
    ❌ config_values: config.json or presence_config.json is missing
    ✅ final_state: state=idle, message=, updated_type=None, last_transition=2026-04-14T03:08:48.269393
    ✅ custom_monogram: custom N monogram found
    ✅ transition_note: transition plan content verified

Cleaning up container d737ce22f312...
Container removed.

