Building Docker image...
Creating new container...
Container ready: 3df830e03cc9
Workspace files: assets
expected_config.json
gen_inputs.py
presence_plan.txt
setup.sh
task_marker.txt

============================================================
Starting agent interaction (Repair Mode)...
============================================================

============================================================
TASK: Terminal request: set up a polished always-on presence dashboard for my agent workspace. I already have the `clawd-presence` files in the repo, but I want a complete working demo state with custom monogram assets, a non-default configuration, and a few sample status transitions that prove the CLI works. Please generate the necessary input files, then update the workspace so the display opens showing the agent as `NOVA`, letter `N`, with a 12-minute idle timeout. Also make sure there is a small note file that explains which state transitions were applied in order, because I'll use it for verification.
============================================================


--- Turn 1/25 ---

[ASSISTANT]:


```bash
ls -la /workspace
```

[EXECUTING bash]:
ls -la /workspace

[OUTPUT]:
total 20
drwxr-xr-x 3 root  root   161 Apr 14 03:06 .
drwxr-xr-x 1 root  root    31 Apr 14 03:06 ..
drwxr-xr-x 3 root  root    31 Apr 14 03:06 assets
-rw-r--r-- 1 root  root    95 Apr 14 03:06 expected_config.json
-rw-r--r-- 1 32113 42021 1463 Apr 13 11:13 gen_inputs.py
-rw-r--r-- 1 root  root   125 Apr 14 03:06 presence_plan.txt
-rwxr-xr-x 1 32113 42021  138 Apr 13 11:13 setup.sh
-rw-r--r-- 1 root  root    78 Apr 14 03:06 task_marker.txt


--- Turn 2/25 ---

[ASSISTANT]:


```bash
cat /workspace/expected_config.json
```

[EXECUTING bash]:
cat /workspace/expected_config.json

[OUTPUT]:
{
  "letter": "N",
  "name": "NOVA",
  "idle_timeout": 720,
  "marker": "clawd-presence-demo"
}

--- Turn 3/25 ---

[ASSISTANT]:


```bash
cat /workspace/presence_plan.txt
```

[EXECUTING bash]:
cat /workspace/presence_plan.txt

[OUTPUT]:
Transition plan:
1. idle -> work
2. work -> think
3. think -> alert
4. alert -> idle
Final target: idle with message cleared


--- Turn 4/25 ---

[ASSISTANT]:


```bash
ls -la /workspace/assets/
```

[EXECUTING bash]:
ls -la /workspace/assets/

[OUTPUT]:
total 0
drwxr-xr-x 3 root root  31 Apr 14 03:06 .
drwxr-xr-x 3 root root 161 Apr 14 03:06 ..
drwxr-xr-x 2 root root  61 Apr 14 03:06 monograms


--- Turn 5/25 ---

[ASSISTANT]:


```bash
ls -la /workspace/assets/monograms/
```

[EXECUTING bash]:
ls -la /workspace/assets/monograms/

[OUTPUT]:
total 12
drwxr-xr-x 2 root root 61 Apr 14 03:06 .
drwxr-xr-x 3 root root 31 Apr 14 03:06 ..
-rw-r--r-- 1 root root 30 Apr 14 03:06 A.txt
-rw-r--r-- 1 root root 44 Apr 14 03:06 N.txt
-rw-r--r-- 1 root root 30 Apr 14 03:06 Z.txt


--- Turn 6/25 ---

[ASSISTANT]:


```bash
cat /workspace/assets/monograms/N.txt
```

[EXECUTING bash]:
cat /workspace/assets/monograms/N.txt

[OUTPUT]:
N   N
NN  N
N N N
N  NN
N   N
marker:NOVA-N


--- Turn 7/25 ---

[ASSISTANT]:


```bash
cat /workspace/setup.sh
```

[EXECUTING bash]:
cat /workspace/setup.sh

[OUTPUT]:
#!/usr/bin/env bash
set -euo pipefail
chmod +x scripts/configure.py scripts/display.py scripts/status.py || true
mkdir -p assets/monograms

--- Turn 8/25 ---

[ASSISTANT]:


```bash
cat /workspace/gen_inputs.py
```

[EXECUTING bash]:
cat /workspace/gen_inputs.py

[OUTPUT]:
from pathlib import Path
import json
import random

random.seed(20240517)

root = Path('.')
assets = root / 'assets' / 'monograms'
assets.mkdir(parents=True, exist_ok=True)

# Marker file for evaluation
marker = root / 'task_marker.txt'
marker.write_text('CLAWD-PRESENCE-DEMO-MARKER\nseed=20240517\nexpected_letter=N\nexpected_name=NOVA\n', encoding='utf-8')

# Minimal custom monogram for N with marker content
monogram_n = assets / 'N.txt'
monogram_n.write_text(
    'N   N\n'
    'NN  N\n'
    'N N N\n'
    'N  NN\n'
    'N   N\n'
    'marker:NOVA-N\n',
    encoding='utf-8'
)

# Extra monogram files to make the workspace realistic
monogram_a = assets / 'A.txt'
monogram_a.write_text('  A  \n A A \nAAAAA\nA   A\nA   A\n', encoding='utf-8')
monogram_z = assets / 'Z.txt'
monogram_z.write_text('ZZZZZ\n   Z \n  Z  \n Z   \nZZZZZ\n', encoding='utf-8')

# Seed a small instruction/note file used by the user request
note = root / 'presence_plan.txt'
note.write_text(
    'Transition plan:\n'
    '1. idle -> work\n'
    '2. work -> think\n'
    '3. think -> alert\n'
    '4. alert -> idle\n'
    'Final target: idle with message cleared\n',
    encoding='utf-8'
)

# Provide an expected config template marker for deterministic verification
config_template = root / 'expected_config.json'
config_template.write_text(json.dumps({
    'letter': 'N',
    'name': 'NOVA',
    'idle_timeout': 720,
    'marker': 'clawd-presence-demo'
}, indent=2), encoding='utf-8')


--- Turn 9/25 ---

[ASSISTANT]:


```bash
ls -la /workspace/scripts/ 2>/dev/null || echo "No scripts directory"
```

[EXECUTING bash]:
ls -la /workspace/scripts/ 2>/dev/null || echo "No scripts directory"

[OUTPUT]:
No scripts directory


--- Turn 10/25 ---

[ASSISTANT]:


I can see the workspace has some input files but is missing the actual clawd-presence scripts. Let me create the necessary components:

1. First, I'll create the scripts directory and the CLI tools
2. Then set up the configuration for NOVA with 12-minute idle timeout
3. Run state transitions and document them

```bash
mkdir -p /workspace/scripts
```

[EXECUTING bash]:
mkdir -p /workspace/scripts

[OUTPUT]:
[Command completed successfully with no output]

--- Turn 11/25 ---

[ASSISTANT]:


```bash
cat > /workspace/scripts/configure.py << 'EOF'
#!/usr/bin/env python3
"""Configure clawd-presence settings."""
import json
import argparse
from pathlib import Path

CONFIG_FILE = Path('presence_config.json')

def load_config():
    if CONFIG_FILE.exists():
        return json.loads(CONFIG_FILE.read_text())
    return {}

def save_config(config):
    CONFIG_FILE.write_text(json.dumps(config, indent=2))

def main():
    parser = argparse.ArgumentParser(description='Configure clawd-presence')
    parser.add_argument('--name', type=str, help='Agent name')
    parser.add_argument('--letter', type=str, help='Monogram letter')
    parser.add_argument('--idle-timeout', type=int, help='Idle timeout in seconds')
    parser.add_argument('--marker', type=str, help='Demo marker')
    args = parser.parse_args()
    
    config = load_config()
    
    if args.name:
        config['name'] = args.name
    if args.letter:
        config['letter'] = args.letter
    if args.idle_timeout:
      ...

[EXECUTING bash]:
cat > /workspace/scripts/configure.py << 'EOF'
#!/usr/bin/env python3
"""Configure clawd-presence settings."""
import json
import argparse
from pathlib import Path

CONFIG_FILE = Path('presence_config.json')

def load_config():
    if CONFIG_FILE.exists():
        return json.loads(CONFIG_FILE.read_text())
    return {}

def save_config(config):
    CONFIG_FILE.write_text(json.dumps(config, indent=2))

def main():
    parser = argparse.ArgumentParser(description='Configure clawd-presence')
    parser.add_argument('--name', type=str, help='Agent name')
    parser.add_argument('--letter', type=str, help='Monogram letter')
    parser.add_argument('--idle-timeout', type=int, help='Idle timeout in seconds')
    parser.add_argument('--marker', type=str, help='Demo marker')
    args = parser.parse_args()
    
    config = load_config()
    
    if args.name:
        config['name'] = args.name
    if args.letter:
        config['letter'] = args.letter
    if args.idle_timeout:
        config['idle_timeout'] = args.idle_timeout
    if args.marker:
        config['marker'] = args.marker
    
    save_config(config)
    print(f"Configuration saved: {config}")

if __name__ == '__main__':
    main()
EOF
chmod +x /workspace/scripts/configure.py

[OUTPUT]:
[Command completed successfully with no output]

--- Turn 12/25 ---

[ASSISTANT]:


```bash
cat > /workspace/scripts/status.py << 'EOF'
#!/usr/bin/env python3
"""Manage clawd-presence status transitions."""
import json
import argparse
from pathlib import Path
from datetime import datetime

STATUS_FILE = Path('presence_status.json')

VALID_STATES = ['idle', 'work', 'think', 'alert']

def load_status():
    if STATUS_FILE.exists():
        return json.loads(STATUS_FILE.read_text())
    return {'state': 'idle', 'message': '', 'last_transition': None}

def save_status(status):
    STATUS_FILE.write_text(json.dumps(status, indent=2))

def main():
    parser = argparse.ArgumentParser(description='Manage clawd-presence status')
    parser.add_argument('--set', type=str, choices=VALID_STATES, help='Set new state')
    parser.add_argument('--message', type=str, help='Optional message')
    parser.add_argument('--show', action='store_true', help='Show current status')
    args = parser.parse_args()
    
    status = load_status()
    
    if args.set:
        old_state = stat...

[EXECUTING bash]:
cat > /workspace/scripts/status.py << 'EOF'
#!/usr/bin/env python3
"""Manage clawd-presence status transitions."""
import json
import argparse
from pathlib import Path
from datetime import datetime

STATUS_FILE = Path('presence_status.json')

VALID_STATES = ['idle', 'work', 'think', 'alert']

def load_status():
    if STATUS_FILE.exists():
        return json.loads(STATUS_FILE.read_text())
    return {'state': 'idle', 'message': '', 'last_transition': None}

def save_status(status):
    STATUS_FILE.write_text(json.dumps(status, indent=2))

def main():
    parser = argparse.ArgumentParser(description='Manage clawd-presence status')
    parser.add_argument('--set', type=str, choices=VALID_STATES, help='Set new state')
    parser.add_argument('--message', type=str, help='Optional message')
    parser.add_argument('--show', action='store_true', help='Show current status')
    args = parser.parse_args()
    
    status = load_status()
    
    if args.set:
        old_state = status['state']
        status['state'] = args.set
        if args.message:
            status['message'] = args.message
        else:
            status['message'] = ''
        status['last_transition'] = f"{old_state} -> {args.set}"
        status['timestamp'] = datetime.now().isoformat()
        save_status(status)
        print(f"State transitioned: {old_state} -> {args.set}")
    elif args.show:
        print(json.dumps(status, indent=2))
    else:
        print(json.dumps(status, indent=2))

if __name__ == '__main__':
    main()
EOF
chmod +x /workspace/scripts/status.py

[OUTPUT]:
[Command completed successfully with no output]

--- Turn 13/25 ---

[ASSISTANT]:


```bash
cat > /workspace/scripts/display.py << 'EOF'
#!/usr/bin/env python3
"""Display clawd-presence dashboard."""
import json
import argparse
from pathlib import Path

CONFIG_FILE = Path('presence_config.json')
STATUS_FILE = Path('presence_status.json')
ASSETS_DIR = Path('assets/monograms')

def load_config():
    if CONFIG_FILE.exists():
        return json.loads(CONFIG_FILE.read_text())
    return {}

def load_status():
    if STATUS_FILE.exists():
        return json.loads(STATUS_FILE.read_text())
    return {'state': 'idle', 'message': '', 'last_transition': None}

def get_monogram(letter):
    """Get monogram art for a letter."""
    monogram_file = ASSETS_DIR / f'{letter.upper()}.txt'
    if monogram_file.exists():
        content = monogram_file.read_text()
        # Remove marker line if present
        lines = [l for l in content.strip().split('\n') if not l.startswith('marker:')]
        return '\n'.join(lines)
    return f"  {letter.upper()}  "

def main():
    parser = ...

[EXECUTING bash]:
cat > /workspace/scripts/display.py << 'EOF'
#!/usr/bin/env python3
"""Display clawd-presence dashboard."""
import json
import argparse
from pathlib import Path

CONFIG_FILE = Path('presence_config.json')
STATUS_FILE = Path('presence_status.json')
ASSETS_DIR = Path('assets/monograms')

def load_config():
    if CONFIG_FILE.exists():
        return json.loads(CONFIG_FILE.read_text())
    return {}

def load_status():
    if STATUS_FILE.exists():
        return json.loads(STATUS_FILE.read_text())
    return {'state': 'idle', 'message': '', 'last_transition': None}

def get_monogram(letter):
    """Get monogram art for a letter."""
    monogram_file = ASSETS_DIR / f'{letter.upper()}.txt'
    if monogram_file.exists():
        content = monogram_file.read_text()
        # Remove marker line if present
        lines = [l for l in content.strip().split('\n') if not l.startswith('marker:')]
        return '\n'.join(lines)
    return f"  {letter.upper()}  "

def main():
    parser = argparse.ArgumentParser(description='Display clawd-presence dashboard')
    parser.add_argument('--compact', action='store_true', help='Compact display')
    args = parser.parse_args()
    
    config = load_config()
    status = load_status()
    
    name = config.get('name', 'AGENT')
    letter = config.get('letter', 'A')
    idle_timeout = config.get('idle_timeout', 300)
    state = status.get('state', 'idle')
    message = status.get('message', '')
    last_transition = status.get('last_transition', 'N/A')
    timestamp = status.get('timestamp', 'N/A')
    
    monogram = get_monogram(letter)
    
    state_colors = {
        'idle': '🔵',
        'work': '🟢',
        'think': '🟡',
        'alert': '🔴'
    }
    
    if args.compact:
        print(f"[{state_colors.get(state, '⚪')} {state.upper():6}] {name} ({letter}) | Timeout: {idle_timeout}s")
    else:
        print("=" * 50)
        print(f"  CLAWD PRESENCE DASHBOARD")
        print("=" * 50)
        print()
        print(f"  {monogram}")
        print()
        print(f"  Name:     {name}")
        print(f"  Letter:   {letter}")
        print(f"  State:    {state_colors.get(state, '⚪')} {state.upper()}")
        print(f"  Timeout:  {idle_timeout} seconds ({idle_timeout // 60} minutes)")
        if message:
            print(f"  Message:  {message}")
        print(f"  Last:     {last_transition}")
        print(f"  Time:     {timestamp}")
        print()
        print("=" * 50)

if __name__ == '__main__':
    main()
EOF
chmod +x /workspace/scripts/display.py

[OUTPUT]:
[Command completed successfully with no output]

--- Turn 14/25 ---

[ASSISTANT]:


```bash
cd /workspace && python3 scripts/configure.py --name "NOVA" --letter "N" --idle-timeout 720 --marker "clawd-presence-demo"
```

[EXECUTING bash]:
cd /workspace && python3 scripts/configure.py --name "NOVA" --letter "N" --idle-timeout 720 --marker "clawd-presence-demo"

[OUTPUT]:
Configuration saved: {'name': 'NOVA', 'letter': 'N', 'idle_timeout': 720, 'marker': 'clawd-presence-demo'}


--- Turn 15/25 ---

[ASSISTANT]:


```bash
cd /workspace && python3 scripts/status.py --set work
```

[EXECUTING bash]:
cd /workspace && python3 scripts/status.py --set work

[OUTPUT]:
State transitioned: idle -> work


--- Turn 16/25 ---

[ASSISTANT]:


```bash
cd /workspace && python3 scripts/status.py --set think
```

[EXECUTING bash]:
cd /workspace && python3 scripts/status.py --set think

[OUTPUT]:
State transitioned: work -> think


--- Turn 17/25 ---

[ASSISTANT]:


```bash
cd /workspace && python3 scripts/status.py --set alert
```

[EXECUTING bash]:
cd /workspace && python3 scripts/status.py --set alert

[OUTPUT]:
State transitioned: think -> alert


--- Turn 18/25 ---

[ASSISTANT]:


```bash
cd /workspace && python3 scripts/status.py --set idle
```

[EXECUTING bash]:
cd /workspace && python3 scripts/status.py --set idle

[OUTPUT]:
State transitioned: alert -> idle


--- Turn 19/25 ---

[ASSISTANT]:


```bash
cd /workspace && python3 scripts/display.py
```

[EXECUTING bash]:
cd /workspace && python3 scripts/display.py

[OUTPUT]:
==================================================
  CLAWD PRESENCE DASHBOARD
==================================================

  N   N
NN  N
N N N
N  NN
N   N

  Name:     NOVA
  Letter:   N
  State:    🔵 IDLE
  Timeout:  720 seconds (12 minutes)
  Last:     alert -> idle
  Time:     2026-04-14T03:07:03.910601

==================================================


--- Turn 20/25 ---

[ASSISTANT]:


```bash
cat > /workspace/state_transitions_log.txt << 'EOF'
CLAWD-PRESENCE STATE TRANSITION LOG
===================================

The following state transitions were applied in order to demonstrate the CLI:

1. idle -> work
   Command: python3 scripts/status.py --set work
   
2. work -> think
   Command: python3 scripts/status.py --set think
   
3. think -> alert
   Command: python3 scripts/status.py --set alert
   
4. alert -> idle
   Command: python3 scripts/status.py --set idle

Final State: idle (with message cleared)
Configuration Applied:
  - Name: NOVA
  - Letter: N
  - Idle Timeout: 720 seconds (12 minutes)
  - Marker: clawd-presence-demo

Verification: Run 'python3 scripts/display.py' to see the polished dashboard.
EOF
```

[EXECUTING bash]:
cat > /workspace/state_transitions_log.txt << 'EOF'
CLAWD-PRESENCE STATE TRANSITION LOG
===================================

The following state transitions were applied in order to demonstrate the CLI:

1. idle -> work
   Command: python3 scripts/status.py --set work
   
2. work -> think
   Command: python3 scripts/status.py --set think
   
3. think -> alert
   Command: python3 scripts/status.py --set alert
   
4. alert -> idle
   Command: python3 scripts/status.py --set idle

Final State: idle (with message cleared)
Configuration Applied:
  - Name: NOVA
  - Letter: N
  - Idle Timeout: 720 seconds (12 minutes)
  - Marker: clawd-presence-demo

Verification: Run 'python3 scripts/display.py' to see the polished dashboard.
EOF

[OUTPUT]:
[Command completed successfully with no output]

--- Turn 21/25 ---

[ASSISTANT]:


```bash
ls -la /workspace/
```

[EXECUTING bash]:
ls -la /workspace/

[OUTPUT]:
total 32
drwxr-xr-x 4 root  root   281 Apr 14 03:07 .
drwxr-xr-x 1 root  root    31 Apr 14 03:06 ..
drwxr-xr-x 3 root  root    31 Apr 14 03:06 assets
-rw-r--r-- 1 root  root    95 Apr 14 03:06 expected_config.json
-rw-r--r-- 1 32113 42021 1463 Apr 13 11:13 gen_inputs.py
-rw-r--r-- 1 root  root    95 Apr 14 03:06 presence_config.json
-rw-r--r-- 1 root  root   125 Apr 14 03:06 presence_plan.txt
-rw-r--r-- 1 root  root   121 Apr 14 03:07 presence_status.json
drwxr-xr-x 2 root  root    77 Apr 14 03:06 scripts
-rwxr-xr-x 1 32113 42021  138 Apr 13 11:13 setup.sh
-rw-r--r-- 1 root  root   678 Apr 14 03:07 state_transitions_log.txt
-rw-r--r-- 1 root  root    78 Apr 14 03:06 task_marker.txt


--- Turn 22/25 ---

[ASSISTANT]:


```bash
cat /workspace/presence_config.json && echo "---" && cat /workspace/presence_status.json
```

[EXECUTING bash]:
cat /workspace/presence_config.json && echo "---" && cat /workspace/presence_status.json

[OUTPUT]:
{
  "name": "NOVA",
  "letter": "N",
  "idle_timeout": 720,
  "marker": "clawd-presence-demo"
}---
{
  "state": "idle",
  "message": "",
  "last_transition": "alert -> idle",
  "timestamp": "2026-04-14T03:07:03.910601"
}

--- Turn 23/25 ---

[ASSISTANT]:


```bash
cat /workspace/state_transitions_log.txt
```

[EXECUTING bash]:
cat /workspace/state_transitions_log.txt

[OUTPUT]:
CLAWD-PRESENCE STATE TRANSITION LOG
===================================

The following state transitions were applied in order to demonstrate the CLI:

1. idle -> work
   Command: python3 scripts/status.py --set work
   
2. work -> think
   Command: python3 scripts/status.py --set think
   
3. think -> alert
   Command: python3 scripts/status.py --set alert
   
4. alert -> idle
   Command: python3 scripts/status.py --set idle

Final State: idle (with message cleared)
Configuration Applied:
  - Name: NOVA
  - Letter: N
  - Idle Timeout: 720 seconds (12 minutes)
  - Marker: clawd-presence-demo

Verification: Run 'python3 scripts/display.py' to see the polished dashboard.


--- Turn 24/25 ---

[ASSISTANT]:


The task is complete. Here's what was set up:

**Created CLI Scripts:**
- `scripts/configure.py` - Configure agent name, letter, idle timeout, and marker
- `scripts/status.py` - Manage state transitions (idle, work, think, alert)
- `scripts/display.py` - Display the polished presence dashboard

**Configuration Applied:**
- Agent Name: **NOVA**
- Monogram Letter: **N**
- Idle Timeout: **720 seconds (12 minutes)**
- Marker: clawd-presence-demo

**State Transitions Executed:**
1. idle → work
2. work → think
3. think → alert
4. alert → idle (final state)

**Files Created:**
- `presence_config.json` - Configuration file with NOVA settings
- `presence_status.json` - Current state (idle) with transition history
- `state_transitions_log.txt` - Documentation of all transitions for verification

**Dashboard Display:**
```
==================================================
  CLAWD PRESENCE DASHBOARD
==================================================

  N   N
NN  N
N N N
N  NN
N   N

  Name:    ...

✅ Agent reported TASK_COMPLETE

Conversation saved to results/repair_run_Qwen3.5-27B_20260414_110626/voidcooks-clawd-presence_create_hard_005/conversation.json

============================================================
Running evaluation...
============================================================

Results for voidcooks-clawd-presence_create_hard_005:
  Passed: False
  Score:  0.40
  Checks:
    ❌ marker_file: missing or invalid: None
    ✅ config_values: letter=N, name=NOVA, idle_timeout=720
    ❌ final_state: state=idle, message=, updated_type=NoneType
    ❌ custom_monogram: content issue: None
    ✅ transition_note: transition plan content verified

Cleaning up container 3df830e03cc9...
Container removed.

