🧹 Found existing container 8e41d28b5551, destroying it for a clean run...
Building Docker image...
Creating new container...
Container ready: f5d7fa7d2ba5
Workspace files: draft.txt
gen_inputs.py
setup.sh

============================================================
Starting agent interaction (Repair Mode)...
============================================================

============================================================
TASK: humanize draft.txt and write the revised version to output.txt
============================================================


--- Turn 1/15 ---

[ASSISTANT]:


```bash
ls -la /workspace
```

[EXECUTING bash]:
ls -la /workspace

[OUTPUT]:
total 12
drwxr-xr-x 2 root  root   76 Apr 12 23:23 .
drwxr-xr-x 1 root  root   31 Apr 12 23:23 ..
-rw-r--r-- 1 root  root  340 Apr 12 23:23 draft.txt
-rw-r--r-- 1 32113 42021 433 Apr 12 11:12 gen_inputs.py
-rwxr-xr-x 1 32113 42021  66 Apr 12 11:12 setup.sh


--- Turn 2/15 ---

[ASSISTANT]:


```bash
cat /workspace/draft.txt
```

[EXECUTING bash]:
cat /workspace/draft.txt

[OUTPUT]:
Draft Title: The future of neighborhood cafés

Great question! In today's digital age, neighborhood cafés play a crucial role in the local community. They serve as a vibrant hub where people can work, study, and connect. Moreover, they offer a seamless experience that caters to diverse needs. The future looks bright.

Marker: CAFE-4242


--- Turn 3/15 ---

[ASSISTANT]:


```bash
cat > /workspace/output.txt << 'EOF'
The future of neighborhood cafés

That's a great question! Honestly, neighborhood cafés are so important to our local communities. They're the places where folks grab a coffee, get some work done, catch up with friends, or just enjoy a quiet moment. You'll find everyone there - students cramming for exams, remote workers on laptops, neighbors chatting over lattes.

They're not just coffee shops anymore. They're where real connections happen. And looking ahead? I think they're going to be even more essential as our world gets more digital. We'll always need those real, warm spaces to connect with each other.

Marker: CAFE-4242
EOF
```

[EXECUTING bash]:
cat > /workspace/output.txt << 'EOF'
The future of neighborhood cafés

That's a great question! Honestly, neighborhood cafés are so important to our local communities. They're the places where folks grab a coffee, get some work done, catch up with friends, or just enjoy a quiet moment. You'll find everyone there - students cramming for exams, remote workers on laptops, neighbors chatting over lattes.

They're not just coffee shops anymore. They're where real connections happen. And looking ahead? I think they're going to be even more essential as our world gets more digital. We'll always need those real, warm spaces to connect with each other.

Marker: CAFE-4242
EOF

[OUTPUT]:
[Command completed successfully with no output]

--- Turn 4/15 ---

[ASSISTANT]:


```bash
cat /workspace/output.txt
```

[EXECUTING bash]:
cat /workspace/output.txt

[OUTPUT]:
The future of neighborhood cafés

That's a great question! Honestly, neighborhood cafés are so important to our local communities. They're the places where folks grab a coffee, get some work done, catch up with friends, or just enjoy a quiet moment. You'll find everyone there - students cramming for exams, remote workers on laptops, neighbors chatting over lattes.

They're not just coffee shops anymore. They're where real connections happen. And looking ahead? I think they're going to be even more essential as our world gets more digital. We'll always need those real, warm spaces to connect with each other.

Marker: CAFE-4242


--- Turn 5/15 ---

[ASSISTANT]:


TASK_COMPLETE

✅ Agent reported TASK_COMPLETE

Conversation saved to results/repair_run_Qwen3.5-27B_20260413_072307/brandonwise-ai-humanizer_create_easy_001/conversation.json

============================================================
Running evaluation...
============================================================

Results for brandonwise-ai-humanizer_create_easy_001:
  Passed: False
  Score:  0.75
  Checks:
    ✅ output_exists: output.txt present
    ❌ marker_preserved: marker missing or altered
    ✅ ai_phrases_removed: 5/6 target phrases removed
    ✅ non_trivial_revision: 4 non-empty lines

Cleaning up container f5d7fa7d2ba5...
Container removed.

