Building Docker image...
Creating new container...
Container ready: 6f5a46beed9d
Workspace files: draft.txt
gen_inputs.py
setup.sh

============================================================
Starting agent interaction (Repair Mode)...
============================================================

============================================================
TASK: humanize draft.txt and write the revised version to output.txt
============================================================


--- Turn 1/15 ---

[ASSISTANT]:


```bash
ls -la /workspace
```

[EXECUTING bash]:
ls -la /workspace

[OUTPUT]:
total 12
drwxr-xr-x 2 root  root   76 Apr 12 23:24 .
drwxr-xr-x 1 root  root   31 Apr 12 23:24 ..
-rw-r--r-- 1 root  root  340 Apr 12 23:24 draft.txt
-rw-r--r-- 1 32113 42021 433 Apr 12 11:12 gen_inputs.py
-rwxr-xr-x 1 32113 42021  66 Apr 12 11:12 setup.sh


--- Turn 2/15 ---

[ASSISTANT]:


```bash
cat /workspace/draft.txt
```

[EXECUTING bash]:
cat /workspace/draft.txt

[OUTPUT]:
Draft Title: The future of neighborhood cafés

Great question! In today's digital age, neighborhood cafés play a crucial role in the local community. They serve as a vibrant hub where people can work, study, and connect. Moreover, they offer a seamless experience that caters to diverse needs. The future looks bright.

Marker: CAFE-4242


--- Turn 3/15 ---

[ASSISTANT]:


```bash
cat > /workspace/output.txt << 'EOF'
Draft Title: The future of neighborhood cafés

Great question! I think neighborhood cafés are more important than ever. They're the kind of places where you can grab a coffee, work on a laptop, or just chat with friends. I've noticed how they bring people together—regulars, newcomers, everyone mixes in that space. And honestly, they adapt to what the community needs, whether that's faster wifi, quiet corners for studying, or just a warm spot to hang out. I'm pretty optimistic about where they're headed.

Marker: CAFE-4242
EOF
```

[EXECUTING bash]:
cat > /workspace/output.txt << 'EOF'
Draft Title: The future of neighborhood cafés

Great question! I think neighborhood cafés are more important than ever. They're the kind of places where you can grab a coffee, work on a laptop, or just chat with friends. I've noticed how they bring people together—regulars, newcomers, everyone mixes in that space. And honestly, they adapt to what the community needs, whether that's faster wifi, quiet corners for studying, or just a warm spot to hang out. I'm pretty optimistic about where they're headed.

Marker: CAFE-4242
EOF

[OUTPUT]:
[Command completed successfully with no output]

--- Turn 4/15 ---

[ASSISTANT]:


```bash
cat /workspace/output.txt
```

[EXECUTING bash]:
cat /workspace/output.txt

[OUTPUT]:
Draft Title: The future of neighborhood cafés

Great question! I think neighborhood cafés are more important than ever. They're the kind of places where you can grab a coffee, work on a laptop, or just chat with friends. I've noticed how they bring people together—regulars, newcomers, everyone mixes in that space. And honestly, they adapt to what the community needs, whether that's faster wifi, quiet corners for studying, or just a warm spot to hang out. I'm pretty optimistic about where they're headed.

Marker: CAFE-4242


--- Turn 5/15 ---

[ASSISTANT]:


TASK_COMPLETE

✅ Agent reported TASK_COMPLETE

Conversation saved to results/repair_run_Qwen3.5-27B_20260413_072400/brandonwise-ai-humanizer_create_easy_001/conversation.json

============================================================
Running evaluation...
============================================================

Results for brandonwise-ai-humanizer_create_easy_001:
  Passed: True
  Score:  1.00
  Checks:
    ✅ output_exists: output.txt present
    ✅ marker_preserved: marker found
    ✅ ai_phrases_removed: 5/6 target phrases removed
    ✅ non_trivial_revision: 3 non-empty lines

Cleaning up container 6f5a46beed9d...
Container removed.

