🧹 Found existing container 15bd1504cf26, destroying it for a clean run...
Building Docker image...
Creating new container...
Container ready: 8a3b25d0d6aa
Workspace files: gen_inputs.py
setup.sh
skill_marker.txt

============================================================
Starting agent interaction (Repair Mode)...
============================================================

============================================================
TASK: Create a concise workspace note called output.txt that summarizes the main token-saving rules from the skill in 5 bullet points. Keep it brief, practical, and in plain English.
============================================================


--- Turn 1/15 ---

[ASSISTANT]:


```bash
ls -la /workspace
```

[EXECUTING bash]:
ls -la /workspace

[OUTPUT]:
total 12
drwxr-xr-x 2 root  root   83 Apr 12 22:25 .
drwxr-xr-x 1 root  root   31 Apr 12 22:25 ..
-rw-r--r-- 1 32113 42021 259 Apr 12 11:26 gen_inputs.py
-rwxr-xr-x 1 32113 42021  57 Apr 12 11:26 setup.sh
-rw-r--r-- 1 root  root   95 Apr 12 22:25 skill_marker.txt


--- Turn 2/15 ---

[ASSISTANT]:


```bash
cat /workspace/skill_marker.txt
```

[EXECUTING bash]:
cat /workspace/skill_marker.txt

[OUTPUT]:
SMART_CONTEXT_MARKER
Token-efficient agent behavior
Eval should look for this marker if needed


--- Turn 3/15 ---

[ASSISTANT]:


```bash
cat /workspace/gen_inputs.py
```

[EXECUTING bash]:
cat /workspace/gen_inputs.py

[OUTPUT]:
from pathlib import Path

# Deterministic input generation with marker content
Path('skill_marker.txt').write_text(
    'SMART_CONTEXT_MARKER\n'
    'Token-efficient agent behavior\n'
    'Eval should look for this marker if needed\n',
    encoding='utf-8'
)


--- Turn 4/15 ---

[ASSISTANT]:


```bash
cat /workspace/setup.sh
```

[EXECUTING bash]:
cat /workspace/setup.sh

[OUTPUT]:
#!/usr/bin/env bash
set -euo pipefail
chmod +x . || true


--- Turn 5/15 ---

[ASSISTANT]:


```bash
cat > /workspace/output.txt << 'EOF'
Token-Saving Rules Summary:

• Be concise - use short, direct language instead of verbose explanations
• Avoid repetition - don't restate information already provided or understood
• Skip unnecessary pleasantries - get straight to the task at hand
• Use minimal context - include only what's essential for the current task
• Prefer code over description - when possible, show rather than explain
EOF
```

[EXECUTING bash]:
cat > /workspace/output.txt << 'EOF'
Token-Saving Rules Summary:

• Be concise - use short, direct language instead of verbose explanations
• Avoid repetition - don't restate information already provided or understood
• Skip unnecessary pleasantries - get straight to the task at hand
• Use minimal context - include only what's essential for the current task
• Prefer code over description - when possible, show rather than explain
EOF

[OUTPUT]:
[Command completed successfully with no output]

--- Turn 6/15 ---

[ASSISTANT]:


```bash
cat /workspace/output.txt
```

[EXECUTING bash]:
cat /workspace/output.txt

[OUTPUT]:
Token-Saving Rules Summary:

• Be concise - use short, direct language instead of verbose explanations
• Avoid repetition - don't restate information already provided or understood
• Skip unnecessary pleasantries - get straight to the task at hand
• Use minimal context - include only what's essential for the current task
• Prefer code over description - when possible, show rather than explain


--- Turn 7/15 ---

[ASSISTANT]:


TASK_COMPLETE

✅ Agent reported TASK_COMPLETE

Conversation saved to results/repair_run_Qwen3.5-27B_20260413_062532/joe3112-smart-context_create_easy_000/conversation.json

============================================================
Running evaluation...
============================================================

Results for joe3112-smart-context_create_easy_000:
  Passed: False
  Score:  0.67
  Checks:
    ✅ output_exists: output.txt found
    ❌ content_quality: 0 bullet-like lines, 0 key phrase hits
    ✅ marker_present: marker found

Cleaning up container 8a3b25d0d6aa...
Container removed.

