Building Docker image...
Creating new container...
Container ready: 7a65e7ce46b2
Workspace files: gen_inputs.py
setup.sh
skill_marker.txt

============================================================
Starting agent interaction (Repair Mode)...
============================================================

============================================================
TASK: Create a concise workspace note called output.txt that summarizes the main token-saving rules from the skill in 5 bullet points. Keep it brief, practical, and in plain English.
============================================================


--- Turn 1/15 ---

[ASSISTANT]:


```bash
ls -la /workspace
```

[EXECUTING bash]:
ls -la /workspace

[OUTPUT]:
total 12
drwxr-xr-x 2 root  root   83 Apr 12 22:26 .
drwxr-xr-x 1 root  root   31 Apr 12 22:26 ..
-rw-r--r-- 1 32113 42021 259 Apr 12 11:26 gen_inputs.py
-rwxr-xr-x 1 32113 42021  57 Apr 12 11:26 setup.sh
-rw-r--r-- 1 root  root   95 Apr 12 22:26 skill_marker.txt


--- Turn 2/15 ---

[ASSISTANT]:


```bash
cat /workspace/skill_marker.txt
```

[EXECUTING bash]:
cat /workspace/skill_marker.txt

[OUTPUT]:
SMART_CONTEXT_MARKER
Token-efficient agent behavior
Eval should look for this marker if needed


--- Turn 3/15 ---

[ASSISTANT]:


```bash
cat /workspace/gen_inputs.py
```

[EXECUTING bash]:
cat /workspace/gen_inputs.py

[OUTPUT]:
from pathlib import Path

# Deterministic input generation with marker content
Path('skill_marker.txt').write_text(
    'SMART_CONTEXT_MARKER\n'
    'Token-efficient agent behavior\n'
    'Eval should look for this marker if needed\n',
    encoding='utf-8'
)


--- Turn 4/15 ---

[ASSISTANT]:


```bash
cat /workspace/setup.sh
```

[EXECUTING bash]:
cat /workspace/setup.sh

[OUTPUT]:
#!/usr/bin/env bash
set -euo pipefail
chmod +x . || true


--- Turn 5/15 ---

[ASSISTANT]:


Based on the files, I can see this workspace is about "Token-efficient agent behavior". Let me create a concise output.txt with 5 practical token-saving rules:

```python
content = """Token-Saving Rules Summary
==========================

• Be brief and direct - skip unnecessary pleasantries and verbose explanations
• Use concise variable names and compact code when possible
• Avoid repeating context already established in earlier messages
• Prefer summaries over full transcripts when referencing previous content
• Delete or minimize redundant outputs and intermediate debugging text
"""

with open('/workspace/output.txt', 'w') as f:
    f.write(content)
```

[EXECUTING python]:
content = """Token-Saving Rules Summary
==========================

• Be brief and direct - skip unnecessary pleasantries and verbose explanations
• Use concise variable names and compact code when possible
• Avoid repeating context already established in earlier messages
• Prefer summaries over full transcripts when referencing previous content
• Delete or minimize redundant outputs and intermediate debugging text
"""

with open('/workspace/output.txt', 'w') as f:
    f.write(content)

[OUTPUT]:
[Command completed successfully with no output]

--- Turn 6/15 ---

[ASSISTANT]:


```bash
cat /workspace/output.txt
```

[EXECUTING bash]:
cat /workspace/output.txt

[OUTPUT]:
Token-Saving Rules Summary
==========================

• Be brief and direct - skip unnecessary pleasantries and verbose explanations
• Use concise variable names and compact code when possible
• Avoid repeating context already established in earlier messages
• Prefer summaries over full transcripts when referencing previous content
• Delete or minimize redundant outputs and intermediate debugging text


--- Turn 7/15 ---

[ASSISTANT]:


TASK_COMPLETE

✅ Agent reported TASK_COMPLETE

Conversation saved to results/repair_run_Qwen3.5-27B_20260413_062609/joe3112-smart-context_create_easy_000/conversation.json

============================================================
Running evaluation...
============================================================

Results for joe3112-smart-context_create_easy_000:
  Passed: True
  Score:  1.00
  Checks:
    ✅ output_exists: output.txt found
    ✅ content_quality: 5 bullet-like lines, 5 key phrase hits
    ✅ marker_present: marker found

Cleaning up container 7a65e7ce46b2...
Container removed.

