Building Docker image...
Creating new container...
Container ready: 5ebf5703755e
Workspace files: gen_inputs.py
notes.txt
setup.sh

============================================================
Starting agent interaction (Repair Mode)...
============================================================

============================================================
TASK: You are helping me design a simple revenue model for a new solo business. Please create a concise revenue model brief for a beginner-friendly digital product business, using the provided notes file as the source of truth. Keep it practical and easy to skim.
============================================================


--- Turn 1/15 ---

[ASSISTANT]:


```bash
ls -la /workspace
```

[EXECUTING bash]:
ls -la /workspace

[OUTPUT]:
total 12
drwxr-xr-x 2 root  root   76 Apr 13 02:25 .
drwxr-xr-x 1 root  root   31 Apr 13 02:25 ..
-rw-r--r-- 1 32113 42021 484 Apr 12 11:24 gen_inputs.py
-rw-r--r-- 1 root  root  385 Apr 13 02:25 notes.txt
-rwxr-xr-x 1 32113 42021  59 Apr 12 11:24 setup.sh


--- Turn 2/15 ---

[ASSISTANT]:


```bash
cat /workspace/notes.txt
```

[EXECUTING bash]:
cat /workspace/notes.txt

[OUTPUT]:
# Revenue Model Notes
MARKER: SOLOREV-2025-ALPHA
Business: beginner-friendly digital product for solo creators
Audience: independent professionals and hobbyists
Goal: predictable monthly income with a simple offering
Preferred model: subscription with a one-time starter product
Secondary idea: occasional consulting call
Key constraint: keep operations lightweight and easy to manage


--- Turn 3/15 ---

[ASSISTANT]:


Now I understand the notes. Let me create a concise, practical revenue model brief based on these notes.

```bash
cat > /workspace/revenue_model_brief.md << 'EOF'
# Revenue Model Brief: Solo Creator Digital Product

## Business Overview
- **Type**: Beginner-friendly digital product
- **Target Audience**: Independent professionals and hobbyists
- **Primary Goal**: Predictable monthly income with a simple offering

---

## Revenue Streams

### 1. Subscription (Primary)
- **Purpose**: Generate recurring, predictable income
- **Ideal For**: Ongoing value delivery (templates, updates, community access)
- **Pricing Suggestion**: $9–$29/month

### 2. One-Time Starter Product (Entry Point)
- **Purpose**: Lower barrier to entry; convert to subscription later
- **Examples**: Template pack, checklist, mini-course
- **Pricing Suggestion**: $19–$49

### 3. Occasional Consulting Calls (Secondary)
- **Purpose**: Supplemental income; high-touch support for select clients
- **Frequency**: Limited slo...

[EXECUTING bash]:
cat > /workspace/revenue_model_brief.md << 'EOF'
# Revenue Model Brief: Solo Creator Digital Product

## Business Overview
- **Type**: Beginner-friendly digital product
- **Target Audience**: Independent professionals and hobbyists
- **Primary Goal**: Predictable monthly income with a simple offering

---

## Revenue Streams

### 1. Subscription (Primary)
- **Purpose**: Generate recurring, predictable income
- **Ideal For**: Ongoing value delivery (templates, updates, community access)
- **Pricing Suggestion**: $9–$29/month

### 2. One-Time Starter Product (Entry Point)
- **Purpose**: Lower barrier to entry; convert to subscription later
- **Examples**: Template pack, checklist, mini-course
- **Pricing Suggestion**: $19–$49

### 3. Occasional Consulting Calls (Secondary)
- **Purpose**: Supplemental income; high-touch support for select clients
- **Frequency**: Limited slots to maintain lightweight operations
- **Pricing Suggestion**: $75–$150/hour

---

## Operational Principles
- ✅ Keep operations lightweight
- ✅ Easy to manage solo
- ✅ Focus on simplicity over complexity
- ✅ Automate where possible

---

## Quick Start Checklist
1. Build starter product first (quick win)
2. Launch subscription for ongoing revenue
3. Add consulting only when capacity allows
4. Track: MRR, conversion rate, customer acquisition cost

---
*Source: SOLOREV-2025-ALPHA*
EOF

[OUTPUT]:
[Command completed successfully with no output]

--- Turn 4/15 ---

[ASSISTANT]:


```bash
cat /workspace/revenue_model_brief.md
```

[EXECUTING bash]:
cat /workspace/revenue_model_brief.md

[OUTPUT]:
# Revenue Model Brief: Solo Creator Digital Product

## Business Overview
- **Type**: Beginner-friendly digital product
- **Target Audience**: Independent professionals and hobbyists
- **Primary Goal**: Predictable monthly income with a simple offering

---

## Revenue Streams

### 1. Subscription (Primary)
- **Purpose**: Generate recurring, predictable income
- **Ideal For**: Ongoing value delivery (templates, updates, community access)
- **Pricing Suggestion**: $9–$29/month

### 2. One-Time Starter Product (Entry Point)
- **Purpose**: Lower barrier to entry; convert to subscription later
- **Examples**: Template pack, checklist, mini-course
- **Pricing Suggestion**: $19–$49

### 3. Occasional Consulting Calls (Secondary)
- **Purpose**: Supplemental income; high-touch support for select clients
- **Frequency**: Limited slots to maintain lightweight operations
- **Pricing Suggestion**: $75–$150/hour

---

## Operational Principles
- ✅ Keep operations lightweight
- ✅ Easy to manage solo
- ✅ Focus on simplicity over complexity
- ✅ Automate where possible

---

## Quick Start Checklist
1. Build starter product first (quick win)
2. Launch subscription for ongoing revenue
3. Add consulting only when capacity allows
4. Track: MRR, conversion rate, customer acquisition cost

---
*Source: SOLOREV-2025-ALPHA*


--- Turn 5/15 ---

[ASSISTANT]:


The revenue model brief has been created successfully at `/workspace/revenue_model_brief.md`. It's a concise, skimmable document that:

- Uses the notes.txt as source of truth (references SOLOREV-2025-ALPHA)
- Covers all 3 revenue streams: subscription (primary), starter product (entry point), and consulting (secondary)
- Includes practical pricing suggestions
- Adds operational principles aligned with the "lightweight" constraint
- Provides a quick start checklist for action

TASK_COMPLETE

✅ Agent reported TASK_COMPLETE

Conversation saved to results/repair_run_Qwen3.5-27B_20260413_102557/jk-0001-revenue-model-design_create_easy_000/conversation.json

============================================================
Running evaluation...
============================================================

Results for jk-0001-revenue-model-design_create_easy_000:
  Passed: True
  Score:  1.00
  Checks:
    ✅ input marker: marker found
    ✅ output file exists: output exists
    ✅ model content: contains expected revenue model elements
    ✅ income goal: mentions monthly income goal
    ✅ non-empty output: length=1321

Cleaning up container 5ebf5703755e...
Container removed.

