🧹 Found existing container 9e67d8e4b4b4, destroying it for a clean run...
Building Docker image...
Creating new container...
Container ready: fb6c750920d9
Workspace files: gen_inputs.py
notes.txt
setup.sh

============================================================
Starting agent interaction (Repair Mode)...
============================================================

============================================================
TASK: You are helping me design a simple revenue model for a new solo business. Please create a concise revenue model brief for a beginner-friendly digital product business, using the provided notes file as the source of truth. Keep it practical and easy to skim.
============================================================


--- Turn 1/15 ---

[ASSISTANT]:


```bash
ls -la /workspace
```

[EXECUTING bash]:
ls -la /workspace

[OUTPUT]:
total 12
drwxr-xr-x 2 root  root   76 Apr 13 02:25 .
drwxr-xr-x 1 root  root   31 Apr 13 02:25 ..
-rw-r--r-- 1 32113 42021 484 Apr 12 11:24 gen_inputs.py
-rw-r--r-- 1 root  root  385 Apr 13 02:25 notes.txt
-rwxr-xr-x 1 32113 42021  59 Apr 12 11:24 setup.sh


--- Turn 2/15 ---

[ASSISTANT]:


```bash
cat /workspace/notes.txt
```

[EXECUTING bash]:
cat /workspace/notes.txt

[OUTPUT]:
# Revenue Model Notes
MARKER: SOLOREV-2025-ALPHA
Business: beginner-friendly digital product for solo creators
Audience: independent professionals and hobbyists
Goal: predictable monthly income with a simple offering
Preferred model: subscription with a one-time starter product
Secondary idea: occasional consulting call
Key constraint: keep operations lightweight and easy to manage


--- Turn 3/15 ---

[ASSISTANT]:


Now I understand the notes. Let me create a concise, practical revenue model brief based on this information.

```python
revenue_model_brief = """# Revenue Model Brief: Solo Creator Digital Product Business

## Overview
**Business Type:** Beginner-friendly digital product for solo creators  
**Target Audience:** Independent professionals and hobbyists  
**Primary Goal:** Predictable monthly income with a simple offering

---

## Core Revenue Model

### 1. Subscription (Primary Income)
- **What:** Monthly recurring access to digital resources/templates
- **Why:** Creates predictable, steady revenue
- **Pricing Suggestion:** $9–$29/month (accessible for beginners)
- **Value:** Ongoing content, community, or tool access

### 2. One-Time Starter Product (Entry Point)
- **What:** Low-cost digital download (e.g., template pack, guide)
- **Why:** Lowers barrier to entry; upsell path to subscription
- **Pricing Suggestion:** $7–$27 one-time
- **Value:** Immediate, tangible deliverable

### 3...

[EXECUTING python]:
revenue_model_brief = """# Revenue Model Brief: Solo Creator Digital Product Business

## Overview
**Business Type:** Beginner-friendly digital product for solo creators  
**Target Audience:** Independent professionals and hobbyists  
**Primary Goal:** Predictable monthly income with a simple offering

---

## Core Revenue Model

### 1. Subscription (Primary Income)
- **What:** Monthly recurring access to digital resources/templates
- **Why:** Creates predictable, steady revenue
- **Pricing Suggestion:** $9–$29/month (accessible for beginners)
- **Value:** Ongoing content, community, or tool access

### 2. One-Time Starter Product (Entry Point)
- **What:** Low-cost digital download (e.g., template pack, guide)
- **Why:** Lowers barrier to entry; upsell path to subscription
- **Pricing Suggestion:** $7–$27 one-time
- **Value:** Immediate, tangible deliverable

### 3. Occasional Consulting (Secondary Income)
- **What:** Limited 1:1 calls for personalized guidance
- **Why:** Higher margin; builds trust without heavy time commitment
- **Pricing Suggestion:** $75–$150/hour
- **Constraint:** Keep volume low (e.g., 2–4 calls/week max)

---

## Operational Principles
✅ Keep systems lightweight  
✅ Automate delivery and onboarding  
✅ Limit product variations  
✅ Focus on consistent, simple offerings  

---

## Revenue Flow Summary

[OUTPUT]:
[EXIT CODE: 1]
  File "/tmp/_agent_script.py", line 1
    revenue_model_brief = """# Revenue Model Brief: Solo Creator Digital Product Business
                          ^
SyntaxError: unterminated triple-quoted string literal (detected at line 40)


--- Turn 4/15 ---

[ASSISTANT]:


```python
content = """# Revenue Model Brief: Solo Creator Digital Product Business

## Overview
**Business Type:** Beginner-friendly digital product for solo creators  
**Target Audience:** Independent professionals and hobbyists  
**Primary Goal:** Predictable monthly income with a simple offering

---

## Core Revenue Model

### 1. Subscription (Primary Income)
- **What:** Monthly recurring access to digital resources/templates
- **Why:** Creates predictable, steady revenue
- **Pricing Suggestion:** $9–$29/month (accessible for beginners)
- **Value:** Ongoing content, community, or tool access

### 2. One-Time Starter Product (Entry Point)
- **What:** Low-cost digital download (e.g., template pack, guide)
- **Why:** Lowers barrier to entry; upsell path to subscription
- **Pricing Suggestion:** $7–$27 one-time
- **Value:** Immediate, tangible deliverable

### 3. Occasional Consulting (Secondary Income)
- **What:** Limited 1:1 calls for personalized guidance
- **Why:** Higher margin...

[EXECUTING python]:
content = """# Revenue Model Brief: Solo Creator Digital Product Business

## Overview
**Business Type:** Beginner-friendly digital product for solo creators  
**Target Audience:** Independent professionals and hobbyists  
**Primary Goal:** Predictable monthly income with a simple offering

---

## Core Revenue Model

### 1. Subscription (Primary Income)
- **What:** Monthly recurring access to digital resources/templates
- **Why:** Creates predictable, steady revenue
- **Pricing Suggestion:** $9–$29/month (accessible for beginners)
- **Value:** Ongoing content, community, or tool access

### 2. One-Time Starter Product (Entry Point)
- **What:** Low-cost digital download (e.g., template pack, guide)
- **Why:** Lowers barrier to entry; upsell path to subscription
- **Pricing Suggestion:** $7–$27 one-time
- **Value:** Immediate, tangible deliverable

### 3. Occasional Consulting (Secondary Income)
- **What:** Limited 1:1 calls for personalized guidance
- **Why:** Higher margin; builds trust without heavy time commitment
- **Pricing Suggestion:** $75–$150/hour
- **Constraint:** Keep volume low (e.g., 2–4 calls/week max)

---

## Operational Principles
- Keep systems lightweight
- Automate delivery and onboarding
- Limit product variations
- Focus on consistent, simple offerings

---

## Revenue Flow Summary
Starter Product ($) -> Subscription ($/mo) -> Consulting ($/session)
     (entry)          (recurring)            (premium)

---

## Next Steps
1. Define your starter product (what problem does it solve?)
2. Outline subscription deliverables (what's included monthly?)
3. Set up payment + delivery automation
4. Test pricing with a small audience
"""

with open('/workspace/revenue_model_brief.md', 'w') as f:
    f.write(content)

print("Revenue model brief created successfully!")

[OUTPUT]:
Revenue model brief created successfully!


--- Turn 5/15 ---

[ASSISTANT]:


```bash
cat /workspace/revenue_model_brief.md
```

[EXECUTING bash]:
cat /workspace/revenue_model_brief.md

[OUTPUT]:
# Revenue Model Brief: Solo Creator Digital Product Business

## Overview
**Business Type:** Beginner-friendly digital product for solo creators  
**Target Audience:** Independent professionals and hobbyists  
**Primary Goal:** Predictable monthly income with a simple offering

---

## Core Revenue Model

### 1. Subscription (Primary Income)
- **What:** Monthly recurring access to digital resources/templates
- **Why:** Creates predictable, steady revenue
- **Pricing Suggestion:** $9–$29/month (accessible for beginners)
- **Value:** Ongoing content, community, or tool access

### 2. One-Time Starter Product (Entry Point)
- **What:** Low-cost digital download (e.g., template pack, guide)
- **Why:** Lowers barrier to entry; upsell path to subscription
- **Pricing Suggestion:** $7–$27 one-time
- **Value:** Immediate, tangible deliverable

### 3. Occasional Consulting (Secondary Income)
- **What:** Limited 1:1 calls for personalized guidance
- **Why:** Higher margin; builds trust without heavy time commitment
- **Pricing Suggestion:** $75–$150/hour
- **Constraint:** Keep volume low (e.g., 2–4 calls/week max)

---

## Operational Principles
- Keep systems lightweight
- Automate delivery and onboarding
- Limit product variations
- Focus on consistent, simple offerings

---

## Revenue Flow Summary
Starter Product ($) -> Subscription ($/mo) -> Consulting ($/session)
     (entry)          (recurring)            (premium)

---

## Next Steps
1. Define your starter product (what problem does it solve?)
2. Outline subscription deliverables (what's included monthly?)
3. Set up payment + delivery automation
4. Test pricing with a small audience


--- Turn 6/15 ---

[ASSISTANT]:


The revenue model brief has been created successfully. It's a concise, skimmable document that captures all the key points from your notes:

- **Primary model:** Subscription for predictable income
- **Entry point:** One-time starter product to lower barriers
- **Secondary:** Occasional consulting (kept limited)
- **Operations:** Lightweight and automated

The file is saved at `/workspace/revenue_model_brief.md`.

TASK_COMPLETE

✅ Agent reported TASK_COMPLETE

Conversation saved to results/repair_run_Qwen3.5-27B_20260413_102508/jk-0001-revenue-model-design_create_easy_000/conversation.json

============================================================
Running evaluation...
============================================================

Results for jk-0001-revenue-model-design_create_easy_000:
  Passed: False
  Score:  0.20
  Checks:
    ✅ input marker: marker found
    ❌ output file exists: revenue_model_brief.txt is missing
    ❌ model content: could not read output: [Errno 2] No such file or directory: '/workspace/revenue_model_brief.txt'
    ❌ income goal: could not parse output: [Errno 2] No such file or directory: '/workspace/revenue_model_brief.txt'
    ❌ non-empty output: length check failed: [Errno 2] No such file or directory: '/workspace/revenue_model_brief.txt'

Cleaning up container fb6c750920d9...
Container removed.

