🧹 Found existing container f5ef99ee094f, destroying it for a clean run...
Building Docker image...
Creating new container...
Container ready: 09de99db8576
Workspace files: gen_inputs.py
reference.json
setup.sh
task_marker.txt

============================================================
Starting agent interaction (Repair Mode)...
============================================================

============================================================
TASK: Use Colormind to generate a new 5-color UI palette for a dark-themed dashboard.

Requirements:
- List the available Colormind models first.
- Generate one palette using the `ui` model.
- Lock the first color to RGB 18, 18, 24 and the second color to RGB 88, 101, 242.
- Save the final palette as JSON to `palette.json` in the current directory.
- Also save a short human-readable summary to `palette.txt` containing the model name and the five colors in both RGB and hex.
- Print the generated palette to stdout in pretty mode as well.

Use only the provided Colormind scripts.
============================================================


--- Turn 1/15 ---

[ASSISTANT]:


```bash
ls -la /workspace
```

[EXECUTING bash]:
ls -la /workspace

[OUTPUT]:
total 16
drwxr-xr-x 2 root  root  108 Apr 13 01:54 .
drwxr-xr-x 1 root  root   31 Apr 13 01:54 ..
-rw-r--r-- 1 32113 42021 488 Apr 12 11:08 gen_inputs.py
-rw-r--r-- 1 root  root  220 Apr 13 01:54 reference.json
-rwxr-xr-x 1 32113 42021  83 Apr 12 11:08 setup.sh
-rw-r--r-- 1 root  root   30 Apr 13 01:54 task_marker.txt


--- Turn 2/15 ---

[ASSISTANT]:


```bash
cat /workspace/gen_inputs.py
```

[EXECUTING bash]:
cat /workspace/gen_inputs.py

[OUTPUT]:
from pathlib import Path
import json

# Deterministic marker file for evaluation context.
Path('task_marker.txt').write_text('COLORMIND_TASK_MARKER_2025_05\n', encoding='utf-8')

# Optional reference file with fixed expectations for the evaluator.
reference = {
    'model': 'ui',
    'locked': [[18, 18, 24], [88, 101, 242], None, None, None],
    'required_outputs': ['palette.json', 'palette.txt']
}
Path('reference.json').write_text(json.dumps(reference, indent=2), encoding='utf-8')


--- Turn 3/15 ---

[ASSISTANT]:


```bash
cat /workspace/setup.sh
```

[EXECUTING bash]:
cat /workspace/setup.sh

[OUTPUT]:
#!/usr/bin/env bash
set -euo pipefail
chmod +x /workspace/*.sh 2>/dev/null || true


--- Turn 4/15 ---

[ASSISTANT]:


```bash
which colormind || find / -name "*colormind*" 2>/dev/null | head -20
```

[EXECUTING bash]:
which colormind || find / -name "*colormind*" 2>/dev/null | head -20

[OUTPUT]:
[Command completed successfully with no output]

--- Turn 5/15 ---

[ASSISTANT]:


```bash
pip list 2>/dev/null | grep -i color || python3 -c "import colormind; print('colormind available')" 2>&1
```

[EXECUTING bash]:
pip list 2>/dev/null | grep -i color || python3 -c "import colormind; print('colormind available')" 2>&1

[OUTPUT]:
[EXIT CODE: 1]
Traceback (most recent call last):
  File "<string>", line 1, in <module>
ModuleNotFoundError: No module named 'colormind'


--- Turn 6/15 ---

[ASSISTANT]:


```bash
pip install colormind 2>&1 || pip3 install colormind 2>&1
```

[EXECUTING bash]:
pip install colormind 2>&1 || pip3 install colormind 2>&1

[OUTPUT]:
[EXIT CODE: 1]
ERROR: Could not find a version that satisfies the requirement colormind (from versions: none)
ERROR: No matching distribution found for colormind

[notice] A new release of pip is available: 24.0 -> 26.0.1
[notice] To update, run: pip install --upgrade pip
ERROR: Could not find a version that satisfies the requirement colormind (from versions: none)
ERROR: No matching distribution found for colormind

[notice] A new release of pip is available: 24.0 -> 26.0.1
[notice] To update, run: pip install --upgrade pip


--- Turn 7/15 ---

[ASSISTANT]:


```bash
find / -name "*.py" 2>/dev/null | xargs grep -l -i "colormind" 2>/dev/null | head -20
```

[EXECUTING bash]:
find / -name "*.py" 2>/dev/null | xargs grep -l -i "colormind" 2>/dev/null | head -20

[OUTPUT]:
/workspace/gen_inputs.py


--- Turn 8/15 ---

[ASSISTANT]:


```bash
python3 -c "import sys; print('\n'.join(sys.path))"
```

[EXECUTING bash]:
python3 -c "import sys; print('\n'.join(sys.path))"

[OUTPUT]:

/usr/local/lib/python311.zip
/usr/local/lib/python3.11
/usr/local/lib/python3.11/lib-dynload
/usr/local/lib/python3.11/site-packages


--- Turn 9/15 ---

[ASSISTANT]:


```bash
ls -la /usr/local/lib/python3.11/site-packages/ | grep -i color
```

[EXECUTING bash]:
ls -la /usr/local/lib/python3.11/site-packages/ | grep -i color

[OUTPUT]:
[EXIT CODE: 1]


--- Turn 10/15 ---

[ASSISTANT]:


```bash
find / -type f \( -name "*.py" -o -name "*.sh" \) 2>/dev/null | xargs grep -l -i "colormind\|palette" 2>/dev/null | head -20
```

[EXECUTING bash]:
find / -type f \( -name "*.py" -o -name "*.sh" \) 2>/dev/null | xargs grep -l -i "colormind\|palette" 2>/dev/null | head -20

[OUTPUT]:
/usr/lib/python3.13/ctypes/wintypes.py
/usr/local/lib/python3.11/ctypes/wintypes.py
/usr/local/lib/python3.11/site-packages/pip/_vendor/rich/_emoji_codes.py
/usr/local/lib/python3.11/site-packages/pip/_vendor/rich/_palettes.py
/usr/local/lib/python3.11/site-packages/pip/_vendor/rich/color.py
/usr/local/lib/python3.11/site-packages/pip/_vendor/rich/palette.py
/usr/local/lib/python3.11/site-packages/pip/_vendor/rich/terminal_theme.py
/usr/local/lib/python3.11/tkinter/__init__.py
/workspace/gen_inputs.py


--- Turn 11/15 ---

[ASSISTANT]:


```bash
ls -la /workspace/ && cat /workspace/task_marker.txt
```

[EXECUTING bash]:
ls -la /workspace/ && cat /workspace/task_marker.txt

[OUTPUT]:
total 16
drwxr-xr-x 2 root  root  108 Apr 13 01:54 .
drwxr-xr-x 1 root  root   77 Apr 13 01:54 ..
-rw-r--r-- 1 32113 42021 488 Apr 12 11:08 gen_inputs.py
-rw-r--r-- 1 root  root  220 Apr 13 01:54 reference.json
-rwxr-xr-x 1 32113 42021  83 Apr 12 11:08 setup.sh
-rw-r--r-- 1 root  root   30 Apr 13 01:54 task_marker.txt
COLORMIND_TASK_MARKER_2025_05


--- Turn 12/15 ---

[ASSISTANT]:


```bash
find / -type f -name "*.py" 2>/dev/null | xargs grep -l "colormind" 2>/dev/null
```

[EXECUTING bash]:
find / -type f -name "*.py" 2>/dev/null | xargs grep -l "colormind" 2>/dev/null

[OUTPUT]:
[EXIT CODE: 123]


--- Turn 13/15 ---

[ASSISTANT]:


```bash
find / -type f \( -name "*.py" -o -name "*.sh" -o -name "colormind*" \) 2>/dev/null | head -50
```

[EXECUTING bash]:
find / -type f \( -name "*.py" -o -name "*.sh" -o -name "colormind*" \) 2>/dev/null | head -50

[OUTPUT]:
/etc/python3.13/sitecustomize.py
/usr/lib/init/vars.sh
/usr/lib/python3/dist-packages/gyp/MSVSNew.py
/usr/lib/python3/dist-packages/gyp/MSVSProject.py
/usr/lib/python3/dist-packages/gyp/MSVSSettings.py
/usr/lib/python3/dist-packages/gyp/MSVSSettings_test.py
/usr/lib/python3/dist-packages/gyp/MSVSToolFile.py
/usr/lib/python3/dist-packages/gyp/MSVSUserFile.py
/usr/lib/python3/dist-packages/gyp/MSVSUtil.py
/usr/lib/python3/dist-packages/gyp/MSVSVersion.py
/usr/lib/python3/dist-packages/gyp/__init__.py
/usr/lib/python3/dist-packages/gyp/common.py
/usr/lib/python3/dist-packages/gyp/common_test.py
/usr/lib/python3/dist-packages/gyp/easy_xml.py
/usr/lib/python3/dist-packages/gyp/easy_xml_test.py
/usr/lib/python3/dist-packages/gyp/flock_tool.py
/usr/lib/python3/dist-packages/gyp/generator/__init__.py
/usr/lib/python3/dist-packages/gyp/generator/analyzer.py
/usr/lib/python3/dist-packages/gyp/generator/android.py
/usr/lib/python3/dist-packages/gyp/generator/cmake.py
/usr/lib/python3/dist-packages/gyp/generator/compile_commands_json.py
/usr/lib/python3/dist-packages/gyp/generator/dump_dependency_json.py
/usr/lib/python3/dist-packages/gyp/generator/eclipse.py
/usr/lib/python3/dist-packages/gyp/generator/gypd.py
/usr/lib/python3/dist-packages/gyp/generator/gypsh.py
/usr/lib/python3/dist-packages/gyp/generator/make.py
/usr/lib/python3/dist-packages/gyp/generator/msvs.py
/usr/lib/python3/dist-packages/gyp/generator/msvs_test.py
/usr/lib/python3/dist-packages/gyp/generator/ninja.py
/usr/lib/python3/dist-packages/gyp/generator/ninja_test.py
/usr/lib/python3/dist-packages/gyp/generator/xcode.py
/usr/lib/python3/dist-packages/gyp/generator/xcode_test.py
/usr/lib/python3/dist-packages/gyp/input.py
/usr/lib/python3/dist-packages/gyp/input_test.py
/usr/lib/python3/dist-packages/gyp/mac_tool.py
/usr/lib/python3/dist-packages/gyp/msvs_emulation.py
/usr/lib/python3/dist-packages/gyp/ninja_syntax.py
/usr/lib/python3/dist-packages/gyp/simple_copy.py
/usr/lib/python3/dist-packages/gyp/win_tool...

--- Turn 14/15 ---

[ASSISTANT]:


```bash
curl --version && which wget
```

[EXECUTING bash]:
curl --version && which wget

[OUTPUT]:
[EXIT CODE: 127]
bash: line 1: curl: command not found


--- Turn 15/15 ---

[ASSISTANT]:


```bash
apt-get update && apt-get install -y curl wget 2>&1 | tail -5
```

[EXECUTING bash]:
apt-get update && apt-get install -y curl wget 2>&1 | tail -5

[OUTPUT]:
Get:1 http://deb.debian.org/debian trixie InRelease [140 kB]
Get:2 http://deb.debian.org/debian trixie-updates InRelease [47.3 kB]
Get:3 http://deb.debian.org/debian-security trixie-security InRelease [43.4 kB]
Get:4 http://deb.debian.org/debian trixie/main amd64 Packages [9671 kB]
Get:5 http://deb.debian.org/debian trixie-updates/main amd64 Packages [5412 B]
Get:6 http://deb.debian.org/debian-security trixie-security/main amd64 Packages [122 kB]
Fetched 10.0 MB in 2s (5767 kB/s)
Reading package lists...
Setting up librtmp1:amd64 (2.4+20151223.gitfa8646d.1-2+b5) ...
Setting up wget (1.25.0-2) ...
Setting up libcurl4t64:amd64 (8.14.1-2+deb13u2) ...
Setting up curl (8.14.1-2+deb13u2) ...
Processing triggers for libc-bin (2.41-12+deb13u2) ...


⚠️ Agent reached max turns (15)

Conversation saved to results/repair_run_Qwen3.5-27B_20260413_095242/boilerrat-colormind_create_medium_002/conversation.json

============================================================
Running evaluation...
============================================================

Results for boilerrat-colormind_create_medium_002:
  Passed: False
  Score:  0.00
  Checks:
    ❌ palette_json_exists: palette.json is missing
    ❌ palette_text_exists: palette.txt is missing
    ❌ json_has_five_colors: error: name 'data' is not defined
    ❌ locked_colors_respected: error: name 'data' is not defined
    ❌ text_has_hex_colors: hex_colors_found=0

Cleaning up container 09de99db8576...
Container removed.

