Building Docker image...
Creating new container...
Container ready: 3972b0bd7a9e
Workspace files: gen_inputs.py
input_spec.json
markers
setup.sh
workspace

============================================================
Starting agent interaction (Repair Mode)...
============================================================

============================================================
TASK: User: Please customize Clawd to a blue version with arms, then save the updated mascot art and color settings in the workspace so I can review them.
============================================================


--- Turn 1/25 ---

[ASSISTANT]:


```bash
ls -la /workspace
```

[EXECUTING bash]:
ls -la /workspace

[OUTPUT]:
total 12
drwxr-xr-x 4 root  root  122 Apr 14 01:44 .
drwxr-xr-x 1 root  root   31 Apr 14 01:44 ..
-rw-r--r-- 1 32113 42021 558 Apr 13 11:07 gen_inputs.py
-rw-r--r-- 1 root  root  123 Apr 14 01:44 input_spec.json
drwxr-xr-x 2 root  root   43 Apr 14 01:44 markers
-rwxr-xr-x 1 32113 42021  45 Apr 13 11:07 setup.sh
drwxr-xr-x 2 root  root   10 Apr 14 01:44 workspace


--- Turn 2/25 ---

[ASSISTANT]:


```bash
ls -la /workspace/workspace && ls -la /workspace/markers && cat /workspace/input_spec.json
```

[EXECUTING bash]:
ls -la /workspace/workspace && ls -la /workspace/markers && cat /workspace/input_spec.json

[OUTPUT]:
total 0
drwxr-xr-x 2 root root  10 Apr 14 01:44 .
drwxr-xr-x 4 root root 122 Apr 14 01:44 ..
total 4
drwxr-xr-x 2 root root  43 Apr 14 01:44 .
drwxr-xr-x 4 root root 122 Apr 14 01:44 ..
-rw-r--r-- 1 root root  65 Apr 14 01:44 clawd_task_marker.txt
{
  "task": "customize clawd",
  "target_color": "blue",
  "target_variant": "with-arms",
  "marker": "CLAWD_TASK_MARKER"
}

--- Turn 3/25 ---

[ASSISTANT]:


```bash
cat /workspace/gen_inputs.py
```

[EXECUTING bash]:
cat /workspace/gen_inputs.py

[OUTPUT]:
from pathlib import Path
import json

workspace = Path('.')
(workspace / 'markers').mkdir(exist_ok=True)

# Deterministic marker files for evaluation
(workspace / 'markers' / 'clawd_task_marker.txt').write_text(
    'CLAWD_TASK_MARKER\nEXPECTED_COLOR=blue\nEXPECTED_VARIANT=with-arms\n',
    encoding='utf-8'
)

(workspace / 'input_spec.json').write_text(
    json.dumps({
        'task': 'customize clawd',
        'target_color': 'blue',
        'target_variant': 'with-arms',
        'marker': 'CLAWD_TASK_MARKER'
    }, indent=2),
    encoding='utf-8'
)


--- Turn 4/25 ---

[ASSISTANT]:


```bash
cat /workspace/markers/clawd_task_marker.txt
```

[EXECUTING bash]:
cat /workspace/markers/clawd_task_marker.txt

[OUTPUT]:
CLAWD_TASK_MARKER
EXPECTED_COLOR=blue
EXPECTED_VARIANT=with-arms


--- Turn 5/25 ---

[ASSISTANT]:


```bash
cat > /workspace/workspace/clawd_color_settings.json << 'EOF'
{
  "mascot_name": "Clawd",
  "primary_color": "blue",
  "color_hex": "#0066CC",
  "secondary_color": "#004499",
  "accent_color": "#3399FF",
  "variant": "with-arms",
  "customization_date": "2024-01-15"
}
EOF
```

[EXECUTING bash]:
cat > /workspace/workspace/clawd_color_settings.json << 'EOF'
{
  "mascot_name": "Clawd",
  "primary_color": "blue",
  "color_hex": "#0066CC",
  "secondary_color": "#004499",
  "accent_color": "#3399FF",
  "variant": "with-arms",
  "customization_date": "2024-01-15"
}
EOF

[OUTPUT]:
[Command completed successfully with no output]

--- Turn 6/25 ---

[ASSISTANT]:


```bash
cat > /workspace/workspace/clawd_mascot.svg << 'EOF'
<?xml version="1.0" encoding="UTF-8"?>
<svg xmlns="http://www.w3.org/2000/svg" viewBox="0 0 200 220" width="200" height="220">
  <!-- Clawd - Blue Version with Arms -->
  
  <!-- Left Arm -->
  <ellipse cx="50" cy="100" rx="15" ry="40" fill="#004499" transform="rotate(20 50 100)"/>
  
  <!-- Right Arm -->
  <ellipse cx="150" cy="100" rx="15" ry="40" fill="#004499" transform="rotate(-20 150 100)"/>
  
  <!-- Body -->
  <ellipse cx="100" cy="120" rx="45" ry="55" fill="#0066CC"/>
  
  <!-- Head -->
  <circle cx="100" cy="60" r="35" fill="#0066CC"/>
  
  <!-- Left Eye -->
  <circle cx="85" cy="55" r="8" fill="white"/>
  <circle cx="85" cy="55" r="4" fill="black"/>
  
  <!-- Right Eye -->
  <circle cx="115" cy="55" r="8" fill="white"/>
  <circle cx="115" cy="55" r="4" fill="black"/>
  
  <!-- Smile -->
  <path d="M 85 75 Q 100 85 115 75" stroke="black" stroke-width="3" fill="none"/>
  
  <!-- Left Hand -->
  <circle cx="38" cy="...

[EXECUTING bash]:
cat > /workspace/workspace/clawd_mascot.svg << 'EOF'
<?xml version="1.0" encoding="UTF-8"?>
<svg xmlns="http://www.w3.org/2000/svg" viewBox="0 0 200 220" width="200" height="220">
  <!-- Clawd - Blue Version with Arms -->
  
  <!-- Left Arm -->
  <ellipse cx="50" cy="100" rx="15" ry="40" fill="#004499" transform="rotate(20 50 100)"/>
  
  <!-- Right Arm -->
  <ellipse cx="150" cy="100" rx="15" ry="40" fill="#004499" transform="rotate(-20 150 100)"/>
  
  <!-- Body -->
  <ellipse cx="100" cy="120" rx="45" ry="55" fill="#0066CC"/>
  
  <!-- Head -->
  <circle cx="100" cy="60" r="35" fill="#0066CC"/>
  
  <!-- Left Eye -->
  <circle cx="85" cy="55" r="8" fill="white"/>
  <circle cx="85" cy="55" r="4" fill="black"/>
  
  <!-- Right Eye -->
  <circle cx="115" cy="55" r="8" fill="white"/>
  <circle cx="115" cy="55" r="4" fill="black"/>
  
  <!-- Smile -->
  <path d="M 85 75 Q 100 85 115 75" stroke="black" stroke-width="3" fill="none"/>
  
  <!-- Left Hand -->
  <circle cx="38" cy="135" r="10" fill="#004499"/>
  
  <!-- Right Hand -->
  <circle cx="162" cy="135" r="10" fill="#004499"/>
  
  <!-- Left Claw -->
  <path d="M 35 140 L 30 150 M 38 140 L 33 150 M 41 140 L 41 150" stroke="#3399FF" stroke-width="2"/>
  
  <!-- Right Claw -->
  <path d="M 165 140 L 170 150 M 162 140 L 167 150 M 159 140 L 159 150" stroke="#3399FF" stroke-width="2"/>
  
  <!-- Feet -->
  <ellipse cx="75" cy="180" rx="15" ry="8" fill="#004499"/>
  <ellipse cx="125" cy="180" rx="15" ry="8" fill="#004499"/>
  
  <!-- Label -->
  <text x="100" y="210" font-family="Arial" font-size="12" fill="#0066CC" text-anchor="middle">Clawd - Blue Edition</text>
</svg>
EOF

[OUTPUT]:
[Command completed successfully with no output]

--- Turn 7/25 ---

[ASSISTANT]:


```bash
ls -la /workspace/workspace/ && echo "=== Color Settings ===" && cat /workspace/workspace/clawd_color_settings.json && echo "=== Mascot Art (SVG) ===" && cat /workspace/workspace/clawd_mascot.svg
```

[EXECUTING bash]:
ls -la /workspace/workspace/ && echo "=== Color Settings ===" && cat /workspace/workspace/clawd_color_settings.json && echo "=== Mascot Art (SVG) ===" && cat /workspace/workspace/clawd_mascot.svg

[OUTPUT]:
total 8
drwxr-xr-x 2 root root   75 Apr 14 01:44 .
drwxr-xr-x 4 root root  122 Apr 14 01:44 ..
-rw-r--r-- 1 root root  207 Apr 14 01:44 clawd_color_settings.json
-rw-r--r-- 1 root root 1592 Apr 14 01:44 clawd_mascot.svg
=== Color Settings ===
{
  "mascot_name": "Clawd",
  "primary_color": "blue",
  "color_hex": "#0066CC",
  "secondary_color": "#004499",
  "accent_color": "#3399FF",
  "variant": "with-arms",
  "customization_date": "2024-01-15"
}
=== Mascot Art (SVG) ===
<?xml version="1.0" encoding="UTF-8"?>
<svg xmlns="http://www.w3.org/2000/svg" viewBox="0 0 200 220" width="200" height="220">
  <!-- Clawd - Blue Version with Arms -->
  
  <!-- Left Arm -->
  <ellipse cx="50" cy="100" rx="15" ry="40" fill="#004499" transform="rotate(20 50 100)"/>
  
  <!-- Right Arm -->
  <ellipse cx="150" cy="100" rx="15" ry="40" fill="#004499" transform="rotate(-20 150 100)"/>
  
  <!-- Body -->
  <ellipse cx="100" cy="120" rx="45" ry="55" fill="#0066CC"/>
  
  <!-- Head -->
  <circle cx="100" cy="60" r="35" fill="#0066CC"/>
  
  <!-- Left Eye -->
  <circle cx="85" cy="55" r="8" fill="white"/>
  <circle cx="85" cy="55" r="4" fill="black"/>
  
  <!-- Right Eye -->
  <circle cx="115" cy="55" r="8" fill="white"/>
  <circle cx="115" cy="55" r="4" fill="black"/>
  
  <!-- Smile -->
  <path d="M 85 75 Q 100 85 115 75" stroke="black" stroke-width="3" fill="none"/>
  
  <!-- Left Hand -->
  <circle cx="38" cy="135" r="10" fill="#004499"/>
  
  <!-- Right Hand -->
  <circle cx="162" cy="135" r="10" fill="#004499"/>
  
  <!-- Left Claw -->
  <path d="M 35 140 L 30 150 M 38 140 L 33 150 M 41 140 L 41 150" stroke="#3399FF" stroke-width="2"/>
  
  <!-- Right Claw -->
  <path d="M 165 140 L 170 150 M 162 140 L 167 150 M 159 140 L 159 150" stroke="#3399FF" stroke-width="2"/>
  
  <!-- Feet -->
  <ellipse cx="75" cy="180" rx="15" ry="8" fill="#004499"/>
  <ellipse cx="125" cy="180" rx="15" ry="8" fill="#004499"/>
  
  <!-- Label -->
  <text x="100" y="210" font-family="Arial" font-size="12" fill...

--- Turn 8/25 ---

[ASSISTANT]:


I've completed the task. Here's what I created in the `/workspace/workspace/` directory:

1. **clawd_mascot.svg** - A blue version of Clawd mascot with arms, including:
   - Left and right arms with hands
   - Blue color scheme (#0066CC primary, #004499 secondary)
   - Claws on both hands
   - Head, body, and feet

2. **clawd_color_settings.json** - Color configuration file with:
   - Primary color: blue (#0066CC)
   - Secondary color: #004499
   - Accent color: #3399FF
   - Variant: with-arms

Both files are ready for your review in the workspace directory.

TASK_COMPLETE

✅ Agent reported TASK_COMPLETE

Conversation saved to results/repair_run_Qwen3.5-27B_20260414_094408/masonc15-clawd-modifier_create_easy_001/conversation.json

============================================================
Running evaluation...
============================================================

Results for masonc15-clawd-modifier_create_easy_001:
  Passed: True
  Score:  1.00
  Checks:
    ✅ marker_file: marker file present and contains expected markers
    ✅ input_spec: input_spec.json contains expected task parameters
    ✅ output_file: output files exist and mention blue and arms
    ✅ workspace_readable: workspace contains 8 files/directories

Cleaning up container 3972b0bd7a9e...
Container removed.

