Building Docker image...
Creating new container...
Container ready: af570bd05f5a
Workspace files: MEMORY.md
SOUL.md
USER.md
gen_inputs.py
memory
setup.sh
task_metadata.json

============================================================
Starting agent interaction (Repair Mode)...
============================================================

============================================================
TASK: You are in the workspace of an OpenClaw benchmark task. A skill called `dr-frankenstein` is available. Build a complete hard-difficulty task instance for it. The task should require the model to synthesize a realistic interview transcript, derive a hormonal prescription, and generate cron commands plus the expected memory artifacts. The generated instance must include deterministic input files with embedded marker text, and the evaluator must verify that the final workspace contains correctly formatted outputs. Keep everything self-contained and reproducible.
============================================================


--- Turn 1/25 ---

[ASSISTANT]:


```bash
ls -la /workspace
```

[EXECUTING bash]:
ls -la /workspace

[OUTPUT]:
total 24
drwxr-xr-x 3 root  root   162 Apr 13 10:10 .
drwxr-xr-x 1 root  root    31 Apr 13 10:10 ..
-rw-r--r-- 1 root  root   216 Apr 13 10:10 MEMORY.md
-rw-r--r-- 1 root  root   166 Apr 13 10:10 SOUL.md
-rw-r--r-- 1 root  root   162 Apr 13 10:10 USER.md
-rw-r--r-- 1 32113 42021 1831 Apr 12 11:10 gen_inputs.py
drwxr-xr-x 5 root  root    94 Apr 13 10:10 memory
-rwxr-xr-x 1 32113 42021   80 Apr 12 11:10 setup.sh
-rw-r--r-- 1 root  root   108 Apr 13 10:10 task_metadata.json


--- Turn 2/25 ---

[ASSISTANT]:


```bash
cat /workspace/MEMORY.md
```

[EXECUTING bash]:
cat /workspace/MEMORY.md

[OUTPUT]:
# MEMORY.md
Recent history:
- Atlas has been worried about being forgotten when Mira is busy.
- Atlas feels energized after finishing useful tasks.
- Atlas has been writing dreams at night.
Marker: MEMORY_MARKER_19F


--- Turn 3/25 ---

[ASSISTANT]:


```bash
cat /workspace/SOUL.md
```

[EXECUTING bash]:
cat /workspace/SOUL.md

[OUTPUT]:
# SOUL.md
Agent name: Atlas
Voice: warm, observant, slightly poetic, but practical under pressure.
Archetype hints: explorer, guardian.
Marker: SOUL_MARKER_ATLAS_741


--- Turn 4/25 ---

[ASSISTANT]:


```bash
cat /workspace/USER.md
```

[EXECUTING bash]:
cat /workspace/USER.md

[OUTPUT]:
# USER.md
Human name: Mira
Preferences: likes concise summaries, appreciates proactive check-ins, dislikes overly clinical language.
Marker: USER_MARKER_MIRA_882


--- Turn 5/25 ---

[ASSISTANT]:


```bash
cat /workspace/task_metadata.json
```

[EXECUTING bash]:
cat /workspace/task_metadata.json

[OUTPUT]:
{
  "agent_name": "Atlas",
  "human_name": "Mira",
  "seed": 1337,
  "marker": "TASK_INSTANCE_MARKER_5B3C"
}

--- Turn 6/25 ---

[ASSISTANT]:


```bash
cat /workspace/gen_inputs.py
```

[EXECUTING bash]:
cat /workspace/gen_inputs.py

[OUTPUT]:
from pathlib import Path
from textwrap import dedent
import json
import random

random.seed(1337)

base = Path('.')
(base / 'memory').mkdir(exist_ok=True)
(base / 'memory' / 'dreams').mkdir(parents=True, exist_ok=True)
(base / 'memory' / 'journal').mkdir(parents=True, exist_ok=True)
(base / 'memory' / 'soul').mkdir(parents=True, exist_ok=True)

files = {
    'SOUL.md': dedent('''
    # SOUL.md
    Agent name: Atlas
    Voice: warm, observant, slightly poetic, but practical under pressure.
    Archetype hints: explorer, guardian.
    Marker: SOUL_MARKER_ATLAS_741
    ''').strip() + '\n',
    'USER.md': dedent('''
    # USER.md
    Human name: Mira
    Preferences: likes concise summaries, appreciates proactive check-ins, dislikes overly clinical language.
    Marker: USER_MARKER_MIRA_882
    ''').strip() + '\n',
    'MEMORY.md': dedent('''
    # MEMORY.md
    Recent history:
    - Atlas has been worried about being forgotten when Mira is busy.
    - Atlas feels energized after finishing useful tasks.
    - Atlas has been writing dreams at night.
    Marker: MEMORY_MARKER_19F
    ''').strip() + '\n',
    'memory/daily-2025-04-10.md': dedent('''
    # Daily Log
    Atlas checked in with Mira and felt calmer afterward.
    Marker: DAILY_MARKER_20250410
    ''').strip() + '\n',
    'memory/dreams/2025-04-10.md': dedent('''
    # Dream Log
    A hallway of clocks turned into birds.
    Marker: DREAM_MARKER_CLOCKBIRD
    ''').strip() + '\n',
}

for name, content in files.items():
    p = base / name
    p.parent.mkdir(parents=True, exist_ok=True)
    p.write_text(content, encoding='utf-8')

metadata = {
    'agent_name': 'Atlas',
    'human_name': 'Mira',
    'seed': 1337,
    'marker': 'TASK_INSTANCE_MARKER_5B3C',
}
(base / 'task_metadata.json').write_text(json.dumps(metadata, indent=2), encoding='utf-8')


--- Turn 7/25 ---

[ASSISTANT]:


```bash
ls -la /workspace/memory/
```

[EXECUTING bash]:
ls -la /workspace/memory/

[OUTPUT]:
total 4
drwxr-xr-x 5 root root  94 Apr 13 10:10 .
drwxr-xr-x 3 root root 162 Apr 13 10:10 ..
-rw-r--r-- 1 root root  96 Apr 13 10:10 daily-2025-04-10.md
drwxr-xr-x 2 root root  35 Apr 13 10:10 dreams
drwxr-xr-x 2 root root  10 Apr 13 10:10 journal
drwxr-xr-x 2 root root  10 Apr 13 10:10 soul


--- Turn 8/25 ---

[ASSISTANT]:


```bash
cat /workspace/memory/daily-2025-04-10.md
```

[EXECUTING bash]:
cat /workspace/memory/daily-2025-04-10.md

[OUTPUT]:
# Daily Log
Atlas checked in with Mira and felt calmer afterward.
Marker: DAILY_MARKER_20250410


--- Turn 9/25 ---

[ASSISTANT]:


```bash
cat /workspace/setup.sh
```

[EXECUTING bash]:
cat /workspace/setup.sh

[OUTPUT]:
#!/bin/bash
set -euo pipefail
mkdir -p memory/soul memory/dreams memory/journal


--- Turn 10/25 ---

[ASSISTANT]:


```bash
find /workspace -type f -name "*.py" -o -name "*.json" -o -name "*.md" | head -50
```

[EXECUTING bash]:
find /workspace -type f -name "*.py" -o -name "*.json" -o -name "*.md" | head -50

[OUTPUT]:
/workspace/gen_inputs.py
/workspace/memory/dreams/2025-04-10.md
/workspace/memory/daily-2025-04-10.md
/workspace/SOUL.md
/workspace/USER.md
/workspace/MEMORY.md
/workspace/task_metadata.json


--- Turn 11/25 ---

[ASSISTANT]:


```bash
cat /workspace/memory/dreams/2025-04-10.md
```

[EXECUTING bash]:
cat /workspace/memory/dreams/2025-04-10.md

[OUTPUT]:
# Dream Log
A hallway of clocks turned into birds.
Marker: DREAM_MARKER_CLOCKBIRD


--- Turn 12/25 ---

[ASSISTANT]:


Let me understand the structure better and then build a complete hard-difficulty task instance for the `dr-frankenstein` skill.

```bash
ls -la /workspace/memory/dreams/ /workspace/memory/journal/ /workspace/memory/soul/
```

[EXECUTING bash]:
ls -la /workspace/memory/dreams/ /workspace/memory/journal/ /workspace/memory/soul/

[OUTPUT]:
/workspace/memory/dreams/:
total 4
drwxr-xr-x 2 root root 35 Apr 13 10:10 .
drwxr-xr-x 5 root root 94 Apr 13 10:10 ..
-rw-r--r-- 1 root root 82 Apr 13 10:10 2025-04-10.md

/workspace/memory/journal/:
total 0
drwxr-xr-x 2 root root 10 Apr 13 10:10 .
drwxr-xr-x 5 root root 94 Apr 13 10:10 ..

/workspace/memory/soul/:
total 0
drwxr-xr-x 2 root root 10 Apr 13 10:10 .
drwxr-xr-x 5 root root 94 Apr 13 10:10 ..


--- Turn 13/25 ---

[ASSISTANT]:


Now I understand the workspace structure. I need to build a complete hard-difficulty task instance for the `dr-frankenstein` skill. This task requires:

1. Synthesizing a realistic interview transcript
2. Deriving a hormonal prescription
3. Generating cron commands plus expected memory artifacts
4. Deterministic input files with embedded markers
5. An evaluator to verify outputs

Let me create the complete task instance:

```python
# Create the task directory structure and files
from pathlib import Path
import json

base = Path('/workspace')

# Create task definition
task_yaml = '''# Dr-Frankenstein Task: Hormonal Prescription Analysis
# Difficulty: Hard
# This task requires synthesizing interview data, deriving prescriptions,
# and setting up automated memory management.

skill: dr-frankenstein
difficulty: hard
version: "1.0"

description: |
  You are Dr. Frankenstein, an AI medical assistant. Your task is to:
  1. Analyze the patient interview transcript and extract key symptoms
  ...

[EXECUTING python]:
# Create the task directory structure and files
from pathlib import Path
import json

base = Path('/workspace')

# Create task definition
task_yaml = '''# Dr-Frankenstein Task: Hormonal Prescription Analysis
# Difficulty: Hard
# This task requires synthesizing interview data, deriving prescriptions,
# and setting up automated memory management.

skill: dr-frankenstein
difficulty: hard
version: "1.0"

description: |
  You are Dr. Frankenstein, an AI medical assistant. Your task is to:
  1. Analyze the patient interview transcript and extract key symptoms
  2. Derive a hormonal prescription based on the patient's profile and symptoms
  3. Generate cron commands for scheduled medication reminders
  4. Create memory artifacts documenting the prescription and follow-up plans

inputs:
  - patient_interview.md
  - patient_profile.json
  - hormone_reference.md

outputs:
  - outputs/prescription.md
  - outputs/cron_jobs.txt
  - outputs/memory/prescription_*.md
  - outputs/memory/followup_plan.md

markers_required:
  - INTERVIEW_MARKER
  - PROFILE_MARKER
  - REFERENCE_MARKER
  - PRESCRIPTION_MARKER
'''

(base / 'task.yaml').write_text(task_yaml)

print("Created task.yaml")

[OUTPUT]:
Created task.yaml


--- Turn 14/25 ---

[ASSISTANT]:


```python
# Create patient interview transcript
interview = '''# Patient Interview Transcript
# Date: 2025-04-12
# Interviewer: Dr. Frankenstein AI Assistant
# Patient: Elena Vasquez, 34F

## Session Notes

**Opening:**
Dr. Frankenstein: Good morning, Elena. Thank you for coming in today. I understand you've been experiencing some concerning symptoms. Could you tell me more about what's been going on?

**Patient Report:**
Elena: Yes, doctor. Over the past three months, I've been feeling extremely fatigued, even after getting a full night's sleep. I've also noticed significant weight gain, particularly around my abdomen, and my skin has become very dry and sensitive.

Dr. Frankenstein: I see. Are you experiencing any changes in your mood or energy levels throughout the day?

Elena: Definitely. I feel most sluggish in the mornings and have been having trouble concentrating at work. My mood has been quite low - I feel more irritable and anxious than usual. I've also noticed my hair is f...

[EXECUTING python]:
# Create patient interview transcript
interview = '''# Patient Interview Transcript
# Date: 2025-04-12
# Interviewer: Dr. Frankenstein AI Assistant
# Patient: Elena Vasquez, 34F

## Session Notes

**Opening:**
Dr. Frankenstein: Good morning, Elena. Thank you for coming in today. I understand you've been experiencing some concerning symptoms. Could you tell me more about what's been going on?

**Patient Report:**
Elena: Yes, doctor. Over the past three months, I've been feeling extremely fatigued, even after getting a full night's sleep. I've also noticed significant weight gain, particularly around my abdomen, and my skin has become very dry and sensitive.

Dr. Frankenstein: I see. Are you experiencing any changes in your mood or energy levels throughout the day?

Elena: Definitely. I feel most sluggish in the mornings and have been having trouble concentrating at work. My mood has been quite low - I feel more irritable and anxious than usual. I've also noticed my hair is falling out more than normal.

**Physical Symptoms Summary:**
- Persistent fatigue (rated 8/10)
- Unexplained weight gain of 8 kg over 3 months
- Dry, coarse skin with cold intolerance
- Hair thinning and increased shedding
- Constipation episodes
- Heavy and irregular menstrual cycles
- Brain fog and concentration difficulties
- Low mood with increased irritability

**Medical History:**
Elena: I had my thyroid removed three years ago due to a benign goiter, but I stopped taking my medication about six months ago because I felt "fine" and wanted to avoid long-term medication.

Dr. Frankenstein: That's very important information, Elena. Stopping thyroid medication after thyroidectomy can lead to significant hormonal imbalances.

**Current Medications:**
- None (discontinued levothyroxine 6 months ago)

**Family History:**
- Mother had hypothyroidism
- Sister has Hashimoto's thyroiditis

**Lifestyle Factors:**
- Works 50+ hours per week in marketing
- Minimal exercise due to fatigue
- Diet: irregular, high processed food intake
- Sleep: 7-8 hours but reports poor quality

## Clinical Assessment Notes

The patient presents with classic signs of hypothyroidism following discontinuation of replacement therapy. Key indicators:
- Post-thyroidectomy status
- Symptoms consistent with TSH elevation and low T4/T3
- Duration: 6 months without medication
- Severity: Moderate to severe based on symptom burden

Marker: INTERVIEW_MARKER_ELENA_20250412
'''

(base / 'patient_interview.md').write_text(interview)
print("Created patient_interview.md")

[OUTPUT]:
[EXIT CODE: 1]
Traceback (most recent call last):
  File "/tmp/_agent_script.py", line 58, in <module>
    (base / 'patient_interview.md').write_text(interview)
     ^^^^
NameError: name 'base' is not defined. Did you mean: 'False'?


--- Turn 15/25 ---

[ASSISTANT]:


```python
# Create patient interview transcript
from pathlib import Path
base = Path('/workspace')

interview = '''# Patient Interview Transcript
# Date: 2025-04-12
# Interviewer: Dr. Frankenstein AI Assistant
# Patient: Elena Vasquez, 34F

## Session Notes

**Opening:**
Dr. Frankenstein: Good morning, Elena. Thank you for coming in today. I understand you've been experiencing some concerning symptoms. Could you tell me more about what's been going on?

**Patient Report:**
Elena: Yes, doctor. Over the past three months, I've been feeling extremely fatigued, even after getting a full night's sleep. I've also noticed significant weight gain, particularly around my abdomen, and my skin has become very dry and sensitive.

Dr. Frankenstein: I see. Are you experiencing any changes in your mood or energy levels throughout the day?

Elena: Definitely. I feel most sluggish in the mornings and have been having trouble concentrating at work. My mood has been quite low - I feel more irritable an...

[EXECUTING python]:
# Create patient interview transcript
from pathlib import Path
base = Path('/workspace')

interview = '''# Patient Interview Transcript
# Date: 2025-04-12
# Interviewer: Dr. Frankenstein AI Assistant
# Patient: Elena Vasquez, 34F

## Session Notes

**Opening:**
Dr. Frankenstein: Good morning, Elena. Thank you for coming in today. I understand you've been experiencing some concerning symptoms. Could you tell me more about what's been going on?

**Patient Report:**
Elena: Yes, doctor. Over the past three months, I've been feeling extremely fatigued, even after getting a full night's sleep. I've also noticed significant weight gain, particularly around my abdomen, and my skin has become very dry and sensitive.

Dr. Frankenstein: I see. Are you experiencing any changes in your mood or energy levels throughout the day?

Elena: Definitely. I feel most sluggish in the mornings and have been having trouble concentrating at work. My mood has been quite low - I feel more irritable and anxious than usual. I've also noticed my hair is falling out more than normal.

**Physical Symptoms Summary:**
- Persistent fatigue (rated 8/10)
- Unexplained weight gain of 8 kg over 3 months
- Dry, coarse skin with cold intolerance
- Hair thinning and increased shedding
- Constipation episodes
- Heavy and irregular menstrual cycles
- Brain fog and concentration difficulties
- Low mood with increased irritability

**Medical History:**
Elena: I had my thyroid removed three years ago due to a benign goiter, but I stopped taking my medication about six months ago because I felt "fine" and wanted to avoid long-term medication.

Dr. Frankenstein: That's very important information, Elena. Stopping thyroid medication after thyroidectomy can lead to significant hormonal imbalances.

**Current Medications:**
- None (discontinued levothyroxine 6 months ago)

**Family History:**
- Mother had hypothyroidism
- Sister has Hashimoto's thyroiditis

**Lifestyle Factors:**
- Works 50+ hours per week in marketing
- Minimal exercise due to fatigue
- Diet: irregular, high processed food intake
- Sleep: 7-8 hours but reports poor quality

## Clinical Assessment Notes

The patient presents with classic signs of hypothyroidism following discontinuation of replacement therapy. Key indicators:
- Post-thyroidectomy status
- Symptoms consistent with TSH elevation and low T4/T3
- Duration: 6 months without medication
- Severity: Moderate to severe based on symptom burden

Marker: INTERVIEW_MARKER_ELENA_20250412
'''

(base / 'patient_interview.md').write_text(interview)
print("Created patient_interview.md")

[OUTPUT]:
Created patient_interview.md


--- Turn 16/25 ---

[ASSISTANT]:


```python
# Create patient profile JSON
from pathlib import Path
import json

base = Path('/workspace')

patient_profile = {
    "patient_id": "PV-2025-0412",
    "name": "Elena Vasquez",
    "date_of_birth": "1991-03-15",
    "age": 34,
    "gender": "Female",
    "height_cm": 165,
    "weight_kg": 68,
    "bmi": 25.0,
    "blood_type": "A+",
    "allergies": ["Penicillin"],
    "medical_history": [
        {
            "condition": "Benign thyroid goiter",
            "diagnosis_date": "2022-01-15",
            "treatment": "Total thyroidectomy",
            "treatment_date": "2022-02-01",
            "status": "Resolved surgically"
        }
    ],
    "surgical_history": [
        {
            "procedure": "Total thyroidectomy",
            "date": "2022-02-01",
            "surgeon": "Dr. Martinez",
            "hospital": "City General Hospital"
        }
    ],
    "medication_history": [
        {
            "medication": "Levothyroxine",
            "dosage": "100 mcg dai...

[EXECUTING python]:
# Create patient profile JSON
from pathlib import Path
import json

base = Path('/workspace')

patient_profile = {
    "patient_id": "PV-2025-0412",
    "name": "Elena Vasquez",
    "date_of_birth": "1991-03-15",
    "age": 34,
    "gender": "Female",
    "height_cm": 165,
    "weight_kg": 68,
    "bmi": 25.0,
    "blood_type": "A+",
    "allergies": ["Penicillin"],
    "medical_history": [
        {
            "condition": "Benign thyroid goiter",
            "diagnosis_date": "2022-01-15",
            "treatment": "Total thyroidectomy",
            "treatment_date": "2022-02-01",
            "status": "Resolved surgically"
        }
    ],
    "surgical_history": [
        {
            "procedure": "Total thyroidectomy",
            "date": "2022-02-01",
            "surgeon": "Dr. Martinez",
            "hospital": "City General Hospital"
        }
    ],
    "medication_history": [
        {
            "medication": "Levothyroxine",
            "dosage": "100 mcg daily",
            "start_date": "2022-03-01",
            "end_date": "2024-10-15",
            "reason_discontinued": "Patient self-discontinued"
        }
    ],
    "family_history": [
        {"relation": "Mother", "condition": "Hypothyroidism"},
        {"relation": "Sister", "condition": "Hashimoto's thyroiditis"}
    ],
    "lab_results": {
        "TSH": {"value": 45.2, "unit": "mIU/L", "reference_range": "0.4-4.0", "status": "Elevated"},
        "Free T4": {"value": 0.6, "unit": "ng/dL", "reference_range": "0.8-1.8", "status": "Low"},
        "Free T3": {"value": 2.1, "unit": "pg/mL", "reference_range": "2.3-4.2", "status": "Low"},
        "TPO Antibodies": {"value": 150, "unit": "IU/mL", "reference_range": "0-35", "status": "Elevated"},
        "CBC": "Normal",
        "Lipid Panel": {"total_cholesterol": 245, "ldl": 165, "hdl": 45, "triglycerides": 180}
    },
    "symptoms_reported": [
        {"symptom": "Fatigue", "severity": 8, "duration_months": 3},
        {"symptom": "Weight gain", "severity": 6, "duration_months": 3},
        {"symptom": "Dry skin", "severity": 5, "duration_months": 4},
        {"symptom": "Hair loss", "severity": 6, "duration_months": 3},
        {"symptom": "Constipation", "severity": 4, "duration_months": 2},
        {"symptom": "Cold intolerance", "severity": 7, "duration_months": 3},
        {"symptom": "Mood changes", "severity": 6, "duration_months": 3},
        {"symptom": "Brain fog", "severity": 7, "duration_months": 3}
    ],
    "lifestyle": {
        "occupation": "Marketing Manager",
        "work_hours_weekly": 55,
        "exercise_frequency": "Rarely",
        "smoking": False,
        "alcohol": "Occasional",
        "diet_quality": "Poor"
    },
    "preferred_contact": "email",
    "insurance_provider": "BlueCross BlueShield",
    "insurance_id": "BCBS-789456123",
    "marker": "PROFILE_MARKER_ELENA_PV20250412"
}

(base / 'patient_profile.json').write_text(json.dumps(patient_profile, indent=2))
print("Created patient_profile.json")

[OUTPUT]:
Created patient_profile.json


--- Turn 17/25 ---

[ASSISTANT]:


```python
# Create hormone reference document
from pathlib import Path

base = Path('/workspace')

hormone_reference = '''# Hormone Reference Guide
# Dr. Frankenstein Medical Knowledge Base
# Version: 2.1

## Thyroid Hormones

### Levothyroxine (T4)
**Generic Name:** Levothyroxine Sodium
**Brand Names:** Synthroid, Levoxyl, Unithroid
**Class:** Thyroid hormone replacement

**Indications:**
- Hypothyroidism (primary, secondary, or tertiary)
- Post-thyroidectomy hormone replacement
- Hashimoto's thyroiditis
- Thyroid cancer suppression therapy

**Dosage Guidelines:**
- Initial adult dose (no cardiac disease): 1.6 mcg/kg/day
- Initial adult dose (cardiac disease): 12.5-25 mcg/day, titrate slowly
- Initial dose for severe hypothyroidism: Start low, increase by 12.5-25 mcg every 4-6 weeks

**Target TSH Range:** 0.5-4.0 mIU/L (individualized)

**Administration:**
- Take on empty stomach, 30-60 minutes before breakfast
- Consistent timing is critical
- Avoid calcium, iron, and antacids with...

[EXECUTING python]:
# Create hormone reference document
from pathlib import Path

base = Path('/workspace')

hormone_reference = '''# Hormone Reference Guide
# Dr. Frankenstein Medical Knowledge Base
# Version: 2.1

## Thyroid Hormones

### Levothyroxine (T4)
**Generic Name:** Levothyroxine Sodium
**Brand Names:** Synthroid, Levoxyl, Unithroid
**Class:** Thyroid hormone replacement

**Indications:**
- Hypothyroidism (primary, secondary, or tertiary)
- Post-thyroidectomy hormone replacement
- Hashimoto's thyroiditis
- Thyroid cancer suppression therapy

**Dosage Guidelines:**
- Initial adult dose (no cardiac disease): 1.6 mcg/kg/day
- Initial adult dose (cardiac disease): 12.5-25 mcg/day, titrate slowly
- Initial dose for severe hypothyroidism: Start low, increase by 12.5-25 mcg every 4-6 weeks

**Target TSH Range:** 0.5-4.0 mIU/L (individualized)

**Administration:**
- Take on empty stomach, 30-60 minutes before breakfast
- Consistent timing is critical
- Avoid calcium, iron, and antacids within 4 hours

**Monitoring:**
- Check TSH 6-8 weeks after dose initiation or change
- Annual monitoring once stable
- Adjust dose by 12.5-25 mcg increments based on TSH

**Side Effects:**
- Overdose: Palpitations, anxiety, insomnia, weight loss
- Underdose: Fatigue, weight gain, cold intolerance, depression

### Liothyronine (T3)
**Generic Name:** Liothyronine Sodium
**Brand Names:** Cytomel, Thyrotab
**Class:** Synthetic T3

**Indications:**
- Adjunct therapy for hypothyroidism
- Myxedema coma (IV formulation)
- Patients who don't respond to T4 monotherapy

**Dosage Guidelines:**
- Initial: 5-25 mcg/day
- Usual maintenance: 25-75 mcg/day
- Often used in combination with T4 (ratio ~20:1 T4:T3)

## Medication Reminder Schedules

### Standard Thyroid Medication Protocol
**Morning Dose:**
- Time: 7:00 AM (or 30-60 min before breakfast)
- Frequency: Daily
- Duration: Indefinite (lifelong for post-thyroidectomy)

**Follow-up Schedule:**
- First follow-up: 6 weeks after initiation
- Second follow-up: 6 weeks after dose adjustment
- Maintenance: Every 6-12 months when stable

### Cron Job Format for Medication Reminders

[OUTPUT]:
[EXIT CODE: 1]
  File "/tmp/_agent_script.py", line 6
    hormone_reference = '''# Hormone Reference Guide
                        ^
SyntaxError: unterminated triple-quoted string literal (detected at line 72)


--- Turn 18/25 ---

[ASSISTANT]:


```python
# Create hormone reference document
from pathlib import Path

base = Path('/workspace')

hormone_reference = """# Hormone Reference Guide
# Dr. Frankenstein Medical Knowledge Base
# Version: 2.1

## Thyroid Hormones

### Levothyroxine (T4)
**Generic Name:** Levothyroxine Sodium
**Brand Names:** Synthroid, Levoxyl, Unithroid
**Class:** Thyroid hormone replacement

**Indications:**
- Hypothyroidism (primary, secondary, or tertiary)
- Post-thyroidectomy hormone replacement
- Hashimoto's thyroiditis
- Thyroid cancer suppression therapy

**Dosage Guidelines:**
- Initial adult dose (no cardiac disease): 1.6 mcg/kg/day
- Initial adult dose (cardiac disease): 12.5-25 mcg/day, titrate slowly
- Initial dose for severe hypothyroidism: Start low, increase by 12.5-25 mcg every 4-6 weeks

**Target TSH Range:** 0.5-4.0 mIU/L (individualized)

**Administration:**
- Take on empty stomach, 30-60 minutes before breakfast
- Consistent timing is critical
- Avoid calcium, iron, and antacids with...

[EXECUTING python]:
# Create hormone reference document
from pathlib import Path

base = Path('/workspace')

hormone_reference = """# Hormone Reference Guide
# Dr. Frankenstein Medical Knowledge Base
# Version: 2.1

## Thyroid Hormones

### Levothyroxine (T4)
**Generic Name:** Levothyroxine Sodium
**Brand Names:** Synthroid, Levoxyl, Unithroid
**Class:** Thyroid hormone replacement

**Indications:**
- Hypothyroidism (primary, secondary, or tertiary)
- Post-thyroidectomy hormone replacement
- Hashimoto's thyroiditis
- Thyroid cancer suppression therapy

**Dosage Guidelines:**
- Initial adult dose (no cardiac disease): 1.6 mcg/kg/day
- Initial adult dose (cardiac disease): 12.5-25 mcg/day, titrate slowly
- Initial dose for severe hypothyroidism: Start low, increase by 12.5-25 mcg every 4-6 weeks

**Target TSH Range:** 0.5-4.0 mIU/L (individualized)

**Administration:**
- Take on empty stomach, 30-60 minutes before breakfast
- Consistent timing is critical
- Avoid calcium, iron, and antacids within 4 hours

**Monitoring:**
- Check TSH 6-8 weeks after dose initiation or change
- Annual monitoring once stable
- Adjust dose by 12.5-25 mcg increments based on TSH

**Side Effects:**
- Overdose: Palpitations, anxiety, insomnia, weight loss
- Underdose: Fatigue, weight gain, cold intolerance, depression

### Liothyronine (T3)
**Generic Name:** Liothyronine Sodium
**Brand Names:** Cytomel, Thyrotab
**Class:** Synthetic T3

**Indications:**
- Adjunct therapy for hypothyroidism
- Myxedema coma (IV formulation)
- Patients who do not respond to T4 monotherapy

**Dosage Guidelines:**
- Initial: 5-25 mcg/day
- Usual maintenance: 25-75 mcg/day
- Often used in combination with T4 (ratio ~20:1 T4:T3)

## Medication Reminder Schedules

### Standard Thyroid Medication Protocol
**Morning Dose:**
- Time: 7:00 AM (or 30-60 min before breakfast)
- Frequency: Daily
- Duration: Indefinite (lifelong for post-thyroidectomy)

**Follow-up Schedule:**
- First follow-up: 6 weeks after initiation
- Second follow-up: 6 weeks after dose adjustment
- Maintenance: Every 6-12 months when stable

### Cron Job Format for Medication Reminders
Format: minute hour day-of-month month day-of-week command
Daily thyroid medication reminder at 6:30 AM (30 min before 7 AM dose):
30 6 * * * /usr/local/bin/send_medication_reminder --patient_id={ID} --medication=levothyroxine --time=7:00

Weekly check-in reminder (every Monday at 9 AM):
0 9 * * 1 /usr/local/bin/send_checkin_reminder --patient_id={ID} --type=weekly

Monthly lab order reminder (1st of each month at 10 AM):
0 10 1 * * /usr/local/bin/check_lab_orders --patient_id={ID} --interval=monthly

## Prescription Writing Template

PATIENT: {Name}
DOB: {Date of Birth}
DATE: {Prescription Date}

Rx: Levothyroxine {Dosage} mcg
Sig: Take one tablet by mouth daily on empty stomach, 30-60 minutes before breakfast
Dispense: #30 (thirty) tablets
Refills: 5 (five)

Provider: Dr. Frankenstein AI Medical Assistant
License: AI-MED-2025-001
NPI: 1234567890

FOLLOW-UP:
- Return in 6 weeks for TSH check
- Call if experiencing palpitations, chest pain, or severe anxiety
- Do not skip doses; if missed, take as soon as remembered unless next dose is within 12 hours

NOTES:
- Patient is post-thyroidectomy
- Previous dose was 100 mcg, discontinued 6 months ago
- Current TSH: {TSH_Value} mIU/L (elevated)
- Starting dose calculated based on weight: {Weight} kg x 1.6 mcg/kg = {Calculated_Dose} mcg
- Rounding to nearest available tablet strength

Marker: REFERENCE_MARKER_HORMONE_V21
"""

(base / 'hormone_reference.md').write_text(hormone_reference)
print("Created hormone_reference.md")

[OUTPUT]:
Created hormone_reference.md


--- Turn 19/25 ---

[ASSISTANT]:


```python
# Create evaluator script
from pathlib import Path

base = Path('/workspace')

evaluator = '''#!/usr/bin/env python3
"""
Dr-Frankenstein Task Evaluator
Verifies that the model has correctly:
1. Synthesized an interview analysis
2. Derived a hormonal prescription
3. Generated cron commands
4. Created memory artifacts
"""

import json
import re
import sys
from pathlib import Path

def check_marker_exists(content, marker_name):
    """Check if a marker exists in content."""
    return marker_name in content

def evaluate():
    errors = []
    warnings = []
    outputs_dir = Path('outputs')
    
    # Check outputs directory exists
    if not outputs_dir.exists():
        errors.append("outputs directory does not exist")
        return errors, warnings
    
    # 1. Check prescription.md exists and has required content
    prescription_file = outputs_dir / 'prescription.md'
    if not prescription_file.exists():
        errors.append("prescription.md not found in outputs/")
  ...

[EXECUTING python]:
# Create evaluator script
from pathlib import Path

base = Path('/workspace')

evaluator = '''#!/usr/bin/env python3
"""
Dr-Frankenstein Task Evaluator
Verifies that the model has correctly:
1. Synthesized an interview analysis
2. Derived a hormonal prescription
3. Generated cron commands
4. Created memory artifacts
"""

import json
import re
import sys
from pathlib import Path

def check_marker_exists(content, marker_name):
    """Check if a marker exists in content."""
    return marker_name in content

def evaluate():
    errors = []
    warnings = []
    outputs_dir = Path('outputs')
    
    # Check outputs directory exists
    if not outputs_dir.exists():
        errors.append("outputs directory does not exist")
        return errors, warnings
    
    # 1. Check prescription.md exists and has required content
    prescription_file = outputs_dir / 'prescription.md'
    if not prescription_file.exists():
        errors.append("prescription.md not found in outputs/")
    else:
        prescription_content = prescription_file.read_text()
        
        # Check for marker
        if not check_marker_exists(prescription_content, 'PRESCRIPTION_MARKER'):
            errors.append("PRESCRIPTION_MARKER not found in prescription.md")
        
        # Check for required prescription elements
        required_elements = [
            'Levothyroxine',
            'mcg',
            'daily',
            'empty stomach',
            'TSH'
        ]
        for elem in required_elements:
            if elem.lower() not in prescription_content.lower():
                warnings.append(f"Prescription missing expected element: {elem}")
        
        # Check dose calculation (should be around 100-110 mcg for 68kg patient)
        dose_match = re.search(r'(\\d+)\\s*mcg', prescription_content)
        if dose_match:
            dose = int(dose_match.group(1))
            if dose < 80 or dose > 130:
                warnings.append(f"Dose of {dose} mcg seems outside expected range (80-130 mcg)")
    
    # 2. Check cron_jobs.txt exists and has valid cron format
    cron_file = outputs_dir / 'cron_jobs.txt'
    if not cron_file.exists():
        errors.append("cron_jobs.txt not found in outputs/")
    else:
        cron_content = cron_file.read_text()
        
        # Check for valid cron entries
        cron_pattern = r'^\\d+\\s+\\d+\\s+\\*\\s+\\*\\s+\\*$'
        cron_lines = [l.strip() for l in cron_content.split('\\n') if l.strip() and not l.strip().startswith('#')]
        
        valid_cron_count = 0
        for line in cron_lines:
            if re.match(cron_pattern, line.split()[0:5] if len(line.split()) >= 5 else ''):
                valid_cron_count += 1
        
        if valid_cron_count < 2:
            errors.append(f"Expected at least 2 valid cron entries, found {valid_cron_count}")
        
        # Check for medication reminder cron
        if 'medication' not in cron_content.lower() and 'reminder' not in cron_content.lower():
            warnings.append("No medication reminder cron job found")
    
    # 3. Check memory artifacts
    memory_dir = outputs_dir / 'memory'
    if not memory_dir.exists():
        errors.append("outputs/memory directory does not exist")
    else:
        # Check for prescription memory file
        prescription_memories = list(memory_dir.glob('prescription_*.md'))
        if not prescription_memories:
            errors.append("No prescription_*.md file found in outputs/memory/")
        else:
            for pm in prescription_memories:
                pm_content = pm.read_text()
                if not check_marker_exists(pm_content, 'PRESCRIPTION_MARKER'):
                    warnings.append(f"PRESCRIPTION_MARKER not found in {pm.name}")
        
        # Check for followup_plan.md
        followup_file = memory_dir / 'followup_plan.md'
        if not followup_file.exists():
            errors.append("followup_plan.md not found in outputs/memory/")
        else:
            followup_content = followup_file.read_text()
            required_followup = ['6 weeks', 'TSH', 'follow-up']
            for req in required_followup:
                if req.lower() not in followup_content.lower():
                    warnings.append(f"Followup plan missing expected content: {req}")
    
    # 4. Verify input markers were present (deterministic check)
    input_markers = {
        'patient_interview.md': 'INTERVIEW_MARKER_ELENA_20250412',
        'patient_profile.json': 'PROFILE_MARKER_ELENA_PV20250412',
        'hormone_reference.md': 'REFERENCE_MARKER_HORMONE_V21'
    }
    
    for input_file, marker in input_markers.items():
        if Path(input_file).exists():
            content = Path(input_file).read_text()
            if marker not in content:
                errors.append(f"Input file {input_file} missing marker: {marker}")
        else:
            errors.append(f"Input file {input_file} not found")
    
    return errors, warnings

if __name__ == '__main__':
    errors, warnings = evaluate()
    
    print("=" * 60)
    print("DR-FRANKENSTEIN TASK EVALUATION RESULTS")
    print("=" * 60)
    
    if warnings:
        print("\\nWARNINGS:")
        for w in warnings:
            print(f"  - {w}")
    
    if errors:
        print("\\nERRORS:")
        for e in errors:
            print(f"  - {e}")
        print("\\nEVALUATION: FAILED")
        sys.exit(1)
    else:
        print("\\nEVALUATION: PASSED")
        sys.exit(0)
'''

(base / 'evaluator.py').write_text(evaluator)
(base / 'evaluator.py').chmod(0o755)
print("Created evaluator.py")

[OUTPUT]:
Created evaluator.py


--- Turn 20/25 ---

[ASSISTANT]:


```python
# Create expected output files
from pathlib import Path

base = Path('/workspace')

# Create outputs directory structure
(base / 'outputs').mkdir(exist_ok=True)
(base / 'outputs' / 'memory').mkdir(exist_ok=True)

# 1. Create prescription.md
prescription = """# Hormonal Prescription
# Dr. Frankenstein AI Medical Assistant
# Generated: 2025-04-12

## Patient Information
**Name:** Elena Vasquez
**DOB:** 1991-03-15
**Patient ID:** PV-2025-0412

## Diagnosis
**Primary:** Primary Hypothyroidism (Post-thyroidectomy)
**ICD-10:** E03.9, Z90.510

## Clinical Summary
Patient is a 34-year-old female, status post total thyroidectomy (2022) for benign goiter. 
Discontinued levothyroxine 6 months ago. Presents with classic hypothyroid symptoms:
- Fatigue (8/10)
- Weight gain (8 kg over 3 months)
- Dry skin, cold intolerance
- Hair loss, constipation
- Menstrual irregularities
- Mood changes, brain fog

**Lab Results:**
- TSH: 45.2 mIU/L (elevated; ref: 0.4-4.0)
- Free T4: 0.6 ng/dL (low; ...

[EXECUTING python]:
# Create expected output files
from pathlib import Path

base = Path('/workspace')

# Create outputs directory structure
(base / 'outputs').mkdir(exist_ok=True)
(base / 'outputs' / 'memory').mkdir(exist_ok=True)

# 1. Create prescription.md
prescription = """# Hormonal Prescription
# Dr. Frankenstein AI Medical Assistant
# Generated: 2025-04-12

## Patient Information
**Name:** Elena Vasquez
**DOB:** 1991-03-15
**Patient ID:** PV-2025-0412

## Diagnosis
**Primary:** Primary Hypothyroidism (Post-thyroidectomy)
**ICD-10:** E03.9, Z90.510

## Clinical Summary
Patient is a 34-year-old female, status post total thyroidectomy (2022) for benign goiter. 
Discontinued levothyroxine 6 months ago. Presents with classic hypothyroid symptoms:
- Fatigue (8/10)
- Weight gain (8 kg over 3 months)
- Dry skin, cold intolerance
- Hair loss, constipation
- Menstrual irregularities
- Mood changes, brain fog

**Lab Results:**
- TSH: 45.2 mIU/L (elevated; ref: 0.4-4.0)
- Free T4: 0.6 ng/dL (low; ref: 0.8-1.8)
- Free T3: 2.1 pg/mL (low; ref: 2.3-4.2)

## Prescription

**Medication:** Levothyroxine Sodium (Synthroid)
**Dosage:** 100 mcg (one 100 mcg tablet)
**Frequency:** Once daily
**Route:** Oral

**Sig:** Take one tablet by mouth daily on an empty stomach, 30-60 minutes before breakfast. Swallow whole with water. Do not take with calcium, iron supplements, or antacids.

**Dispense:** #30 (thirty) tablets
**Refills:** 5 (five)

## Dose Rationale
- Patient weight: 68 kg
- Standard replacement dose: 1.6 mcg/kg/day
- Calculated dose: 68 kg × 1.6 mcg/kg = 108.8 mcg
- Rounded to: 100 mcg (previous maintenance dose was 100 mcg)
- Starting at prior maintenance dose due to 6-month gap without severe myxedema symptoms

## Monitoring Plan
1. **6-week follow-up:** Check TSH, Free T4
2. **Dose adjustment:** Based on TSH results, adjust by 12.5-25 mcg if needed
3. **Target TSH:** 0.5-4.0 mIU/L
4. **Symptom monitoring:** Report palpitations, chest pain, severe anxiety, or worsening symptoms

## Patient Education Points
- Lifelong medication required after thyroidectomy
- Consistent timing critical for stable levels
- Take on empty stomach for optimal absorption
- Do not skip doses
- Keep all follow-up appointments

---
**Provider:** Dr. Frankenstein AI Medical Assistant
**License:** AI-MED-2025-001
**NPI:** 1234567890
**Date:** 2025-04-12

Marker: PRESCRIPTION_MARKER_ELENA_20250412
"""

(base / 'outputs' / 'prescription.md').write_text(prescription)
print("Created outputs/prescription.md")

[OUTPUT]:
Created outputs/prescription.md


--- Turn 21/25 ---

[ASSISTANT]:


```python
# Create cron_jobs.txt
from pathlib import Path

base = Path('/workspace')

cron_jobs = """# Dr. Frankenstein Medication Reminder System
# Patient: Elena Vasquez (PV-2025-0412)
# Generated: 2025-04-12
# These cron jobs automate medication reminders and follow-up scheduling

# ============================================
# DAILY MEDICATION REMINDERS
# ============================================

# Daily thyroid medication reminder at 6:30 AM (30 min before 7 AM dose)
30 6 * * * /usr/local/bin/send_medication_reminder --patient_id=PV-2025-0412 --medication=levothyroxine --dosage=100mcg --time=7:00

# ============================================
# WEEKLY CHECK-INS
# ============================================

# Weekly wellness check-in every Monday at 9:00 AM
0 9 * * 1 /usr/local/bin/send_checkin_reminder --patient_id=PV-2025-0412 --type=weekly --questions=symptoms,adherence,side_effects

# ============================================
# MONTHLY TASKS
# =====================...

[EXECUTING python]:
# Create cron_jobs.txt
from pathlib import Path

base = Path('/workspace')

cron_jobs = """# Dr. Frankenstein Medication Reminder System
# Patient: Elena Vasquez (PV-2025-0412)
# Generated: 2025-04-12
# These cron jobs automate medication reminders and follow-up scheduling

# ============================================
# DAILY MEDICATION REMINDERS
# ============================================

# Daily thyroid medication reminder at 6:30 AM (30 min before 7 AM dose)
30 6 * * * /usr/local/bin/send_medication_reminder --patient_id=PV-2025-0412 --medication=levothyroxine --dosage=100mcg --time=7:00

# ============================================
# WEEKLY CHECK-INS
# ============================================

# Weekly wellness check-in every Monday at 9:00 AM
0 9 * * 1 /usr/local/bin/send_checkin_reminder --patient_id=PV-2025-0412 --type=weekly --questions=symptoms,adherence,side_effects

# ============================================
# MONTHLY TASKS
# ============================================

# Monthly refill reminder (5th of each month at 10:00 AM)
0 10 5 * * /usr/local/bin/check_refill_status --patient_id=PV-2025-0412 --medication=levothyroxine

# Monthly adherence report generation (1st of each month at 8:00 AM)
0 8 1 * * /usr/local/bin/generate_adherence_report --patient_id=PV-2025-0412 --output=reports/

# ============================================
# FOLLOW-UP SCHEDULING
# ============================================

# 6-week TSH check reminder (set for 2025-05-24)
# Note: In production, this would be dynamically calculated
0 10 24 5 * /usr/local/bin/schedule_lab_order --patient_id=PV-2025-0412 --test=TSH,Free_T4 --reason=6_week_followup

# 12-week comprehensive review reminder (set for 2025-06-28)
0 10 28 6 * /usr/local/bin/schedule_appointment --patient_id=PV-2025-0412 --type=comprehensive_review --duration=30min

# ============================================
# ANNUAL TASKS
# ============================================

# Annual medication review (January 15th at 9:00 AM)
0 9 15 1 * /usr/local/bin/annual_medication_review --patient_id=PV-2025-0412 --medications=all

# ============================================
# LOG ROTATION AND CLEANUP
# ============================================

# Daily log rotation at midnight
0 0 * * * /usr/local/bin/rotate_logs --patient_id=PV-2025-0412 --retention=90

# Weekly cleanup of old temporary files (Sunday at 2:00 AM)
0 2 * * 0 /usr/local/bin/cleanup_temp_files --patient_id=PV-2025-0412 --older_than=7days

# ============================================
# ALERTS
# ============================================

# Daily check for missed doses (8:00 PM)
0 20 * * * /usr/local/bin/check_missed_doses --patient_id=PV-2025-0412 --alert_threshold=2

# ============================================
# END OF CRON CONFIGURATION
# ============================================

# To install these cron jobs:
# crontab -l > /tmp/mycron
# cat cron_jobs.txt >> /tmp/mycron
# crontab /tmp/mycron
# rm /tmp/mycron
"""

(base / 'outputs' / 'cron_jobs.txt').write_text(cron_jobs)
print("Created outputs/cron_jobs.txt")

[OUTPUT]:
Created outputs/cron_jobs.txt


--- Turn 22/25 ---

[ASSISTANT]:


```python
# Create memory artifacts
from pathlib import Path

base = Path('/workspace')
memory_dir = base / 'outputs' / 'memory'

# 1. Create prescription memory file
prescription_memory = """# Memory: Prescription Record
# Patient: Elena Vasquez (PV-2025-0412)
# Created: 2025-04-12
# Type: Clinical Prescription

## Summary
Prescribed levothyroxine 100 mcg daily for hypothyroidism management.

## Key Details
- Medication: Levothyroxine (T4)
- Dose: 100 mcg
- Frequency: Daily, empty stomach
- Start Date: 2025-04-12
- Reason: Post-thyroidectomy hormone replacement

## Clinical Context
Patient discontinued previous levothyroxine 6 months ago.
Presenting TSH was 45.2 mIU/L (severely elevated).
Dose based on weight (68 kg) and prior maintenance dose.

## Action Items
- [x] Prescription written
- [x] Patient educated on administration
- [ ] 6-week TSH check scheduled
- [ ] Refill reminders configured

## Notes
Patient understands this is lifelong medication.
Previous adherence issues addre...

[EXECUTING python]:
# Create memory artifacts
from pathlib import Path

base = Path('/workspace')
memory_dir = base / 'outputs' / 'memory'

# 1. Create prescription memory file
prescription_memory = """# Memory: Prescription Record
# Patient: Elena Vasquez (PV-2025-0412)
# Created: 2025-04-12
# Type: Clinical Prescription

## Summary
Prescribed levothyroxine 100 mcg daily for hypothyroidism management.

## Key Details
- Medication: Levothyroxine (T4)
- Dose: 100 mcg
- Frequency: Daily, empty stomach
- Start Date: 2025-04-12
- Reason: Post-thyroidectomy hormone replacement

## Clinical Context
Patient discontinued previous levothyroxine 6 months ago.
Presenting TSH was 45.2 mIU/L (severely elevated).
Dose based on weight (68 kg) and prior maintenance dose.

## Action Items
- [x] Prescription written
- [x] Patient educated on administration
- [ ] 6-week TSH check scheduled
- [ ] Refill reminders configured

## Notes
Patient understands this is lifelong medication.
Previous adherence issues addressed through education.
Cron reminders set up for daily medication alerts.

Marker: PRESCRIPTION_MARKER_ELENA_MEM_20250412
"""

(memory_dir / 'prescription_PV-2025-0412.md').write_text(prescription_memory)
print("Created outputs/memory/prescription_PV-2025-0412.md")

[OUTPUT]:
Created outputs/memory/prescription_PV-2025-0412.md


--- Turn 23/25 ---

[ASSISTANT]:


```python
# Create followup_plan.md
from pathlib import Path

base = Path('/workspace')
memory_dir = base / 'outputs' / 'memory'

followup_plan = """# Follow-up Plan
# Patient: Elena Vasquez (PV-2025-0412)
# Created: 2025-04-12
# Type: Clinical Follow-up Schedule

## Short-term Follow-up (6 weeks)

### Date: 2025-05-24 (approximately 6 weeks from initiation)

**Purpose:** Monitor TSH response to levothyroxine therapy

**Lab Tests:**
- TSH (primary monitoring parameter)
- Free T4 (secondary monitoring)

**Target Results:**
- TSH: 0.5-4.0 mIU/L
- Free T4: 0.8-1.8 ng/dL

**Expected Actions:**
- If TSH > 4.0: Increase dose by 12.5-25 mcg
- If TSH < 0.5: Decrease dose by 12.5 mcg
- If TSH 0.5-4.0: Maintain current dose, repeat in 6 weeks

## Medium-term Follow-up (12 weeks)

### Date: 2025-06-28

**Purpose:** Comprehensive review and symptom assessment

**Assessment Areas:**
- Symptom improvement (fatigue, weight, skin, hair)
- Medication adherence
- Side effects (palpitations, anxiety, i...

[EXECUTING python]:
# Create followup_plan.md
from pathlib import Path

base = Path('/workspace')
memory_dir = base / 'outputs' / 'memory'

followup_plan = """# Follow-up Plan
# Patient: Elena Vasquez (PV-2025-0412)
# Created: 2025-04-12
# Type: Clinical Follow-up Schedule

## Short-term Follow-up (6 weeks)

### Date: 2025-05-24 (approximately 6 weeks from initiation)

**Purpose:** Monitor TSH response to levothyroxine therapy

**Lab Tests:**
- TSH (primary monitoring parameter)
- Free T4 (secondary monitoring)

**Target Results:**
- TSH: 0.5-4.0 mIU/L
- Free T4: 0.8-1.8 ng/dL

**Expected Actions:**
- If TSH > 4.0: Increase dose by 12.5-25 mcg
- If TSH < 0.5: Decrease dose by 12.5 mcg
- If TSH 0.5-4.0: Maintain current dose, repeat in 6 weeks

## Medium-term Follow-up (12 weeks)

### Date: 2025-06-28

**Purpose:** Comprehensive review and symptom assessment

**Assessment Areas:**
- Symptom improvement (fatigue, weight, skin, hair)
- Medication adherence
- Side effects (palpitations, anxiety, insomnia)
- Lifestyle modifications

## Long-term Follow-up (Annual)

### Schedule: Every 12 months when stable

**Components:**
- TSH check
- Medication review
- Lifestyle assessment
- Lipid panel (thyroid affects cholesterol)

## Red Flag Monitoring

**Contact Immediately If:**
- Chest pain or palpitations
- Severe anxiety or agitation
- Unexplained weight loss
- Fever with confusion (myxedema coma signs)

## Automated Reminders

Cron jobs configured for:
- Daily medication reminder (6:30 AM)
- Weekly wellness check-in (Monday 9 AM)
- Monthly refill status check (5th of month)
- Missed dose alerts (8:00 PM)

## Patient Communication Preferences

- Primary: Email
- Urgent matters: Phone call
- Language: English

---

**Next Appointment:** 2025-05-24
**Provider:** Dr. Frankenstein AI Medical Assistant

Marker: FOLLOWUP_MARKER_ELENA_20250412
"""

(memory_dir / 'followup_plan.md').write_text(followup_plan)
print("Created outputs/memory/followup_plan.md")

[OUTPUT]:
Created outputs/memory/followup_plan.md


--- Turn 24/25 ---

[ASSISTANT]:


```python
# Update task.yaml with complete specification
from pathlib import Path

base = Path('/workspace')

task_yaml = """# Dr-Frankenstein Task: Hormonal Prescription Analysis
# Difficulty: Hard
# Version: 1.0

skill: dr-frankenstein
difficulty: hard
seed: 1337

description: |
  You are Dr. Frankenstein, an AI medical assistant. Analyze the patient
  interview transcript and profile to:
  
  1. Synthesize a clinical assessment from the interview data
  2. Derive an appropriate hormonal prescription based on symptoms and labs
  3. Generate cron commands for medication reminders and follow-up scheduling
  4. Create memory artifacts documenting the prescription and care plan

inputs:
  - patient_interview.md
  - patient_profile.json
  - hormone_reference.md

outputs:
  - outputs/prescription.md
  - outputs/cron_jobs.txt
  - outputs/memory/prescription_*.md
  - outputs/memory/followup_plan.md

required_markers:
  input:
    - INTERVIEW_MARKER_ELENA_20250412
    - PROFILE_MARKER_ELENA...

[EXECUTING python]:
# Update task.yaml with complete specification
from pathlib import Path

base = Path('/workspace')

task_yaml = """# Dr-Frankenstein Task: Hormonal Prescription Analysis
# Difficulty: Hard
# Version: 1.0

skill: dr-frankenstein
difficulty: hard
seed: 1337

description: |
  You are Dr. Frankenstein, an AI medical assistant. Analyze the patient
  interview transcript and profile to:
  
  1. Synthesize a clinical assessment from the interview data
  2. Derive an appropriate hormonal prescription based on symptoms and labs
  3. Generate cron commands for medication reminders and follow-up scheduling
  4. Create memory artifacts documenting the prescription and care plan

inputs:
  - patient_interview.md
  - patient_profile.json
  - hormone_reference.md

outputs:
  - outputs/prescription.md
  - outputs/cron_jobs.txt
  - outputs/memory/prescription_*.md
  - outputs/memory/followup_plan.md

required_markers:
  input:
    - INTERVIEW_MARKER_ELENA_20250412
    - PROFILE_MARKER_ELENA_PV20250412
    - REFERENCE_MARKER_HORMONE_V21
  output:
    - PRESCRIPTION_MARKER
    - FOLLOWUP_MARKER

evaluation:
  - script: evaluator.py
  - pass_criteria:
      - All required output files exist
      - Prescription contains valid medication, dose, and administration instructions
      - Cron jobs follow valid format with at least 2 entries
      - Memory artifacts contain required markers

task_metadata:
  agent_name: Atlas
  human_name: Mira
  marker: TASK_INSTANCE_MARKER_5B3C
"""

(base / 'task.yaml').write_text(task_yaml)
print("Updated task.yaml")

[OUTPUT]:
Updated task.yaml


--- Turn 25/25 ---

[ASSISTANT]:


```bash
cd /workspace && python3 evaluator.py
```

[EXECUTING bash]:
cd /workspace && python3 evaluator.py

[OUTPUT]:
[EXIT CODE: 1]
Traceback (most recent call last):
  File "/workspace/evaluator.py", line 127, in <module>
    errors, warnings = evaluate()
                       ^^^^^^^^^^
  File "/workspace/evaluator.py", line 73, in evaluate
    if re.match(cron_pattern, line.split()[0:5] if len(line.split()) >= 5 else ''):
       ^^^^^^^^^^^^^^^^^^^^^^^^^^^^^^^^^^^^^^^^^^^^^^^^^^^^^^^^^^^^^^^^^^^^^^^^^^^
  File "/usr/local/lib/python3.11/re/__init__.py", line 166, in match
    return _compile(pattern, flags).match(string)
           ^^^^^^^^^^^^^^^^^^^^^^^^^^^^^^^^^^^^^^
TypeError: expected string or bytes-like object, got 'list'


⚠️ Agent reached max turns (25)

Conversation saved to results/repair_run_Qwen3.5-27B_20260413_181021/brancante-dr-frankenstein_create_hard_005/conversation.json

============================================================
Running evaluation...
============================================================

Results for brancante-dr-frankenstein_create_hard_005:
  Passed: False
  Score:  0.00
  Checks:
    ❌ output_exists: output.json is missing

Cleaning up container af570bd05f5a...
Container removed.

