Building Docker image...
Creating new container...
Container ready: c9d9c09d9b5c
Workspace files: README_brief.txt
decision_context.json
gen_inputs.py
ops_notes.pdf
requirements.txt
setup.sh
workspace

============================================================
Starting agent interaction (Repair Mode)...
============================================================

============================================================
TASK: You are analyzing a deployment strategy for the "Atlas Delta" project. The workspace contains context files describing the service requirements and deployment options.

**Your Task:**
Read the workspace files and produce a comprehensive adversarial analysis report in a markdown file named `deployment_analysis.md` in the workspace directory.

**Required Report Sections:**
1. **Three Approaches** - Analyze the three deployment strategies mentioned in the context
2. **Adversarial Critique** - Identify failure modes, risks, and weaknesses for each approach
3. **Fix Development** - Propose mitigations and solutions for identified issues
4. **Validation Check** - Define how to verify each approach works correctly
5. **Consolidation** - Summarize key findings across all approaches
6. **Ranked Options** - Order the approaches by preference with justification
7. **Final Recommendation** - State your chosen deployment strategy

**Constraints:**
- Use the marker "ATLAS-DELTA-77" in your report
- Base your analysis on the provided context files
- Keep the report focused and actionable
============================================================


--- Turn 1/25 ---

[ASSISTANT]:


```bash
ls -la /workspace
```

[EXECUTING bash]:
ls -la /workspace

[OUTPUT]:
total 24
drwxr-xr-x 3 root  root   190 Apr 13 10:57 .
drwxr-xr-x 1 root  root    31 Apr 13 10:57 ..
-rw-r--r-- 1 root  root   250 Apr 13 10:57 README_brief.txt
-rw-r--r-- 1 root  root   293 Apr 13 10:57 decision_context.json
-rw-r--r-- 1 32113 42021 1982 Apr 12 10:55 gen_inputs.py
-rw-r--r-- 1 root  root  1794 Apr 13 10:57 ops_notes.pdf
-rw-r--r-- 1 root  root    54 Apr 13 10:57 requirements.txt
-rwxr-xr-x 1 32113 42021   57 Apr 12 10:55 setup.sh
drwxr-xr-x 2 root  root    10 Apr 13 10:57 workspace


--- Turn 2/25 ---

[ASSISTANT]:


```bash
cat /workspace/README_brief.txt
```

[EXECUTING bash]:
cat /workspace/README_brief.txt

[OUTPUT]:
MARKER: ATLAS-DELTA-77
Objective: choose a deployment strategy for a latency-sensitive service.
Constraint: the final answer must include three approaches, adversarial critique, fixes, validation, consolidation, ranked options, and a recommendation.


--- Turn 3/25 ---

[ASSISTANT]:


```bash
cat /workspace/decision_context.json
```

[EXECUTING bash]:
cat /workspace/decision_context.json

[OUTPUT]:
{
  "project": "Atlas Delta",
  "service": "real-time anomaly scoring API",
  "traffic": "12k req/s p95 target under 120ms",
  "marker": "ATLAS-DELTA-77",
  "must_consider": [
    "blue-green rollout",
    "canary with automated rollback",
    "shadow deployment with offline comparison"
  ]
}

--- Turn 4/25 ---

[ASSISTANT]:


```bash
cat /workspace/requirements.txt
```

[EXECUTING bash]:
cat /workspace/requirements.txt

[OUTPUT]:
No external task files should be added by the solver.


--- Turn 5/25 ---

[ASSISTANT]:


```bash
cat /workspace/ops_notes.pdf
```

[EXECUTING bash]:
cat /workspace/ops_notes.pdf

[OUTPUT]:
[EXECUTION ERROR]: 'utf-8' codec can't decode byte 0x93 in position 10: invalid start byte

--- Turn 6/25 ---

[ASSISTANT]:


```bash
pdftotext /workspace/ops_notes.pdf - 2>/dev/null || strings /workspace/ops_notes.pdf | head -100
```

[EXECUTING bash]:
pdftotext /workspace/ops_notes.pdf - 2>/dev/null || strings /workspace/ops_notes.pdf | head -100

[OUTPUT]:
bash: line 1: strings: command not found


--- Turn 7/25 ---

[ASSISTANT]:


```python
with open('/workspace/ops_notes.pdf', 'rb') as f:
    content = f.read()
    # Try to extract text from PDF
    try:
        text = content.decode('latin-1')
        print(text)
    except:
        print(content)
```

[EXECUTING python]:
with open('/workspace/ops_notes.pdf', 'rb') as f:
    content = f.read()
    # Try to extract text from PDF
    try:
        text = content.decode('latin-1')
        print(text)
    except:
        print(content)

[OUTPUT]:
%PDF-1.3
% ReportLab Generated PDF document (opensource)
1 0 obj
<<
/F1 2 0 R /F2 3 0 R
>>
endobj
2 0 obj
<<
/BaseFont /Helvetica /Encoding /WinAnsiEncoding /Name /F1 /Subtype /Type1 /Type /Font
>>
endobj
3 0 obj
<<
/BaseFont /Helvetica-Bold /Encoding /WinAnsiEncoding /Name /F2 /Subtype /Type1 /Type /Font
>>
endobj
4 0 obj
<<
/Contents 8 0 R /MediaBox [ 0 0 612 792 ] /Parent 7 0 R /Resources <<
/Font 1 0 R /ProcSet [ /PDF /Text /ImageB /ImageC /ImageI ]
>> /Rotate 0 /Trans <<

>> 
  /Type /Page
>>
endobj
5 0 obj
<<
/PageMode /UseNone /Pages 7 0 R /Type /Catalog
>>
endobj
6 0 obj
<<
/Author (anonymous) /CreationDate (D:20260413105733+00'00') /Creator (anonymous) /Keywords () /ModDate (D:20260413105733+00'00') /Producer (ReportLab PDF Library - \(opensource\)) 
  /Subject (unspecified) /Title (untitled) /Trapped /False
>>
endobj
7 0 obj
<<
/Count 1 /Kids [ 4 0 R ] /Type /Pages
>>
endobj
8 0 obj
<<
/Filter [ /ASCII85Decode /FlateDecode ] /Length 411
>>
stream
Gas2Dh+enD&;BRuMK;?dP%Ic=!UdB?glSsBn-_qV=lSG5aQ"T5gXj&':o&\ZNCHE%h\f4DGraDW[0M./I(u^YePIit`G>R__-3ChH<lb4?d>h2p$*9sWlpr#H(6hHOl2O2-N$&HU24<Nr/-p()q5t.M`5;URubqm^W>MZ4X,A6g\^[;#*%=n&(B;+7Q&ZFl6GY&gZiO\WBEUpam>_5PW34*UD"CSHjnEU]Z5"?"L6q50aqXIOY@9eH:n/&o8r'C%,%p=@+_-S.?39,M4pp0)!lS4(g?ghS^me)Cmud`(QUORo$d"\!<lF"d^?4-G(?FQglD"?oUb`>HniS$lcqkY`&`4j_46[9-Q2i&E.p=MRuBoiJsNM(b(PL*lf$q.cfFH7FdcltO'RK:bPB$_E:t(ZRAK!~>endstream
endobj
xref
0 9
0000000000 65535 f 
0000000061 00000 n 
0000000102 00000 n 
0000000209 00000 n 
0000000321 00000 n 
0000000514 00000 n 
0000000582 00000 n 
0000000843 00000 n 
0000000902 00000 n 
trailer
<<
/ID 
[<80585545ce916ee558012ca5d66c9cc9><80585545ce916ee558012ca5d66c9cc9>]
% ReportLab generated PDF document -- digest (opensource)

/Info 6 0 R
/Root 5 0 R
/Size 9
>>
startxref
1403
%%EOF



--- Turn 8/25 ---

[ASSISTANT]:


```python
import zlib

# Read the PDF
with open('/workspace/ops_notes.pdf', 'rb') as f:
    content = f.read()

# Find the stream content
import re
stream_match = re.search(rb'stream\n(.*?)\nendstream', content, re.DOTALL)
if stream_match:
    stream_data = stream_match.group(1)
    # Try ASCII85 decode then FlateDecode
    import base64
    # ASCII85 decode
    ascii85_decoded = base64.a85decode(stream_data + b'~~>')
    # Flate decode (zlib)
    try:
        text = zlib.decompress(ascii85_decoded)
        print(text.decode('utf-8'))
    except Exception as e:
        print(f"Error: {e}")
        print(ascii85_decoded)
```

[EXECUTING python]:
import zlib

# Read the PDF
with open('/workspace/ops_notes.pdf', 'rb') as f:
    content = f.read()

# Find the stream content
import re
stream_match = re.search(rb'stream\n(.*?)\nendstream', content, re.DOTALL)
if stream_match:
    stream_data = stream_match.group(1)
    # Try ASCII85 decode then FlateDecode
    import base64
    # ASCII85 decode
    ascii85_decoded = base64.a85decode(stream_data + b'~~>')
    # Flate decode (zlib)
    try:
        text = zlib.decompress(ascii85_decoded)
        print(text.decode('utf-8'))
    except Exception as e:
        print(f"Error: {e}")
        print(ascii85_decoded)

[OUTPUT]:
[Command completed successfully with no output]

--- Turn 9/25 ---

[ASSISTANT]:


```python
import zlib
import base64
import re

# Read the PDF
with open('/workspace/ops_notes.pdf', 'rb') as f:
    content = f.read()

# Find the stream content
stream_match = re.search(rb'stream\n(.*?)\nendstream', content, re.DOTALL)
if stream_match:
    stream_data = stream_match.group(1)
    print("Stream data found:", stream_data[:100])
    # ASCII85 decode
    ascii85_decoded = base64.a85decode(stream_data + b'~~>')
    print("ASCII85 decoded:", ascii85_decoded[:100])
    # Flate decode (zlib)
    try:
        text = zlib.decompress(ascii85_decoded)
        print("Decompressed text:", text.decode('utf-8'))
    except Exception as e:
        print(f"Error decompressing: {e}")
else:
    print("No stream found")
```

[EXECUTING python]:
import zlib
import base64
import re

# Read the PDF
with open('/workspace/ops_notes.pdf', 'rb') as f:
    content = f.read()

# Find the stream content
stream_match = re.search(rb'stream\n(.*?)\nendstream', content, re.DOTALL)
if stream_match:
    stream_data = stream_match.group(1)
    print("Stream data found:", stream_data[:100])
    # ASCII85 decode
    ascii85_decoded = base64.a85decode(stream_data + b'~~>')
    print("ASCII85 decoded:", ascii85_decoded[:100])
    # Flate decode (zlib)
    try:
        text = zlib.decompress(ascii85_decoded)
        print("Decompressed text:", text.decode('utf-8'))
    except Exception as e:
        print(f"Error decompressing: {e}")
else:
    print("No stream found")

[OUTPUT]:
No stream found


--- Turn 10/25 ---

[ASSISTANT]:


```python
import zlib
import base64

# Read the PDF
with open('/workspace/ops_notes.pdf', 'rb') as f:
    content = f.read()

# Find content between stream and endstream more flexibly
start = content.find(b'stream\n')
end = content.find(b'\nendstream')
if start >= 0 and end >= 0:
    stream_data = content[start+7:end]
    print("Raw stream:", stream_data[:50])
    # ASCII85 decode
    ascii85_decoded = base64.a85decode(stream_data + b'~~>')
    print("ASCII85 decoded:", ascii85_decoded[:50])
    # Flate decode
    try:
        text = zlib.decompress(ascii85_decoded)
        print("Text:", text.decode('utf-8'))
    except Exception as e:
        print(f"Error: {e}")
else:
    print(f"start={start}, end={end}")
```

[EXECUTING python]:
import zlib
import base64

# Read the PDF
with open('/workspace/ops_notes.pdf', 'rb') as f:
    content = f.read()

# Find content between stream and endstream more flexibly
start = content.find(b'stream\n')
end = content.find(b'\nendstream')
if start >= 0 and end >= 0:
    stream_data = content[start+7:end]
    print("Raw stream:", stream_data[:50])
    # ASCII85 decode
    ascii85_decoded = base64.a85decode(stream_data + b'~~>')
    print("ASCII85 decoded:", ascii85_decoded[:50])
    # Flate decode
    try:
        text = zlib.decompress(ascii85_decoded)
        print("Text:", text.decode('utf-8'))
    except Exception as e:
        print(f"Error: {e}")
else:
    print(f"start={start}, end={end}")

[OUTPUT]:
start=968, end=-1


--- Turn 11/25 ---

[ASSISTANT]:


```python
import zlib
import base64

# Read the PDF
with open('/workspace/ops_notes.pdf', 'rb') as f:
    content = f.read()

# Find content between stream and endstream more flexibly
start = content.find(b'stream\n')
end = content.find(b'endstream')
if start >= 0 and end >= 0:
    stream_data = content[start+7:end]
    print("Raw stream:", stream_data)
    # ASCII85 decode
    ascii85_decoded = base64.a85decode(stream_data + b'~~>')
    print("ASCII85 decoded:", ascii85_decoded)
    # Flate decode
    try:
        text = zlib.decompress(ascii85_decoded)
        print("Text:", text.decode('utf-8'))
    except Exception as e:
        print(f"Error: {e}")
else:
    print(f"start={start}, end={end}")
```

[EXECUTING python]:
import zlib
import base64

# Read the PDF
with open('/workspace/ops_notes.pdf', 'rb') as f:
    content = f.read()

# Find content between stream and endstream more flexibly
start = content.find(b'stream\n')
end = content.find(b'endstream')
if start >= 0 and end >= 0:
    stream_data = content[start+7:end]
    print("Raw stream:", stream_data)
    # ASCII85 decode
    ascii85_decoded = base64.a85decode(stream_data + b'~~>')
    print("ASCII85 decoded:", ascii85_decoded)
    # Flate decode
    try:
        text = zlib.decompress(ascii85_decoded)
        print("Text:", text.decode('utf-8'))
    except Exception as e:
        print(f"Error: {e}")
else:
    print(f"start={start}, end={end}")

[OUTPUT]:
[EXIT CODE: 1]
Raw stream: b'Gas2Dh+enD&;BRuMK;?dP%Ic=!UdB?glSsBn-_qV=lSG5aQ"T5gXj&\':o&\\ZNCHE%h\\f4DGraDW[0M./I(u^YePIit`G>R__-3ChH<lb4?d>h2p$*9sWlpr#H(6hHOl2O2-N$&HU24<Nr/-p()q5t.M`5;URubqm^W>MZ4X,A6g\\^[;#*%=n&(B;+7Q&ZFl6GY&gZiO\\WBEUpam>_5PW34*UD"CSHjnEU]Z5"?"L6q50aqXIOY@9eH:n/&o8r\'C%,%p=@+_-S.?39,M4pp0)!lS4(g?ghS^me)Cmud`(QUORo$d"\\!<lF"d^?4-G(?FQglD"?oUb`>HniS$lcqkY`&`4j_46[9-Q2i&E.p=MRuBoiJsNM(b(PL*lf$q.cfFH7FdcltO\'RK:bPB$_E:t(ZRAK!~>'
Traceback (most recent call last):
  File "/tmp/_agent_script.py", line 15, in <module>
    ascii85_decoded = base64.a85decode(stream_data + b'~~>')
                      ^^^^^^^^^^^^^^^^^^^^^^^^^^^^^^^^^^^^^^
  File "/usr/local/lib/python3.11/base64.py", line 430, in a85decode
    raise ValueError('Non-Ascii85 digit found: %c' % x)
ValueError: Non-Ascii85 digit found: ~


--- Turn 12/25 ---

[ASSISTANT]:


```python
import zlib

# Read the PDF
with open('/workspace/ops_notes.pdf', 'rb') as f:
    content = f.read()

# Find content between stream and endstream
start = content.find(b'stream\n')
end = content.find(b'endstream')
if start >= 0 and end >= 0:
    stream_data = content[start+7:end]
    print("Raw stream bytes:", stream_data)
    # Try direct zlib decompression
    try:
        text = zlib.decompress(stream_data)
        print("Text:", text.decode('utf-8'))
    except Exception as e:
        print(f"Zlib error: {e}")
        # Try with raw deflate
        try:
            text = zlib.decompress(stream_data, -zlib.MAX_WBITS)
            print("Text (raw deflate):", text.decode('utf-8'))
        except Exception as e2:
            print(f"Raw deflate error: {e2}")
```

[EXECUTING python]:
import zlib

# Read the PDF
with open('/workspace/ops_notes.pdf', 'rb') as f:
    content = f.read()

# Find content between stream and endstream
start = content.find(b'stream\n')
end = content.find(b'endstream')
if start >= 0 and end >= 0:
    stream_data = content[start+7:end]
    print("Raw stream bytes:", stream_data)
    # Try direct zlib decompression
    try:
        text = zlib.decompress(stream_data)
        print("Text:", text.decode('utf-8'))
    except Exception as e:
        print(f"Zlib error: {e}")
        # Try with raw deflate
        try:
            text = zlib.decompress(stream_data, -zlib.MAX_WBITS)
            print("Text (raw deflate):", text.decode('utf-8'))
        except Exception as e2:
            print(f"Raw deflate error: {e2}")

[OUTPUT]:
Raw stream bytes: b'Gas2Dh+enD&;BRuMK;?dP%Ic=!UdB?glSsBn-_qV=lSG5aQ"T5gXj&\':o&\\ZNCHE%h\\f4DGraDW[0M./I(u^YePIit`G>R__-3ChH<lb4?d>h2p$*9sWlpr#H(6hHOl2O2-N$&HU24<Nr/-p()q5t.M`5;URubqm^W>MZ4X,A6g\\^[;#*%=n&(B;+7Q&ZFl6GY&gZiO\\WBEUpam>_5PW34*UD"CSHjnEU]Z5"?"L6q50aqXIOY@9eH:n/&o8r\'C%,%p=@+_-S.?39,M4pp0)!lS4(g?ghS^me)Cmud`(QUORo$d"\\!<lF"d^?4-G(?FQglD"?oUb`>HniS$lcqkY`&`4j_46[9-Q2i&E.p=MRuBoiJsNM(b(PL*lf$q.cfFH7FdcltO\'RK:bPB$_E:t(ZRAK!~>'
Zlib error: Error -3 while decompressing data: incorrect header check
Raw deflate error: Error -3 while decompressing data: invalid block type


--- Turn 13/25 ---

[ASSISTANT]:


```python
import zlib

# Custom ASCII85 decoder for PDF
def ascii85_decode_pdf(data):
    result = bytearray()
    buffer = 0
    count = 0
    
    for byte in data:
        c = chr(byte)
        if c == '~>':  # End marker
            break
        if c == 'z':  # Special case for four zero bytes
            result.extend([0, 0, 0, 0])
            continue
        if c == '\n' or c == '\r':
            continue
        if c == '~':
            continue
            
        buffer = buffer * 85 + (ord(c) - 33)
        count += 1
        
        if count == 5:
            result.append((buffer >> 32) & 0xff)
            result.append((buffer >> 24) & 0xff)
            result.append((buffer >> 16) & 0xff)
            result.append((buffer >> 8) & 0xff)
            result.append(buffer & 0xff)
            buffer = 0
            count = 0
    
    return bytes(result)

# Read the PDF
with open('/workspace/ops_notes.pdf', 'rb') as f:
    content = f.read()

# Find content between stream...

[EXECUTING python]:
import zlib

# Custom ASCII85 decoder for PDF
def ascii85_decode_pdf(data):
    result = bytearray()
    buffer = 0
    count = 0
    
    for byte in data:
        c = chr(byte)
        if c == '~>':  # End marker
            break
        if c == 'z':  # Special case for four zero bytes
            result.extend([0, 0, 0, 0])
            continue
        if c == '\n' or c == '\r':
            continue
        if c == '~':
            continue
            
        buffer = buffer * 85 + (ord(c) - 33)
        count += 1
        
        if count == 5:
            result.append((buffer >> 32) & 0xff)
            result.append((buffer >> 24) & 0xff)
            result.append((buffer >> 16) & 0xff)
            result.append((buffer >> 8) & 0xff)
            result.append(buffer & 0xff)
            buffer = 0
            count = 0
    
    return bytes(result)

# Read the PDF
with open('/workspace/ops_notes.pdf', 'rb') as f:
    content = f.read()

# Find content between stream and endstream
start = content.find(b'stream\n')
end = content.find(b'endstream')
if start >= 0 and end >= 0:
    stream_data = content[start+7:end]
    print("Raw stream:", stream_data)
    
    # ASCII85 decode
    ascii85_decoded = ascii85_decode_pdf(stream_data)
    print("ASCII85 decoded:", ascii85_decoded[:50])
    
    # Flate decode
    try:
        text = zlib.decompress(ascii85_decoded)
        print("Text:", text.decode('utf-8'))
    except Exception as e:
        print(f"Error: {e}")

[OUTPUT]:
Raw stream: b'Gas2Dh+enD&;BRuMK;?dP%Ic=!UdB?glSsBn-_qV=lSG5aQ"T5gXj&\':o&\\ZNCHE%h\\f4DGraDW[0M./I(u^YePIit`G>R__-3ChH<lb4?d>h2p$*9sWlpr#H(6hHOl2O2-N$&HU24<Nr/-p()q5t.M`5;URubqm^W>MZ4X,A6g\\^[;#*%=n&(B;+7Q&ZFl6GY&gZiO\\WBEUpam>_5PW34*UD"CSHjnEU]Z5"?"L6q50aqXIOY@9eH:n/&o8r\'C%,%p=@+_-S.?39,M4pp0)!lS4(g?ghS^me)Cmud`(QUORo$d"\\!<lF"d^?4-G(?FQglD"?oUb`>HniS$lcqkY`&`4j_46[9-Q2i&E.p=MRuBoiJsNM(b(PL*lf$q.cfFH7FdcltO\'RK:bPB$_E:t(ZRAK!~>'
ASCII85 decoded: b'\x00x\x9c}\x90\x00\xddN\x1b1\x00\x10\x85\xefy\x00\x8asIQ\x00\x92fW!\x00\x01\xee\xb6"\x00\xdc\x90\xb6R\x00\xf0\x0bL\xec\x00Y\xe2\xe2\x9f\x00\xc8\xe3%\xec'
Error: Error -3 while decompressing data: incorrect header check


--- Turn 14/25 ---

[ASSISTANT]:


```python
import zlib

# Custom ASCII85 decoder for PDF
def ascii85_decode_pdf(data):
    result = bytearray()
    buffer = 0
    count = 0
    
    for byte in data:
        c = chr(byte)
        if c == '~>':  # End marker
            break
        if c == 'z':  # Special case for four zero bytes
            result.extend([0, 0, 0, 0])
            continue
        if c == '\n' or c == '\r':
            continue
        if c == '~':
            continue
            
        buffer = buffer * 85 + (ord(c) - 33)
        count += 1
        
        if count == 5:
            result.append((buffer >> 32) & 0xff)
            result.append((buffer >> 24) & 0xff)
            result.append((buffer >> 16) & 0xff)
            result.append((buffer >> 8) & 0xff)
            result.append(buffer & 0xff)
            buffer = 0
            count = 0
    
    return bytes(result)

# Read the PDF
with open('/workspace/ops_notes.pdf', 'rb') as f:
    content = f.read()

# Find content between stream...

[EXECUTING python]:
import zlib

# Custom ASCII85 decoder for PDF
def ascii85_decode_pdf(data):
    result = bytearray()
    buffer = 0
    count = 0
    
    for byte in data:
        c = chr(byte)
        if c == '~>':  # End marker
            break
        if c == 'z':  # Special case for four zero bytes
            result.extend([0, 0, 0, 0])
            continue
        if c == '\n' or c == '\r':
            continue
        if c == '~':
            continue
            
        buffer = buffer * 85 + (ord(c) - 33)
        count += 1
        
        if count == 5:
            result.append((buffer >> 32) & 0xff)
            result.append((buffer >> 24) & 0xff)
            result.append((buffer >> 16) & 0xff)
            result.append((buffer >> 8) & 0xff)
            result.append(buffer & 0xff)
            buffer = 0
            count = 0
    
    return bytes(result)

# Read the PDF
with open('/workspace/ops_notes.pdf', 'rb') as f:
    content = f.read()

# Find content between stream and endstream
start = content.find(b'stream\n')
end = content.find(b'endstream')
if start >= 0 and end >= 0:
    stream_data = content[start+7:end]
    
    # ASCII85 decode
    ascii85_decoded = ascii85_decode_pdf(stream_data)
    
    # Try raw deflate (without zlib header)
    try:
        text = zlib.decompress(ascii85_decoded, -zlib.MAX_WBITS)
        print("Text (raw deflate):", text.decode('utf-8'))
    except Exception as e:
        print(f"Raw deflate error: {e}")
        # Try with different window sizes
        for wbits in [-15, -14, -13, -12, -11]:
            try:
                text = zlib.decompress(ascii85_decoded, wbits)
                print(f"Text (wbits={wbits}):", text.decode('utf-8'))
                break
            except:
                continue

[OUTPUT]:
Raw deflate error: Error -3 while decompressing data: invalid stored block lengths


--- Turn 15/25 ---

[ASSISTANT]:


```bash
pip install pypdf2 2>/dev/null || pip install PyPDF2 2>/dev/null || pip install pdfminer.six 2>/dev/null
```

[EXECUTING bash]:
pip install pypdf2 2>/dev/null || pip install PyPDF2 2>/dev/null || pip install pdfminer.six 2>/dev/null

[OUTPUT]:
Collecting pypdf2
  Downloading pypdf2-3.0.1-py3-none-any.whl.metadata (6.8 kB)
Downloading pypdf2-3.0.1-py3-none-any.whl (232 kB)
   ━━━━━━━━━━━━━━━━━━━━━━━━━━━━━━━━━━━━━━━━ 232.6/232.6 kB 2.5 MB/s eta 0:00:00
Installing collected packages: pypdf2
Successfully installed pypdf2-3.0.1


--- Turn 16/25 ---

[ASSISTANT]:


```python
from PyPDF2 import PdfReader

reader = PdfReader('/workspace/ops_notes.pdf')
for page in reader.pages:
    text = page.extract_text()
    print(text)
```

[EXECUTING python]:
from PyPDF2 import PdfReader

reader = PdfReader('/workspace/ops_notes.pdf')
for page in reader.pages:
    text = page.extract_text()
    print(text)

[OUTPUT]:
Atlas Delta Operations Notes
MARKER: ATLAS-DELTA-77
The system currently uses a monolith with a single database primary.
Recent incidents were caused by configuration drift, slow warm-up, and insufficient rollback checks.
Any recommendation must explicitly address failure detection, validation, and rollout safety.



--- Turn 17/25 ---

[ASSISTANT]:


Now I have all the context I need. Let me create the comprehensive deployment analysis report.

```python
report = """# Atlas Delta Deployment Strategy Analysis

**Marker: ATLAS-DELTA-77**

## Executive Summary

This report analyzes three deployment strategies for the Atlas Delta real-time anomaly scoring API, which must handle 12k req/s with a p95 latency target under 120ms. The current monolithic architecture with a single database primary has experienced incidents due to configuration drift, slow warm-up, and insufficient rollback checks.

---

## 1. Three Approaches

### Approach A: Blue-Green Rollout

**Description:** Maintain two identical production environments (blue and green). Traffic is switched entirely from one to the other using a load balancer or DNS change.

**Key Characteristics:**
- Instant cutover between environments
- Zero-downtime deployment capability
- Full environment parity required
- Double infrastructure cost during transition

**Best For:** Services requi...

--- Turn 18/25 ---

[ASSISTANT]:


```python
report = """# Atlas Delta Deployment Strategy Analysis

**Marker: ATLAS-DELTA-77**

## Executive Summary

This report analyzes three deployment strategies for the Atlas Delta real-time anomaly scoring API, which must handle 12k req/s with a p95 latency target under 120ms. The current monolithic architecture with a single database primary has experienced incidents due to configuration drift, slow warm-up, and insufficient rollback checks.

---

## 1. Three Approaches

### Approach A: Blue-Green Rollout

**Description:** Maintain two identical production environments (blue and green). Traffic is switched entirely from one to the other using a load balancer or DNS change.

**Key Characteristics:**
- Instant cutover between environments
- Zero-downtime deployment capability
- Full environment parity required
- Double infrastructure cost during transition

**Best For:** Services requiring instant rollback and zero-downtime deployments.

---

### Approach B: Canary with Automated...

--- Turn 19/25 ---

[ASSISTANT]:


```python
report += """## 6. Ranked Options

### Ranking (Best to Worst)

| Rank | Approach | Score | Justification |
|------|----------|-------|---------------|
| **1** | Canary with Automated Rollback | 85/100 | Best balance of safety and speed; addresses rollback check issues directly; gradual exposure limits blast radius |
| **2** | Shadow Deployment + Canary Hybrid | 78/100 | Excellent validation but requires two-step process; warm-up still needs separate testing |
| **3** | Blue-Green Rollout | 65/100 | Simple concept but database constraint and warm-up issues make it risky for this service |

### Detailed Justification

**Canary with Automated Rollback (Rank 1):**
- Directly addresses "insufficient rollback checks" incident cause
- Gradual traffic shift allows real-world warm-up testing
- Automated rollback provides safety net
- Works well with single database primary (no cutover needed)
- Proven pattern for latency-sensitive services

**Shadow Deployment + Canary Hybrid (Rank...

[EXECUTING python]:
report += """## 6. Ranked Options

### Ranking (Best to Worst)

| Rank | Approach | Score | Justification |
|------|----------|-------|---------------|
| **1** | Canary with Automated Rollback | 85/100 | Best balance of safety and speed; addresses rollback check issues directly; gradual exposure limits blast radius |
| **2** | Shadow Deployment + Canary Hybrid | 78/100 | Excellent validation but requires two-step process; warm-up still needs separate testing |
| **3** | Blue-Green Rollout | 65/100 | Simple concept but database constraint and warm-up issues make it risky for this service |

### Detailed Justification

**Canary with Automated Rollback (Rank 1):**
- Directly addresses "insufficient rollback checks" incident cause
- Gradual traffic shift allows real-world warm-up testing
- Automated rollback provides safety net
- Works well with single database primary (no cutover needed)
- Proven pattern for latency-sensitive services

**Shadow Deployment + Canary Hybrid (Rank 2):**
- Shadow provides excellent output validation
- Combines with canary for production validation
- More complex to implement and operate
- Double infrastructure cost (shadow + canary)
- Still requires canary for warm-up validation

**Blue-Green Rollout (Rank 3):**
- Simplest concept but highest risk with single database
- Warm-up issues directly impact cutover
- Configuration drift can cause environment mismatches
- Higher infrastructure cost (full duplicate environment)
- Best suited for stateless services

---

## 7. Final Recommendation

**Recommended Strategy: Canary with Automated Rollback**

### Implementation Plan

**Phase 1: Foundation (Weeks 1-2)**
- Implement robust metric collection (latency, error rate, throughput)
- Define rollback thresholds (p95 > 150ms, error rate > 1%)
- Build canary traffic routing infrastructure
- Create rollback automation scripts

**Phase 2: Warm-up Solution (Weeks 3-4)**
- Implement cache pre-warming mechanism
- Add synthetic load generator for warm-up
- Create warm-up validation checks
- Document warm-up procedures

**Phase 3: Configuration Hardening (Weeks 5-6)**
- Migrate to infrastructure-as-code
- Implement configuration drift detection
- Add config validation to CI/CD
- Create environment parity checks

**Phase 4: Rollout (Weeks 7-8)**
- Deploy canary infrastructure
- Run dry-run deployments
- Execute first production canary
- Monitor and refine thresholds

### Success Criteria

1. p95 latency remains under 120ms during all deployment phases
2. Automated rollback triggers within 2 minutes of threshold breach
3. Zero configuration drift between environments
4. Warm-up completes within 30 seconds
5. Full deployment or rollback in under 15 minutes

### Risk Mitigation Summary

| Risk | Mitigation | Owner |
|------|------------|-------|
| Slow warm-up | Pre-warming + synthetic load | Platform Team |
| Config drift | IaC + drift detection | DevOps Team |
| Rollback failure | Automated + tested runbooks | SRE Team |
| Database issues | Backward-compatible migrations | DBA Team |

---

**Report Generated: Atlas Delta Deployment Analysis**
**Marker: ATLAS-DELTA-77**
"""

with open('/workspace/deployment_analysis.md', 'w') as f:
    f.write(report)

print("Report written to /workspace/deployment_analysis.md")

[OUTPUT]:
[EXIT CODE: 1]
Traceback (most recent call last):
  File "/tmp/_agent_script.py", line 1, in <module>
    report += """## 6. Ranked Options
    ^^^^^^
NameError: name 'report' is not defined. Did you mean: 'repr'?


--- Turn 20/25 ---

[ASSISTANT]:


```python
report = """# Atlas Delta Deployment Strategy Analysis

**Marker: ATLAS-DELTA-77**

## Executive Summary

This report analyzes three deployment strategies for the Atlas Delta real-time anomaly scoring API, which must handle 12k req/s with a p95 latency target under 120ms. The current monolithic architecture with a single database primary has experienced incidents due to configuration drift, slow warm-up, and insufficient rollback checks.

---

## 1. Three Approaches

### Approach A: Blue-Green Rollout

**Description:** Maintain two identical production environments (blue and green). Traffic is switched entirely from one to the other using a load balancer or DNS change.

**Key Characteristics:**
- Instant cutover between environments
- Zero-downtime deployment capability
- Full environment parity required
- Double infrastructure cost during transition

**Best For:** Services requiring instant rollback and zero-downtime deployments.

---

### Approach B: Canary with Automated...

--- Turn 21/25 ---

[ASSISTANT]:


```python
report = """# Atlas Delta Deployment Strategy Analysis

**Marker: ATLAS-DELTA-77**

## Executive Summary

This report analyzes three deployment strategies for the Atlas Delta real-time anomaly scoring API, which must handle 12k req/s with a p95 latency target under 120ms. The current monolithic architecture with a single database primary has experienced incidents due to configuration drift, slow warm-up, and insufficient rollback checks.

---

## 1. Three Approaches

### Approach A: Blue-Green Rollout

**Description:** Maintain two identical production environments (blue and green). Traffic is switched entirely from one to the other using a load balancer or DNS change.

**Key Characteristics:**
- Instant cutover between environments
- Zero-downtime deployment capability
- Full environment parity required
- Double infrastructure cost during transition

---

### Approach B: Canary with Automated Rollback

**Description:** Gradually shift traffic to the new version (canary) wh...

[EXECUTING python]:
report = """# Atlas Delta Deployment Strategy Analysis

**Marker: ATLAS-DELTA-77**

## Executive Summary

This report analyzes three deployment strategies for the Atlas Delta real-time anomaly scoring API, which must handle 12k req/s with a p95 latency target under 120ms. The current monolithic architecture with a single database primary has experienced incidents due to configuration drift, slow warm-up, and insufficient rollback checks.

---

## 1. Three Approaches

### Approach A: Blue-Green Rollout

**Description:** Maintain two identical production environments (blue and green). Traffic is switched entirely from one to the other using a load balancer or DNS change.

**Key Characteristics:**
- Instant cutover between environments
- Zero-downtime deployment capability
- Full environment parity required
- Double infrastructure cost during transition

---

### Approach B: Canary with Automated Rollback

**Description:** Gradually shift traffic to the new version (canary) while monitoring key metrics. If thresholds are breached, automatically rollback to the stable version.

**Key Characteristics:**
- Incremental traffic shift (e.g., 5% -> 25% -> 50% -> 100%)
- Automated health checks and metric monitoring
- Requires robust observability infrastructure
- Partial exposure limits blast radius

---

### Approach C: Shadow Deployment with Offline Comparison

**Description:** Route copies of production traffic to the new version without affecting real users. Compare outputs offline before promoting to production.

**Key Characteristics:**
- Zero risk to production users during testing
- Requires traffic replay capability
- Needs deterministic comparison logic
- Additional infrastructure for shadow processing

---

## 2. Adversarial Critique

### Approach A: Blue-Green Rollout - Failure Modes

| Risk | Severity | Description |
|------|----------|-------------|
| Database Migration Complexity | High | Single database primary creates cutover risk |
| State Synchronization | High | Session data may not sync perfectly between environments |
| Configuration Drift | Medium | Known incident cause; blue-green does not prevent this |
| Warm-up Period | Medium | Cold cache causes latency spikes during cutover |
| Cost Overhead | Medium | Requires 2x infrastructure capacity |

**Critical Weakness:** Single database primary creates SPOF during cutover.

### Approach B: Canary with Automated Rollback - Failure Modes

| Risk | Severity | Description |
|------|----------|-------------|
| Rollback Detection Latency | High | Slow warm-up affects metric stabilization |
| False Positive Rollbacks | Medium | Noisy metrics trigger unnecessary rollbacks |
| Partial State Issues | Medium | Users on canary have different state |
| Monitoring Gaps | High | Insufficient rollback checks caused incidents |

**Critical Weakness:** Slow/noisy metrics may miss real issues or cause false rollbacks.

### Approach C: Shadow Deployment - Failure Modes

| Risk | Severity | Description |
|------|----------|-------------|
| Comparison Logic Gaps | High | May miss runtime issues under real load |
| Infrastructure Overhead | Medium | Duplicate processing capacity needed |
| Data Privacy Concerns | Medium | Sensitive data exposure risk |
| Warm-up Not Tested | High | Does not test actual warm-up behavior |

**Critical Weakness:** Cannot fully replicate production warm-up conditions.

---

## 3. Fix Development

### Blue-Green Mitigations
1. Use backward-compatible schema changes and dual-write pattern
2. Externalized session storage (Redis) with cache pre-warming
3. Infrastructure-as-code with drift detection
4. Synthetic load during warm-up period

### Canary Mitigations
1. Multi-metric thresholds with statistical significance testing
2. Rate limiting on rollback triggers with manual override
3. Consistent hashing for user routing and session affinity
4. Canary-specific dashboards and automated alerting

### Shadow Deployment Mitigations
1. Multi-level output comparison with golden datasets
2. Traffic replay at production scale with error injection
3. Data masking for sensitive fields
4. Hybrid promotion: shadow + canary validation

---

## 4. Validation Check

### Blue-Green Validation
| Check | Success Criteria |
|-------|------------------|
| Database Migration | < 5 min migration, < 2 min rollback |
| Cache Warm-up | p95 < 120ms within 30 seconds |
| Config Parity | Zero differences between environments |
| Traffic Cutover | < 1% request loss |
| Rollback | Full rollback in < 5 minutes |

### Canary Validation
| Check | Success Criteria |
|-------|------------------|
| Metric Collection | All metrics within 30 seconds |
| Rollback Trigger | Initiated within 2 minutes of breach |
| Traffic Shifting | No latency spike > 20% |
| User Consistency | Session affinity maintained |
| Recovery | Clean 100% deployment or rollback |

### Shadow Validation
| Check | Success Criteria |
|-------|------------------|
| Output Comparison | 99.9% match with production |
| Latency Baseline | Within 10% of production |
| Data Privacy | No PII exposed |
| Scale Handling | 12k req/s without degradation |
| Promotion | Canary succeeds after shadow |

---

## 5. Consolidation

### Key Findings
1. **Warm-up is Critical:** All approaches need pre-warming strategies
2. **Configuration Drift:** IaC and drift detection mandatory
3. **Rollback Safety:** Robust, tested rollback mechanisms required
4. **Database Constraint:** Single primary limits migration options
5. **Latency Requirements:** 120ms p95 target requires validation under load

### Common Requirements
- Externalized state management (Redis)
- Infrastructure-as-code for configuration
- Automated health checks with clear thresholds
- Pre-deployment warm-up procedures
- Comprehensive monitoring and alerting

---

## 6. Ranked Options

| Rank | Approach | Score | Justification |
|------|----------|-------|---------------|
| 1 | Canary with Automated Rollback | 85/100 | Best safety/speed balance; addresses rollback issues; gradual exposure |
| 2 | Shadow + Canary Hybrid | 78/100 | Excellent validation but complex; needs two-step process |
| 3 | Blue-Green Rollout | 65/100 | Simple but high risk with single database; warm-up issues |

**Canary (Rank 1):** Directly addresses "insufficient rollback checks"; gradual shift allows real warm-up testing; works with single database.

**Shadow Hybrid (Rank 2):** Excellent output validation but more complex; still requires canary for warm-up.

**Blue-Green (Rank 3):** Highest risk with database constraint; warm-up directly impacts cutover.

---

## 7. Final Recommendation

**Recommended Strategy: Canary with Automated Rollback**

### Implementation Plan

**Phase 1: Foundation (Weeks 1-2)**
- Implement metric collection (latency, error rate, throughput)
- Define rollback thresholds (p95 > 150ms, error rate > 1%)
- Build canary traffic routing infrastructure

**Phase 2: Warm-up Solution (Weeks 3-4)**
- Implement cache pre-warming mechanism
- Add synthetic load generator
- Create warm-up validation checks

**Phase 3: Configuration Hardening (Weeks 5-6)**
- Migrate to infrastructure-as-code
- Implement drift detection
- Add config validation to CI/CD

**Phase 4: Rollout (Weeks 7-8)**
- Deploy canary infrastructure
- Run dry-run deployments
- Execute first production canary

### Success Criteria
1. p95 latency < 120ms during all deployment phases
2. Automated rollback within 2 minutes of threshold breach
3. Zero configuration drift
4. Warm-up completes within 30 seconds
5. Full deployment or rollback in < 15 minutes

---

**Report Generated: Atlas Delta Deployment Analysis**
**Marker: ATLAS-DELTA-77**
"""

with open('/workspace/deployment_analysis.md', 'w') as f:
    f.write(report)
print("Report written successfully")

[OUTPUT]:
Report written successfully


--- Turn 22/25 ---
[API ERROR]: Error code: 400 - {'error': {'message': "You passed 14337 input tokens and requested 2048 output tokens. However, the model's context length is only 16384 tokens, resulting in a maximum input length of 14336 tokens. Please reduce the length of the input prompt. (parameter=input_tokens, value=14337)", 'type': 'BadRequestError', 'param': 'input_tokens', 'code': 400}}

--- Turn 23/25 ---
[API ERROR]: Error code: 400 - {'error': {'message': "You passed 14337 input tokens and requested 2048 output tokens. However, the model's context length is only 16384 tokens, resulting in a maximum input length of 14336 tokens. Please reduce the length of the input prompt. (parameter=input_tokens, value=14337)", 'type': 'BadRequestError', 'param': 'input_tokens', 'code': 400}}

--- Turn 24/25 ---
[API ERROR]: Error code: 400 - {'error': {'message': "You passed 14337 input tokens and requested 2048 output tokens. However, the model's context length is only 16384 tokens, resulting in a maximum input length of 14336 tokens. Please reduce the length of the input prompt. (parameter=input_tokens, value=14337)", 'type': 'BadRequestError', 'param': 'input_tokens', 'code': 400}}

--- Turn 25/25 ---
[API ERROR]: Error code: 400 - {'error': {'message': "You passed 14337 input tokens and requested 2048 output tokens. However, the model's context length is only 16384 tokens, resulting in a maximum input length of 14336 tokens. Please reduce the length of the input prompt. (parameter=input_tokens, value=14337)", 'type': 'BadRequestError', 'param': 'input_tokens', 'code': 400}}

⚠️ Agent reached max turns (25)

Conversation saved to results/repair_run_Qwen3.5-27B_20260413_185732/abe238-adversarial-prompting_create_hard_005/conversation.json

============================================================
Running evaluation...
============================================================

Results for abe238-adversarial-prompting_create_hard_005:
  Passed: True
  Score:  0.80
  Checks:
    ✅ markdown_output_exists: found=deployment_analysis.md
    ✅ markdown_readable: read successfully
    ✅ three_approaches: patterns=14
    ✅ adversarial_critique: patterns=11
    ✅ fix_development: patterns=10
    ✅ validation_check: patterns=10
    ✅ consolidation: patterns=8
    ✅ ranked_options: patterns=12
    ✅ final_recommendation: patterns=10
    ✅ atlas_marker: patterns=6

Cleaning up container c9d9c09d9b5c...
Container removed.

