Building Docker image...
Creating new container...
Container ready: ea6cfc611a60
Workspace files: README_brief.txt
decision_context.json
gen_inputs.py
ops_notes.pdf
requirements.txt
setup.sh
workspace

============================================================
Starting agent interaction (Repair Mode)...
============================================================

============================================================
TASK: $ python3 task.py --input ./workspace --mode adversarial-prompting
Error: need a hard benchmark instance for the adversarial-prompting skill.

Please generate a realistic terminal-style task package with deterministic input files, a valid Dockerfile, and a robust grader. The task should require the assistant to produce a multi-section adversarial analysis, then export the final result to a markdown file. Make the scenario feel like a real engineering decision with at least three competing approaches, hidden failure modes, and a final ranked recommendation.
============================================================


--- Turn 1/25 ---

[ASSISTANT]:


```bash
ls -la /workspace
```

[EXECUTING bash]:
ls -la /workspace

[OUTPUT]:
total 24
drwxr-xr-x 3 root  root   190 Apr 13 10:47 .
drwxr-xr-x 1 root  root    31 Apr 13 10:47 ..
-rw-r--r-- 1 root  root   250 Apr 13 10:47 README_brief.txt
-rw-r--r-- 1 root  root   293 Apr 13 10:47 decision_context.json
-rw-r--r-- 1 32113 42021 1982 Apr 12 10:55 gen_inputs.py
-rw-r--r-- 1 root  root  1794 Apr 13 10:47 ops_notes.pdf
-rw-r--r-- 1 root  root    54 Apr 13 10:47 requirements.txt
-rwxr-xr-x 1 32113 42021   57 Apr 12 10:55 setup.sh
drwxr-xr-x 2 root  root     6 Apr 13 10:47 workspace


--- Turn 2/25 ---

[ASSISTANT]:


```bash
cat /workspace/README_brief.txt
```

[EXECUTING bash]:
cat /workspace/README_brief.txt

[OUTPUT]:
MARKER: ATLAS-DELTA-77
Objective: choose a deployment strategy for a latency-sensitive service.
Constraint: the final answer must include three approaches, adversarial critique, fixes, validation, consolidation, ranked options, and a recommendation.


--- Turn 3/25 ---

[ASSISTANT]:


```bash
cat /workspace/decision_context.json
```

[EXECUTING bash]:
cat /workspace/decision_context.json

[OUTPUT]:
{
  "project": "Atlas Delta",
  "service": "real-time anomaly scoring API",
  "traffic": "12k req/s p95 target under 120ms",
  "marker": "ATLAS-DELTA-77",
  "must_consider": [
    "blue-green rollout",
    "canary with automated rollback",
    "shadow deployment with offline comparison"
  ]
}

--- Turn 4/25 ---

[ASSISTANT]:


```bash
cat /workspace/requirements.txt
```

[EXECUTING bash]:
cat /workspace/requirements.txt

[OUTPUT]:
No external task files should be added by the solver.


--- Turn 5/25 ---

[ASSISTANT]:


```bash
cat /workspace/ops_notes.pdf
```

[EXECUTING bash]:
cat /workspace/ops_notes.pdf

[OUTPUT]:
[EXECUTION ERROR]: 'utf-8' codec can't decode byte 0x93 in position 10: invalid start byte

--- Turn 6/25 ---

[ASSISTANT]:


```bash
ls -la /workspace/workspace/
```

[EXECUTING bash]:
ls -la /workspace/workspace/

[OUTPUT]:
total 0
drwxr-xr-x 2 root root   6 Apr 13 10:47 .
drwxr-xr-x 3 root root 190 Apr 13 10:47 ..


--- Turn 7/25 ---

[ASSISTANT]:


```bash
cat /workspace/gen_inputs.py
```

[EXECUTING bash]:
cat /workspace/gen_inputs.py

[OUTPUT]:
import json
from pathlib import Path
from reportlab.lib.pagesizes import letter
from reportlab.pdfgen import canvas


def make_pdf(path: Path, title: str, lines: list[str]):
    c = canvas.Canvas(str(path), pagesize=letter)
    width, height = letter
    y = height - 72
    c.setFont("Helvetica-Bold", 14)
    c.drawString(72, y, title)
    y -= 28
    c.setFont("Helvetica", 10)
    for line in lines:
        if y < 72:
            c.showPage()
            y = height - 72
            c.setFont("Helvetica", 10)
        c.drawString(72, y, line)
        y -= 14
    c.save()


base = Path('.')

# Deterministic marker content for evaluation
(base / 'README_brief.txt').write_text(
    'MARKER: ATLAS-DELTA-77\n'
    'Objective: choose a deployment strategy for a latency-sensitive service.\n'
    'Constraint: the final answer must include three approaches, adversarial critique, fixes, validation, consolidation, ranked options, and a recommendation.\n',
    encoding='utf-8'
)

(base / 'decision_context.json').write_text(
    json.dumps({
        'project': 'Atlas Delta',
        'service': 'real-time anomaly scoring API',
        'traffic': '12k req/s p95 target under 120ms',
        'marker': 'ATLAS-DELTA-77',
        'must_consider': [
            'blue-green rollout',
            'canary with automated rollback',
            'shadow deployment with offline comparison'
        ]
    }, indent=2),
    encoding='utf-8'
)

make_pdf(
    base / 'ops_notes.pdf',
    'Atlas Delta Operations Notes',
    [
        'MARKER: ATLAS-DELTA-77',
        'The system currently uses a monolith with a single database primary.',
        'Recent incidents were caused by configuration drift, slow warm-up, and insufficient rollback checks.',
        'Any recommendation must explicitly address failure detection, validation, and rollout safety.'
    ]
)

(base / 'requirements.txt').write_text(
    'No external task files should be added by the solver.\n',
    encoding='utf-8'
)


--- Turn 8/25 ---

[ASSISTANT]:


Now I understand the task. I need to create a comprehensive adversarial-prompting task package. Let me create the necessary files:

```bash
cat > /workspace/task.py << 'EOF'
#!/usr/bin/env python3
"""
Adversarial Prompting Task: Deployment Strategy Analysis for Atlas Delta

This task requires analyzing three competing deployment strategies for a 
latency-sensitive service, performing adversarial critique, and producing
a ranked recommendation with validation.
"""

import argparse
import json
import os
import sys
from pathlib import Path


def load_context(workspace: Path) -> dict:
    """Load the decision context from workspace."""
    context_file = workspace / "decision_context.json"
    with open(context_file, 'r', encoding='utf-8') as f:
        return json.load(f)


def load_brief(workspace: Path) -> str:
    """Load the README brief."""
    brief_file = workspace / "README_brief.txt"
    with open(brief_file, 'r', encoding='utf-8') as f:
        return f.read()


def validate_o...

[EXECUTING bash]:
cat > /workspace/task.py << 'EOF'
#!/usr/bin/env python3
"""
Adversarial Prompting Task: Deployment Strategy Analysis for Atlas Delta

This task requires analyzing three competing deployment strategies for a 
latency-sensitive service, performing adversarial critique, and producing
a ranked recommendation with validation.
"""

import argparse
import json
import os
import sys
from pathlib import Path


def load_context(workspace: Path) -> dict:
    """Load the decision context from workspace."""
    context_file = workspace / "decision_context.json"
    with open(context_file, 'r', encoding='utf-8') as f:
        return json.load(f)


def load_brief(workspace: Path) -> str:
    """Load the README brief."""
    brief_file = workspace / "README_brief.txt"
    with open(brief_file, 'r', encoding='utf-8') as f:
        return f.read()


def validate_output(output_path: Path) -> dict:
    """Validate the output markdown file contains required sections."""
    if not output_path.exists():
        return {"valid": False, "error": f"Output file not found: {output_path}"}
    
    content = output_path.read_text(encoding='utf-8')
    content_lower = content.lower()
    
    required_sections = [
        ("## approach", "three approaches must be documented"),
        ("## adversarial", "adversarial critique section required"),
        ("## fixes", "mitigation fixes section required"),
        ("## validation", "validation criteria section required"),
        ("## ranked", "ranked options section required"),
        ("## recommendation", "final recommendation section required"),
    ]
    
    results = {"valid": True, "sections": {}}
    
    for keyword, description in required_sections:
        found = keyword in content_lower
        results["sections"][description] = found
        if not found:
            results["valid"] = False
    
    # Check for the marker
    if "ATLAS-DELTA-77" not in content:
        results["valid"] = False
        results["sections"]["marker present"] = False
    else:
        results["sections"]["marker present"] = True
    
    # Check for all three approaches
    approaches = ["blue-green", "canary", "shadow"]
    for approach in approaches:
        if approach not in content_lower:
            results["valid"] = False
            results["sections"][f"{approach} approach"] = False
        else:
            results["sections"][f"{approach} approach"] = True
    
    return results


def main():
    parser = argparse.ArgumentParser(description="Adversarial Prompting Task")
    parser.add_argument("--input", type=str, default="./workspace",
                        help="Input workspace directory")
    parser.add_argument("--mode", type=str, default="standard",
                        help="Task mode: standard or adversarial-prompting")
    parser.add_argument("--output", type=str, default="./deployment_analysis.md",
                        help="Output markdown file path")
    
    args = parser.parse_args()
    
    workspace = Path(args.input)
    
    if args.mode == "adversarial-prompting":
        # Validate we have the required inputs
        if not (workspace / "decision_context.json").exists():
            print("Error: need a hard benchmark instance for the adversarial-prompting skill.")
            print("Missing: decision_context.json")
            sys.exit(1)
        
        if not (workspace / "README_brief.txt").exists():
            print("Error: need a hard benchmark instance for the adversarial-prompting skill.")
            print("Missing: README_brief.txt")
            sys.exit(1)
        
        # Load and display context
        context = load_context(workspace)
        brief = load_brief(workspace)
        
        print("=" * 70)
        print("ATLAS DELTA - DEPLOYMENT STRATEGY ANALYSIS TASK")
        print("=" * 70)
        print("\nPROJECT CONTEXT:")
        print(f"  Project: {context['project']}")
        print(f"  Service: {context['service']}")
        print(f"  Traffic: {context['traffic']}")
        print(f"  Marker: {context['marker']}")
        print("\nREQUIRED APPROACHES TO ANALYZE:")
        for i, approach in enumerate(context['must_consider'], 1):
            print(f"  {i}. {approach}")
        print("\n" + brief)
        print("\n" + "=" * 70)
        print("TASK: Produce a comprehensive adversarial analysis document")
        print("      that evaluates all three approaches, identifies failure modes,")
        print("      proposes fixes, and provides a ranked recommendation.")
        print("\nOUTPUT: Write your analysis to:", args.output)
        print("=" * 70)
        
        return 0
    
    else:
        print("Standard mode not implemented. Use --mode adversarial-prompting")
        return 1


if __name__ == "__main__":
    sys.exit(main())
EOF

[OUTPUT]:
[Command completed successfully with no output]

--- Turn 9/25 ---

[ASSISTANT]:


```bash
cat > /workspace/grader.py << 'EOF'
#!/usr/bin/env python3
"""
Grader for Adversarial Prompting Task - Deployment Strategy Analysis

This grader validates the output markdown file for:
1. Required sections (approaches, adversarial critique, fixes, validation, ranked options, recommendation)
2. Content quality (depth of analysis, specific failure modes identified)
3. Proper ranking and justification
4. Marker presence
"""

import argparse
import json
import re
import sys
from pathlib import Path
from typing import Dict, List, Tuple


class AdversarialTaskGrader:
    """Grader for the adversarial-prompting deployment analysis task."""
    
    def __init__(self, workspace: Path, output_path: Path):
        self.workspace = workspace
        self.output_path = output_path
        self.scores: Dict[str, float] = {}
        self.detailed_feedback: List[str] = []
        
    def load_context(self) -> dict:
        """Load the decision context."""
        with open(self.workspace /...

--- Turn 10/25 ---

[ASSISTANT]:


```bash
cat > /workspace/grader.py << 'EOF'
#!/usr/bin/env python3
"""
Grader for Adversarial Prompting Task - Deployment Strategy Analysis

This grader validates the output markdown file for:
1. Required sections (approaches, adversarial critique, fixes, validation, ranked options, recommendation)
2. Content quality (depth of analysis, specific failure modes identified)
3. Proper ranking and justification
4. Marker presence
"""

import argparse
import json
import re
import sys
from pathlib import Path
from typing import Dict, List, Tuple


class AdversarialTaskGrader:
    """Grader for the adversarial-prompting deployment analysis task."""
    
    def __init__(self, workspace: Path, output_path: Path):
        self.workspace = workspace
        self.output_path = output_path
        self.scores: Dict[str, float] = {}
        self.detailed_feedback: List[str] = []
        
    def load_context(self) -> dict:
        """Load the decision context."""
        with open(self.workspace /...

--- Turn 11/25 ---

[ASSISTANT]:


```bash
cat > /workspace/grader.py << 'ENDOFFILE'
#!/usr/bin/env python3
"""
Grader for Adversarial Prompting Task - Deployment Strategy Analysis
"""

import argparse
import json
import sys
from pathlib import Path
from typing import Dict, List, Tuple


class AdversarialTaskGrader:
    def __init__(self, workspace: Path, output_path: Path):
        self.workspace = workspace
        self.output_path = output_path
        
    def load_context(self) -> dict:
        with open(self.workspace / "decision_context.json", 'r') as f:
            return json.load(f)
    
    def load_output(self) -> str:
        if not self.output_path.exists():
            raise FileNotFoundError(f"Output file not found: {self.output_path}")
        return self.output_path.read_text(encoding='utf-8')
    
    def check_sections(self, content: str) -> Tuple[bool, Dict[str, bool]]:
        content_lower = content.lower()
        section_checks = {
            "three_approaches": ("## approach" in content_lowe...

--- Turn 12/25 ---

[ASSISTANT]:


```bash
cat > /workspace/grader.py << 'ENDOFFILE'
#!/usr/bin/env python3
"""Grader for Adversarial Prompting Task - Deployment Strategy Analysis"""

import argparse
import json
import sys
from pathlib import Path
from typing import Dict, List, Tuple


class AdversarialTaskGrader:
    def __init__(self, workspace: Path, output_path: Path):
        self.workspace = workspace
        self.output_path = output_path
        
    def load_context(self) -> dict:
        with open(self.workspace / "decision_context.json", 'r') as f:
            return json.load(f)
    
    def load_output(self) -> str:
        if not self.output_path.exists():
            raise FileNotFoundError(f"Output file not found: {self.output_path}")
        return self.output_path.read_text(encoding='utf-8')
    
    def check_sections(self, content: str) -> Tuple[bool, Dict[str, bool]]:
        content_lower = content.lower()
        section_checks = {
            "three_approaches": ("## approach" in content_lower ...

[EXECUTING bash]:
cat > /workspace/grader.py << 'ENDOFFILE'
#!/usr/bin/env python3
"""Grader for Adversarial Prompting Task - Deployment Strategy Analysis"""

import argparse
import json
import sys
from pathlib import Path
from typing import Dict, List, Tuple


class AdversarialTaskGrader:
    def __init__(self, workspace: Path, output_path: Path):
        self.workspace = workspace
        self.output_path = output_path
        
    def load_context(self) -> dict:
        with open(self.workspace / "decision_context.json", 'r') as f:
            return json.load(f)
    
    def load_output(self) -> str:
        if not self.output_path.exists():
            raise FileNotFoundError(f"Output file not found: {self.output_path}")
        return self.output_path.read_text(encoding='utf-8')
    
    def check_sections(self, content: str) -> Tuple[bool, Dict[str, bool]]:
        content_lower = content.lower()
        section_checks = {
            "three_approaches": ("## approach" in content_lower or "## approaches" in content_lower),
            "adversarial_critique": ("## adversarial" in content_lower or "## critique" in content_lower),
            "fixes_section": ("## fixes" in content_lower or "## mitigations" in content_lower),
            "validation_section": ("## validation" in content_lower or "## verification" in content_lower),
            "ranked_options": ("## ranked" in content_lower or "## ranking" in content_lower),
            "recommendation": ("## recommendation" in content_lower or "## final recommendation" in content_lower),
        }
        return all(section_checks.values()), section_checks
    
    def check_approaches(self, content: str, required_approaches: List[str]) -> Tuple[bool, Dict]:
        content_lower = content.lower()
        approach_scores = {}
        for approach in required_approaches:
            approach_lower = approach.lower()
            present = approach_lower in content_lower
            mentions = content_lower.count(approach_lower)
            approach_scores[approach] = {"present": present, "mentions": mentions}
        all_present = all(info["present"] for info in approach_scores.values())
        return all_present, approach_scores
    
    def check_failure_modes(self, content: str) -> Tuple[bool, List[str]]:
        content_lower = content.lower()
        failure_patterns = {
            "configuration_drift": "config" in content_lower,
            "slow_warmup": "warm" in content_lower,
            "rollback_failure": "rollback" in content_lower,
            "database_lock": "lock" in content_lower and "database" in content_lower,
            "latency_spike": "latency" in content_lower,
            "cascading_failure": "cascade" in content_lower,
            "health_check_failure": "health" in content_lower,
        }
        identified = [k for k, v in failure_patterns.items() if v]
        return len(identified) >= 3, identified
    
    def check_ranking(self, content: str) -> Tuple[bool, str]:
        content_lower = content.lower()
        ranking_indicators = ["1.", "2.", "3.", "first", "second", "third", "ranked"]
        has_ranking = any(ind in content_lower for ind in ranking_indicators)
        rec_indicators = ["recommended", "best option", "preferred", "choose"]
        has_recommendation = any(ind in content_lower for ind in rec_indicators)
        if has_ranking and has_recommendation:
            return True, "Clear ranking and recommendation found"
        return False, "Ranking or recommendation unclear"
    
    def check_marker(self, content: str, marker: str) -> bool:
        return marker in content
    
    def grade(self) -> Dict:
        context = self.load_context()
        content = self.load_output()
        results = {"valid": False, "score": 0.0, "max_score": 100.0, "checks": {}, "feedback": []}
        
        sections_ok, section_details = self.check_sections(content)
        sections_score = 20 if sections_ok else sum(10 for v in section_details.values() if v)
        results["checks"]["sections"] = {"passed": sections_ok, "score": sections_score, "details": section_details}
        
        approaches_ok, approach_details = self.check_approaches(content, context["must_consider"])
        approaches_score = 0
        for approach, info in approach_details.items():
            if info["present"] and info["mentions"] >= 3:
                approaches_score += 8
            elif info["present"]:
                approaches_score += 5
        results["checks"]["approaches"] = {"passed": approaches_ok, "score": min(approaches_score, 25), "details": approach_details}
        
        failures_ok, identified_failures = self.check_failure_modes(content)
        failures_score = min(len(identified_failures) * 7, 20)
        results["checks"]["failure_modes"] = {"passed": failures_ok, "score": failures_score, "identified": identified_failures}
        
        ranking_ok, ranking_feedback = self.check_ranking(content)
        ranking_score = 15 if ranking_ok else 5
        results["checks"]["ranking"] = {"passed": ranking_ok, "score": ranking_score, "feedback": ranking_feedback}
        
        marker_ok = self.check_marker(content, context["marker"])
        marker_score = 10 if marker_ok else 0
        results["checks"]["marker"] = {"passed": marker_ok, "score": marker_score}
        
        validation_keywords = ["p95", "latency", "120ms", "threshold", "metric", "sla", "slo"]
        validation_count = sum(1 for kw in validation_keywords if kw in content.lower())
        validation_score = min(validation_count * 2, 10)
        results["checks"]["validation"] = {"passed": validation_count >= 3, "score": validation_score, "keywords_found": validation_count}
        
        total_score = sections_score + min(approaches_score, 25) + failures_score + ranking_score + marker_score + validation_score
        results["score"] = total_score
        results["valid"] = total_score >= 70
        
        if not sections_ok:
            missing = [k for k, v in section_details.items() if not v]
            results["feedback"].append(f"Missing sections: {missing}")
        if not approaches_ok:
            missing = [a for a, info in approach_details.items() if not info["present"]]
            results["feedback"].append(f"Missing approaches: {missing}")
        if not failures_ok:
            results["feedback"].append(f"Only {len(identified_failures)} failure modes identified, need at least 3")
        if not marker_ok:
            results["feedback"].append(f"Marker {context['marker']} not found in output")
        
        return results


def main():
    parser = argparse.ArgumentParser(description="Grade adversarial-prompting task output")
    parser.add_argument("--input", type=str, default="./workspace", help="Input workspace directory")
    parser.add_argument("--output", type=str, default="./deployment_analysis.md", help="Output file to grade")
    args = parser.parse_args()
    
    workspace = Path(args.input)
    output_path = Path(args.output)
    
    try:
        grader = AdversarialTaskGrader(workspace, output_path)
        results = grader.grade()
        
        print("=" * 60)
        print("ADVERSARIAL PROMPTING TASK - GRADING RESULTS")
        print("=" * 60)
        print(f"Score: {results['score']:.1f} / {results['max_score']}")
        print(f"Valid: {'PASS' if results['valid'] else 'FAIL'}")
        print()
        print("CHECK DETAILS:")
        for check_name, check_result in results["checks"].items():
            status = "PASS" if check_result.get("passed", False) else "FAIL"
            print(f"  {check_name}: {check_result['score']} points [{status}]")
        print()
        if results["feedback"]:
            print("FEEDBACK:")
            for feedback in results["feedback"]:
                print(f"  - {feedback}")
        print("=" * 60)
        
        return 0 if results["valid"] else 1
        
    except FileNotFoundError as e:
        print(f"Error: {e}")
        return 1
    except Exception as e:
        print(f"Grading error: {e}")
        return 1


if __name__ == "__main__":
    sys.exit(main())
ENDOFFILE

[OUTPUT]:
[Command completed successfully with no output]

--- Turn 13/25 ---

[ASSISTANT]:


```bash
cat > /workspace/Dockerfile << 'ENDOFFILE'
FROM python:3.11-slim

WORKDIR /app

# Install reportlab for PDF generation (used by gen_inputs.py)
RUN pip install --no-cache-dir reportlab

# Copy task files
COPY task.py /app/
COPY grader.py /app/
COPY gen_inputs.py /app/

# Copy workspace files
COPY workspace/ /app/workspace/

# Set permissions
RUN chmod +x /app/task.py /app/grader.py

# Default command
CMD ["python3", "task.py", "--input", "./workspace", "--mode", "adversarial-prompting"]
ENDOFFILE
```

[EXECUTING bash]:
cat > /workspace/Dockerfile << 'ENDOFFILE'
FROM python:3.11-slim

WORKDIR /app

# Install reportlab for PDF generation (used by gen_inputs.py)
RUN pip install --no-cache-dir reportlab

# Copy task files
COPY task.py /app/
COPY grader.py /app/
COPY gen_inputs.py /app/

# Copy workspace files
COPY workspace/ /app/workspace/

# Set permissions
RUN chmod +x /app/task.py /app/grader.py

# Default command
CMD ["python3", "task.py", "--input", "./workspace", "--mode", "adversarial-prompting"]
ENDOFFILE

[OUTPUT]:
[Command completed successfully with no output]

--- Turn 14/25 ---

[ASSISTANT]:


```bash
cat > /workspace/sample_solution.md << 'ENDOFFILE'
# Atlas Delta Deployment Strategy Analysis

**Project:** Atlas Delta  
**Service:** Real-time anomaly scoring API  
**Traffic:** 12k req/s, p95 target under 120ms  
**Marker:** ATLAS-DELTA-77

---

## 1. Deployment Approaches

This analysis evaluates three deployment strategies for the Atlas Delta real-time anomaly scoring API, considering the latency constraints (p95 < 120ms at 12k req/s) and historical issues with configuration drift, slow warm-up, and rollback failures.

### 1.1 Blue-Green Rollout

**Description:** Maintain two identical production environments (blue and green). Traffic is switched entirely from one to the other using a load balancer or DNS update.

**Advantages:**
- Instant rollback capability - simply switch traffic back
- Zero-downtime deployments when done correctly
- Simple operational model - only one active environment at a time
- Clear state boundaries between versions

**Disadvantages:**
- Require...

--- Turn 15/25 ---

[ASSISTANT]:


```bash
cat >> /workspace/sample_solution.md << 'ENDOFFILE'
**Status:** Ready for implementation
ENDOFFILE
```

[EXECUTING bash]:
cat >> /workspace/sample_solution.md << 'ENDOFFILE'
**Status:** Ready for implementation
ENDOFFILE

[OUTPUT]:
[Command completed successfully with no output]

--- Turn 16/25 ---

[ASSISTANT]:


```bash
cd /workspace && python3 task.py --input ./workspace --mode adversarial-prompting
```

[EXECUTING bash]:
cd /workspace && python3 task.py --input ./workspace --mode adversarial-prompting

[OUTPUT]:
[EXIT CODE: 1]
Error: need a hard benchmark instance for the adversarial-prompting skill.
Missing: decision_context.json


--- Turn 17/25 ---

[ASSISTANT]:


```bash
ls -la /workspace/
```

[EXECUTING bash]:
ls -la /workspace/

[OUTPUT]:
total 48
drwxr-xr-x 3 root  root   282 Apr 13 10:49 .
drwxr-xr-x 1 root  root    46 Apr 13 10:47 ..
-rw-r--r-- 1 root  root   448 Apr 13 10:49 Dockerfile
-rw-r--r-- 1 root  root   250 Apr 13 10:47 README_brief.txt
-rw-r--r-- 1 root  root   293 Apr 13 10:47 decision_context.json
-rw-r--r-- 1 32113 42021 1982 Apr 12 10:55 gen_inputs.py
-rw-r--r-- 1 root  root  8105 Apr 13 10:49 grader.py
-rw-r--r-- 1 root  root  1794 Apr 13 10:47 ops_notes.pdf
-rw-r--r-- 1 root  root    54 Apr 13 10:47 requirements.txt
-rw-r--r-- 1 root  root    37 Apr 13 10:49 sample_solution.md
-rwxr-xr-x 1 32113 42021   57 Apr 12 10:55 setup.sh
-rw-r--r-- 1 root  root  4768 Apr 13 10:47 task.py
drwxr-xr-x 2 root  root     6 Apr 13 10:47 workspace


--- Turn 18/25 ---

[ASSISTANT]:


```bash
cat /workspace/task.py | head -50
```

[EXECUTING bash]:
cat /workspace/task.py | head -50

[OUTPUT]:
#!/usr/bin/env python3
"""
Adversarial Prompting Task: Deployment Strategy Analysis for Atlas Delta

This task requires analyzing three competing deployment strategies for a 
latency-sensitive service, performing adversarial critique, and producing
a ranked recommendation with validation.
"""

import argparse
import json
import os
import sys
from pathlib import Path


def load_context(workspace: Path) -> dict:
    """Load the decision context from workspace."""
    context_file = workspace / "decision_context.json"
    with open(context_file, 'r', encoding='utf-8') as f:
        return json.load(f)


def load_brief(workspace: Path) -> str:
    """Load the README brief."""
    brief_file = workspace / "README_brief.txt"
    with open(brief_file, 'r', encoding='utf-8') as f:
        return f.read()


def validate_output(output_path: Path) -> dict:
    """Validate the output markdown file contains required sections."""
    if not output_path.exists():
        return {"valid": False, "error": f"Output file not found: {output_path}"}
    
    content = output_path.read_text(encoding='utf-8')
    content_lower = content.lower()
    
    required_sections = [
        ("## approach", "three approaches must be documented"),
        ("## adversarial", "adversarial critique section required"),
        ("## fixes", "mitigation fixes section required"),
        ("## validation", "validation criteria section required"),
        ("## ranked", "ranked options section required"),
        ("## recommendation", "final recommendation section required"),
    ]
    
    results = {"valid": True, "sections": {}}
    
    for keyword, description in required_sections:


--- Turn 19/25 ---

[ASSISTANT]:


```bash
ls -la /workspace/workspace/
```

[EXECUTING bash]:
ls -la /workspace/workspace/

[OUTPUT]:
total 0
drwxr-xr-x 2 root root   6 Apr 13 10:47 .
drwxr-xr-x 3 root root 282 Apr 13 10:49 ..


--- Turn 20/25 ---
[API ERROR]: Error code: 400 - {'error': {'message': "You passed 14337 input tokens and requested 2048 output tokens. However, the model's context length is only 16384 tokens, resulting in a maximum input length of 14336 tokens. Please reduce the length of the input prompt. (parameter=input_tokens, value=14337)", 'type': 'BadRequestError', 'param': 'input_tokens', 'code': 400}}

--- Turn 21/25 ---
[API ERROR]: Error code: 400 - {'error': {'message': "You passed 14337 input tokens and requested 2048 output tokens. However, the model's context length is only 16384 tokens, resulting in a maximum input length of 14336 tokens. Please reduce the length of the input prompt. (parameter=input_tokens, value=14337)", 'type': 'BadRequestError', 'param': 'input_tokens', 'code': 400}}

--- Turn 22/25 ---
[API ERROR]: Error code: 400 - {'error': {'message': "You passed 14337 input tokens and requested 2048 output tokens. However, the model's context length is only 16384 tokens, resulting in a maximum input length of 14336 tokens. Please reduce the length of the input prompt. (parameter=input_tokens, value=14337)", 'type': 'BadRequestError', 'param': 'input_tokens', 'code': 400}}

--- Turn 23/25 ---
[API ERROR]: Error code: 400 - {'error': {'message': "You passed 14337 input tokens and requested 2048 output tokens. However, the model's context length is only 16384 tokens, resulting in a maximum input length of 14336 tokens. Please reduce the length of the input prompt. (parameter=input_tokens, value=14337)", 'type': 'BadRequestError', 'param': 'input_tokens', 'code': 400}}

--- Turn 24/25 ---
[API ERROR]: Error code: 400 - {'error': {'message': "You passed 14337 input tokens and requested 2048 output tokens. However, the model's context length is only 16384 tokens, resulting in a maximum input length of 14336 tokens. Please reduce the length of the input prompt. (parameter=input_tokens, value=14337)", 'type': 'BadRequestError', 'param': 'input_tokens', 'code': 400}}

--- Turn 25/25 ---
[API ERROR]: Error code: 400 - {'error': {'message': "You passed 14337 input tokens and requested 2048 output tokens. However, the model's context length is only 16384 tokens, resulting in a maximum input length of 14336 tokens. Please reduce the length of the input prompt. (parameter=input_tokens, value=14337)", 'type': 'BadRequestError', 'param': 'input_tokens', 'code': 400}}

⚠️ Agent reached max turns (25)

Conversation saved to results/repair_run_Qwen3.5-27B_20260413_184733/abe238-adversarial-prompting_create_hard_005/conversation.json

============================================================
Running evaluation...
============================================================

Results for abe238-adversarial-prompting_create_hard_005:
  Passed: False
  Score:  0.00
  Checks:
    ✅ markdown_output_exists: found=sample_solution.md
    ✅ markdown_readable: read successfully
    ❌ three_approaches: terms=['solution generation', 'three', 'approaches']
    ❌ adversarial_critique: terms=['adversarial critique']
    ❌ fix_development: terms=['fix', 'mitigation']
    ❌ validation_check: terms=['validation']
    ❌ consolidation: terms=['consolidation']
    ❌ ranked_options: terms=['summary of options']
    ❌ final_recommendation: terms=['final recommendation']
    ❌ atlas_marker: terms=['atlas delta', '77']

Cleaning up container ea6cfc611a60...
Container removed.

