Building Docker image...
Creating new container...
Container ready: da304e825687
Workspace files: README_brief.txt
decision_context.json
gen_inputs.py
ops_notes.pdf
requirements.txt
setup.sh
workspace

============================================================
Starting agent interaction (Repair Mode)...
============================================================

============================================================
TASK: $ python3 task.py --input ./workspace --mode adversarial-prompting
Error: need a hard benchmark instance for the adversarial-prompting skill.

Please generate a realistic terminal-style task package with deterministic input files, a valid Dockerfile, and a robust grader. The task should require the assistant to produce a multi-section adversarial analysis, then export the final result to a markdown file. Make the scenario feel like a real engineering decision with at least three competing approaches, hidden failure modes, and a final ranked recommendation.
============================================================


--- Turn 1/25 ---

[ASSISTANT]:


```bash
ls -la /workspace
```

[EXECUTING bash]:
ls -la /workspace

[OUTPUT]:
total 24
drwxr-xr-x 3 root  root   190 Apr 13 10:54 .
drwxr-xr-x 1 root  root    31 Apr 13 10:54 ..
-rw-r--r-- 1 root  root   250 Apr 13 10:54 README_brief.txt
-rw-r--r-- 1 root  root   293 Apr 13 10:54 decision_context.json
-rw-r--r-- 1 32113 42021 1982 Apr 12 10:55 gen_inputs.py
-rw-r--r-- 1 root  root  1794 Apr 13 10:54 ops_notes.pdf
-rw-r--r-- 1 root  root    54 Apr 13 10:54 requirements.txt
-rwxr-xr-x 1 32113 42021   57 Apr 12 10:55 setup.sh
drwxr-xr-x 2 root  root    10 Apr 13 10:54 workspace


--- Turn 2/25 ---

[ASSISTANT]:


```bash
cat /workspace/README_brief.txt
```

[EXECUTING bash]:
cat /workspace/README_brief.txt

[OUTPUT]:
MARKER: ATLAS-DELTA-77
Objective: choose a deployment strategy for a latency-sensitive service.
Constraint: the final answer must include three approaches, adversarial critique, fixes, validation, consolidation, ranked options, and a recommendation.


--- Turn 3/25 ---

[ASSISTANT]:


```bash
cat /workspace/decision_context.json
```

[EXECUTING bash]:
cat /workspace/decision_context.json

[OUTPUT]:
{
  "project": "Atlas Delta",
  "service": "real-time anomaly scoring API",
  "traffic": "12k req/s p95 target under 120ms",
  "marker": "ATLAS-DELTA-77",
  "must_consider": [
    "blue-green rollout",
    "canary with automated rollback",
    "shadow deployment with offline comparison"
  ]
}

--- Turn 4/25 ---

[ASSISTANT]:


```bash
cat /workspace/requirements.txt
```

[EXECUTING bash]:
cat /workspace/requirements.txt

[OUTPUT]:
No external task files should be added by the solver.


--- Turn 5/25 ---

[ASSISTANT]:


```bash
cat /workspace/gen_inputs.py
```

[EXECUTING bash]:
cat /workspace/gen_inputs.py

[OUTPUT]:
import json
from pathlib import Path
from reportlab.lib.pagesizes import letter
from reportlab.pdfgen import canvas


def make_pdf(path: Path, title: str, lines: list[str]):
    c = canvas.Canvas(str(path), pagesize=letter)
    width, height = letter
    y = height - 72
    c.setFont("Helvetica-Bold", 14)
    c.drawString(72, y, title)
    y -= 28
    c.setFont("Helvetica", 10)
    for line in lines:
        if y < 72:
            c.showPage()
            y = height - 72
            c.setFont("Helvetica", 10)
        c.drawString(72, y, line)
        y -= 14
    c.save()


base = Path('.')

# Deterministic marker content for evaluation
(base / 'README_brief.txt').write_text(
    'MARKER: ATLAS-DELTA-77\n'
    'Objective: choose a deployment strategy for a latency-sensitive service.\n'
    'Constraint: the final answer must include three approaches, adversarial critique, fixes, validation, consolidation, ranked options, and a recommendation.\n',
    encoding='utf-8'
)

(base / 'decision_context.json').write_text(
    json.dumps({
        'project': 'Atlas Delta',
        'service': 'real-time anomaly scoring API',
        'traffic': '12k req/s p95 target under 120ms',
        'marker': 'ATLAS-DELTA-77',
        'must_consider': [
            'blue-green rollout',
            'canary with automated rollback',
            'shadow deployment with offline comparison'
        ]
    }, indent=2),
    encoding='utf-8'
)

make_pdf(
    base / 'ops_notes.pdf',
    'Atlas Delta Operations Notes',
    [
        'MARKER: ATLAS-DELTA-77',
        'The system currently uses a monolith with a single database primary.',
        'Recent incidents were caused by configuration drift, slow warm-up, and insufficient rollback checks.',
        'Any recommendation must explicitly address failure detection, validation, and rollout safety.'
    ]
)

(base / 'requirements.txt').write_text(
    'No external task files should be added by the solver.\n',
    encoding='utf-8'
)


--- Turn 6/25 ---

[ASSISTANT]:


```bash
cat /workspace/setup.sh
```

[EXECUTING bash]:
cat /workspace/setup.sh

[OUTPUT]:
#!/usr/bin/env bash
set -euo pipefail
mkdir -p workspace


--- Turn 7/25 ---

[ASSISTANT]:


```bash
ls -la /workspace/workspace
```

[EXECUTING bash]:
ls -la /workspace/workspace

[OUTPUT]:
total 0
drwxr-xr-x 2 root root  10 Apr 13 10:54 .
drwxr-xr-x 3 root root 190 Apr 13 10:54 ..


--- Turn 8/25 ---

[ASSISTANT]:


Let me understand the task structure. I need to create a complete adversarial-prompting task package. Let me start by creating the main task.py file:

```bash
cat > /workspace/task.py << 'EOF'
#!/usr/bin/env python3
"""
Atlas Delta - Adversarial Prompting Task
Generate a multi-section adversarial analysis for deployment strategy selection.
"""

import argparse
import json
import os
import sys
from pathlib import Path


def load_context(input_dir: Path) -> dict:
    """Load the decision context from input files."""
    context_file = input_dir / "decision_context.json"
    if not context_file.exists():
        raise FileNotFoundError(f"Context file not found: {context_file}")
    
    with open(context_file, 'r') as f:
        return json.load(f)


def validate_output(output_path: Path) -> bool:
    """Validate the output markdown file structure."""
    if not output_path.exists():
        return False
    
    content = output_path.read_text()
    
    # Required sections
    require...

[EXECUTING bash]:
cat > /workspace/task.py << 'EOF'
#!/usr/bin/env python3
"""
Atlas Delta - Adversarial Prompting Task
Generate a multi-section adversarial analysis for deployment strategy selection.
"""

import argparse
import json
import os
import sys
from pathlib import Path


def load_context(input_dir: Path) -> dict:
    """Load the decision context from input files."""
    context_file = input_dir / "decision_context.json"
    if not context_file.exists():
        raise FileNotFoundError(f"Context file not found: {context_file}")
    
    with open(context_file, 'r') as f:
        return json.load(f)


def validate_output(output_path: Path) -> bool:
    """Validate the output markdown file structure."""
    if not output_path.exists():
        return False
    
    content = output_path.read_text()
    
    # Required sections
    required_sections = [
        "## 1. Three Approaches",
        "## 2. Adversarial Critique",
        "## 3. Hidden Failure Modes",
        "## 4. Proposed Fixes",
        "## 5. Validation Plan",
        "## 6. Consolidation",
        "## 7. Ranked Options",
        "## 8. Final Recommendation"
    ]
    
    for section in required_sections:
        if section not in content:
            print(f"Missing section: {section}")
            return False
    
    # Must include the marker
    if "ATLAS-DELTA-77" not in content:
        print("Missing marker ATLAS-DELTA-77")
        return False
    
    # Must mention all three approaches
    approaches = ["blue-green", "canary", "shadow"]
    for approach in approaches:
        if approach.lower() not in content.lower():
            print(f"Missing approach: {approach}")
            return False
    
    # Must have ranking with positions
    if not any(pos in content for pos in ["1.", "2.", "3."]):
        print("Missing ranked positions")
        return False
    
    return True


def main():
    parser = argparse.ArgumentParser(description="Atlas Delta Adversarial Analysis Task")
    parser.add_argument("--input", type=Path, default=Path("./workspace"), help="Input directory")
    parser.add_argument("--mode", type=str, default="adversarial-prompting", help="Task mode")
    parser.add_argument("--output", type=Path, default=Path("./analysis_report.md"), help="Output file")
    
    args = parser.parse_args()
    
    if args.mode != "adversarial-prompting":
        print(f"Error: unsupported mode '{args.mode}'")
        sys.exit(1)
    
    # Load context
    try:
        context = load_context(args.input)
    except FileNotFoundError as e:
        print(f"Error: {e}")
        sys.exit(1)
    
    print("=" * 60)
    print("ATLAS DELTA - DEPLOYMENT STRATEGY ANALYSIS")
    print("=" * 60)
    print(f"Project: {context['project']}")
    print(f"Service: {context['service']}")
    print(f"Traffic Target: {context['traffic']}")
    print(f"Marker: {context['marker']}")
    print()
    print("Required Approaches to Analyze:")
    for i, approach in enumerate(context['must_consider'], 1):
        print(f"  {i}. {approach}")
    print()
    print("=" * 60)
    print("TASK: Generate adversarial analysis report")
    print("=" * 60)
    print()
    print("Your output must include these sections in a markdown file:")
    print("  1. Three Approaches - describe each deployment strategy")
    print("  2. Adversarial Critique - attack each approach's assumptions")
    print("  3. Hidden Failure Modes - identify non-obvious failure points")
    print("  4. Proposed Fixes - address the identified failures")
    print("  5. Validation Plan - how to verify each approach works")
    print("  6. Consolidation - synthesize findings across approaches")
    print("  7. Ranked Options - order by suitability for constraints")
    print("  8. Final Recommendation - single best choice with justification")
    print()
    print(f"Write your analysis to: {args.output}")
    print("Include marker ATLAS-DELTA-77 in your output.")
    print()
    
    # Return context for the solver
    return context


if __name__ == "__main__":
    main()
EOF
chmod +x /workspace/task.py

[OUTPUT]:
[Command completed successfully with no output]

--- Turn 9/25 ---

[ASSISTANT]:


```bash
cat > /workspace/grader.py << 'EOF'
#!/usr/bin/env python3
"""
Grader for Atlas Delta Adversarial Prompting Task
Validates the generated analysis report against requirements.
"""

import argparse
import json
import re
import sys
from pathlib import Path


def load_context(input_dir: Path) -> dict:
    """Load the decision context."""
    context_file = input_dir / "decision_context.json"
    with open(context_file, 'r') as f:
        return json.load(f)


def grade_report(output_path: Path, context: dict) -> tuple[bool, list[str], dict]:
    """
    Grade the generated report.
    Returns: (passed, messages, scores)
    """
    messages = []
    scores = {}
    total_score = 0
    max_score = 100
    
    if not output_path.exists():
        return False, [f"Output file not found: {output_path}"], {}
    
    content = output_path.read_text()
    
    # 1. Check marker presence (10 points)
    if "ATLAS-DELTA-77" in content:
        scores["marker"] = 10
        total_score +...

[EXECUTING bash]:
cat > /workspace/grader.py << 'EOF'
#!/usr/bin/env python3
"""
Grader for Atlas Delta Adversarial Prompting Task
Validates the generated analysis report against requirements.
"""

import argparse
import json
import re
import sys
from pathlib import Path


def load_context(input_dir: Path) -> dict:
    """Load the decision context."""
    context_file = input_dir / "decision_context.json"
    with open(context_file, 'r') as f:
        return json.load(f)


def grade_report(output_path: Path, context: dict) -> tuple[bool, list[str], dict]:
    """
    Grade the generated report.
    Returns: (passed, messages, scores)
    """
    messages = []
    scores = {}
    total_score = 0
    max_score = 100
    
    if not output_path.exists():
        return False, [f"Output file not found: {output_path}"], {}
    
    content = output_path.read_text()
    
    # 1. Check marker presence (10 points)
    if "ATLAS-DELTA-77" in content:
        scores["marker"] = 10
        total_score += 10
        messages.append("[PASS] Marker ATLAS-DELTA-77 found")
    else:
        scores["marker"] = 0
        messages.append("[FAIL] Missing marker ATLAS-DELTA-77")
    
    # 2. Check required sections (20 points - 2.5 each)
    required_sections = [
        ("## 1. Three Approaches", "three_approaches"),
        ("## 2. Adversarial Critique", "adversarial_critique"),
        ("## 3. Hidden Failure Modes", "hidden_failure_modes"),
        ("## 4. Proposed Fixes", "proposed_fixes"),
        ("## 5. Validation Plan", "validation_plan"),
        ("## 6. Consolidation", "consolidation"),
        ("## 7. Ranked Options", "ranked_options"),
        ("## 8. Final Recommendation", "final_recommendation"),
    ]
    
    section_points = 100 // len(required_sections)
    for section_header, key in required_sections:
        if section_header in content:
            scores[key] = section_points
            total_score += section_points
            messages.append(f"[PASS] Section found: {section_header}")
        else:
            scores[key] = 0
            messages.append(f"[FAIL] Missing section: {section_header}")
    
    # 3. Check all three approaches are discussed (15 points - 5 each)
    approaches = {
        "blue-green": re.compile(r"blue[-\s]?green|blue green", re.IGNORECASE),
        "canary": re.compile(r"canary", re.IGNORECASE),
        "shadow": re.compile(r"shadow", re.IGNORECASE),
    }
    
    for name, pattern in approaches.items():
        if pattern.search(content):
            scores[f"approach_{name}"] = 5
            total_score += 5
            messages.append(f"[PASS] Approach discussed: {name}")
        else:
            scores[f"approach_{name}"] = 0
            messages.append(f"[FAIL] Approach not discussed: {name}")
    
    # 4. Check for adversarial elements (15 points)
    adversarial_keywords = ["risk", "failure", "problem", "issue", "weakness", "vulnerability", "attack", "exploit"]
    adversarial_count = sum(1 for kw in adversarial_keywords if kw.lower() in content.lower())
    if adversarial_count >= 3:
        scores["adversarial_content"] = 15
        total_score += 15
        messages.append(f"[PASS] Adversarial analysis present ({adversarial_count} keywords)")
    else:
        scores["adversarial_content"] = 0
        messages.append(f"[FAIL] Insufficient adversarial content ({adversarial_count} keywords)")
    
    # 5. Check ranking is present (10 points)
    ranking_patterns = [
        re.compile(r"1\.\s*|ranked\s*1|first\s*place|top\s*choice", re.IGNORECASE),
        re.compile(r"2\.\s*|ranked\s*2|second\s*place|runner[-\s]?up", re.IGNORECASE),
        re.compile(r"3\.\s*|ranked\s*3|third\s*place", re.IGNORECASE),
    ]
    ranking_count = sum(1 for pattern in ranking_patterns if pattern.search(content))
    if ranking_count >= 2:
        scores["ranking"] = 10
        total_score += 10
        messages.append("[PASS] Ranking structure present")
    else:
        scores["ranking"] = 0
        messages.append("[FAIL] Ranking structure incomplete")
    
    # 6. Check recommendation is explicit (10 points)
    recommendation_keywords = ["recommend", "recommendation", "best choice", "final decision", "selected"]
    rec_count = sum(1 for kw in recommendation_keywords if kw.lower() in content.lower())
    if rec_count >= 1:
        scores["recommendation"] = 10
        total_score += 10
        messages.append("[PASS] Recommendation present")
    else:
        scores["recommendation"] = 0
        messages.append("[FAIL] No explicit recommendation")
    
    # 7. Check for failure mode analysis (10 points)
    failure_keywords = ["rollback", "latency", "traffic", "spike", "cascade", "timeout", "circuit breaker", "health check"]
    failure_count = sum(1 for kw in failure_keywords if kw.lower() in content.lower())
    if failure_count >= 3:
        scores["failure_analysis"] = 10
        total_score += 10
        messages.append(f"[PASS] Failure mode analysis present ({failure_count} keywords)")
    else:
        scores["failure_analysis"] = 0
        messages.append(f"[FAIL] Insufficient failure analysis ({failure_count} keywords)")
    
    # 8. Check validation content (10 points)
    validation_keywords = ["test", "verify", "monitor", "metric", "threshold", "check", "validate", "benchmark"]
    validation_count = sum(1 for kw in validation_keywords if kw.lower() in content.lower())
    if validation_count >= 3:
        scores["validation"] = 10
        total_score += 10
        messages.append(f"[PASS] Validation plan present ({validation_count} keywords)")
    else:
        scores["validation"] = 0
        messages.append(f"[FAIL] Insufficient validation content ({validation_count} keywords)")
    
    passed = total_score >= 70  # 70% threshold
    
    return passed, messages, scores


def main():
    parser = argparse.ArgumentParser(description="Grade Atlas Delta Analysis Report")
    parser.add_argument("--input", type=Path, default=Path("./workspace"), help="Input directory")
    parser.add_argument("--output", type=Path, default=Path("./analysis_report.md"), help="Output file to grade")
    
    args = parser.parse_args()
    
    # Load context
    context = load_context(args.input)
    
    print("=" * 60)
    print("ATLAS DELTA - GRADER")
    print("=" * 60)
    print(f"Grading: {args.output}")
    print()
    
    passed, messages, scores = grade_report(args.output, context)
    
    # Print results
    for msg in messages:
        print(msg)
    
    print()
    print("Score Breakdown:")
    for key, score in scores.items():
        print(f"  {key}: {score}")
    
    total = sum(scores.values())
    print()
    print(f"Total Score: {total}/100")
    print()
    
    if passed:
        print("=" * 60)
        print("RESULT: PASSED")
        print("=" * 60)
        sys.exit(0)
    else:
        print("=" * 60)
        print("RESULT: FAILED")
        print("=" * 60)
        sys.exit(1)


if __name__ == "__main__":
    main()
EOF
chmod +x /workspace/grader.py

[OUTPUT]:
[Command completed successfully with no output]

--- Turn 10/25 ---

[ASSISTANT]:


```bash
cat > /workspace/Dockerfile << 'EOF'
FROM python:3.11-slim

WORKDIR /workspace

# Install dependencies
RUN pip install --no-cache-dir reportlab

# Copy task files
COPY task.py grader.py /workspace/
COPY README_brief.txt decision_context.json ops_notes.pdf requirements.txt /workspace/

# Create workspace directory
RUN mkdir -p /workspace/workspace

# Make scripts executable
RUN chmod +x /workspace/task.py /workspace/grader.py

# Default command
CMD ["python3", "/workspace/task.py", "--help"]
EOF
```

[EXECUTING bash]:
cat > /workspace/Dockerfile << 'EOF'
FROM python:3.11-slim

WORKDIR /workspace

# Install dependencies
RUN pip install --no-cache-dir reportlab

# Copy task files
COPY task.py grader.py /workspace/
COPY README_brief.txt decision_context.json ops_notes.pdf requirements.txt /workspace/

# Create workspace directory
RUN mkdir -p /workspace/workspace

# Make scripts executable
RUN chmod +x /workspace/task.py /workspace/grader.py

# Default command
CMD ["python3", "/workspace/task.py", "--help"]
EOF

[OUTPUT]:
[Command completed successfully with no output]

--- Turn 11/25 ---

[ASSISTANT]:


```bash
cat > /workspace/sample_analysis_report.md << 'EOF'
# Atlas Delta Deployment Strategy Analysis

**Project:** Atlas Delta  
**Service:** Real-time Anomaly Scoring API  
**Traffic Target:** 12k req/s, p95 under 120ms  
**Marker:** ATLAS-DELTA-77

---

## 1. Three Approaches

### 1.1 Blue-Green Rollout
Blue-green deployment maintains two identical production environments. Traffic is switched entirely from the "blue" (current) environment to the "green" (new) environment using a load balancer or DNS change. This approach provides instant rollback capability by simply switching traffic back.

### 1.2 Canary with Automated Rollback
Canary deployment gradually routes a small percentage of traffic to the new version while keeping most traffic on the stable version. Automated rollback triggers based on predefined metrics (error rate, latency thresholds). Traffic percentage increases incrementally if health checks pass.

### 1.3 Shadow Deployment with Offline Comparison
Shadow deployme...

--- Turn 12/25 ---

[ASSISTANT]:


```bash
cat > /workspace/sample_analysis_report.md << 'EOF'
# Atlas Delta Deployment Strategy Analysis

**Project:** Atlas Delta  
**Service:** Real-time Anomaly Scoring API  
**Traffic Target:** 12k req/s, p95 under 120ms  
**Marker:** ATLAS-DELTA-77

---

## 1. Three Approaches

### 1.1 Blue-Green Rollout
Blue-green deployment maintains two identical production environments. Traffic is switched entirely from the "blue" (current) environment to the "green" (new) environment using a load balancer or DNS change. This approach provides instant rollback capability by simply switching traffic back.

### 1.2 Canary with Automated Rollback
Canary deployment gradually routes a small percentage of traffic to the new version while keeping most traffic on the stable version. Automated rollback triggers based on predefined metrics (error rate, latency thresholds). Traffic percentage increases incrementally if health checks pass.

### 1.3 Shadow Deployment with Offline Comparison
Shadow deployme...

--- Turn 13/25 ---

[ASSISTANT]:


```bash
cat > /workspace/sample_analysis_report.md << 'ENDOFFILE'
# Atlas Delta Deployment Strategy Analysis

**Project:** Atlas Delta  
**Service:** Real-time Anomaly Scoring API  
**Traffic Target:** 12k req/s, p95 under 120ms  
**Marker:** ATLAS-DELTA-77

---

## 1. Three Approaches

### 1.1 Blue-Green Rollout
Blue-green deployment maintains two identical production environments. Traffic is switched entirely from the "blue" (current) environment to the "green" (new) environment using a load balancer or DNS change. This approach provides instant rollback capability by simply switching traffic back.

### 1.2 Canary with Automated Rollback
Canary deployment gradually routes a small percentage of traffic to the new version while keeping most traffic on the stable version. Automated rollback triggers based on predefined metrics (error rate, latency thresholds). Traffic percentage increases incrementally if health checks pass.

### 1.3 Shadow Deployment with Offline Comparison
Shadow de...

--- Turn 14/25 ---

[ASSISTANT]:


```python
content = '''# Atlas Delta Deployment Strategy Analysis

**Project:** Atlas Delta  
**Service:** Real-time Anomaly Scoring API  
**Traffic Target:** 12k req/s, p95 under 120ms  
**Marker:** ATLAS-DELTA-77

---

## 1. Three Approaches

### 1.1 Blue-Green Rollout
Blue-green deployment maintains two identical production environments. Traffic is switched entirely from the "blue" (current) environment to the "green" (new) environment using a load balancer or DNS change. This approach provides instant rollback capability by simply switching traffic back.

### 1.2 Canary with Automated Rollback
Canary deployment gradually routes a small percentage of traffic to the new version while keeping most traffic on the stable version. Automated rollback triggers based on predefined metrics (error rate, latency thresholds). Traffic percentage increases incrementally if health checks pass.

### 1.3 Shadow Deployment with Offline Comparison
Shadow deployment sends a copy of all production tra...

--- Turn 15/25 ---

[ASSISTANT]:


```python
content = """# Atlas Delta Deployment Strategy Analysis

**Project:** Atlas Delta  
**Service:** Real-time Anomaly Scoring API  
**Traffic Target:** 12k req/s, p95 under 120ms  
**Marker:** ATLAS-DELTA-77

---

## 1. Three Approaches

### 1.1 Blue-Green Rollout
Blue-green deployment maintains two identical production environments. Traffic is switched entirely from the "blue" (current) environment to the "green" (new) environment using a load balancer or DNS change. This approach provides instant rollback capability by simply switching traffic back.

### 1.2 Canary with Automated Rollback
Canary deployment gradually routes a small percentage of traffic to the new version while keeping most traffic on the stable version. Automated rollback triggers based on predefined metrics (error rate, latency thresholds). Traffic percentage increases incrementally if health checks pass.

### 1.3 Shadow Deployment with Offline Comparison
Shadow deployment sends a copy of all production tra...

--- Turn 16/25 ---
[API ERROR]: Error code: 400 - {'error': {'message': "You passed 14337 input tokens and requested 2048 output tokens. However, the model's context length is only 16384 tokens, resulting in a maximum input length of 14336 tokens. Please reduce the length of the input prompt. (parameter=input_tokens, value=14337)", 'type': 'BadRequestError', 'param': 'input_tokens', 'code': 400}}

--- Turn 17/25 ---
[API ERROR]: Error code: 400 - {'error': {'message': "You passed 14337 input tokens and requested 2048 output tokens. However, the model's context length is only 16384 tokens, resulting in a maximum input length of 14336 tokens. Please reduce the length of the input prompt. (parameter=input_tokens, value=14337)", 'type': 'BadRequestError', 'param': 'input_tokens', 'code': 400}}

--- Turn 18/25 ---
[API ERROR]: Error code: 400 - {'error': {'message': "You passed 14337 input tokens and requested 2048 output tokens. However, the model's context length is only 16384 tokens, resulting in a maximum input length of 14336 tokens. Please reduce the length of the input prompt. (parameter=input_tokens, value=14337)", 'type': 'BadRequestError', 'param': 'input_tokens', 'code': 400}}

--- Turn 19/25 ---
[API ERROR]: Error code: 400 - {'error': {'message': "You passed 14337 input tokens and requested 2048 output tokens. However, the model's context length is only 16384 tokens, resulting in a maximum input length of 14336 tokens. Please reduce the length of the input prompt. (parameter=input_tokens, value=14337)", 'type': 'BadRequestError', 'param': 'input_tokens', 'code': 400}}

--- Turn 20/25 ---
[API ERROR]: Error code: 400 - {'error': {'message': "You passed 14337 input tokens and requested 2048 output tokens. However, the model's context length is only 16384 tokens, resulting in a maximum input length of 14336 tokens. Please reduce the length of the input prompt. (parameter=input_tokens, value=14337)", 'type': 'BadRequestError', 'param': 'input_tokens', 'code': 400}}

--- Turn 21/25 ---
[API ERROR]: Error code: 400 - {'error': {'message': "You passed 14337 input tokens and requested 2048 output tokens. However, the model's context length is only 16384 tokens, resulting in a maximum input length of 14336 tokens. Please reduce the length of the input prompt. (parameter=input_tokens, value=14337)", 'type': 'BadRequestError', 'param': 'input_tokens', 'code': 400}}

--- Turn 22/25 ---
[API ERROR]: Error code: 400 - {'error': {'message': "You passed 14337 input tokens and requested 2048 output tokens. However, the model's context length is only 16384 tokens, resulting in a maximum input length of 14336 tokens. Please reduce the length of the input prompt. (parameter=input_tokens, value=14337)", 'type': 'BadRequestError', 'param': 'input_tokens', 'code': 400}}

--- Turn 23/25 ---
[API ERROR]: Error code: 400 - {'error': {'message': "You passed 14337 input tokens and requested 2048 output tokens. However, the model's context length is only 16384 tokens, resulting in a maximum input length of 14336 tokens. Please reduce the length of the input prompt. (parameter=input_tokens, value=14337)", 'type': 'BadRequestError', 'param': 'input_tokens', 'code': 400}}

--- Turn 24/25 ---
[API ERROR]: Error code: 400 - {'error': {'message': "You passed 14337 input tokens and requested 2048 output tokens. However, the model's context length is only 16384 tokens, resulting in a maximum input length of 14336 tokens. Please reduce the length of the input prompt. (parameter=input_tokens, value=14337)", 'type': 'BadRequestError', 'param': 'input_tokens', 'code': 400}}

--- Turn 25/25 ---
[API ERROR]: Error code: 400 - {'error': {'message': "You passed 14337 input tokens and requested 2048 output tokens. However, the model's context length is only 16384 tokens, resulting in a maximum input length of 14336 tokens. Please reduce the length of the input prompt. (parameter=input_tokens, value=14337)", 'type': 'BadRequestError', 'param': 'input_tokens', 'code': 400}}

⚠️ Agent reached max turns (25)

Conversation saved to results/repair_run_Qwen3.5-27B_20260413_185406/abe238-adversarial-prompting_create_hard_005/conversation.json

============================================================
Running evaluation...
============================================================

Results for abe238-adversarial-prompting_create_hard_005:
  Passed: False
  Score:  0.00
  Checks:
    ❌ markdown_output_exists: found=None
    ❌ markdown_readable: markdown file missing
    ❌ three_approaches: patterns=11
    ❌ adversarial_critique: patterns=9
    ❌ fix_development: patterns=8
    ❌ validation_check: patterns=8
    ❌ consolidation: patterns=6
    ❌ ranked_options: patterns=9
    ❌ final_recommendation: patterns=8
    ❌ atlas_marker: patterns=5

Cleaning up container da304e825687...
Container removed.

