Building Docker image...
Creating new container...
Container ready: 5c695d8570e6
Workspace files: context.txt
gen_inputs.py
setup.sh

============================================================
Starting agent interaction (Repair Mode)...
============================================================

============================================================
TASK: Write a TED talk script based on this insight:

Most developers treat error messages as output, but they're actually a user interface. We spent 3 hours debugging a cryptic 'operation failed' message that could have been 'database connection timeout after 30s, retried 3 times'. That one change would have saved us hours.

Your TED talk script should:
1. Be written as a spoken-word presentation (not code)
2. Include an opening hook that grabs attention
3. Explain the core insight about error messages as UI
4. Use the concrete example (operation failed vs database timeout)
5. Include a Q&A or objections section
6. Discuss broader implications for developers
7. Be at least 3000 characters (approximately 4-5 minute talk)

Save your script as a .txt or .md file in /workspace.
============================================================


--- Turn 1/25 ---

[ASSISTANT]:


```bash
ls -la /workspace
```

[EXECUTING bash]:
ls -la /workspace

[OUTPUT]:
total 12
drwxr-xr-x 2 root  root   78 Apr 13 09:59 .
drwxr-xr-x 1 root  root   31 Apr 13 09:59 ..
-rw-r--r-- 1 root  root  188 Apr 13 09:59 context.txt
-rw-r--r-- 1 32113 42021 387 Apr 12 11:29 gen_inputs.py
-rwxr-xr-x 1 32113 42021  19 Apr 12 11:29 setup.sh


--- Turn 2/25 ---

[ASSISTANT]:


```bash
cat /workspace/context.txt
```

[EXECUTING bash]:
cat /workspace/context.txt

[OUTPUT]:
MARKER_INSIGHT: error messages are a user interface
MARKER_EXAMPLE: operation failed vs database connection timeout after 30s retried 3 times
MARKER_IMPACT: 3 hours of debugging time lost


--- Turn 3/25 ---

[ASSISTANT]:


Now I understand the context. Let me write a compelling TED talk script based on this insight about error messages being a user interface.

```python
script = """# Error Messages Are a User Interface
## A TED Talk Script

---

**[OPENING HOOK]**

Good morning. 

I want you to think back to the last time you saw an error message on your screen. Maybe you were trying to submit a form, or your app crashed, or your code wouldn't compile. What did you feel?

Frustration? Confusion? That sinking feeling in your stomach when you realize you're about to spend hours figuring out what went wrong?

I know that feeling. And I'm here to tell you that we've been thinking about error messages all wrong.

---

**[THE CORE INSIGHT]**

Most developers treat error messages as output. They're a byproduct of debugging, something technical that gets logged and hopefully fixed later. But here's the truth: **Error messages are a user interface.**

Think about it. When you see an error, who are you? You're a...

[EXECUTING python]:
script = """# Error Messages Are a User Interface
## A TED Talk Script

---

**[OPENING HOOK]**

Good morning. 

I want you to think back to the last time you saw an error message on your screen. Maybe you were trying to submit a form, or your app crashed, or your code wouldn't compile. What did you feel?

Frustration? Confusion? That sinking feeling in your stomach when you realize you're about to spend hours figuring out what went wrong?

I know that feeling. And I'm here to tell you that we've been thinking about error messages all wrong.

---

**[THE CORE INSIGHT]**

Most developers treat error messages as output. They're a byproduct of debugging, something technical that gets logged and hopefully fixed later. But here's the truth: **Error messages are a user interface.**

Think about it. When you see an error, who are you? You're a user. You're someone trying to accomplish something, and your software has just told you it can't help. The way that message is presented—the words it uses, the details it provides, the clarity of its tone—that's all user experience design.

We spend weeks designing beautiful login screens and intuitive dashboards. We A/B test button colors and microcopy. But when things break? We throw up our hands and say "null pointer exception" and call it a day.

That's not just bad design. It's disrespectful to the person on the other side of the screen.

---

**[THE CONCRETE EXAMPLE]**

Let me give you a real example from my own experience.

My team and I were debugging a production issue last month. The error message said: "Operation failed."

That's it. "Operation failed."

We spent three hours. Three. Hours. Tracing through logs, checking database connections, reviewing recent deployments, calling each other at increasingly ungodly hours. We were exhausted, frustrated, and making mistakes because we were tired.

What was the actual problem? A database connection timeout.

The fix? Change that error message from "Operation failed" to "Database connection timeout after 30 seconds, retried 3 times."

That's the fix. One sentence. About fifteen words. And it would have saved us three hours of our lives.

Think about that. Three hours for fifteen words. That's twelve minutes of debugging time per word. By any metric, that's the best ROI you'll ever see in software development.

But more importantly, think about the person who saw that error. They didn't know if they should wait and try again. They didn't know if it was a temporary glitch or a systemic failure. They didn't know what to tell their boss or their customer. All they knew was that something was broken, and they were powerless to do anything about it.

---

**[THE BROADER IMPLICATION]**

This isn't just about saving time. This is about respect. It's about acknowledging that the person reading your error message is human, and they deserve clarity, not cryptic code.

When we write better error messages, we're not just helping developers. We're helping product managers understand what's broken. We're helping support teams solve customer issues faster. We're helping non-technical stakeholders make informed decisions.

Every error message is a conversation. And like any good conversation, it should be clear, honest, and helpful.

---

**[OBJECTIONS AND Q&A]**

Now, I can hear some of you thinking: "But my errors are for developers, not end users."

Fair point. But developers are users too. Your colleague debugging your code at 2 AM is a user. Your future self, trying to remember what this function does six months from now, is a user. Even you, reading your own error messages, are a user.

Someone else might say: "But detailed error messages could expose security vulnerabilities."

That's a valid concern. And the answer isn't to hide all information—it's to be thoughtful about what you reveal. "Database connection timeout" tells you something went wrong without exposing your database credentials or internal architecture. There's always a middle ground between "Operation failed" and leaking your entire stack trace to the world.

Another objection: "I don't have time to write good error messages."

I hear this one the most. And my response is: you don't have time NOT to write good error messages. Because you'll spend ten times longer debugging the same problem because your error messages were unclear. The time you invest upfront pays for itself immediately.

---

**[CALL TO ACTION]**

So here's my challenge to you.

The next time you write an error message, ask yourself three questions:

1. **Who is reading this?** Are they a developer? A product manager? An end user? Write for them.

2. **What do they need to know?** What information would help them understand what went wrong and what to do next?

3. **What would I want to see if I were them?** Put yourself in their shoes. Be the user.

Start small. Pick one function, one module, one service. Rewrite those error messages to be clear, helpful, and human. Then watch what happens.

You'll debug faster. Your team will be less frustrated. Your users will trust your software more. And you'll have saved countless hours that you can spend on something that matters.

---

**[CLOSING]**

We build software to solve problems. But when our software breaks, we often create new problems just by how we communicate those failures.

Error messages aren't output. They're a user interface. They're a conversation. They're an opportunity to show respect for the person on the other side of the screen.

So let's stop treating error messages as an afterthought. Let's design them with the same care we put into everything else. Because the people reading them are counting on us.

Thank you.

---

*Total word count: approximately 1,100 words*
*Estimated speaking time: 4-5 minutes at normal pace*
"""

with open('/workspace/ted_talk_script.md', 'w') as f:
    f.write(script)

print("TED talk script saved to /workspace/ted_talk_script.md")
print(f"Character count: {len(script)}")

[OUTPUT]:
TED talk script saved to /workspace/ted_talk_script.md
Character count: 5789


--- Turn 4/25 ---

[ASSISTANT]:


```bash
cat /workspace/ted_talk_script.md
```

[EXECUTING bash]:
cat /workspace/ted_talk_script.md

[OUTPUT]:
# Error Messages Are a User Interface
## A TED Talk Script

---

**[OPENING HOOK]**

Good morning. 

I want you to think back to the last time you saw an error message on your screen. Maybe you were trying to submit a form, or your app crashed, or your code wouldn't compile. What did you feel?

Frustration? Confusion? That sinking feeling in your stomach when you realize you're about to spend hours figuring out what went wrong?

I know that feeling. And I'm here to tell you that we've been thinking about error messages all wrong.

---

**[THE CORE INSIGHT]**

Most developers treat error messages as output. They're a byproduct of debugging, something technical that gets logged and hopefully fixed later. But here's the truth: **Error messages are a user interface.**

Think about it. When you see an error, who are you? You're a user. You're someone trying to accomplish something, and your software has just told you it can't help. The way that message is presented—the words it uses, the details it provides, the clarity of its tone—that's all user experience design.

We spend weeks designing beautiful login screens and intuitive dashboards. We A/B test button colors and microcopy. But when things break? We throw up our hands and say "null pointer exception" and call it a day.

That's not just bad design. It's disrespectful to the person on the other side of the screen.

---

**[THE CONCRETE EXAMPLE]**

Let me give you a real example from my own experience.

My team and I were debugging a production issue last month. The error message said: "Operation failed."

That's it. "Operation failed."

We spent three hours. Three. Hours. Tracing through logs, checking database connections, reviewing recent deployments, calling each other at increasingly ungodly hours. We were exhausted, frustrated, and making mistakes because we were tired.

What was the actual problem? A database connection timeout.

The fix? Change that error message from "Operation failed" to "Database connectio...

--- Turn 5/25 ---

[ASSISTANT]:


The TED talk script has been successfully created and saved. Let me verify the file is complete:

```bash
wc -c /workspace/ted_talk_script.md && ls -la /workspace/
```

[EXECUTING bash]:
wc -c /workspace/ted_talk_script.md && ls -la /workspace/

[OUTPUT]:
5795 /workspace/ted_talk_script.md
total 20
drwxr-xr-x 2 root  root   108 Apr 13 10:00 .
drwxr-xr-x 1 root  root    46 Apr 13 09:59 ..
-rw-r--r-- 1 root  root   188 Apr 13 09:59 context.txt
-rw-r--r-- 1 32113 42021  387 Apr 12 11:29 gen_inputs.py
-rwxr-xr-x 1 32113 42021   19 Apr 12 11:29 setup.sh
-rw-r--r-- 1 root  root  5795 Apr 13 10:00 ted_talk_script.md


--- Turn 6/25 ---

[ASSISTANT]:


The TED talk script has been successfully created with all requirements met:

1. ✅ **Spoken-word presentation** - Written as a speech with natural flow and conversational tone
2. ✅ **Opening hook** - Starts by asking the audience to reflect on their last error message experience
3. ✅ **Core insight** - Explains that error messages are a user interface, not just output
4. ✅ **Concrete example** - Uses the "operation failed" vs "database connection timeout after 30 seconds, retried 3 times" example with the 3-hour debugging story
5. ✅ **Q&A/Objections section** - Addresses concerns about security, developer-only errors, and time constraints
6. ✅ **Broader implications** - Discusses impact on product managers, support teams, stakeholders, and trust
7. ✅ **Length** - 5,795 characters (well over the 3,000 minimum)

The script is saved as `/workspace/ted_talk_script.md`.

TASK_COMPLETE

✅ Agent reported TASK_COMPLETE

Conversation saved to results/repair_run_Qwen3.5-27B_20260413_175954/leegitw-ted-talk_create_easy_001/conversation.json

============================================================
Running evaluation...
============================================================

Results for leegitw-ted-talk_create_easy_001:
  Passed: True
  Score:  1.00
  Checks:
    ✅ output_file_exists: Found output at /workspace/ted_talk_script.md
    ✅ output_readable: File readable, 5789 chars
    ✅ sufficient_length: 5789 chars (min 3000)
    ✅ core_insight_present: Checks for error-messages-as-UI insight
    ✅ concrete_example_present: Checks for the timeout/operation-failed example
    ✅ has_opening_section: Checks for opening/hook section marker
    ✅ has_qa_section: Checks for Q&A or objections section
    ✅ has_implications: Checks for broader implications content

Cleaning up container 5c695d8570e6...
Container removed.

