Building Docker image...
Creating new container...
Container ready: 9a29a1baf1d6
Workspace files: gen_inputs.py
input.txt
marker.json
setup.sh

============================================================
Starting agent interaction (Repair Mode)...
============================================================

============================================================
TASK: Humanize the following draft and save the cleaned version to output.txt, preserving the original meaning but removing obvious AI writing patterns and stock phrasing. Also make sure the result reads naturally for a user-facing message:

"At the end of the day, it is important to remember that our platform was built to help teams work faster and smarter. First, it can automate repetitive tasks, secondly, it provides clear visibility into progress, and finally, it enables better collaboration across departments. I hope this helps, and let me know if you have any questions."

Use the provided input files in this directory as needed.
============================================================


--- Turn 1/15 ---

[ASSISTANT]:


```bash
ls -la /workspace
```

[EXECUTING bash]:
ls -la /workspace

[OUTPUT]:
total 16
drwxr-xr-x 2 root  root   99 Apr 12 21:57 .
drwxr-xr-x 1 root  root   31 Apr 12 21:57 ..
-rw-r--r-- 1 32113 42021 618 Apr 12 11:21 gen_inputs.py
-rw-r--r-- 1 root  root  339 Apr 12 21:57 input.txt
-rw-r--r-- 1 root  root   57 Apr 12 21:57 marker.json
-rwxr-xr-x 1 32113 42021  67 Apr 12 11:21 setup.sh


--- Turn 2/15 ---

[ASSISTANT]:


```bash
cat /workspace/input.txt
```

[EXECUTING bash]:
cat /workspace/input.txt

[OUTPUT]:
At the end of the day, it is important to remember that our platform was built to help teams work faster and smarter. First, it can automate repetitive tasks, secondly, it provides clear visibility into progress, and finally, it enables better collaboration across departments. I hope this helps, and let me know if you have any questions.

--- Turn 3/15 ---

[ASSISTANT]:


Now I understand the input. The text has obvious AI patterns like "At the end of the day," "First... secondly... finally," and "I hope this helps." Let me create a more natural, humanized version.

```python
humanized = """Our platform is designed to help teams work faster and smarter. It automates repetitive tasks, gives you clear visibility into progress, and makes collaboration across departments easier. Feel free to reach out if you have any questions."""

with open('/workspace/output.txt', 'w') as f:
    f.write(humanized)

print("Saved to output.txt")
```

[EXECUTING python]:
humanized = """Our platform is designed to help teams work faster and smarter. It automates repetitive tasks, gives you clear visibility into progress, and makes collaboration across departments easier. Feel free to reach out if you have any questions."""

with open('/workspace/output.txt', 'w') as f:
    f.write(humanized)

print("Saved to output.txt")

[OUTPUT]:
Saved to output.txt


--- Turn 4/15 ---

[ASSISTANT]:


```bash
cat /workspace/output.txt
```

[EXECUTING bash]:
cat /workspace/output.txt

[OUTPUT]:
Our platform is designed to help teams work faster and smarter. It automates repetitive tasks, gives you clear visibility into progress, and makes collaboration across departments easier. Feel free to reach out if you have any questions.

--- Turn 5/15 ---

[ASSISTANT]:


TASK_COMPLETE

✅ Agent reported TASK_COMPLETE

Conversation saved to results/repair_run_Qwen3.5-27B_20260413_055745/hosthobbit-ai-writing-humanizer_create_medium_002/conversation.json

============================================================
Running evaluation...
============================================================

Results for hosthobbit-ai-writing-humanizer_create_medium_002:
  Passed: True
  Score:  1.00
  Checks:
    ✅ output_exists: output.txt exists
    ✅ output_nonempty: output has content
    ✅ no_stock_phrases: no banned AI phrases found
    ✅ preserves_meaning: found markers: platform, teams, faster, smarter, automate, visibility, collaboration
    ✅ input_marker_present: marker.json contains expected marker
    ✅ input_exists: input.txt exists

Cleaning up container 9a29a1baf1d6...
Container removed.

