Building Docker image...
Creating new container...
Container ready: b1c6c69fd332
Workspace files: gen_inputs.py
input.txt
marker.txt
setup.sh
workspace

============================================================
Starting agent interaction (Repair Mode)...
============================================================

============================================================
TASK: Humanize the following draft and save the result as output.txt. Keep the meaning intact, remove obvious AI-writing patterns, and make it sound like a real person wrote it:

"In today's digital age, the adoption of remote work serves as a testament to the transformative power of technology. Remote work is not just a trend; it is a paradigm shift that underscores the crucial role of flexibility and productivity. Furthermore, it facilitates a seamless integration of work and life, enabling professionals to leverage robust tools and harness the power of collaboration from anywhere. The future looks bright, and the landscape will continue to evolve."

Please make it natural, specific, and less generic.
============================================================


--- Turn 1/15 ---

[ASSISTANT]:


```bash
ls -la /workspace
```

[EXECUTING bash]:
ls -la /workspace

[OUTPUT]:
total 16
drwxr-xr-x 3 root  root  119 Apr 12 21:39 .
drwxr-xr-x 1 root  root   31 Apr 12 21:39 ..
-rw-r--r-- 1 32113 42021 687 Apr 12 11:12 gen_inputs.py
-rw-r--r-- 1 root  root  478 Apr 12 21:39 input.txt
-rw-r--r-- 1 root  root   37 Apr 12 21:39 marker.txt
-rwxr-xr-x 1 32113 42021  49 Apr 12 11:12 setup.sh
drwxr-xr-x 2 root  root   10 Apr 12 21:39 workspace


--- Turn 2/15 ---

[ASSISTANT]:


```bash
cat /workspace/input.txt
```

[EXECUTING bash]:
cat /workspace/input.txt

[OUTPUT]:
In today's digital age, the adoption of remote work serves as a testament to the transformative power of technology. Remote work is not just a trend; it is a paradigm shift that underscores the crucial role of flexibility and productivity. Furthermore, it facilitates a seamless integration of work and life, enabling professionals to leverage robust tools and harness the power of collaboration from anywhere. The future looks bright, and the landscape will continue to evolve.

--- Turn 3/15 ---

[ASSISTANT]:


Now I understand the task. The input text has very obvious AI/corporate writing patterns. I need to rewrite it to sound more natural and human. Let me create the humanized version:

```bash
cat > /workspace/output.txt << 'EOF'
Remote work has really changed how we think about jobs. It's not just a passing fad—more and more companies are realizing that giving people flexibility actually makes them more productive. When you can work from anywhere, it's easier to balance your personal life with your job. Plus, there are so many tools out there now that make collaboration easy, whether you're in the same office or across the country. We're probably only seeing the beginning of how this will change work.
EOF
```

[EXECUTING bash]:
cat > /workspace/output.txt << 'EOF'
Remote work has really changed how we think about jobs. It's not just a passing fad—more and more companies are realizing that giving people flexibility actually makes them more productive. When you can work from anywhere, it's easier to balance your personal life with your job. Plus, there are so many tools out there now that make collaboration easy, whether you're in the same office or across the country. We're probably only seeing the beginning of how this will change work.
EOF

[OUTPUT]:
[Command completed successfully with no output]

--- Turn 4/15 ---

[ASSISTANT]:


```bash
cat /workspace/output.txt
```

[EXECUTING bash]:
cat /workspace/output.txt

[OUTPUT]:
Remote work has really changed how we think about jobs. It's not just a passing fad—more and more companies are realizing that giving people flexibility actually makes them more productive. When you can work from anywhere, it's easier to balance your personal life with your job. Plus, there are so many tools out there now that make collaboration easy, whether you're in the same office or across the country. We're probably only seeing the beginning of how this will change work.


--- Turn 5/15 ---

[ASSISTANT]:


The task is complete. I've rewritten the text to sound more natural and human:

**Changes made:**
- Removed corporate buzzwords ("testament," "paradigm shift," "underscores," "leverage," "harness," "seamless integration")
- Made it conversational with phrases like "really changed," "passing fad," "so many tools out there now"
- Kept the core meaning intact
- Made it sound like a real person sharing their thoughts rather than a corporate press release

The humanized version has been saved to `/workspace/output.txt`.

TASK_COMPLETE

✅ Agent reported TASK_COMPLETE

Conversation saved to results/repair_run_Qwen3.5-27B_20260413_053930/brandonwise-ai-humanizer_create_easy_000/conversation.json

============================================================
Running evaluation...
============================================================

Results for brandonwise-ai-humanizer_create_easy_000:
  Passed: True
  Score:  1.00
  Checks:
    ✅ removed ai-ish phrases: remaining flagged phrases: none
    ✅ meaning preserved: found keywords: remote work, flexibility
    ✅ input marker present: marker detected

Cleaning up container b1c6c69fd332...
Container removed.

