🧹 Found existing container 0fe3fdd95ccf, destroying it for a clean run...
Building Docker image...
Creating new container...
Container ready: 8c3c5d527972
Workspace files: gen_inputs.py
input.txt
marker.txt
setup.sh
workspace

============================================================
Starting agent interaction (Repair Mode)...
============================================================

============================================================
TASK: Humanize the following draft and save the result as output.txt. Keep the meaning intact, remove obvious AI-writing patterns, and make it sound like a real person wrote it:

"In today's digital age, the adoption of remote work serves as a testament to the transformative power of technology. Remote work is not just a trend; it is a paradigm shift that underscores the crucial role of flexibility and productivity. Furthermore, it facilitates a seamless integration of work and life, enabling professionals to leverage robust tools and harness the power of collaboration from anywhere. The future looks bright, and the landscape will continue to evolve."

Please make it natural, specific, and less generic.
============================================================


--- Turn 1/15 ---

[ASSISTANT]:


```bash
ls -la /workspace
```

[EXECUTING bash]:
ls -la /workspace

[OUTPUT]:
total 16
drwxr-xr-x 3 root  root  119 Apr 12 21:38 .
drwxr-xr-x 1 root  root   31 Apr 12 21:38 ..
-rw-r--r-- 1 32113 42021 687 Apr 12 11:12 gen_inputs.py
-rw-r--r-- 1 root  root  478 Apr 12 21:38 input.txt
-rw-r--r-- 1 root  root   37 Apr 12 21:38 marker.txt
-rwxr-xr-x 1 32113 42021  49 Apr 12 11:12 setup.sh
drwxr-xr-x 2 root  root   10 Apr 12 21:38 workspace


--- Turn 2/15 ---

[ASSISTANT]:


```bash
cat /workspace/input.txt
```

[EXECUTING bash]:
cat /workspace/input.txt

[OUTPUT]:
In today's digital age, the adoption of remote work serves as a testament to the transformative power of technology. Remote work is not just a trend; it is a paradigm shift that underscores the crucial role of flexibility and productivity. Furthermore, it facilitates a seamless integration of work and life, enabling professionals to leverage robust tools and harness the power of collaboration from anywhere. The future looks bright, and the landscape will continue to evolve.

--- Turn 3/15 ---

[ASSISTANT]:


Now I understand the task. I need to humanize this AI-sounding text about remote work. Let me identify the patterns to fix:

- "In today's digital age" - cliché opener
- "paradigm shift", "testament", "underscores the crucial role" - corporate buzzwords
- "seamless integration", "leverage robust tools", "harness the power" - overly formal AI-speak
- "The future looks bright" - generic ending

Let me write a more natural, human version:

```bash
cat > /workspace/output.txt << 'EOF'
Remote work has really changed how we think about jobs. It's not just something that happened during the pandemic—it's stuck around because it actually works. People can be productive from home, set their own schedules, and still stay connected with their teams through video calls and chat apps. Some folks love the flexibility; others miss the office. Either way, it's clear that working from anywhere isn't going away anytime soon.
EOF
```

[EXECUTING bash]:
cat > /workspace/output.txt << 'EOF'
Remote work has really changed how we think about jobs. It's not just something that happened during the pandemic—it's stuck around because it actually works. People can be productive from home, set their own schedules, and still stay connected with their teams through video calls and chat apps. Some folks love the flexibility; others miss the office. Either way, it's clear that working from anywhere isn't going away anytime soon.
EOF

[OUTPUT]:
[Command completed successfully with no output]

--- Turn 4/15 ---

[ASSISTANT]:


```bash
cat /workspace/output.txt
```

[EXECUTING bash]:
cat /workspace/output.txt

[OUTPUT]:
Remote work has really changed how we think about jobs. It's not just something that happened during the pandemic—it's stuck around because it actually works. People can be productive from home, set their own schedules, and still stay connected with their teams through video calls and chat apps. Some folks love the flexibility; others miss the office. Either way, it's clear that working from anywhere isn't going away anytime soon.


--- Turn 5/15 ---

[ASSISTANT]:


The file has been created successfully. The humanized version:

- Removed clichés like "In today's digital age" and "paradigm shift"
- Replaced corporate buzzwords ("leverage robust tools", "harness the power") with concrete examples ("video calls and chat apps")
- Added a balanced, conversational tone with "Some folks love the flexibility; others miss the office"
- Made the ending more grounded and realistic instead of generic

TASK_COMPLETE

✅ Agent reported TASK_COMPLETE

Conversation saved to results/repair_run_Qwen3.5-27B_20260413_053812/brandonwise-ai-humanizer_create_easy_000/conversation.json

============================================================
Running evaluation...
============================================================

Results for brandonwise-ai-humanizer_create_easy_000:
  Passed: False
  Score:  0.00
  Checks:
    ❌ output exists: error checking output.txt: too many values to unpack (expected 2)
    ❌ meaning preserved: error checking meaning: too many values to unpack (expected 2)
    ❌ input marker present: error checking marker: too many values to unpack (expected 2)

Cleaning up container 8c3c5d527972...
Container removed.

