Building Docker image...
Creating new container...
Container ready: 697e632e02b0
Workspace files: gen_inputs.py
input.txt
marker.txt
setup.sh
workspace

============================================================
Starting agent interaction (Repair Mode)...
============================================================

============================================================
TASK: Humanize the following draft and save the result as output.txt. Keep the meaning intact, remove obvious AI-writing patterns, and make it sound like a real person wrote it:

"In today's digital age, the adoption of remote work serves as a testament to the transformative power of technology. Remote work is not just a trend; it is a paradigm shift that underscores the crucial role of flexibility and productivity. Furthermore, it facilitates a seamless integration of work and life, enabling professionals to leverage robust tools and harness the power of collaboration from anywhere. The future looks bright, and the landscape will continue to evolve."

Please make it natural, specific, and less generic.
============================================================


--- Turn 1/15 ---

[ASSISTANT]:


```bash
ls -la /workspace
```

[EXECUTING bash]:
ls -la /workspace

[OUTPUT]:
total 16
drwxr-xr-x 3 root  root  119 Apr 12 21:38 .
drwxr-xr-x 1 root  root   31 Apr 12 21:38 ..
-rw-r--r-- 1 32113 42021 687 Apr 12 11:12 gen_inputs.py
-rw-r--r-- 1 root  root  478 Apr 12 21:38 input.txt
-rw-r--r-- 1 root  root   37 Apr 12 21:38 marker.txt
-rwxr-xr-x 1 32113 42021  49 Apr 12 11:12 setup.sh
drwxr-xr-x 2 root  root   10 Apr 12 21:38 workspace


--- Turn 2/15 ---

[ASSISTANT]:


```bash
cat /workspace/input.txt
```

[EXECUTING bash]:
cat /workspace/input.txt

[OUTPUT]:
In today's digital age, the adoption of remote work serves as a testament to the transformative power of technology. Remote work is not just a trend; it is a paradigm shift that underscores the crucial role of flexibility and productivity. Furthermore, it facilitates a seamless integration of work and life, enabling professionals to leverage robust tools and harness the power of collaboration from anywhere. The future looks bright, and the landscape will continue to evolve.

--- Turn 3/15 ---

[ASSISTANT]:


```bash
cat > /workspace/output.txt << 'EOF'
Remote work has really changed how we think about jobs. It's not just a passing trend—more and more people are working from home, coffee shops, or even different countries. The shift has shown that flexibility can actually boost productivity, not hurt it. People are finding ways to balance their personal lives with work in a way that feels natural, using tools like Slack, Zoom, and Google Docs to stay connected with their teams no matter where they are. It's still evolving, but one thing's clear: this isn't going anywhere soon.
EOF
```

[EXECUTING bash]:
cat > /workspace/output.txt << 'EOF'
Remote work has really changed how we think about jobs. It's not just a passing trend—more and more people are working from home, coffee shops, or even different countries. The shift has shown that flexibility can actually boost productivity, not hurt it. People are finding ways to balance their personal lives with work in a way that feels natural, using tools like Slack, Zoom, and Google Docs to stay connected with their teams no matter where they are. It's still evolving, but one thing's clear: this isn't going anywhere soon.
EOF

[OUTPUT]:
[Command completed successfully with no output]

--- Turn 4/15 ---

[ASSISTANT]:


```bash
cat /workspace/output.txt
```

[EXECUTING bash]:
cat /workspace/output.txt

[OUTPUT]:
Remote work has really changed how we think about jobs. It's not just a passing trend—more and more people are working from home, coffee shops, or even different countries. The shift has shown that flexibility can actually boost productivity, not hurt it. People are finding ways to balance their personal lives with work in a way that feels natural, using tools like Slack, Zoom, and Google Docs to stay connected with their teams no matter where they are. It's still evolving, but one thing's clear: this isn't going anywhere soon.


--- Turn 5/15 ---

[ASSISTANT]:


TASK_COMPLETE

✅ Agent reported TASK_COMPLETE

Conversation saved to results/repair_run_Qwen3.5-27B_20260413_053849/brandonwise-ai-humanizer_create_easy_000/conversation.json

============================================================
Running evaluation...
============================================================

Results for brandonwise-ai-humanizer_create_easy_000:
  Passed: False
  Score:  0.67
  Checks:
    ✅ removed ai-ish phrases: remaining flagged phrases: none
    ✅ meaning preserved: found keywords: remote work, flexibility
    ❌ input marker present: marker missing

Cleaning up container 697e632e02b0...
Container removed.

