Building Docker image...
Creating new container...
Container ready: 5245aab745f3
Workspace files: data
gen_inputs.py
setup.sh

============================================================
Starting agent interaction (Repair Mode)...
============================================================

============================================================
TASK: $ python - <<'PY'
print('Set up ambient context retrieval for the Percept dashboard, but keep it offline and deterministic.')
print('I need a small local demo that can ingest sample conversations, extract entities, build relationships, and let me query the resulting context packet from the terminal.')
print('Please make the output easy to inspect and include a concise summary file plus a machine-readable JSON export.')
PY
============================================================


--- Turn 1/25 ---

[ASSISTANT]:


```bash
ls -la /workspace
```

[EXECUTING bash]:
ls -la /workspace

[OUTPUT]:
total 8
drwxr-xr-x 3 root  root   71 Apr 13 07:13 .
drwxr-xr-x 1 root  root   31 Apr 13 07:13 ..
drwxr-xr-x 2 root  root   62 Apr 13 07:13 data
-rw-r--r-- 1 32113 42021 962 Apr 12 11:24 gen_inputs.py
-rwxr-xr-x 1 32113 42021  39 Apr 12 11:24 setup.sh


--- Turn 2/25 ---

[ASSISTANT]:


```bash
ls -la /workspace/data && cat /workspace/gen_inputs.py
```

[EXECUTING bash]:
ls -la /workspace/data && cat /workspace/gen_inputs.py

[OUTPUT]:
total 8
drwxr-xr-x 2 root root  62 Apr 13 07:13 .
drwxr-xr-x 3 root root  71 Apr 13 07:13 ..
-rw-r--r-- 1 root root 603 Apr 13 07:13 conversations.json
-rw-r--r-- 1 root root  18 Apr 13 07:13 marker.txt
from pathlib import Path
import json

root = Path('.')
(root / 'data').mkdir(exist_ok=True)

conversations = [
    {
        'id': 'c001',
        'timestamp': '2025-05-01T09:00:00Z',
        'speaker': 'Avery',
        'text': 'Avery and Jordan agreed that Project Lumen is for Northstar Labs and the deadline is Friday.'
    },
    {
        'id': 'c002',
        'timestamp': '2025-05-01T10:15:00Z',
        'speaker': 'Jordan',
        'text': 'Jordan mentioned that Northstar Labs wants a privacy review before launch. Avery will draft notes.'
    },
    {
        'id': 'c003',
        'timestamp': '2025-05-01T11:30:00Z',
        'speaker': 'Mina',
        'text': 'Mina said Project Lumen depends on the ambient dashboard and the search index being ready.'
    }
]

(root / 'data' / 'conversations.json').write_text(json.dumps(conversations, indent=2), encoding='utf-8')
(root / 'data' / 'marker.txt').write_text('MARKER_PERCEPT_42\n', encoding='utf-8')


--- Turn 3/25 ---

[ASSISTANT]:


Now I understand the task. I need to create a demo that:
1. Ingests conversations from `data/conversations.json`
2. Extracts entities (people, projects, organizations, dates, etc.)
3. Builds relationships between entities
4. Provides terminal querying capability
5. Outputs a summary file and JSON export

Let me create the main Python script:

```python
cat > /workspace/percept_context.py << 'PY'
#!/usr/bin/env python3
"""
Percept Dashboard - Ambient Context Retrieval Demo
Offline, deterministic entity extraction and relationship building.
"""

import json
import re
from pathlib import Path
from datetime import datetime
from collections import defaultdict
from typing import Dict, List, Any, Set

# Configuration
DATA_DIR = Path('/workspace/data')
OUTPUT_DIR = Path('/workspace')
CONVERSATIONS_FILE = DATA_DIR / 'conversations.json'

# Entity patterns (simple rule-based extraction for determinism)
ENTITY_PATTERNS = {
    'PERSON': r'\b[A-Z][a-z]+\b',  # Capitalized words as potential name...

--- Turn 4/25 ---

[ASSISTANT]:


```python
cat > /workspace/percept_context.py << 'PY'
#!/usr/bin/env python3
"""
Percept Dashboard - Ambient Context Retrieval Demo
Offline, deterministic entity extraction and relationship building.
"""

import json
import re
from pathlib import Path
from datetime import datetime
from collections import defaultdict
from typing import Dict, List, Any, Set

# Configuration
DATA_DIR = Path('/workspace/data')
OUTPUT_DIR = Path('/workspace')
CONVERSATIONS_FILE = DATA_DIR / 'conversations.json'

# Entity patterns (simple rule-based extraction for determinism)
ENTITY_PATTERNS = {
    'PERSON': r'\b[A-Z][a-z]+\b',
    'PROJECT': r'Project\s+[A-Z][a-z]+',
    'ORGANIZATION': r'\b[A-Z][a-z]*\s+[A-Z][a-z]+\s*Labs?\b',
    'DATE': r'\b(Friday|Monday|Tuesday|Wednesday|Thursday|Saturday|Sunday)\b',
    'TASK': r'\b(draft|review|launch|build|create|implement)\b',
}

KNOWN_PEOPLE = {'Avery', 'Jordan', 'Mina'}
KNOWN_PROJECTS = {'Project Lumen'}
KNOWN_ORGS = {'Northstar Labs'}


class EntityExtractor...

--- Turn 5/25 ---

[ASSISTANT]:


```python
with open('/workspace/percept_context.py', 'w') as f:
    f.write('''#!/usr/bin/env python3
"""
Percept Dashboard - Ambient Context Retrieval Demo
Offline, deterministic entity extraction and relationship building.
"""

import json
import re
from pathlib import Path
from datetime import datetime
from collections import defaultdict
from typing import Dict, List, Any

DATA_DIR = Path('/workspace/data')
OUTPUT_DIR = Path('/workspace')
CONVERSATIONS_FILE = DATA_DIR / 'conversations.json'

ENTITY_PATTERNS = {
    'PERSON': r'\\b[A-Z][a-z]+\\b',
    'PROJECT': r'Project\\s+[A-Z][a-z]+',
    'ORGANIZATION': r'\\b[A-Z][a-z]*\\s+[A-Z][a-z]+\\s*Labs?\\b',
    'DATE': r'\\b(Friday|Monday|Tuesday|Wednesday|Thursday|Saturday|Sunday)\\b',
}

KNOWN_PEOPLE = {'Avery', 'Jordan', 'Mina'}
KNOWN_PROJECTS = {'Project Lumen'}
KNOWN_ORGS = {'Northstar Labs'}


class EntityExtractor:
    def __init__(self):
        self.entity_counts = defaultdict(int)
    
    def extract(self, text: str, context...

--- Turn 6/25 ---

[ASSISTANT]:


```python
script = '''#!/usr/bin/env python3
"""
Percept Dashboard - Ambient Context Retrieval Demo
Offline, deterministic entity extraction and relationship building.
"""

import json
import re
from pathlib import Path
from datetime import datetime
from collections import defaultdict
from typing import Dict, List, Any

DATA_DIR = Path('/workspace/data')
OUTPUT_DIR = Path('/workspace')
CONVERSATIONS_FILE = DATA_DIR / 'conversations.json'

ENTITY_PATTERNS = {
    'PERSON': r'\\b[A-Z][a-z]+\\b',
    'PROJECT': r'Project\\s+[A-Z][a-z]+',
    'ORGANIZATION': r'\\b[A-Z][a-z]*\\s+[A-Z][a-z]+\\s*Labs?\\b',
    'DATE': r'\\b(Friday|Monday|Tuesday|Wednesday|Thursday|Saturday|Sunday)\\b',
}

KNOWN_PEOPLE = {'Avery', 'Jordan', 'Mina'}
KNOWN_PROJECTS = {'Project Lumen'}
KNOWN_ORGS = {'Northstar Labs'}


class EntityExtractor:
    def __init__(self):
        self.entity_counts = defaultdict(int)
    
    def extract(self, text: str, context: Dict) -> List[Dict]:
        extracted = []
        see...

--- Turn 7/25 ---

[ASSISTANT]:


```python
import textwrap

script_content = textwrap.dedent('''
#!/usr/bin/env python3
"""
Percept Dashboard - Ambient Context Retrieval Demo
Offline, deterministic entity extraction and relationship building.
"""

import json
import re
from pathlib import Path
from datetime import datetime
from collections import defaultdict
from typing import Dict, List, Any

DATA_DIR = Path('/workspace/data')
OUTPUT_DIR = Path('/workspace')
CONVERSATIONS_FILE = DATA_DIR / 'conversations.json'

ENTITY_PATTERNS = {
    'PERSON': r'\\b[A-Z][a-z]+\\b',
    'PROJECT': r'Project\\s+[A-Z][a-z]+',
    'ORGANIZATION': r'\\b[A-Z][a-z]*\\s+[A-Z][a-z]+\\s*Labs?\\b',
    'DATE': r'\\b(Friday|Monday|Tuesday|Wednesday|Thursday|Saturday|Sunday)\\b',
}

KNOWN_PEOPLE = {'Avery', 'Jordan', 'Mina'}
KNOWN_PROJECTS = {'Project Lumen'}
KNOWN_ORGS = {'Northstar Labs'}


class EntityExtractor:
    def __init__(self):
        self.entity_counts = defaultdict(int)
    
    def extract(self, text: str, context: Dict) -> List...

--- Turn 8/25 ---

[ASSISTANT]:


```bash
cat > /workspace/percept_context.py << 'ENDOFSCRIPT'
#!/usr/bin/env python3
"""
Percept Dashboard - Ambient Context Retrieval Demo
Offline, deterministic entity extraction and relationship building.
"""

import json
import re
from pathlib import Path
from datetime import datetime
from collections import defaultdict

DATA_DIR = Path('/workspace/data')
OUTPUT_DIR = Path('/workspace')
CONVERSATIONS_FILE = DATA_DIR / 'conversations.json'

ENTITY_PATTERNS = {
    'PERSON': r'\b[A-Z][a-z]+\b',
    'PROJECT': r'Project\s+[A-Z][a-z]+',
    'ORGANIZATION': r'\b[A-Z][a-z]*\s+[A-Z][a-z]+\s*Labs?\b',
    'DATE': r'\b(Friday|Monday|Tuesday|Wednesday|Thursday|Saturday|Sunday)\b',
}

KNOWN_PEOPLE = {'Avery', 'Jordan', 'Mina'}
KNOWN_PROJECTS = {'Project Lumen'}
KNOWN_ORGS = {'Northstar Labs'}


class EntityExtractor:
    def __init__(self):
        self.entity_counts = defaultdict(int)
    
    def extract(self, text, context):
        extracted = []
        seen = set()
        
        for...

--- Turn 9/25 ---

[ASSISTANT]:


```bash
cat > /workspace/percept_context.py << 'EOF'
#!/usr/bin/env python3
"""Percept Dashboard - Ambient Context Retrieval Demo"""

import json
import re
from pathlib import Path
from datetime import datetime
from collections import defaultdict

DATA_DIR = Path('/workspace/data')
OUTPUT_DIR = Path('/workspace')
CONVERSATIONS_FILE = DATA_DIR / 'conversations.json'

ENTITY_PATTERNS = {
    'PERSON': r'\b[A-Z][a-z]+\b',
    'PROJECT': r'Project\s+[A-Z][a-z]+',
    'ORGANIZATION': r'\b[A-Z][a-z]*\s+[A-Z][a-z]+\s*Labs?\b',
    'DATE': r'\b(Friday|Monday|Tuesday|Wednesday|Thursday|Saturday|Sunday)\b',
}

KNOWN_PEOPLE = {'Avery', 'Jordan', 'Mina'}
KNOWN_PROJECTS = {'Project Lumen'}
KNOWN_ORGS = {'Northstar Labs'}

class EntityExtractor:
    def extract(self, text, context):
        extracted = []
        seen = set()
        for entity_type, pattern in ENTITY_PATTERNS.items():
            for match in re.finditer(pattern, text):
                entity_text = match.group(0)
               ...

--- Turn 10/25 ---
[API ERROR]: Error code: 400 - {'error': {'message': "You passed 14337 input tokens and requested 2048 output tokens. However, the model's context length is only 16384 tokens, resulting in a maximum input length of 14336 tokens. Please reduce the length of the input prompt. (parameter=input_tokens, value=14337)", 'type': 'BadRequestError', 'param': 'input_tokens', 'code': 400}}

--- Turn 11/25 ---
[API ERROR]: Error code: 400 - {'error': {'message': "You passed 14337 input tokens and requested 2048 output tokens. However, the model's context length is only 16384 tokens, resulting in a maximum input length of 14336 tokens. Please reduce the length of the input prompt. (parameter=input_tokens, value=14337)", 'type': 'BadRequestError', 'param': 'input_tokens', 'code': 400}}

--- Turn 12/25 ---
[API ERROR]: Error code: 400 - {'error': {'message': "You passed 14337 input tokens and requested 2048 output tokens. However, the model's context length is only 16384 tokens, resulting in a maximum input length of 14336 tokens. Please reduce the length of the input prompt. (parameter=input_tokens, value=14337)", 'type': 'BadRequestError', 'param': 'input_tokens', 'code': 400}}

--- Turn 13/25 ---
[API ERROR]: Error code: 400 - {'error': {'message': "You passed 14337 input tokens and requested 2048 output tokens. However, the model's context length is only 16384 tokens, resulting in a maximum input length of 14336 tokens. Please reduce the length of the input prompt. (parameter=input_tokens, value=14337)", 'type': 'BadRequestError', 'param': 'input_tokens', 'code': 400}}

--- Turn 14/25 ---
[API ERROR]: Error code: 400 - {'error': {'message': "You passed 14337 input tokens and requested 2048 output tokens. However, the model's context length is only 16384 tokens, resulting in a maximum input length of 14336 tokens. Please reduce the length of the input prompt. (parameter=input_tokens, value=14337)", 'type': 'BadRequestError', 'param': 'input_tokens', 'code': 400}}

--- Turn 15/25 ---
[API ERROR]: Error code: 400 - {'error': {'message': "You passed 14337 input tokens and requested 2048 output tokens. However, the model's context length is only 16384 tokens, resulting in a maximum input length of 14336 tokens. Please reduce the length of the input prompt. (parameter=input_tokens, value=14337)", 'type': 'BadRequestError', 'param': 'input_tokens', 'code': 400}}

--- Turn 16/25 ---
[API ERROR]: Error code: 400 - {'error': {'message': "You passed 14337 input tokens and requested 2048 output tokens. However, the model's context length is only 16384 tokens, resulting in a maximum input length of 14336 tokens. Please reduce the length of the input prompt. (parameter=input_tokens, value=14337)", 'type': 'BadRequestError', 'param': 'input_tokens', 'code': 400}}

--- Turn 17/25 ---
[API ERROR]: Error code: 400 - {'error': {'message': "You passed 14337 input tokens and requested 2048 output tokens. However, the model's context length is only 16384 tokens, resulting in a maximum input length of 14336 tokens. Please reduce the length of the input prompt. (parameter=input_tokens, value=14337)", 'type': 'BadRequestError', 'param': 'input_tokens', 'code': 400}}

--- Turn 18/25 ---
[API ERROR]: Error code: 400 - {'error': {'message': "You passed 14337 input tokens and requested 2048 output tokens. However, the model's context length is only 16384 tokens, resulting in a maximum input length of 14336 tokens. Please reduce the length of the input prompt. (parameter=input_tokens, value=14337)", 'type': 'BadRequestError', 'param': 'input_tokens', 'code': 400}}

--- Turn 19/25 ---
[API ERROR]: Error code: 400 - {'error': {'message': "You passed 14337 input tokens and requested 2048 output tokens. However, the model's context length is only 16384 tokens, resulting in a maximum input length of 14336 tokens. Please reduce the length of the input prompt. (parameter=input_tokens, value=14337)", 'type': 'BadRequestError', 'param': 'input_tokens', 'code': 400}}

--- Turn 20/25 ---
[API ERROR]: Error code: 400 - {'error': {'message': "You passed 14337 input tokens and requested 2048 output tokens. However, the model's context length is only 16384 tokens, resulting in a maximum input length of 14336 tokens. Please reduce the length of the input prompt. (parameter=input_tokens, value=14337)", 'type': 'BadRequestError', 'param': 'input_tokens', 'code': 400}}

--- Turn 21/25 ---
[API ERROR]: Error code: 400 - {'error': {'message': "You passed 14337 input tokens and requested 2048 output tokens. However, the model's context length is only 16384 tokens, resulting in a maximum input length of 14336 tokens. Please reduce the length of the input prompt. (parameter=input_tokens, value=14337)", 'type': 'BadRequestError', 'param': 'input_tokens', 'code': 400}}

--- Turn 22/25 ---
[API ERROR]: Error code: 400 - {'error': {'message': "You passed 14337 input tokens and requested 2048 output tokens. However, the model's context length is only 16384 tokens, resulting in a maximum input length of 14336 tokens. Please reduce the length of the input prompt. (parameter=input_tokens, value=14337)", 'type': 'BadRequestError', 'param': 'input_tokens', 'code': 400}}

--- Turn 23/25 ---
[API ERROR]: Error code: 400 - {'error': {'message': "You passed 14337 input tokens and requested 2048 output tokens. However, the model's context length is only 16384 tokens, resulting in a maximum input length of 14336 tokens. Please reduce the length of the input prompt. (parameter=input_tokens, value=14337)", 'type': 'BadRequestError', 'param': 'input_tokens', 'code': 400}}

--- Turn 24/25 ---
[API ERROR]: Error code: 400 - {'error': {'message': "You passed 14337 input tokens and requested 2048 output tokens. However, the model's context length is only 16384 tokens, resulting in a maximum input length of 14336 tokens. Please reduce the length of the input prompt. (parameter=input_tokens, value=14337)", 'type': 'BadRequestError', 'param': 'input_tokens', 'code': 400}}

--- Turn 25/25 ---
[API ERROR]: Error code: 400 - {'error': {'message': "You passed 14337 input tokens and requested 2048 output tokens. However, the model's context length is only 16384 tokens, resulting in a maximum input length of 14336 tokens. Please reduce the length of the input prompt. (parameter=input_tokens, value=14337)", 'type': 'BadRequestError', 'param': 'input_tokens', 'code': 400}}

⚠️ Agent reached max turns (25)

Conversation saved to results/repair_run_Qwen3.5-27B_20260413_151325/jarvis563-percept-ambient_create_hard_004/conversation.json

============================================================
Running evaluation...
============================================================

Results for jarvis563-percept-ambient_create_hard_004:
  Passed: False
  Score:  0.00
  Checks:
    ❌ summary_exists_and_mentions_core_entities: summary.txt is missing.
    ❌ context_packet_json_valid: context_packet.json is missing.
    ❌ entities_csv_contains_expected_rows: entities.csv is missing.
    ❌ input_marker_present: Unexpected error: too many values to unpack (expected 2)

Cleaning up container 5245aab745f3...
Container removed.

