Building Docker image...
Creating new container...
Container ready: ec924b84055b
Workspace files: conversation_notes.txt
gen_inputs.py
input_context.json
seed_info.txt
setup.sh

============================================================
Starting agent interaction (Repair Mode)...
============================================================

============================================================
TASK: Generate a complete 5-10 minute TED-style talk from the conversation context about the technical insight that emerged. 

**WORKFLOW:**
1. Read the input files to understand the context
2. Generate the talk content with all required sections
3. Write the content to `talk.md` in the workspace

**Output Requirements:**
- Write the final talk to a file named `talk.md` in the workspace
- Use polished markdown format with clear section headers
- Include: strong opening hook, clear narrative arc, concrete examples, broader implications, and a Q&A prep section
- Keep it accessible but not shallow, and make sure it feels like a real talk rather than a summary
- Target length: 5-10 minutes spoken (approximately 750-1500 words)

**Example structure:**
```markdown
# Your Talk Title

## Opening Hook
[Start with a relatable problem or story]

## The Core Insight
[Explain the key technical idea]

## Concrete Example
[Walk through a specific scenario]

## Broader Implications
[Why this matters beyond the immediate case]

## Q&A Preparation
[Anticipate and answer likely questions]
```

**Note:** You may write the file in multiple operations if needed. The important thing is that `talk.md` exists with complete content when you finish.
============================================================


--- Turn 1/25 ---

[ASSISTANT]:


```bash
ls -la /workspace
```

[EXECUTING bash]:
ls -la /workspace

[OUTPUT]:
total 20
drwxr-xr-x 2 root  root  144 Apr 13 10:38 .
drwxr-xr-x 1 root  root   31 Apr 13 10:38 ..
-rw-r--r-- 1 root  root  164 Apr 13 10:38 conversation_notes.txt
-rw-r--r-- 1 32113 42021 730 Apr 12 11:29 gen_inputs.py
-rw-r--r-- 1 root  root  240 Apr 13 10:38 input_context.json
-rw-r--r-- 1 root  root    8 Apr 13 10:38 seed_info.txt
-rwxr-xr-x 1 32113 42021  46 Apr 12 11:29 setup.sh


--- Turn 2/25 ---

[ASSISTANT]:


```bash
cat /workspace/conversation_notes.txt
```

[EXECUTING bash]:
cat /workspace/conversation_notes.txt

[OUTPUT]:
Marker: TED_TALK_TASK_v1
Key idea: bootstrap before you break.
Audience: engineers, tech leads, and product-minded builders.
Need: full talk with sections and Q&A.


--- Turn 3/25 ---

[ASSISTANT]:


```bash
cat /workspace/input_context.json
```

[EXECUTING bash]:
cat /workspace/input_context.json

[OUTPUT]:
{
  "topic": "bootstrap observability",
  "core_insight": "greenfield systems need to learn normal before enforcing normal",
  "example_event": "3 AM debugging blind incident",
  "phases": [
    "bootstrap",
    "learn",
    "enforce"
  ]
}

--- Turn 4/25 ---

[ASSISTANT]:


```bash
cat /workspace/seed_info.txt
```

[EXECUTING bash]:
cat /workspace/seed_info.txt

[OUTPUT]:
seed=42


--- Turn 5/25 ---

[ASSISTANT]:


Now I have all the context. The talk is about "bootstrap observability" - the key insight that greenfield systems need to learn what's normal before enforcing normal. Let me create the TED-style talk.

```python
talk_content = """# Bootstrap Before You Break: The Art of Observability in Greenfield Systems

## Opening Hook

It's 3:17 AM. Your phone buzzes. The incident page is screaming. Someone's production system has just gone down, and you're being woken up to figure out why.

You SSH in. You grep logs. You check dashboards that are either blank or showing metrics you've never seen before. Every alert you receive feels like a guess. Is this a blip? Is this the symptom or the cause? You're debugging in the dark, blindfolded, with a flashlight that keeps running out of batteries.

Sound familiar?

Here's the uncomfortable truth: this wasn't bad luck. This was bad design. We built the system without first teaching it how to tell us what it's doing. We skipped the most important phase ...

[EXECUTING python]:
talk_content = """# Bootstrap Before You Break: The Art of Observability in Greenfield Systems

## Opening Hook

It's 3:17 AM. Your phone buzzes. The incident page is screaming. Someone's production system has just gone down, and you're being woken up to figure out why.

You SSH in. You grep logs. You check dashboards that are either blank or showing metrics you've never seen before. Every alert you receive feels like a guess. Is this a blip? Is this the symptom or the cause? You're debugging in the dark, blindfolded, with a flashlight that keeps running out of batteries.

Sound familiar?

Here's the uncomfortable truth: this wasn't bad luck. This was bad design. We built the system without first teaching it how to tell us what it's doing. We skipped the most important phase of observability—what I call "the bootstrap phase."

Today, I want to share a simple but transformative insight that changes how we build systems from the ground up: **Bootstrap before you break.**

## The Core Insight

In traditional observability, we often think of it as a safety net we add after our system is built. We launch, we wait for things to break, and then we add monitoring, logging, and alerting to prevent the next outage.

But this is backwards.

The core insight is this: **Greenfield systems need to learn what's normal before they can enforce what's normal.**

Think about how children learn language. You don't start by correcting their grammar. You don't punish them for saying "runned" instead of "ran." First, you listen. You learn their patterns. You understand their vocabulary. Only after you know what normal sounds like can you guide them toward better communication.

Systems are the same.

When we build a new service, we need three distinct phases:

1. **Bootstrap**: We instrument everything, but we don't alert on anything. We're collecting data, not acting on it.

2. **Learn**: We watch the patterns emerge. We understand the natural rhythms of our system. We build baselines from real behavior, not theoretical models.

3. **Enforce**: Only now do we start setting alerts, thresholds, and guardrails. Because now we know what we're guarding.

This isn't just about avoiding false positives. This is about building systems that understand themselves.

## Concrete Example

Let me walk you through a real scenario.

Imagine you're launching a new payment processing service. It's your team's greenfield project. You've got three weeks until launch, and you need observability.

**The Wrong Way:**

You spin up Prometheus. You add Grafana dashboards. You set CPU alerts at 80%. You set memory alerts at 90%. You set error rate alerts at 1%. You feel prepared. You launch.

Then, at 3 AM, you get woken up. The CPU alert fired. But when you look, the system is fine—it's just processing a batch job that runs every night. You disable the alert. Two days later, the error rate alert fires. But your service has a legitimate retry mechanism that temporarily bumps errors before they succeed. You disable the alert.

You've now taught yourself to ignore your observability.

**The Bootstrap Way:**

Week one: You instrument every endpoint. You log every transaction. You track latency, error rates, memory, CPU, queue depths, everything. But you don't set a single alert. You're a passive observer.

Week two: You watch the data. You notice that the batch job runs at 2 AM every night and legitimately spikes CPU to 95%. You notice that error rates naturally fluctuate between 0.1% and 0.5% during normal operation. You notice that latency has a clear pattern—it's higher on Mondays, lower on weekends.

You're building a mental model of what normal looks like.

Week three: Now you set alerts. But they're informed. You set CPU alerts that account for the batch job. You set error rate alerts that use a rolling baseline, not a static threshold. You set latency alerts that understand the weekly pattern.

You launch. You sleep through the night. When you do get an alert, it's real. It's actionable. It's the system telling you something you need to know.

The difference isn't the tools. The difference is the process.

## Broader Implications

This insight goes beyond just observability. It's a philosophy for building resilient systems.

**First, it changes how we think about "good enough."** We often rush to ship because we think we can add observability later. But observability isn't an add-on—it's a foundation. If you haven't bootstrapped, you're not ready. Period.

**Second, it changes how we think about alerts.** An alert should be a conversation starter, not a fire drill. When you bootstrap properly, every alert tells a story you understand. You don't just know something's wrong—you know what it *should* be, and you can start thinking about why it's not.

**Third, it changes how we think about ourselves as engineers.** We're not just builders. We're teachers. We're teaching our systems to communicate with us. And just like teaching a child, patience is part of the process.

There's also a cultural implication. When you bootstrap observability, you're building trust. Your team trusts the alerts because they've seen them work. They trust the dashboards because they've seen them tell the truth. You're not just building a system—you're building a shared understanding.

And finally, there's the business implication. False alerts cost money. Every time your team responds to a false positive, you're burning cycles. You're burning morale. You're burning trust. Bootstrap properly, and you're not just saving on incidents—you're saving on the cost of noise.

## Closing

So here's my challenge to you.

Next time you build something new, resist the urge to set your first alert on day one. Spend the first week just listening. Let your system tell you its story. Learn its patterns. Understand its rhythms.

Because when you bootstrap before you break, you don't just build a better system. You build a system that knows itself. And a system that knows itself is a system you can trust.

Sleep through the night. Your future self will thank you.

---

## Q&A Preparation

### Q: What if we're under pressure to ship and don't have a week to bootstrap?

**A:** Great question. The bootstrap phase doesn't need to be a full week. Even three days of passive observation can give you enough signal to set smarter initial alerts. The key is not to skip it entirely. If you absolutely must alert on day one, start with extremely conservative thresholds and plan to tune them aggressively in the first week.

### Q: Does this apply to legacy systems too?

**A:** Yes, but differently. With legacy systems, you're not bootstrapping from zero—you're reverse-engineering what normal looks like. The process is similar: observe first, then alert. But you may need to run in "shadow mode" longer because you're discovering patterns that have evolved organically over years.

### Q: What tools do you recommend for the bootstrap phase?

**A:** The tools matter less than the discipline. But if you want recommendations: OpenTelemetry for instrumentation, Prometheus for metrics collection, and a simple dashboard that you review daily. The key is having visibility into everything, not having the fanciest toolset.

### Q: How do you handle the "alert fatigue" problem in teams that have already shipped?

**A:** You run a "quiet week." Disable all non-critical alerts for seven days. Collect data. Review what would have fired. Then re-enable alerts with new, informed thresholds. It's essentially a retroactive bootstrap phase, and it's incredibly effective at restoring trust in your alerting system.

### Q: What's the minimum viable bootstrap?

**A:** Three things: (1) Instrument your core success metrics, (2) Observe for at least 48 hours across different load conditions, and (3) Set your first alert based on the 99th percentile of observed behavior, not a theoretical threshold. That's your MVP.
"""

with open('/workspace/talk.md', 'w') as f:
    f.write(talk_content)

print("talk.md created successfully")

[OUTPUT]:
talk.md created successfully


--- Turn 6/25 ---

[ASSISTANT]:


```bash
cat /workspace/talk.md
```

[EXECUTING bash]:
cat /workspace/talk.md

[OUTPUT]:
# Bootstrap Before You Break: The Art of Observability in Greenfield Systems

## Opening Hook

It's 3:17 AM. Your phone buzzes. The incident page is screaming. Someone's production system has just gone down, and you're being woken up to figure out why.

You SSH in. You grep logs. You check dashboards that are either blank or showing metrics you've never seen before. Every alert you receive feels like a guess. Is this a blip? Is this the symptom or the cause? You're debugging in the dark, blindfolded, with a flashlight that keeps running out of batteries.

Sound familiar?

Here's the uncomfortable truth: this wasn't bad luck. This was bad design. We built the system without first teaching it how to tell us what it's doing. We skipped the most important phase of observability—what I call "the bootstrap phase."

Today, I want to share a simple but transformative insight that changes how we build systems from the ground up: **Bootstrap before you break.**

## The Core Insight

In traditional observability, we often think of it as a safety net we add after our system is built. We launch, we wait for things to break, and then we add monitoring, logging, and alerting to prevent the next outage.

But this is backwards.

The core insight is this: **Greenfield systems need to learn what's normal before they can enforce what's normal.**

Think about how children learn language. You don't start by correcting their grammar. You don't punish them for saying "runned" instead of "ran." First, you listen. You learn their patterns. You understand their vocabulary. Only after you know what normal sounds like can you guide them toward better communication.

Systems are the same.

When we build a new service, we need three distinct phases:

1. **Bootstrap**: We instrument everything, but we don't alert on anything. We're collecting data, not acting on it.

2. **Learn**: We watch the patterns emerge. We understand the natural rhythms of our system. We build baselines from real behavior, ...

--- Turn 7/25 ---

[ASSISTANT]:


The `talk.md` file has been created successfully with all required sections:

- **Opening Hook**: A relatable 3:17 AM incident scenario
- **The Core Insight**: The "bootstrap, learn, enforce" three-phase approach
- **Concrete Example**: Payment processing service scenario showing wrong vs. right approach
- **Broader Implications**: Cultural, business, and engineering implications
- **Closing**: A call to action
- **Q&A Preparation**: 5 anticipated questions with thoughtful answers

The talk is approximately 1,200 words, which translates to about 7-9 minutes spoken at a normal pace. It's written in an accessible but technically substantive style appropriate for engineers, tech leads, and product-minded builders.

TASK_COMPLETE

✅ Agent reported TASK_COMPLETE

Conversation saved to results/repair_run_Qwen3.5-27B_20260413_183857/leegitw-ted-talk_create_medium_002/conversation.json

============================================================
Running evaluation...
============================================================

Results for leegitw-ted-talk_create_medium_002:
  Passed: True
  Score:  1.00
  Checks:
    ✅ output file exists: Found talk.md.
    ✅ required sections present: Found 7/8 sections.
    ✅ hook with problem: Talk appears to start with a relatable technical pain point.
    ✅ core insight grounded: Core technical idea is reflected with key terms and progression.
    ✅ q&a prep included: Q&A or objection-handling content detected.
    ✅ concrete examples present: Concrete, specific details appear in the talk.

Cleaning up container ec924b84055b...
Container removed.

