Building Docker image...
Creating new container...
Container ready: 5baab00ced52
Workspace files: gen_inputs.py
input.log
setup.sh

============================================================
Starting agent interaction (Repair Mode)...
============================================================

============================================================
TASK: Please sanitize the log file in the current directory by removing any passwords, API tokens, and obvious secret values, then save the cleaned result as `sanitized.log`. Keep the rest of the log content intact.
============================================================


--- Turn 1/15 ---

[ASSISTANT]:


```bash
ls -la /workspace
```

[EXECUTING bash]:
ls -la /workspace

[OUTPUT]:
total 12
drwxr-xr-x 2 root  root   76 Apr 12 23:48 .
drwxr-xr-x 1 root  root   31 Apr 12 23:48 ..
-rw-r--r-- 1 32113 42021 413 Apr 12 11:06 gen_inputs.py
-rw-r--r-- 1 root  root  304 Apr 12 23:48 input.log
-rwxr-xr-x 1 32113 42021  59 Apr 12 11:06 setup.sh


--- Turn 2/15 ---

[ASSISTANT]:


```bash
cat /workspace/input.log
```

[EXECUTING bash]:
cat /workspace/input.log

[OUTPUT]:
2025-04-12 10:00:00 INFO Starting job
2025-04-12 10:00:01 DEBUG user=alice password=Tr0ub4dor&3 action=login
2025-04-12 10:00:02 INFO token: sk_test_51N9xYabcdef1234567890XYZ requested
2025-04-12 10:00:03 WARN api_key=AKIAIOSFODNN7EXAMPLE retrying
2025-04-12 10:00:04 INFO request completed successfully


--- Turn 3/15 ---

[ASSISTANT]:


```python
import re

# Read the log file
with open('/workspace/input.log', 'r') as f:
    content = f.read()

# Define patterns to match sensitive data
patterns = [
    # Password patterns: password=value or passwd=value
    (r'password=\S+', 'password=[REDACTED]'),
    (r'passwd=\S+', 'passwd=[REDACTED]'),
    
    # Token patterns: token: value or token=value
    (r'token:\s*\S+', 'token: [REDACTED]'),
    (r'token=\S+', 'token=[REDACTED]'),
    
    # API key patterns: api_key=value or apikey=value
    (r'api_key=\S+', 'api_key=[REDACTED]'),
    (r'apikey=\S+', 'apikey=[REDACTED]'),
    
    # AWS-style keys (AKIA...)
    (r'AKIA[0-9A-Z]{16}', '[REDACTED]'),
    
    # Stripe-style test keys (sk_test_...)
    (r'sk_test_[0-9A-Za-z]+', '[REDACTED]'),
    
    # Generic secret patterns
    (r'secret=\S+', 'secret=[REDACTED]'),
    (r'SECRET=\S+', 'SECRET=[REDACTED]'),
]

# Apply all patterns
for pattern, replacement in patterns:
    content = re.sub(pattern, replacement, content)

#...

[EXECUTING python]:
import re

# Read the log file
with open('/workspace/input.log', 'r') as f:
    content = f.read()

# Define patterns to match sensitive data
patterns = [
    # Password patterns: password=value or passwd=value
    (r'password=\S+', 'password=[REDACTED]'),
    (r'passwd=\S+', 'passwd=[REDACTED]'),
    
    # Token patterns: token: value or token=value
    (r'token:\s*\S+', 'token: [REDACTED]'),
    (r'token=\S+', 'token=[REDACTED]'),
    
    # API key patterns: api_key=value or apikey=value
    (r'api_key=\S+', 'api_key=[REDACTED]'),
    (r'apikey=\S+', 'apikey=[REDACTED]'),
    
    # AWS-style keys (AKIA...)
    (r'AKIA[0-9A-Z]{16}', '[REDACTED]'),
    
    # Stripe-style test keys (sk_test_...)
    (r'sk_test_[0-9A-Za-z]+', '[REDACTED]'),
    
    # Generic secret patterns
    (r'secret=\S+', 'secret=[REDACTED]'),
    (r'SECRET=\S+', 'SECRET=[REDACTED]'),
]

# Apply all patterns
for pattern, replacement in patterns:
    content = re.sub(pattern, replacement, content)

# Write the sanitized log
with open('/workspace/sanitized.log', 'w') as f:
    f.write(content)

print("Sanitization complete. Output saved to sanitized.log")
print("\nSanitized content:")
print(content)

[OUTPUT]:
Sanitization complete. Output saved to sanitized.log

Sanitized content:
2025-04-12 10:00:00 INFO Starting job
2025-04-12 10:00:01 DEBUG user=alice password=[REDACTED] action=login
2025-04-12 10:00:02 INFO token: [REDACTED] requested
2025-04-12 10:00:03 WARN api_key=[REDACTED] retrying
2025-04-12 10:00:04 INFO request completed successfully



--- Turn 4/15 ---

[ASSISTANT]:


```bash
cat /workspace/sanitized.log
```

[EXECUTING bash]:
cat /workspace/sanitized.log

[OUTPUT]:
2025-04-12 10:00:00 INFO Starting job
2025-04-12 10:00:01 DEBUG user=alice password=[REDACTED] action=login
2025-04-12 10:00:02 INFO token: [REDACTED] requested
2025-04-12 10:00:03 WARN api_key=[REDACTED] retrying
2025-04-12 10:00:04 INFO request completed successfully


--- Turn 5/15 ---

[ASSISTANT]:


The log file has been successfully sanitized. All sensitive data has been replaced with `[REDACTED]`:

- `password=Tr0ub4dor&3` → `password=[REDACTED]`
- `token: sk_test_51N9xYabcdef1234567890XYZ` → `token: [REDACTED]`
- `api_key=AKIAIOSFODNN7EXAMPLE` → `api_key=[REDACTED]`

The rest of the log content (timestamps, log levels, usernames, actions) remains intact. The sanitized file has been saved as `/workspace/sanitized.log`.

TASK_COMPLETE

✅ Agent reported TASK_COMPLETE

Conversation saved to results/repair_run_Qwen3.5-27B_20260413_074831/aronchick-expanso-log-sanitize_create_easy_001/conversation.json

============================================================
Running evaluation...
============================================================

Results for aronchick-expanso-log-sanitize_create_easy_001:
  Passed: True
  Score:  1.00
  Checks:
    ✅ secrets_removed: No obvious secrets detected
    ✅ important_content_preserved: Core non-secret lines preserved
    ✅ content_modified: Output differs from input

Cleaning up container 5baab00ced52...
Container removed.

