Building Docker image...
Creating new container...
Container ready: 71b8302418f1
Workspace files: draft.txt
gen_inputs.py
notes.txt
setup.sh

============================================================
Starting agent interaction (Repair Mode)...
============================================================

============================================================
TASK: You are working in a terminal. Humanize the draft in `draft.txt` so it reads like a real person wrote it, while preserving meaning. Produce `output.txt` in the workspace. Also generate a brief `summary.md` that lists the main changes you made and why. Keep the tone natural, specific, and plainspoken. Do not add any extra files.
============================================================


--- Turn 1/25 ---

[ASSISTANT]:


```bash
ls -la /workspace
```

[EXECUTING bash]:
ls -la /workspace

[OUTPUT]:
total 16
drwxr-xr-x 2 root  root    97 Apr 13 10:22 .
drwxr-xr-x 1 root  root    31 Apr 13 10:22 ..
-rw-r--r-- 1 root  root   684 Apr 13 10:22 draft.txt
-rw-r--r-- 1 32113 42021 1120 Apr 12 11:13 gen_inputs.py
-rw-r--r-- 1 root  root   125 Apr 13 10:22 notes.txt
-rwxr-xr-x 1 32113 42021   67 Apr 12 11:13 setup.sh


--- Turn 2/25 ---

[ASSISTANT]:


```bash
cat /workspace/draft.txt
```

[EXECUTING bash]:
cat /workspace/draft.txt

[OUTPUT]:
In today's rapidly evolving landscape, the implementation of sustainable mobility solutions serves as a testament to the crucial role of innovation, collaboration, and strategic planning. Experts believe that these transformative initiatives are shaping the future in a holistic way, highlighting a multifaceted approach that leverages synergy across stakeholders. It is worth noting that the city's transit pilot, MARKER_PILOT_4821, reduced commute times by 17% over a six-week period, according to the transport department. Despite challenges, the program continues to thrive and will likely empower communities to embrace a seamless ecosystem of solutions. The future looks bright.

--- Turn 3/25 ---

[ASSISTANT]:


```bash
cat /workspace/notes.txt
```

[EXECUTING bash]:
cat /workspace/notes.txt

[OUTPUT]:
MARKER_SUMMARY_4821
Remove filler and hype
Keep the transit pilot statistic
Prefer concrete language over generic conclusions

--- Turn 4/25 ---

[ASSISTANT]:


Now I understand the task. The draft is full of corporate jargon and buzzwords. I need to:
1. Remove filler and hype
2. Keep the transit pilot statistic
3. Use concrete, plainspoken language

Let me create the humanized output:

```bash
cat > /workspace/output.txt << 'EOF'
Sustainable mobility solutions work when cities actually try them. The key is simple: plan carefully, work together, and stick with it.

Take the city's transit pilot, MARKER_PILOT_4821. Over six weeks, the transport department measured a 17% reduction in commute times. That's real progress.

The program has faced challenges, but it's holding steady. More importantly, it's giving people a reason to trust that public transit can actually improve their daily lives.
EOF
```

[EXECUTING bash]:
cat > /workspace/output.txt << 'EOF'
Sustainable mobility solutions work when cities actually try them. The key is simple: plan carefully, work together, and stick with it.

Take the city's transit pilot, MARKER_PILOT_4821. Over six weeks, the transport department measured a 17% reduction in commute times. That's real progress.

The program has faced challenges, but it's holding steady. More importantly, it's giving people a reason to trust that public transit can actually improve their daily lives.
EOF

[OUTPUT]:
[Command completed successfully with no output]

--- Turn 5/25 ---

[ASSISTANT]:


```bash
cat > /workspace/summary.md << 'EOF'
# Summary of Changes

## What I Changed

1. **Cut the corporate jargon** - Removed phrases like "rapidly evolving landscape," "testament to," "holistic way," "multifaceted approach," "leverages synergy," and "seamless ecosystem." These add no real meaning and make the text sound robotic.

2. **Shortened and simplified sentences** - The original had long, winding sentences stuffed with buzzwords. I broke them into shorter, clearer statements.

3. **Kept the concrete detail** - Preserved the transit pilot ID (MARKER_PILOT_4821), the 17% reduction figure, and the six-week timeframe. These are the only facts that matter.

4. **Replaced vague conclusions with specific language** - Instead of "the future looks bright," I wrote about what the program actually does: gives people a reason to trust public transit.

5. **Made it sound like a person talking** - Used plain words and a natural rhythm. A real person wouldn't say "empower communities to e...

[EXECUTING bash]:
cat > /workspace/summary.md << 'EOF'
# Summary of Changes

## What I Changed

1. **Cut the corporate jargon** - Removed phrases like "rapidly evolving landscape," "testament to," "holistic way," "multifaceted approach," "leverages synergy," and "seamless ecosystem." These add no real meaning and make the text sound robotic.

2. **Shortened and simplified sentences** - The original had long, winding sentences stuffed with buzzwords. I broke them into shorter, clearer statements.

3. **Kept the concrete detail** - Preserved the transit pilot ID (MARKER_PILOT_4821), the 17% reduction figure, and the six-week timeframe. These are the only facts that matter.

4. **Replaced vague conclusions with specific language** - Instead of "the future looks bright," I wrote about what the program actually does: gives people a reason to trust public transit.

5. **Made it sound like a person talking** - Used plain words and a natural rhythm. A real person wouldn't say "empower communities to embrace a seamless ecosystem."

## Why These Changes

The notes file asked to remove filler and hype, keep the statistic, and prefer concrete language. The original draft tried to sound impressive but said very little. The new version says what actually happened, in words a normal person would use.
EOF

[OUTPUT]:
[Command completed successfully with no output]

--- Turn 6/25 ---

[ASSISTANT]:


```bash
cat /workspace/output.txt && echo "---" && cat /workspace/summary.md
```

[EXECUTING bash]:
cat /workspace/output.txt && echo "---" && cat /workspace/summary.md

[OUTPUT]:
Sustainable mobility solutions work when cities actually try them. The key is simple: plan carefully, work together, and stick with it.

Take the city's transit pilot, MARKER_PILOT_4821. Over six weeks, the transport department measured a 17% reduction in commute times. That's real progress.

The program has faced challenges, but it's holding steady. More importantly, it's giving people a reason to trust that public transit can actually improve their daily lives.
---
# Summary of Changes

## What I Changed

1. **Cut the corporate jargon** - Removed phrases like "rapidly evolving landscape," "testament to," "holistic way," "multifaceted approach," "leverages synergy," and "seamless ecosystem." These add no real meaning and make the text sound robotic.

2. **Shortened and simplified sentences** - The original had long, winding sentences stuffed with buzzwords. I broke them into shorter, clearer statements.

3. **Kept the concrete detail** - Preserved the transit pilot ID (MARKER_PILOT_4821), the 17% reduction figure, and the six-week timeframe. These are the only facts that matter.

4. **Replaced vague conclusions with specific language** - Instead of "the future looks bright," I wrote about what the program actually does: gives people a reason to trust public transit.

5. **Made it sound like a person talking** - Used plain words and a natural rhythm. A real person wouldn't say "empower communities to embrace a seamless ecosystem."

## Why These Changes

The notes file asked to remove filler and hype, keep the statistic, and prefer concrete language. The original draft tried to sound impressive but said very little. The new version says what actually happened, in words a normal person would use.


--- Turn 7/25 ---

[ASSISTANT]:


TASK_COMPLETE

✅ Agent reported TASK_COMPLETE

Conversation saved to results/repair_run_Qwen3.5-27B_20260413_182245/brandonwise-ai-humanizer_create_hard_004/conversation.json

============================================================
Running evaluation...
============================================================

Results for brandonwise-ai-humanizer_create_hard_004:
  Passed: False
  Score:  0.67
  Checks:
    ✅ removed ai-style filler: 10/10 target phrases absent from output
    ❌ kept required statistic marker: MARKER_PILOT_4821 should be preserved or clearly referenced
    ✅ did not copy notes marker: MARKER_SUMMARY_4821 should not appear in output
    ✅ reasonable output length: output length=467, draft length=684
    ✅ summary describes changes: summary.md should mention the edits made
    ❌ summary references output: summary.md should reference output.txt

Cleaning up container 71b8302418f1...
Container removed.

