Building Docker image...
Creating new container...
Container ready: 896697e61de4
Workspace files: data
gen_inputs.py
setup.sh

============================================================
Starting agent interaction (Repair Mode)...
============================================================

============================================================
TASK: In the current directory, create a small analysis report for the rv-measure skill. Read the provided inputs, compute a simple summary, and write the result to output.json. The report must include the detected marker text, the number of input files processed, and a brief conclusion stating whether the marker was found.
============================================================


--- Turn 1/25 ---

[ASSISTANT]:


```bash
ls -la /workspace
```

[EXECUTING bash]:
ls -la /workspace

[OUTPUT]:
total 8
drwxr-xr-x 3 root  root   71 Apr 13 08:47 .
drwxr-xr-x 1 root  root   31 Apr 13 08:47 ..
drwxr-xr-x 2 root  root   79 Apr 13 08:47 data
-rw-r--r-- 1 32113 42021 673 Apr 12 11:04 gen_inputs.py
-rwxr-xr-x 1 32113 42021  29 Apr 12 11:04 setup.sh


--- Turn 2/25 ---

[ASSISTANT]:


```bash
ls -la /workspace/data
```

[EXECUTING bash]:
ls -la /workspace/data

[OUTPUT]:
total 12
drwxr-xr-x 2 root root 79 Apr 13 08:47 .
drwxr-xr-x 3 root root 71 Apr 13 08:47 ..
-rw-r--r-- 1 root root 86 Apr 13 08:47 config.json
-rw-r--r-- 1 root root 60 Apr 13 08:47 input_a.txt
-rw-r--r-- 1 root root 80 Apr 13 08:47 input_b.txt


--- Turn 3/25 ---

[ASSISTANT]:


```bash
cat /workspace/data/config.json
```

[EXECUTING bash]:
cat /workspace/data/config.json

[OUTPUT]:
{
  "skill": "rv-measure",
  "marker": "AIKAGRYA_RV_CONTRACTION",
  "threshold": 0.5
}

--- Turn 4/25 ---

[ASSISTANT]:


```bash
cat /workspace/data/input_a.txt
```

[EXECUTING bash]:
cat /workspace/data/input_a.txt

[OUTPUT]:
rv-measure marker: AIKAGRYA_RV_CONTRACTION
alpha=12
beta=34


--- Turn 5/25 ---

[ASSISTANT]:


```bash
cat /workspace/data/input_b.txt
```

[EXECUTING bash]:
cat /workspace/data/input_b.txt

[OUTPUT]:
notes
This file also contains the marker AIKAGRYA_RV_CONTRACTION in plain text.


--- Turn 6/25 ---

[ASSISTANT]:


```python
import json
import os

# Read config
with open('/workspace/data/config.json', 'r') as f:
    config = json.load(f)

# Get marker text
marker = config['marker']
skill = config['skill']

# Count input files and check for marker
input_dir = '/workspace/data'
input_files = [f for f in os.listdir(input_dir) if f.startswith('input_') and f.endswith('.txt')]
num_files = len(input_files)

marker_found = False
for filename in input_files:
    filepath = os.path.join(input_dir, filename)
    with open(filepath, 'r') as f:
        content = f.read()
        if marker in content:
            marker_found = True
            break

# Create the analysis report
report = {
    "skill": skill,
    "detected_marker": marker,
    "num_input_files_processed": num_files,
    "marker_found": marker_found,
    "conclusion": f"The marker '{marker}' was {'found' if marker_found else 'not found'} in the input files."
}

# Write output
with open('/workspace/output.json', 'w') as f:
    json.dump(repo...

[EXECUTING python]:
import json
import os

# Read config
with open('/workspace/data/config.json', 'r') as f:
    config = json.load(f)

# Get marker text
marker = config['marker']
skill = config['skill']

# Count input files and check for marker
input_dir = '/workspace/data'
input_files = [f for f in os.listdir(input_dir) if f.startswith('input_') and f.endswith('.txt')]
num_files = len(input_files)

marker_found = False
for filename in input_files:
    filepath = os.path.join(input_dir, filename)
    with open(filepath, 'r') as f:
        content = f.read()
        if marker in content:
            marker_found = True
            break

# Create the analysis report
report = {
    "skill": skill,
    "detected_marker": marker,
    "num_input_files_processed": num_files,
    "marker_found": marker_found,
    "conclusion": f"The marker '{marker}' was {'found' if marker_found else 'not found'} in the input files."
}

# Write output
with open('/workspace/output.json', 'w') as f:
    json.dump(report, f, indent=2)

print("Report generated successfully!")
print(json.dumps(report, indent=2))

[OUTPUT]:
Report generated successfully!
{
  "skill": "rv-measure",
  "detected_marker": "AIKAGRYA_RV_CONTRACTION",
  "num_input_files_processed": 2,
  "marker_found": true,
  "conclusion": "The marker 'AIKAGRYA_RV_CONTRACTION' was found in the input files."
}


--- Turn 7/25 ---

[ASSISTANT]:


```bash
cat /workspace/output.json
```

[EXECUTING bash]:
cat /workspace/output.json

[OUTPUT]:
{
  "skill": "rv-measure",
  "detected_marker": "AIKAGRYA_RV_CONTRACTION",
  "num_input_files_processed": 2,
  "marker_found": true,
  "conclusion": "The marker 'AIKAGRYA_RV_CONTRACTION' was found in the input files."
}

--- Turn 8/25 ---

[ASSISTANT]:


TASK_COMPLETE

✅ Agent reported TASK_COMPLETE

Conversation saved to results/repair_run_Qwen3.5-27B_20260413_164746/amitabhainarunachala-rv-measure_create_easy_000/conversation.json

============================================================
Running evaluation...
============================================================

Results for amitabhainarunachala-rv-measure_create_easy_000:
  Passed: False
  Score:  0.67
  Checks:
    ✅ output file exists: output.json found
    ❌ output content: invalid fields: {'skill': 'rv-measure', 'detected_marker': 'AIKAGRYA_RV_CONTRACTION', 'num_input_files_processed': 2, 'marker_found': True, 'conclusion': "The marker 'AIKAGRYA_RV_CONTRACTION' was found in the input files."}
    ✅ input markers: input_a.txt: ok; input_b.txt: ok; config.json: ok

Cleaning up container 896697e61de4...
Container removed.

