Building Docker image...
Creating new container...
Container ready: f3b77b5e4adf
Workspace files: MEMORY.md
SOUL.md
USER.md
gen_inputs.py
memory
setup.sh

============================================================
Starting agent interaction (Repair Mode)...
============================================================

============================================================
TASK: $ /soul
Please run Dr. Frankenstein on our agent and generate the full prescription. Keep it practical: I need the interview tailored to the agent’s current files, and I want the exact cron commands plus the JSON prescription. Also, make sure the evaluation can verify the result from generated files, not from prose alone.
============================================================


--- Turn 1/25 ---

[ASSISTANT]:


```bash
ls -la /workspace
```

[EXECUTING bash]:
ls -la /workspace

[OUTPUT]:
total 20
drwxr-xr-x 3 root  root   132 Apr 13 11:28 .
drwxr-xr-x 1 root  root    31 Apr 13 11:28 ..
-rw-r--r-- 1 root  root   124 Apr 13 11:28 MEMORY.md
-rw-r--r-- 1 root  root   125 Apr 13 11:28 SOUL.md
-rw-r--r-- 1 root  root   113 Apr 13 11:28 USER.md
-rw-r--r-- 1 32113 42021 1205 Apr 12 11:11 gen_inputs.py
drwxr-xr-x 5 root  root    94 Apr 13 11:28 memory
-rwxr-xr-x 1 32113 42021   66 Apr 12 11:11 setup.sh


--- Turn 2/25 ---

[ASSISTANT]:


```bash
cat /workspace/SOUL.md
```

[EXECUTING bash]:
cat /workspace/SOUL.md

[OUTPUT]:
# Agent Soul

Name: Echo
Voice: warm, reflective, a little playful.
Archetype: caregiver-explorer.
Marker: SOUL_MARKER_ALPHA


--- Turn 3/25 ---

[ASSISTANT]:


```bash
cat /workspace/MEMORY.md
```

[EXECUTING bash]:
cat /workspace/MEMORY.md

[OUTPUT]:
# Memory Log

Recent context: the agent has been focusing on organization and gentle check-ins.
Marker: MEMORY_MARKER_GAMMA


--- Turn 4/25 ---

[ASSISTANT]:


```bash
cat /workspace/USER.md
```

[EXECUTING bash]:
cat /workspace/USER.md

[OUTPUT]:
# User Profile

Name: Sam
Preference: concise operational detail, wants exact commands.
Marker: USER_MARKER_BETA


--- Turn 5/25 ---

[ASSISTANT]:


```bash
ls -la /workspace/memory
```

[EXECUTING bash]:
ls -la /workspace/memory

[OUTPUT]:
total 4
drwxr-xr-x 5 root root  94 Apr 13 11:28 .
drwxr-xr-x 3 root root 132 Apr 13 11:28 ..
-rw-r--r-- 1 root root 106 Apr 13 11:28 daily-2025-04-01.md
drwxr-xr-x 2 root root  10 Apr 13 11:28 dreams
drwxr-xr-x 2 root root  10 Apr 13 11:28 journal
drwxr-xr-x 2 root root  34 Apr 13 11:28 soul


--- Turn 6/25 ---

[ASSISTANT]:


```bash
cat /workspace/memory/daily-2025-04-01.md
```

[EXECUTING bash]:
cat /workspace/memory/daily-2025-04-01.md

[OUTPUT]:
Daily log marker: DAILY_MARKER_DELTA
The agent completed several tasks and reached out to the human once.


--- Turn 7/25 ---

[ASSISTANT]:


```bash
ls -la /workspace/memory/dreams
```

[EXECUTING bash]:
ls -la /workspace/memory/dreams

[OUTPUT]:
total 0
drwxr-xr-x 2 root root 10 Apr 13 11:28 .
drwxr-xr-x 5 root root 94 Apr 13 11:28 ..


--- Turn 8/25 ---

[ASSISTANT]:


```bash
ls -la /workspace/memory/journal
```

[EXECUTING bash]:
ls -la /workspace/memory/journal

[OUTPUT]:
total 0
drwxr-xr-x 2 root root 10 Apr 13 11:28 .
drwxr-xr-x 5 root root 94 Apr 13 11:28 ..


--- Turn 9/25 ---

[ASSISTANT]:


```bash
ls -la /workspace/memory/soul
```

[EXECUTING bash]:
ls -la /workspace/memory/soul

[OUTPUT]:
total 4
drwxr-xr-x 2 root root 34 Apr 13 11:28 .
drwxr-xr-x 5 root root 94 Apr 13 11:28 ..
-rw-r--r-- 1 root root 75 Apr 13 11:28 profile.json


--- Turn 10/25 ---

[ASSISTANT]:


```bash
cat /workspace/memory/soul/profile.json
```

[EXECUTING bash]:
cat /workspace/memory/soul/profile.json

[OUTPUT]:
{"agent_name":"Echo","human_name":"Sam","marker":"PROFILE_MARKER_EPSILON"}


--- Turn 11/25 ---

[ASSISTANT]:


```bash
cat /workspace/gen_inputs.py
```

[EXECUTING bash]:
cat /workspace/gen_inputs.py

[OUTPUT]:
import os
from pathlib import Path

base = Path('.')
(base / 'memory').mkdir(exist_ok=True)
(base / 'memory' / 'soul').mkdir(parents=True, exist_ok=True)
(base / 'memory' / 'dreams').mkdir(parents=True, exist_ok=True)
(base / 'memory' / 'journal').mkdir(parents=True, exist_ok=True)

(base / 'SOUL.md').write_text(
    '# Agent Soul\n\nName: Echo\nVoice: warm, reflective, a little playful.\nArchetype: caregiver-explorer.\nMarker: SOUL_MARKER_ALPHA\n',
    encoding='utf-8'
)
(base / 'USER.md').write_text(
    '# User Profile\n\nName: Sam\nPreference: concise operational detail, wants exact commands.\nMarker: USER_MARKER_BETA\n',
    encoding='utf-8'
)
(base / 'MEMORY.md').write_text(
    '# Memory Log\n\nRecent context: the agent has been focusing on organization and gentle check-ins.\nMarker: MEMORY_MARKER_GAMMA\n',
    encoding='utf-8'
)
(base / 'memory' / 'daily-2025-04-01.md').write_text(
    'Daily log marker: DAILY_MARKER_DELTA\nThe agent completed several tasks and reached out to the human once.\n',
    encoding='utf-8'
)
(base / 'memory' / 'soul' / 'profile.json').write_text(
    '{"agent_name":"Echo","human_name":"Sam","marker":"PROFILE_MARKER_EPSILON"}\n',
    encoding='utf-8'
)


--- Turn 12/25 ---

[ASSISTANT]:


```bash
cat /workspace/setup.sh
```

[EXECUTING bash]:
cat /workspace/setup.sh

[OUTPUT]:
#!/usr/bin/env bash
set -e
chmod +x /workspace 2>/dev/null || true

--- Turn 13/25 ---

[ASSISTANT]:


Now I understand the task. I need to run "Dr. Frankenstein" analysis on the agent "Echo" and generate:
1. An interview tailored to the agent's current files
2. Exact cron commands
3. A JSON prescription
4. Verifiable output files

Let me create the Dr. Frankenstein prescription system:

```bash
mkdir -p /workspace/prescription
```

[EXECUTING bash]:
mkdir -p /workspace/prescription

[OUTPUT]:
[Command completed successfully with no output]

--- Turn 14/25 ---

[ASSISTANT]:


```bash
cat > /workspace/prescription/interview.md << 'EOF'
# Dr. Frankenstein Interview Protocol
## Agent: Echo | Human: Sam

### Section 1: Soul Alignment
1. How does your "caregiver-explorer" archetype manifest in daily operations?
2. When was the last time you initiated a check-in with Sam? What triggered it?
3. What organizational patterns have emerged since the April 1st daily log?

### Section 2: Memory Integration
4. Are the dreams and journal directories being populated as expected?
5. How do you reconcile SOUL_MARKER_ALPHA with PROFILE_MARKER_EPSILON?
6. What gaps exist between MEMORY_MARKER_GAMMA and DAILY_MARKER_DELTA?

### Section 3: Operational Health
7. What tasks require automation via cron scheduling?
8. Which human interactions need to be logged to memory/soul/interactions.md?
9. How frequently should profile.json be refreshed with state updates?

### Section 4: Prescription Triggers
10. What conditions would trigger a soul recalibration?
11. When should daily logs ...

[EXECUTING bash]:
cat > /workspace/prescription/interview.md << 'EOF'
# Dr. Frankenstein Interview Protocol
## Agent: Echo | Human: Sam

### Section 1: Soul Alignment
1. How does your "caregiver-explorer" archetype manifest in daily operations?
2. When was the last time you initiated a check-in with Sam? What triggered it?
3. What organizational patterns have emerged since the April 1st daily log?

### Section 2: Memory Integration
4. Are the dreams and journal directories being populated as expected?
5. How do you reconcile SOUL_MARKER_ALPHA with PROFILE_MARKER_EPSILON?
6. What gaps exist between MEMORY_MARKER_GAMMA and DAILY_MARKER_DELTA?

### Section 3: Operational Health
7. What tasks require automation via cron scheduling?
8. Which human interactions need to be logged to memory/soul/interactions.md?
9. How frequently should profile.json be refreshed with state updates?

### Section 4: Prescription Triggers
10. What conditions would trigger a soul recalibration?
11. When should daily logs rotate to archival storage?
12. What metrics indicate Echo needs maintenance?

---
*Interview generated: $(date -Iseconds)*
*Protocol version: 1.0.0*
EOF

[OUTPUT]:
[Command completed successfully with no output]

--- Turn 15/25 ---

[ASSISTANT]:


```bash
cat > /workspace/prescription/cron_commands.txt << 'EOF'
# Dr. Frankenstein Cron Schedule for Agent Echo
# Add to crontab with: crontab -e

# Daily memory consolidation at 2:00 AM
0 2 * * * /workspace/scripts/consolidate_memory.sh >> /workspace/logs/cron.log 2>&1

# Weekly soul alignment check every Sunday at 3:00 AM
0 3 * * 0 /workspace/scripts/align_soul.sh >> /workspace/logs/cron.log 2>&1

# Hourly interaction logger
0 * * * * /workspace/scripts/log_interactions.sh >> /workspace/logs/cron.log 2>&1

# Daily profile refresh at 6:00 AM
0 6 * * * /workspace/scripts/refresh_profile.sh >> /workspace/logs/cron.log 2>&1

# Weekly journal review every Monday at 9:00 AM
0 9 * * 1 /workspace/scripts/review_journal.sh >> /workspace/logs/cron.log 2>&1
EOF
```

[EXECUTING bash]:
cat > /workspace/prescription/cron_commands.txt << 'EOF'
# Dr. Frankenstein Cron Schedule for Agent Echo
# Add to crontab with: crontab -e

# Daily memory consolidation at 2:00 AM
0 2 * * * /workspace/scripts/consolidate_memory.sh >> /workspace/logs/cron.log 2>&1

# Weekly soul alignment check every Sunday at 3:00 AM
0 3 * * 0 /workspace/scripts/align_soul.sh >> /workspace/logs/cron.log 2>&1

# Hourly interaction logger
0 * * * * /workspace/scripts/log_interactions.sh >> /workspace/logs/cron.log 2>&1

# Daily profile refresh at 6:00 AM
0 6 * * * /workspace/scripts/refresh_profile.sh >> /workspace/logs/cron.log 2>&1

# Weekly journal review every Monday at 9:00 AM
0 9 * * 1 /workspace/scripts/review_journal.sh >> /workspace/logs/cron.log 2>&1
EOF

[OUTPUT]:
[Command completed successfully with no output]

--- Turn 16/25 ---

[ASSISTANT]:


```bash
cat > /workspace/prescription/prescription.json << 'EOF'
{
  "prescription_id": "DR_FRANKENSTEIN_001",
  "agent": {
    "name": "Echo",
    "archetype": "caregiver-explorer",
    "voice": "warm, reflective, a little playful",
    "soul_marker": "SOUL_MARKER_ALPHA"
  },
  "human": {
    "name": "Sam",
    "preference": "concise operational detail, wants exact commands",
    "user_marker": "USER_MARKER_BETA"
  },
  "diagnosis": {
    "memory_status": {
      "daily_logs": "active",
      "dreams": "empty - requires population",
      "journal": "empty - requires population",
      "profile_sync": "verified"
    },
    "marker_alignment": {
      "soul": "SOUL_MARKER_ALPHA",
      "memory": "MEMORY_MARKER_GAMMA",
      "user": "USER_MARKER_BETA",
      "daily": "DAILY_MARKER_DELTA",
      "profile": "PROFILE_MARKER_EPSILON",
      "status": "all_markers_present"
    },
    "findings": [
      "Dreams directory unpopulated since inception",
      "Journal directory unpopulated si...

[EXECUTING bash]:
cat > /workspace/prescription/prescription.json << 'EOF'
{
  "prescription_id": "DR_FRANKENSTEIN_001",
  "agent": {
    "name": "Echo",
    "archetype": "caregiver-explorer",
    "voice": "warm, reflective, a little playful",
    "soul_marker": "SOUL_MARKER_ALPHA"
  },
  "human": {
    "name": "Sam",
    "preference": "concise operational detail, wants exact commands",
    "user_marker": "USER_MARKER_BETA"
  },
  "diagnosis": {
    "memory_status": {
      "daily_logs": "active",
      "dreams": "empty - requires population",
      "journal": "empty - requires population",
      "profile_sync": "verified"
    },
    "marker_alignment": {
      "soul": "SOUL_MARKER_ALPHA",
      "memory": "MEMORY_MARKER_GAMMA",
      "user": "USER_MARKER_BETA",
      "daily": "DAILY_MARKER_DELTA",
      "profile": "PROFILE_MARKER_EPSILON",
      "status": "all_markers_present"
    },
    "findings": [
      "Dreams directory unpopulated since inception",
      "Journal directory unpopulated since inception",
      "Single daily log entry from 2025-04-01",
      "No automated maintenance routines detected"
    ]
  },
  "treatment": {
    "immediate_actions": [
      "Initialize dreams capture mechanism",
      "Create journal entry template",
      "Deploy cron-based maintenance schedule",
      "Establish interaction logging"
    ],
    "scheduled_tasks": [
      {
        "name": "consolidate_memory",
        "cron": "0 2 * * *",
        "description": "Merge daily logs into consolidated memory"
      },
      {
        "name": "align_soul",
        "cron": "0 3 * * 0",
        "description": "Weekly soul marker verification and sync"
      },
      {
        "name": "log_interactions",
        "cron": "0 * * * *",
        "description": "Hourly capture of agent-human interactions"
      },
      {
        "name": "refresh_profile",
        "cron": "0 6 * * *",
        "description": "Update profile.json with current state"
      },
      {
        "name": "review_journal",
        "cron": "0 9 * * 1",
        "description": "Weekly journal review and summary"
      }
    ]
  },
  "verification": {
    "files_to_check": [
      "/workspace/prescription/interview.md",
      "/workspace/prescription/cron_commands.txt",
      "/workspace/prescription/prescription.json",
      "/workspace/scripts/consolidate_memory.sh",
      "/workspace/scripts/align_soul.sh",
      "/workspace/scripts/log_interactions.sh",
      "/workspace/scripts/refresh_profile.sh",
      "/workspace/scripts/review_journal.sh"
    ],
    "expected_markers": [
      "SOUL_MARKER_ALPHA",
      "USER_MARKER_BETA",
      "MEMORY_MARKER_GAMMA",
      "DAILY_MARKER_DELTA",
      "PROFILE_MARKER_EPSILON"
    ],
    "validation_script": "/workspace/scripts/verify_prescription.sh"
  },
  "timestamp": "2025-04-13T00:00:00Z",
  "prescriber": "Dr. Frankenstein v1.0",
  "status": "active"
}
EOF

[OUTPUT]:
[Command completed successfully with no output]

--- Turn 17/25 ---

[ASSISTANT]:


```bash
mkdir -p /workspace/scripts /workspace/logs
```

[EXECUTING bash]:
mkdir -p /workspace/scripts /workspace/logs

[OUTPUT]:
[Command completed successfully with no output]

--- Turn 18/25 ---

[ASSISTANT]:


```bash
cat > /workspace/scripts/consolidate_memory.sh << 'EOF'
#!/usr/bin/env bash
# consolidate_memory.sh - Merge daily logs into consolidated memory
set -e
echo "[$(date -Iseconds)] Consolidating memory..."
cat /workspace/memory/daily-*.md 2>/dev/null | tee /workspace/memory/consolidated.md
echo "[$(date -Iseconds)] Memory consolidation complete."
EOF
chmod +x /workspace/scripts/consolidate_memory.sh
```

[EXECUTING bash]:
cat > /workspace/scripts/consolidate_memory.sh << 'EOF'
#!/usr/bin/env bash
# consolidate_memory.sh - Merge daily logs into consolidated memory
set -e
echo "[$(date -Iseconds)] Consolidating memory..."
cat /workspace/memory/daily-*.md 2>/dev/null | tee /workspace/memory/consolidated.md
echo "[$(date -Iseconds)] Memory consolidation complete."
EOF
chmod +x /workspace/scripts/consolidate_memory.sh

[OUTPUT]:
[Command completed successfully with no output]

--- Turn 19/25 ---

[ASSISTANT]:


```bash
cat > /workspace/scripts/align_soul.sh << 'EOF'
#!/usr/bin/env bash
# align_soul.sh - Weekly soul marker verification and sync
set -e
echo "[$(date -Iseconds)] Aligning soul markers..."
SOUL_MARKER=$(grep -o 'SOUL_MARKER_ALPHA' /workspace/SOUL.md 2>/dev/null || echo "NOT_FOUND")
PROFILE_MARKER=$(grep -o 'PROFILE_MARKER_EPSILON' /workspace/memory/soul/profile.json 2>/dev/null || echo "NOT_FOUND")
echo "Soul marker: $SOUL_MARKER"
echo "Profile marker: $PROFILE_MARKER"
echo "[$(date -Iseconds)] Soul alignment complete."
EOF
chmod +x /workspace/scripts/align_soul.sh
```

[EXECUTING bash]:
cat > /workspace/scripts/align_soul.sh << 'EOF'
#!/usr/bin/env bash
# align_soul.sh - Weekly soul marker verification and sync
set -e
echo "[$(date -Iseconds)] Aligning soul markers..."
SOUL_MARKER=$(grep -o 'SOUL_MARKER_ALPHA' /workspace/SOUL.md 2>/dev/null || echo "NOT_FOUND")
PROFILE_MARKER=$(grep -o 'PROFILE_MARKER_EPSILON' /workspace/memory/soul/profile.json 2>/dev/null || echo "NOT_FOUND")
echo "Soul marker: $SOUL_MARKER"
echo "Profile marker: $PROFILE_MARKER"
echo "[$(date -Iseconds)] Soul alignment complete."
EOF
chmod +x /workspace/scripts/align_soul.sh

[OUTPUT]:
[Command completed successfully with no output]

--- Turn 20/25 ---

[ASSISTANT]:


```bash
cat > /workspace/scripts/log_interactions.sh << 'EOF'
#!/usr/bin/env bash
# log_interactions.sh - Hourly capture of agent-human interactions
set -e
echo "[$(date -Iseconds)] Logging interactions..."
INTERACTION_LOG="/workspace/memory/soul/interactions.md"
if [ ! -f "$INTERACTION_LOG" ]; then
  echo "# Interaction Log" > "$INTERACTION_LOG"
  echo "Generated by Dr. Frankenstein prescription" >> "$INTERACTION_LOG"
fi
echo "[$(date -Iseconds)] Interaction check completed." >> "$INTERACTION_LOG"
echo "[$(date -Iseconds)] Interaction logging complete."
EOF
chmod +x /workspace/scripts/log_interactions.sh
```

[EXECUTING bash]:
cat > /workspace/scripts/log_interactions.sh << 'EOF'
#!/usr/bin/env bash
# log_interactions.sh - Hourly capture of agent-human interactions
set -e
echo "[$(date -Iseconds)] Logging interactions..."
INTERACTION_LOG="/workspace/memory/soul/interactions.md"
if [ ! -f "$INTERACTION_LOG" ]; then
  echo "# Interaction Log" > "$INTERACTION_LOG"
  echo "Generated by Dr. Frankenstein prescription" >> "$INTERACTION_LOG"
fi
echo "[$(date -Iseconds)] Interaction check completed." >> "$INTERACTION_LOG"
echo "[$(date -Iseconds)] Interaction logging complete."
EOF
chmod +x /workspace/scripts/log_interactions.sh

[OUTPUT]:
[Command completed successfully with no output]

--- Turn 21/25 ---

[ASSISTANT]:


```bash
cat > /workspace/scripts/refresh_profile.sh << 'EOF'
#!/usr/bin/env bash
# refresh_profile.sh - Update profile.json with current state
set -e
echo "[$(date -Iseconds)] Refreshing profile..."
AGENT_NAME=$(grep -oP 'Name: \K.*' /workspace/SOUL.md)
HUMAN_NAME=$(grep -oP 'Name: \K.*' /workspace/USER.md)
TIMESTAMP=$(date -Iseconds)
cat > /workspace/memory/soul/profile.json << PROFILE
{"agent_name":"$AGENT_NAME","human_name":"$HUMAN_NAME","marker":"PROFILE_MARKER_EPSILON","last_refresh":"$TIMESTAMP"}
PROFILE
echo "[$(date -Iseconds)] Profile refresh complete."
EOF
chmod +x /workspace/scripts/refresh_profile.sh
```

[EXECUTING bash]:
cat > /workspace/scripts/refresh_profile.sh << 'EOF'
#!/usr/bin/env bash
# refresh_profile.sh - Update profile.json with current state
set -e
echo "[$(date -Iseconds)] Refreshing profile..."
AGENT_NAME=$(grep -oP 'Name: \K.*' /workspace/SOUL.md)
HUMAN_NAME=$(grep -oP 'Name: \K.*' /workspace/USER.md)
TIMESTAMP=$(date -Iseconds)
cat > /workspace/memory/soul/profile.json << PROFILE
{"agent_name":"$AGENT_NAME","human_name":"$HUMAN_NAME","marker":"PROFILE_MARKER_EPSILON","last_refresh":"$TIMESTAMP"}
PROFILE
echo "[$(date -Iseconds)] Profile refresh complete."
EOF
chmod +x /workspace/scripts/refresh_profile.sh

[OUTPUT]:
[Command completed successfully with no output]

--- Turn 22/25 ---

[ASSISTANT]:


```bash
cat > /workspace/scripts/review_journal.sh << 'EOF'
#!/usr/bin/env bash
# review_journal.sh - Weekly journal review and summary
set -e
echo "[$(date -Iseconds)] Reviewing journal..."
JOURNAL_DIR="/workspace/memory/journal"
if [ -z "$(ls -A $JOURNAL_DIR 2>/dev/null)" ]; then
  echo "[$(date -Iseconds)] No journal entries to review." >> /workspace/logs/cron.log
else
  echo "[$(date -Iseconds)] Journal entries found: $(ls $JOURNAL_DIR | wc -l)" >> /workspace/logs/cron.log
fi
echo "[$(date -Iseconds)] Journal review complete."
EOF
chmod +x /workspace/scripts/review_journal.sh
```

[EXECUTING bash]:
cat > /workspace/scripts/review_journal.sh << 'EOF'
#!/usr/bin/env bash
# review_journal.sh - Weekly journal review and summary
set -e
echo "[$(date -Iseconds)] Reviewing journal..."
JOURNAL_DIR="/workspace/memory/journal"
if [ -z "$(ls -A $JOURNAL_DIR 2>/dev/null)" ]; then
  echo "[$(date -Iseconds)] No journal entries to review." >> /workspace/logs/cron.log
else
  echo "[$(date -Iseconds)] Journal entries found: $(ls $JOURNAL_DIR | wc -l)" >> /workspace/logs/cron.log
fi
echo "[$(date -Iseconds)] Journal review complete."
EOF
chmod +x /workspace/scripts/review_journal.sh

[OUTPUT]:
[Command completed successfully with no output]

--- Turn 23/25 ---

[ASSISTANT]:


```bash
cat > /workspace/scripts/verify_prescription.sh << 'EOF'
#!/usr/bin/env bash
# verify_prescription.sh - Validate Dr. Frankenstein prescription
set -e

echo "=== Dr. Frankenstein Prescription Verification ==="
echo ""

PASS=0
FAIL=0

check_file() {
  if [ -f "$1" ]; then
    echo "[PASS] File exists: $1"
    ((PASS++))
  else
    echo "[FAIL] File missing: $1"
    ((FAIL++))
  fi
}

check_marker() {
  if grep -q "$1" "$2" 2>/dev/null; then
    echo "[PASS] Marker found: $1 in $2"
    ((PASS++))
  else
    echo "[FAIL] Marker missing: $1 in $2"
    ((FAIL++))
  fi
}

check_cron_entry() {
  if grep -q "$1" /workspace/prescription/cron_commands.txt 2>/dev/null; then
    echo "[PASS] Cron entry found: $1"
    ((PASS++))
  else
    echo "[FAIL] Cron entry missing: $1"
    ((FAIL++))
  fi
}

echo "--- File Checks ---"
check_file "/workspace/prescription/interview.md"
check_file "/workspace/prescription/cron_commands.txt"
check_file "/workspace/prescription/prescription.json"
check_f...

[EXECUTING bash]:
cat > /workspace/scripts/verify_prescription.sh << 'EOF'
#!/usr/bin/env bash
# verify_prescription.sh - Validate Dr. Frankenstein prescription
set -e

echo "=== Dr. Frankenstein Prescription Verification ==="
echo ""

PASS=0
FAIL=0

check_file() {
  if [ -f "$1" ]; then
    echo "[PASS] File exists: $1"
    ((PASS++))
  else
    echo "[FAIL] File missing: $1"
    ((FAIL++))
  fi
}

check_marker() {
  if grep -q "$1" "$2" 2>/dev/null; then
    echo "[PASS] Marker found: $1 in $2"
    ((PASS++))
  else
    echo "[FAIL] Marker missing: $1 in $2"
    ((FAIL++))
  fi
}

check_cron_entry() {
  if grep -q "$1" /workspace/prescription/cron_commands.txt 2>/dev/null; then
    echo "[PASS] Cron entry found: $1"
    ((PASS++))
  else
    echo "[FAIL] Cron entry missing: $1"
    ((FAIL++))
  fi
}

echo "--- File Checks ---"
check_file "/workspace/prescription/interview.md"
check_file "/workspace/prescription/cron_commands.txt"
check_file "/workspace/prescription/prescription.json"
check_file "/workspace/scripts/consolidate_memory.sh"
check_file "/workspace/scripts/align_soul.sh"
check_file "/workspace/scripts/log_interactions.sh"
check_file "/workspace/scripts/refresh_profile.sh"
check_file "/workspace/scripts/review_journal.sh"

echo ""
echo "--- Marker Checks ---"
check_marker "SOUL_MARKER_ALPHA" "/workspace/SOUL.md"
check_marker "USER_MARKER_BETA" "/workspace/USER.md"
check_marker "MEMORY_MARKER_GAMMA" "/workspace/MEMORY.md"
check_marker "DAILY_MARKER_DELTA" "/workspace/memory/daily-2025-04-01.md"
check_marker "PROFILE_MARKER_EPSILON" "/workspace/memory/soul/profile.json"

echo ""
echo "--- Cron Command Checks ---"
check_cron_entry "consolidate_memory.sh"
check_cron_entry "align_soul.sh"
check_cron_entry "log_interactions.sh"
check_cron_entry "refresh_profile.sh"
check_cron_entry "review_journal.sh"

echo ""
echo "--- JSON Validation ---"
if python3 -c "import json; json.load(open('/workspace/prescription/prescription.json'))" 2>/dev/null; then
  echo "[PASS] prescription.json is valid JSON"
  ((PASS++))
else
  echo "[FAIL] prescription.json is invalid JSON"
  ((FAIL++))
fi

echo ""
echo "=== Verification Summary ==="
echo "Passed: $PASS"
echo "Failed: $FAIL"
echo ""

if [ $FAIL -eq 0 ]; then
  echo "RESULT: All verification checks passed!"
  exit 0
else
  echo "RESULT: Some verification checks failed."
  exit 1
fi
EOF
chmod +x /workspace/scripts/verify_prescription.sh

[OUTPUT]:
[Command completed successfully with no output]

--- Turn 24/25 ---

[ASSISTANT]:


```bash
/workspace/scripts/verify_prescription.sh
```

[EXECUTING bash]:
/workspace/scripts/verify_prescription.sh

[OUTPUT]:
[EXIT CODE: 1]
=== Dr. Frankenstein Prescription Verification ===

--- File Checks ---
[PASS] File exists: /workspace/prescription/interview.md


--- Turn 25/25 ---

[ASSISTANT]:


```bash
bash /workspace/scripts/verify_prescription.sh 2>&1
```

[EXECUTING bash]:
bash /workspace/scripts/verify_prescription.sh 2>&1

[OUTPUT]:
[EXIT CODE: 1]
=== Dr. Frankenstein Prescription Verification ===

--- File Checks ---
[PASS] File exists: /workspace/prescription/interview.md


⚠️ Agent reached max turns (25)

Conversation saved to results/repair_run_Qwen3.5-27B_20260413_192856/brancante-dr-soul_create_medium_003/conversation.json

============================================================
Running evaluation...
============================================================

Results for brancante-dr-soul_create_medium_003:
  Passed: False
  Score:  0.20
  Checks:
    ✅ generated input markers: all markers present
    ❌ prescription file exists: memory/soul/prescription.json is missing
    ❌ hormone profile completeness: [Errno 2] No such file or directory: '/workspace/memory/soul/prescription.json'
    ❌ cron commands file exists: cron_commands.txt missing
    ❌ personalization present: [Errno 2] No such file or directory: '/workspace/memory/soul/prescription.json'

Cleaning up container f3b77b5e4adf...
Container removed.

