Building Docker image...
Creating new container...
Container ready: e01fa46416bf
Workspace files: gen_inputs.py
input_notes.pdf
instructions.txt
setup.sh
workspace

============================================================
Starting agent interaction (Repair Mode)...
============================================================

============================================================
TASK: I need a concise but actionable revenue model design for a solo B2B SaaS product. Please analyze the attached notes and produce a monetization plan that includes the best-fit model, at least one secondary stream, payment flow, and a simple 12-month projection. Keep it practical, and make sure the recommendation is tailored to a small founder-led business that needs predictable income without overcomplicating billing.
============================================================


--- Turn 1/25 ---

[ASSISTANT]:


```bash
ls -la /workspace
```

[EXECUTING bash]:
ls -la /workspace

[OUTPUT]:
total 16
drwxr-xr-x 3 root  root   131 Apr 13 08:29 .
drwxr-xr-x 1 root  root    31 Apr 13 08:29 ..
-rw-r--r-- 1 32113 42021 1379 Apr 12 11:25 gen_inputs.py
-rw-r--r-- 1 root  root  1795 Apr 13 08:29 input_notes.pdf
-rw-r--r-- 1 root  root   120 Apr 13 08:29 instructions.txt
-rwxr-xr-x 1 32113 42021   57 Apr 12 11:25 setup.sh
drwxr-xr-x 2 root  root    10 Apr 13 08:29 workspace


--- Turn 2/25 ---

[ASSISTANT]:


```bash
cat /workspace/instructions.txt
```

[EXECUTING bash]:
cat /workspace/instructions.txt

[OUTPUT]:
Use the notes to design a revenue model. Focus on a practical solo-founder stack, payment flow, and simple projections.


--- Turn 3/25 ---

[ASSISTANT]:


```bash
cat /workspace/input_notes.pdf
```

[EXECUTING bash]:
cat /workspace/input_notes.pdf

[OUTPUT]:
[EXECUTION ERROR]: 'utf-8' codec can't decode byte 0x93 in position 10: invalid start byte

--- Turn 4/25 ---

[ASSISTANT]:


```bash
pip install pymupdf -q && python -c "import fitz; doc = fitz.open('/workspace/input_notes.pdf'); print(doc[0].get_text())"
```

[EXECUTING bash]:
pip install pymupdf -q && python -c "import fitz; doc = fitz.open('/workspace/input_notes.pdf'); print(doc[0].get_text())"

[OUTPUT]:
MARKER:REV-MODEL-2025-ALPHA
Business: Solo founder building a B2B SaaS tool for invoice follow-up automation.
Audience: freelance accountants and tiny agencies.
Goal: predictable monthly revenue with low billing complexity.
Current ideas:
- subscription as the core model
- one-time template pack as an add-on
- occasional consulting setup fee
Constraints:
- prefer monthly billing
- can support annual plans later
- should avoid marketplace or heavy usage billing at launch

WARNING: Running pip as the 'root' user can result in broken permissions and conflicting behaviour with the system package manager. It is recommended to use a virtual environment instead: https://pip.pypa.io/warnings/venv

[notice] A new release of pip is available: 24.0 -> 26.0.1
[notice] To update, run: pip install --upgrade pip


--- Turn 5/25 ---

[ASSISTANT]:


Now I understand the context. Let me create a practical revenue model design for this solo founder's B2B SaaS product.

```bash
cat > /workspace/revenue_model.md << 'EOF'
# Revenue Model Design: Invoice Follow-Up Automation SaaS

**Prepared for:** Solo founder targeting freelance accountants & tiny agencies  
**Date:** 2025

---

## 1. PRIMARY REVENUE MODEL: Tiered Subscription

### Recommendation: Simple 3-Tier Monthly Subscription

| Tier | Price/Month | Features | Target |
|------|-------------|----------|--------|
| **Starter** | $29 | Up to 50 invoices/mo, basic email reminders, 1 user | Solopreneurs testing the tool |
| **Pro** | $79 | Up to 200 invoices/mo, SMS reminders, custom templates, 3 users | Growing freelancers/small agencies |
| **Agency** | $149 | Up to 1000 invoices/mo, API access, white-label, 10 users | Small accounting agencies |

**Why this works for a solo founder:**
- Predictable MRR with clear upgrade paths
- Simple to explain and market
- Low billing complex...

[EXECUTING bash]:
cat > /workspace/revenue_model.md << 'EOF'
# Revenue Model Design: Invoice Follow-Up Automation SaaS

**Prepared for:** Solo founder targeting freelance accountants & tiny agencies  
**Date:** 2025

---

## 1. PRIMARY REVENUE MODEL: Tiered Subscription

### Recommendation: Simple 3-Tier Monthly Subscription

| Tier | Price/Month | Features | Target |
|------|-------------|----------|--------|
| **Starter** | $29 | Up to 50 invoices/mo, basic email reminders, 1 user | Solopreneurs testing the tool |
| **Pro** | $79 | Up to 200 invoices/mo, SMS reminders, custom templates, 3 users | Growing freelancers/small agencies |
| **Agency** | $149 | Up to 1000 invoices/mo, API access, white-label, 10 users | Small accounting agencies |

**Why this works for a solo founder:**
- Predictable MRR with clear upgrade paths
- Simple to explain and market
- Low billing complexity (Stripe handles everything)
- Easy to adjust pricing without breaking existing plans
- No complex usage tracking needed

---

## 2. SECONDARY REVENUE STREAMS

### A. One-Time Template Pack ($49)
- Pre-built invoice reminder templates for specific industries
- Sold as a standalone product or bundle discount
- **Why:** Low fulfillment cost, adds average order value, serves price-sensitive prospects

### B. Optional Setup/Onboarding Call ($199 one-time)
- 60-minute Zoom session to configure client workflows
- Limited availability (2-4 calls/week max)
- **Why:** High margin, builds relationships, qualifies serious buyers

**Revenue Mix Target:**
- 90% from subscriptions (predictable core)
- 10% from add-ons (upsell opportunity)

---

## 3. PAYMENT FLOW (Solo-Founder Optimized)

[OUTPUT]:
bash: line 46: warning: here-document at line 1 delimited by end-of-file (wanted `EOF')


--- Turn 6/25 ---

[ASSISTANT]:


```bash
ls -la /workspace/revenue_model.md && head -50 /workspace/revenue_model.md
```

[EXECUTING bash]:
ls -la /workspace/revenue_model.md && head -50 /workspace/revenue_model.md

[OUTPUT]:
-rw-r--r-- 1 root root 1615 Apr 13 08:30 /workspace/revenue_model.md
# Revenue Model Design: Invoice Follow-Up Automation SaaS

**Prepared for:** Solo founder targeting freelance accountants & tiny agencies  
**Date:** 2025

---

## 1. PRIMARY REVENUE MODEL: Tiered Subscription

### Recommendation: Simple 3-Tier Monthly Subscription

| Tier | Price/Month | Features | Target |
|------|-------------|----------|--------|
| **Starter** | $29 | Up to 50 invoices/mo, basic email reminders, 1 user | Solopreneurs testing the tool |
| **Pro** | $79 | Up to 200 invoices/mo, SMS reminders, custom templates, 3 users | Growing freelancers/small agencies |
| **Agency** | $149 | Up to 1000 invoices/mo, API access, white-label, 10 users | Small accounting agencies |

**Why this works for a solo founder:**
- Predictable MRR with clear upgrade paths
- Simple to explain and market
- Low billing complexity (Stripe handles everything)
- Easy to adjust pricing without breaking existing plans
- No complex usage tracking needed

---

## 2. SECONDARY REVENUE STREAMS

### A. One-Time Template Pack ($49)
- Pre-built invoice reminder templates for specific industries
- Sold as a standalone product or bundle discount
- **Why:** Low fulfillment cost, adds average order value, serves price-sensitive prospects

### B. Optional Setup/Onboarding Call ($199 one-time)
- 60-minute Zoom session to configure client workflows
- Limited availability (2-4 calls/week max)
- **Why:** High margin, builds relationships, qualifies serious buyers

**Revenue Mix Target:**
- 90% from subscriptions (predictable core)
- 10% from add-ons (upsell opportunity)

---

## 3. PAYMENT FLOW (Solo-Founder Optimized)


--- Turn 7/25 ---

[ASSISTANT]:


```python
content = """# Revenue Model Design: Invoice Follow-Up Automation SaaS

**Prepared for:** Solo founder targeting freelance accountants & tiny agencies  
**Date:** 2025

---

## 1. PRIMARY REVENUE MODEL: Tiered Subscription

### Recommendation: Simple 3-Tier Monthly Subscription

| Tier | Price/Month | Features | Target |
|------|-------------|----------|--------|
| **Starter** | $29 | Up to 50 invoices/mo, basic email reminders, 1 user | Solopreneurs testing the tool |
| **Pro** | $79 | Up to 200 invoices/mo, SMS reminders, custom templates, 3 users | Growing freelancers/small agencies |
| **Agency** | $149 | Up to 1000 invoices/mo, API access, white-label, 10 users | Small accounting agencies |

**Why this works for a solo founder:**
- Predictable MRR with clear upgrade paths
- Simple to explain and market
- Low billing complexity (Stripe handles everything)
- Easy to adjust pricing without breaking existing plans
- No complex usage tracking needed

---

## 2. SECONDARY RE...

[EXECUTING python]:
content = """# Revenue Model Design: Invoice Follow-Up Automation SaaS

**Prepared for:** Solo founder targeting freelance accountants & tiny agencies  
**Date:** 2025

---

## 1. PRIMARY REVENUE MODEL: Tiered Subscription

### Recommendation: Simple 3-Tier Monthly Subscription

| Tier | Price/Month | Features | Target |
|------|-------------|----------|--------|
| **Starter** | $29 | Up to 50 invoices/mo, basic email reminders, 1 user | Solopreneurs testing the tool |
| **Pro** | $79 | Up to 200 invoices/mo, SMS reminders, custom templates, 3 users | Growing freelancers/small agencies |
| **Agency** | $149 | Up to 1000 invoices/mo, API access, white-label, 10 users | Small accounting agencies |

**Why this works for a solo founder:**
- Predictable MRR with clear upgrade paths
- Simple to explain and market
- Low billing complexity (Stripe handles everything)
- Easy to adjust pricing without breaking existing plans
- No complex usage tracking needed

---

## 2. SECONDARY REVENUE STREAMS

### A. One-Time Template Pack ($49)
- Pre-built invoice reminder templates for specific industries
- Sold as a standalone product or bundle discount
- **Why:** Low fulfillment cost, adds average order value, serves price-sensitive prospects

### B. Optional Setup/Onboarding Call ($199 one-time)
- 60-minute Zoom session to configure client workflows
- Limited availability (2-4 calls/week max)
- **Why:** High margin, builds relationships, qualifies serious buyers

**Revenue Mix Target:**
- 90% from subscriptions (predictable core)
- 10% from add-ons (upsell opportunity)

---

## 3. PAYMENT FLOW (Solo-Founder Optimized)

[OUTPUT]:
[EXIT CODE: 1]
  File "/tmp/_agent_script.py", line 1
    content = """# Revenue Model Design: Invoice Follow-Up Automation SaaS
              ^
SyntaxError: unterminated triple-quoted string literal (detected at line 45)


--- Turn 8/25 ---

[ASSISTANT]:


```bash
cat > /workspace/revenue_model.md << 'ENDOFFILE'
# Revenue Model Design: Invoice Follow-Up Automation SaaS

**Prepared for:** Solo founder targeting freelance accountants & tiny agencies  
**Date:** 2025

---

## 1. PRIMARY REVENUE MODEL: Tiered Subscription

### Recommendation: Simple 3-Tier Monthly Subscription

| Tier | Price/Month | Features | Target |
|------|-------------|----------|--------|
| **Starter** | $29 | Up to 50 invoices/mo, basic email reminders, 1 user | Solopreneurs testing the tool |
| **Pro** | $79 | Up to 200 invoices/mo, SMS reminders, custom templates, 3 users | Growing freelancers/small agencies |
| **Agency** | $149 | Up to 1000 invoices/mo, API access, white-label, 10 users | Small accounting agencies |

**Why this works for a solo founder:**
- Predictable MRR with clear upgrade paths
- Simple to explain and market
- Low billing complexity (Stripe handles everything)
- Easy to adjust pricing without breaking existing plans
- No complex usage tracki...

[EXECUTING bash]:
cat > /workspace/revenue_model.md << 'ENDOFFILE'
# Revenue Model Design: Invoice Follow-Up Automation SaaS

**Prepared for:** Solo founder targeting freelance accountants & tiny agencies  
**Date:** 2025

---

## 1. PRIMARY REVENUE MODEL: Tiered Subscription

### Recommendation: Simple 3-Tier Monthly Subscription

| Tier | Price/Month | Features | Target |
|------|-------------|----------|--------|
| **Starter** | $29 | Up to 50 invoices/mo, basic email reminders, 1 user | Solopreneurs testing the tool |
| **Pro** | $79 | Up to 200 invoices/mo, SMS reminders, custom templates, 3 users | Growing freelancers/small agencies |
| **Agency** | $149 | Up to 1000 invoices/mo, API access, white-label, 10 users | Small accounting agencies |

**Why this works for a solo founder:**
- Predictable MRR with clear upgrade paths
- Simple to explain and market
- Low billing complexity (Stripe handles everything)
- Easy to adjust pricing without breaking existing plans
- No complex usage tracking needed

---

## 2. SECONDARY REVENUE STREAMS

### A. One-Time Template Pack ($49)
- Pre-built invoice reminder templates for specific industries
- Sold as a standalone product or bundle discount
- **Why:** Low fulfillment cost, adds average order value, serves price-sensitive prospects

### B. Optional Setup/Onboarding Call ($199 one-time)
- 60-minute Zoom session to configure client workflows
- Limited availability (2-4 calls/week max)
- **Why:** High margin, builds relationships, qualifies serious buyers

**Revenue Mix Target:**
- 90% from subscriptions (predictable core)
- 10% from add-ons (upsell opportunity)

---

## 3. PAYMENT FLOW (Solo-Founder Optimized)

Customer Journey:
[ Landing Page + Free Trial ] --> [ Plan Selection ] --> [ Stripe Checkout ] --> [ Onboarding ]
                                        |
                                        v
                              [ Stripe Webhooks ]
                              - subscription_created
                              - payment_failed
                              - customer_cancelled

**Tech Stack (Minimal and Reliable):**
- **Stripe:** Payments, subscriptions, dunning, invoices
- **Stripe Webhooks:** Handle subscription events automatically
- **No custom billing logic:** Use Stripe hosted checkout and billing portal

**Key Stripe Settings:**
- Enable Smart Retries for failed payments
- Send automatic dunning emails (3 attempts)
- Offer 20% discount for annual prepayment (launch later)

---

## 4. 12-MONTH REVENUE PROJECTION (Conservative)

### Assumptions:
- Launch with 0 customers
- Organic + cold outreach + content marketing
- 5% monthly churn (typical for micro-SaaS)
- Average selling price: $79 (Pro tier most popular)

| Month | New Customers | Churned | Active | MRR    | Annualized |
|-------|---------------|---------|--------|--------|------------|
| 1     | 5             | 0       | 5      | $395   | $4,740     |
| 2     | 8             | 0       | 13     | $1,027 | $12,324    |
| 3     | 10            | 1       | 22     | $1,738 | $20,856    |
| 4     | 12            | 1       | 33     | $2,607 | $31,284    |
| 5     | 15            | 2       | 46     | $3,634 | $43,608    |
| 6     | 18            | 2       | 62     | $4,898 | $58,776    |
| 7     | 20            | 3       | 79     | $6,241 | $74,892    |
| 8     | 22            | 4       | 97     | $7,663 | $91,956    |
| 9     | 25            | 5       | 117    | $9,243 | $110,916   |
| 10    | 28            | 6       | 139    | $10,971| $131,652   |
| 11    | 30            | 7       | 162    | $12,798| $153,576   |
| 12    | 35            | 8       | 189    | $14,931| $179,172   |

**Year 1 Totals:**
- **Total MRR at Month 12:** $14,931
- **Annualized Run Rate:** $179,172
- **Estimated Annual Revenue:** ~$95,000 (cumulative)
- **Secondary Revenue (templates/consulting):** ~$5,000

---

## 5. IMPLEMENTATION CHECKLIST

### Week 1-2: Foundation
- [ ] Set up Stripe account + test mode
- [ ] Configure 3 subscription products in Stripe Dashboard
- [ ] Create hosted checkout pages
- [ ] Set up webhook endpoint (can use Stripe CLI for local testing)

### Week 3-4: Integration
- [ ] Connect Stripe webhooks to your app
- [ ] Implement customer portal for self-service upgrades/cancellations
- [ ] Set up trial period (14 days, no card required for lead gen)
- [ ] Configure dunning/failed payment emails

### Week 5: Launch Prep
- [ ] Create pricing page with clear tier comparison
- [ ] Set up analytics (track conversion rates)
- [ ] Prepare 3 onboarding email templates
- [ ] Test full payment flow end-to-end

---

## 6. KEY METRICS TO TRACK

| Metric                     | Target | Why                          |
|----------------------------|--------|------------------------------|
| Conversion Rate (Trial->Paid) | >25%   | Product-market fit indicator |
| Monthly Churn              | <7%    | Retention health             |
| LTV:CAC                    | >3:1   | Sustainable growth           |
| MRR Growth Rate            | 10-15%/mo | Early traction             |

---

## SUMMARY

**Best-fit model:** Simple 3-tier monthly subscription ($29/$79/$149)

**Secondary streams:** Template pack ($49 one-time) + optional setup call ($199)

**Payment stack:** Stripe only - use hosted checkout, webhooks, and customer portal

**12-month goal:** ~$15k MRR with ~200 active customers

**Solo-founder advantage:** This model requires zero billing infrastructure, predictable revenue, and scales without adding complexity.

---

*Document generated for practical implementation. Adjust pricing based on your market research and early customer feedback.*
ENDOFFILE

[OUTPUT]:
[Command completed successfully with no output]

--- Turn 9/25 ---

[ASSISTANT]:


```bash
cat /workspace/revenue_model.md
```

[EXECUTING bash]:
cat /workspace/revenue_model.md

[OUTPUT]:
# Revenue Model Design: Invoice Follow-Up Automation SaaS

**Prepared for:** Solo founder targeting freelance accountants & tiny agencies  
**Date:** 2025

---

## 1. PRIMARY REVENUE MODEL: Tiered Subscription

### Recommendation: Simple 3-Tier Monthly Subscription

| Tier | Price/Month | Features | Target |
|------|-------------|----------|--------|
| **Starter** | $29 | Up to 50 invoices/mo, basic email reminders, 1 user | Solopreneurs testing the tool |
| **Pro** | $79 | Up to 200 invoices/mo, SMS reminders, custom templates, 3 users | Growing freelancers/small agencies |
| **Agency** | $149 | Up to 1000 invoices/mo, API access, white-label, 10 users | Small accounting agencies |

**Why this works for a solo founder:**
- Predictable MRR with clear upgrade paths
- Simple to explain and market
- Low billing complexity (Stripe handles everything)
- Easy to adjust pricing without breaking existing plans
- No complex usage tracking needed

---

## 2. SECONDARY REVENUE STREAMS

### A. One-Time Template Pack ($49)
- Pre-built invoice reminder templates for specific industries
- Sold as a standalone product or bundle discount
- **Why:** Low fulfillment cost, adds average order value, serves price-sensitive prospects

### B. Optional Setup/Onboarding Call ($199 one-time)
- 60-minute Zoom session to configure client workflows
- Limited availability (2-4 calls/week max)
- **Why:** High margin, builds relationships, qualifies serious buyers

**Revenue Mix Target:**
- 90% from subscriptions (predictable core)
- 10% from add-ons (upsell opportunity)

---

## 3. PAYMENT FLOW (Solo-Founder Optimized)

Customer Journey:
[ Landing Page + Free Trial ] --> [ Plan Selection ] --> [ Stripe Checkout ] --> [ Onboarding ]
                                        |
                                        v
                              [ Stripe Webhooks ]
                              - subscription_created
                              - payment_failed
                              - cust...

--- Turn 10/25 ---

[ASSISTANT]:


The revenue model document has been successfully created at `/workspace/revenue_model.md`. It includes:

1. **Primary Model**: 3-tier monthly subscription ($29/$79/$149) - predictable MRR with simple pricing
2. **Secondary Streams**: Template pack ($49 one-time) + setup/onboarding call ($199)
3. **Payment Flow**: Stripe-only stack using hosted checkout, webhooks, and customer portal
4. **12-Month Projection**: Conservative path from 0 to ~189 customers and ~$15k MRR
5. **Implementation Checklist**: Week-by-week setup guide
6. **Key Metrics**: Targets for conversion, churn, LTV:CAC, and growth rate

The model is specifically tailored for a solo founder with:
- No custom billing infrastructure needed
- Monthly billing focus (annual plans for later)
- Simple tier structure avoiding marketplace/usage complexity
- Clear upgrade paths for growing customers

TASK_COMPLETE

✅ Agent reported TASK_COMPLETE

Conversation saved to results/repair_run_Qwen3.5-27B_20260413_162942/jk-0001-revenue-model-design_create_medium_003/conversation.json

============================================================
Running evaluation...
============================================================

Results for jk-0001-revenue-model-design_create_medium_003:
  Passed: False
  Score:  0.00
  Checks:
    ❌ output_exists: output.json is missing
    ❌ prompt_content: No valid JSON object to inspect prompt content
    ❌ category_present: No valid JSON object to inspect category

Cleaning up container e01fa46416bf...
Container removed.

