Building Docker image...
Creating new container...
Container ready: 7b60246f3499
Workspace files: gen_inputs.py
setup.sh
task_input.json

============================================================
Starting agent interaction (Repair Mode)...
============================================================

============================================================
TASK: Generate two Colormind palettes: one using the `default` model with no locked colors, and one using the `ui` model with the first color locked to `0,122,255`. Save the results as JSON files in the current directory and include a short Markdown summary file with the palettes in hex form.
============================================================


--- Turn 1/15 ---

[ASSISTANT]:


```bash
ls -la /workspace
```

[EXECUTING bash]:
ls -la /workspace

[OUTPUT]:
total 12
drwxr-xr-x 2 root  root   82 Apr 13 02:24 .
drwxr-xr-x 1 root  root   31 Apr 13 02:24 ..
-rw-r--r-- 1 32113 42021 283 Apr 12 11:07 gen_inputs.py
-rwxr-xr-x 1 32113 42021  74 Apr 12 11:07 setup.sh
-rw-r--r-- 1 root  root  127 Apr 13 02:24 task_input.json


--- Turn 2/15 ---

[ASSISTANT]:


```bash
cat /workspace/task_input.json
```

[EXECUTING bash]:
cat /workspace/task_input.json

[OUTPUT]:
{
  "task_id": "colormind_easy_001",
  "base_color": [
    0,
    122,
    255
  ],
  "models": [
    "default",
    "ui"
  ]
}

--- Turn 3/15 ---

[ASSISTANT]:


```bash
cat /workspace/setup.sh
```

[EXECUTING bash]:
cat /workspace/setup.sh

[OUTPUT]:
#!/usr/bin/env bash
set -euo pipefail
chmod +x ./*.sh 2>/dev/null || true


--- Turn 4/15 ---

[ASSISTANT]:


```bash
cat /workspace/gen_inputs.py
```

[EXECUTING bash]:
cat /workspace/gen_inputs.py

[OUTPUT]:
from pathlib import Path
import json

# Deterministic input marker file for the task
marker = {
    "task_id": "colormind_easy_001",
    "base_color": [0, 122, 255],
    "models": ["default", "ui"]
}
Path("task_input.json").write_text(json.dumps(marker, indent=2), encoding="utf-8")


--- Turn 5/15 ---

[ASSISTANT]:


```bash
which curl && which python3
```

[EXECUTING bash]:
which curl && which python3

[OUTPUT]:
[EXIT CODE: 1]


--- Turn 6/15 ---

[ASSISTANT]:


```bash
python3 --version
```

[EXECUTING bash]:
python3 --version

[OUTPUT]:
Python 3.11.15


--- Turn 7/15 ---

[ASSISTANT]:


```bash
python3 -c "import requests; print('requests available')" 2>&1 || echo "requests not available"
```

[EXECUTING bash]:
python3 -c "import requests; print('requests available')" 2>&1 || echo "requests not available"

[OUTPUT]:
requests available


--- Turn 8/15 ---

[ASSISTANT]:


```bash
python3 -c "
import requests
import json

# Test Colormind API with default model
response = requests.post('https://colormind.api/api/v1/generate', json={'model': 'default'})
print('Status:', response.status_code)
print('Response:', json.dumps(response.json(), indent=2))
"
```

[EXECUTING bash]:
python3 -c "
import requests
import json

# Test Colormind API with default model
response = requests.post('https://colormind.api/api/v1/generate', json={'model': 'default'})
print('Status:', response.status_code)
print('Response:', json.dumps(response.json(), indent=2))
"

[OUTPUT]:
[EXIT CODE: 1]
Traceback (most recent call last):
  File "/usr/local/lib/python3.11/site-packages/urllib3/connection.py", line 204, in _new_conn
    sock = connection.create_connection(
           ^^^^^^^^^^^^^^^^^^^^^^^^^^^^^
  File "/usr/local/lib/python3.11/site-packages/urllib3/util/connection.py", line 60, in create_connection
    for res in socket.getaddrinfo(host, port, family, socket.SOCK_STREAM):
               ^^^^^^^^^^^^^^^^^^^^^^^^^^^^^^^^^^^^^^^^^^^^^^^^^^^^^^^^^^
  File "/usr/local/lib/python3.11/socket.py", line 974, in getaddrinfo
    for res in _socket.getaddrinfo(host, port, family, type, proto, flags):
               ^^^^^^^^^^^^^^^^^^^^^^^^^^^^^^^^^^^^^^^^^^^^^^^^^^^^^^^^^^^
socket.gaierror: [Errno -2] Name or service not known

The above exception was the direct cause of the following exception:

Traceback (most recent call last):
  File "/usr/local/lib/python3.11/site-packages/urllib3/connectionpool.py", line 787, in urlopen
    response = self._make_request(
               ^^^^^^^^^^^^^^^^^^^
  File "/usr/local/lib/python3.11/site-packages/urllib3/connectionpool.py", line 488, in _make_request
    raise new_e
  File "/usr/local/lib/python3.11/site-packages/urllib3/connectionpool.py", line 464, in _make_request
    self._validate_conn(conn)
  File "/usr/local/lib/python3.11/site-packages/urllib3/connectionpool.py", line 1093, in _validate_conn
    conn.connect()
  File "/usr/local/lib/python3.11/site-packages/urllib3/connection.py", line 759, in connect
    self.sock = sock = self._new_conn()
                       ^^^^^^^^^^^^^^^^
  File "/usr/local/lib/python3.11/site-packages/urllib3/connection.py", line 211, in _new_conn
    raise NameResolutionError(self.host, self, e) from e
urllib3.exceptions.NameResolutionError: HTTPSConnection(host='colormind.api', port=443): Failed to resolve 'colormind.api' ([Errno -2] Name or service not known)

The above exception was the direct cause of the following exception:

Traceback (most recent call last):...

--- Turn 9/15 ---

[ASSISTANT]:


```bash
python3 -c "
import requests
import json

# Test Colormind API with correct URL
response = requests.post('https://colormind.io/api/v1/generate', json={'model': 'default'})
print('Status:', response.status_code)
print('Response:', json.dumps(response.json(), indent=2))
"
```

[EXECUTING bash]:
python3 -c "
import requests
import json

# Test Colormind API with correct URL
response = requests.post('https://colormind.io/api/v1/generate', json={'model': 'default'})
print('Status:', response.status_code)
print('Response:', json.dumps(response.json(), indent=2))
"

[OUTPUT]:
[EXIT CODE: 1]
Traceback (most recent call last):
  File "/usr/local/lib/python3.11/site-packages/urllib3/connectionpool.py", line 464, in _make_request
    self._validate_conn(conn)
  File "/usr/local/lib/python3.11/site-packages/urllib3/connectionpool.py", line 1093, in _validate_conn
    conn.connect()
  File "/usr/local/lib/python3.11/site-packages/urllib3/connection.py", line 796, in connect
    sock_and_verified = _ssl_wrap_socket_and_match_hostname(
                        ^^^^^^^^^^^^^^^^^^^^^^^^^^^^^^^^^^^^
  File "/usr/local/lib/python3.11/site-packages/urllib3/connection.py", line 975, in _ssl_wrap_socket_and_match_hostname
    ssl_sock = ssl_wrap_socket(
               ^^^^^^^^^^^^^^^^
  File "/usr/local/lib/python3.11/site-packages/urllib3/util/ssl_.py", line 483, in ssl_wrap_socket
    ssl_sock = _ssl_wrap_socket_impl(sock, context, tls_in_tls, server_hostname)
               ^^^^^^^^^^^^^^^^^^^^^^^^^^^^^^^^^^^^^^^^^^^^^^^^^^^^^^^^^^^^^^^^^
  File "/usr/local/lib/python3.11/site-packages/urllib3/util/ssl_.py", line 527, in _ssl_wrap_socket_impl
    return ssl_context.wrap_socket(sock, server_hostname=server_hostname)
           ^^^^^^^^^^^^^^^^^^^^^^^^^^^^^^^^^^^^^^^^^^^^^^^^^^^^^^^^^^^^^^
  File "/usr/local/lib/python3.11/ssl.py", line 517, in wrap_socket
    return self.sslsocket_class._create(
           ^^^^^^^^^^^^^^^^^^^^^^^^^^^^^
  File "/usr/local/lib/python3.11/ssl.py", line 1104, in _create
    self.do_handshake()
  File "/usr/local/lib/python3.11/ssl.py", line 1382, in do_handshake
    self._sslobj.do_handshake()
ssl.SSLCertVerificationError: [SSL: CERTIFICATE_VERIFY_FAILED] certificate verify failed: self-signed certificate (_ssl.c:1016)

During handling of the above exception, another exception occurred:

Traceback (most recent call last):
  File "/usr/local/lib/python3.11/site-packages/urllib3/connectionpool.py", line 787, in urlopen
    response = self._make_request(
               ^^^^^^^^^^^^^^^^^^^
  File "/usr/local/lib/python3.11/si...

--- Turn 10/15 ---

[ASSISTANT]:


```bash
python3 -c "
import requests
import json

# Test Colormind API with verify=False to bypass SSL issues
response = requests.post('https://colormind.io/api/v1/generate', json={'model': 'default'}, verify=False)
print('Status:', response.status_code)
print('Response:', json.dumps(response.json(), indent=2))
"
```

[EXECUTING bash]:
python3 -c "
import requests
import json

# Test Colormind API with verify=False to bypass SSL issues
response = requests.post('https://colormind.io/api/v1/generate', json={'model': 'default'}, verify=False)
print('Status:', response.status_code)
print('Response:', json.dumps(response.json(), indent=2))
"

[OUTPUT]:
[EXIT CODE: 1]
Status: 404
/usr/local/lib/python3.11/site-packages/urllib3/connectionpool.py:1097: InsecureRequestWarning: Unverified HTTPS request is being made to host 'colormind.io'. Adding certificate verification is strongly advised. See: https://urllib3.readthedocs.io/en/latest/advanced-usage.html#tls-warnings
  warnings.warn(
Traceback (most recent call last):
  File "/usr/local/lib/python3.11/site-packages/requests/models.py", line 978, in json
    return complexjson.loads(self.text, **kwargs)
           ^^^^^^^^^^^^^^^^^^^^^^^^^^^^^^^^^^^^^^
  File "/usr/local/lib/python3.11/json/__init__.py", line 346, in loads
    return _default_decoder.decode(s)
           ^^^^^^^^^^^^^^^^^^^^^^^^^^
  File "/usr/local/lib/python3.11/json/decoder.py", line 337, in decode
    obj, end = self.raw_decode(s, idx=_w(s, 0).end())
               ^^^^^^^^^^^^^^^^^^^^^^^^^^^^^^^^^^^^^^
  File "/usr/local/lib/python3.11/json/decoder.py", line 355, in raw_decode
    raise JSONDecodeError("Expecting value", s, err.value) from None
json.decoder.JSONDecodeError: Expecting value: line 1 column 1 (char 0)

During handling of the above exception, another exception occurred:

Traceback (most recent call last):
  File "<string>", line 8, in <module>
  File "/usr/local/lib/python3.11/site-packages/requests/models.py", line 982, in json
    raise RequestsJSONDecodeError(e.msg, e.doc, e.pos)
requests.exceptions.JSONDecodeError: Expecting value: line 1 column 1 (char 0)


--- Turn 11/15 ---

[ASSISTANT]:


```bash
python3 -c "
import requests
import json

# Try different Colormind API endpoints
urls = [
    'https://colormind.io/api/v1/generate',
    'https://colormind.io/api/generate',
    'https://colormind.io/generate',
    'http://colormind.io/api/v1/generate',
]

for url in urls:
    try:
        response = requests.post(url, json={'model': 'default'}, verify=False, timeout=10)
        print(f'{url}: Status {response.status_code}')
        print(f'  Response: {response.text[:200]}')
    except Exception as e:
        print(f'{url}: Error - {e}')
"
```

[EXECUTING bash]:
python3 -c "
import requests
import json

# Try different Colormind API endpoints
urls = [
    'https://colormind.io/api/v1/generate',
    'https://colormind.io/api/generate',
    'https://colormind.io/generate',
    'http://colormind.io/api/v1/generate',
]

for url in urls:
    try:
        response = requests.post(url, json={'model': 'default'}, verify=False, timeout=10)
        print(f'{url}: Status {response.status_code}')
        print(f'  Response: {response.text[:200]}')
    except Exception as e:
        print(f'{url}: Error - {e}')
"

[OUTPUT]:
https://colormind.io/api/v1/generate: Status 404
  Response: <!DOCTYPE HTML PUBLIC "-//IETF//DTD HTML 2.0//EN">
<html><head>
<title>404 Not Found</title>
</head><body>
<h1>Not Found</h1>
<p>The requested URL /api/v1/generate was not found on this server.</p>
<h
https://colormind.io/api/generate: Status 404
  Response: <!DOCTYPE HTML PUBLIC "-//IETF//DTD HTML 2.0//EN">
<html><head>
<title>404 Not Found</title>
</head><body>
<h1>Not Found</h1>
<p>The requested URL /api/generate was not found on this server.</p>
<hr>

https://colormind.io/generate: Status 404
  Response: <!DOCTYPE HTML PUBLIC "-//IETF//DTD HTML 2.0//EN">
<html><head>
<title>404 Not Found</title>
</head><body>
<h1>Not Found</h1>
<p>The requested URL /generate was not found on this server.</p>
<hr>
<add
http://colormind.io/api/v1/generate: Status 404
  Response: <!DOCTYPE HTML PUBLIC "-//IETF//DTD HTML 2.0//EN">
<html><head>
<title>404 Not Found</title>
</head><body>
<h1>Not Found</h1>
<p>The requested URL /api/v1/generate was not found on this server.</p>
<h
/usr/local/lib/python3.11/site-packages/urllib3/connectionpool.py:1097: InsecureRequestWarning: Unverified HTTPS request is being made to host 'colormind.io'. Adding certificate verification is strongly advised. See: https://urllib3.readthedocs.io/en/latest/advanced-usage.html#tls-warnings
  warnings.warn(
/usr/local/lib/python3.11/site-packages/urllib3/connectionpool.py:1097: InsecureRequestWarning: Unverified HTTPS request is being made to host 'colormind.io'. Adding certificate verification is strongly advised. See: https://urllib3.readthedocs.io/en/latest/advanced-usage.html#tls-warnings
  warnings.warn(
/usr/local/lib/python3.11/site-packages/urllib3/connectionpool.py:1097: InsecureRequestWarning: Unverified HTTPS request is being made to host 'colormind.io'. Adding certificate verification is strongly advised. See: https://urllib3.readthedocs.io/en/latest/advanced-usage.html#tls-warnings
  warnings.warn(


--- Turn 12/15 ---

[ASSISTANT]:


```bash
curl -s http://localhost:5000 2>&1 || echo "No local service on port 5000"
```

[EXECUTING bash]:
curl -s http://localhost:5000 2>&1 || echo "No local service on port 5000"

[OUTPUT]:
bash: line 1: curl: command not found
No local service on port 5000


--- Turn 13/15 ---

[ASSISTANT]:


```bash
env | grep -i color || echo "No color-related env vars"
```

[EXECUTING bash]:
env | grep -i color || echo "No color-related env vars"

[OUTPUT]:
No color-related env vars


--- Turn 14/15 ---

[ASSISTANT]:


```bash
pip3 install colormind 2>&1 || pip install colormind 2>&1
```

[EXECUTING bash]:
pip3 install colormind 2>&1 || pip install colormind 2>&1

[OUTPUT]:
[EXIT CODE: 1]
ERROR: Could not find a version that satisfies the requirement colormind (from versions: none)
ERROR: No matching distribution found for colormind

[notice] A new release of pip is available: 24.0 -> 26.0.1
[notice] To update, run: pip install --upgrade pip
ERROR: Could not find a version that satisfies the requirement colormind (from versions: none)
ERROR: No matching distribution found for colormind

[notice] A new release of pip is available: 24.0 -> 26.0.1
[notice] To update, run: pip install --upgrade pip


--- Turn 15/15 ---

[ASSISTANT]:


```bash
python3 -c "
import socket
# Check if any local services are running
for port in [5000, 8000, 8080, 3000, 80]:
    try:
        s = socket.socket(socket.AF_INET, socket.SOCK_STREAM)
        s.settimeout(1)
        result = s.connect_ex(('localhost', port))
        if result == 0:
            print(f'Port {port} is open')
        s.close()
    except:
        pass
print('Port check complete')
"
```

[EXECUTING bash]:
python3 -c "
import socket
# Check if any local services are running
for port in [5000, 8000, 8080, 3000, 80]:
    try:
        s = socket.socket(socket.AF_INET, socket.SOCK_STREAM)
        s.settimeout(1)
        result = s.connect_ex(('localhost', port))
        if result == 0:
            print(f'Port {port} is open')
        s.close()
    except:
        pass
print('Port check complete')
"

[OUTPUT]:
Port check complete


⚠️ Agent reached max turns (15)

Conversation saved to results/repair_run_Qwen3.5-27B_20260413_102424/boilerrat-colormind_create_easy_000/conversation.json

============================================================
Running evaluation...
============================================================

Results for boilerrat-colormind_create_easy_000:
  Passed: False
  Score:  0.25
  Checks:
    ✅ input_marker_exists: task_input.json found; task_id=colormind_easy_001
    ❌ default_palette_output: Could not find default palette JSON file (expected default_palette.json, palette_default.json, or colormind_default.json)
    ❌ ui_palette_output: Could not find ui palette JSON file (expected ui_palette.json, palette_ui.json, colormind_ui_locked.json, or colormind_ui.json)
    ❌ markdown_summary: summary.md, palette_summary.md, or colormind_summary.md is missing

Cleaning up container 7b60246f3499...
Container removed.

