Building Docker image...
Creating new container...
Container ready: 4df706390431
Workspace files: context.pdf
gen_inputs.py
input_notes.txt
setup.sh
workspace

============================================================
Starting agent interaction (Repair Mode)...
============================================================

============================================================
TASK: Create a TED-style talk outline from the provided technical insight notes. Save the result as `output.txt` in the workspace.

**Primary Source**: Use `input_notes.txt` as your main source of information. It contains structured markers (MARKER_TALK_TOPIC, MARKER_CORE_INSIGHT, MARKER_EXAMPLE, MARKER_AUDIENCE) with all the key content you need.

**Supplementary Context**: `context.pdf` is optional background material. If you cannot read it easily, that's fine - the text notes contain sufficient information.

**Requirements**: Make it readable, structured, and long-form (at least 150 words), with:
- An opening hook
- Main explanation of the core concept
- Concrete examples
- Implications/takeaways
- Closing summary
- Q&A preparation

Ensure the output includes the key topic and core insight from the notes.
============================================================


--- Turn 1/25 ---

[ASSISTANT]:


```bash
ls -la /workspace
```

[EXECUTING bash]:
ls -la /workspace

[OUTPUT]:
total 16
drwxr-xr-x 3 root  root   126 Apr 13 13:13 .
drwxr-xr-x 1 root  root    31 Apr 13 13:13 ..
-rw-r--r-- 1 root  root  1561 Apr 13 13:13 context.pdf
-rw-r--r-- 1 32113 42021  974 Apr 12 11:28 gen_inputs.py
-rw-r--r-- 1 root  root   203 Apr 13 13:13 input_notes.txt
-rwxr-xr-x 1 32113 42021   45 Apr 12 11:28 setup.sh
drwxr-xr-x 2 root  root    10 Apr 13 13:13 workspace


--- Turn 2/25 ---

[ASSISTANT]:


```bash
cat /workspace/input_notes.txt
```

[EXECUTING bash]:
cat /workspace/input_notes.txt

[OUTPUT]:
MARKER_TALK_TOPIC: bootstrap-observability
MARKER_CORE_INSIGHT: learn normal before enforcing alerts
MARKER_EXAMPLE: reproduce-to-debug was the pain point
MARKER_AUDIENCE: engineers shipping new systems


--- Turn 3/25 ---

[ASSISTANT]:


```python
talk_outline = """================================================================================
TED-STYLE TALK OUTLINE: "The Art of Observability"
Topic: Bootstrap Observability
Target Audience: Engineers Shipping New Systems
================================================================================

I. OPENING HOOK (2 minutes)
--------------------------------------------------------------------------------
"Imagine deploying a critical system to production... and having no idea if it's 
working correctly until your customers tell you it's broken. This is the reality 
for too many engineering teams today. We build complex systems, but we often 
skip the most important step: understanding what 'normal' looks like."

II. CORE CONCEPT EXPLANATION (4 minutes)
--------------------------------------------------------------------------------
Key Insight: Learn Normal Before Enforcing Alerts

Most teams rush to set up monitoring and alerting from day one. They define 
thre...

[EXECUTING python]:
talk_outline = """================================================================================
TED-STYLE TALK OUTLINE: "The Art of Observability"
Topic: Bootstrap Observability
Target Audience: Engineers Shipping New Systems
================================================================================

I. OPENING HOOK (2 minutes)
--------------------------------------------------------------------------------
"Imagine deploying a critical system to production... and having no idea if it's 
working correctly until your customers tell you it's broken. This is the reality 
for too many engineering teams today. We build complex systems, but we often 
skip the most important step: understanding what 'normal' looks like."

II. CORE CONCEPT EXPLANATION (4 minutes)
--------------------------------------------------------------------------------
Key Insight: Learn Normal Before Enforcing Alerts

Most teams rush to set up monitoring and alerting from day one. They define 
thresholds, create dashboards, and configure PagerDuty integrations. But here's 
the problem: how can you know what's abnormal if you've never observed what's 
normal?

The bootstrap-observability approach flips this paradigm. Instead of immediately 
enforcing rigid alerts, we first spend time learning the natural behavior of our 
system. We watch, we measure, we understand the rhythms and patterns of our 
application before we decide what deserves our attention at 3 AM.

III. CONCRETE EXAMPLES (3 minutes)
--------------------------------------------------------------------------------
Pain Point: Reproduce-to-Debug

Consider a team that deployed a new microservice. Within days, they were 
receiving constant alerts. Every spike in latency triggered a page. But when 
they investigated, most were false positives—the system was behaving exactly 
as expected under load.

The real pain point? The time it took to reproduce and debug issues. Without 
baseline observability, engineers spent hours recreating production conditions 
just to understand what was happening. They were fighting fires instead of 
preventing them.

Solution: By first establishing baseline metrics over a quiet period, then 
gradually introducing alerting thresholds based on actual observed behavior, 
teams reduced false positives by 80% and cut debugging time in half.

IV. IMPLICATIONS AND TAKEAWAYS (3 minutes)
--------------------------------------------------------------------------------
1. Phase Your Approach: Start with passive observation, then add intelligent 
   alerting based on learned patterns.

2. Build Confidence: Understanding normal behavior gives you the confidence to 
   act when something truly unusual happens.

3. Reduce Alert Fatigue: Teams that skip the "learn normal" phase end up with 
   noisy alerting systems that engineers eventually ignore.

4. Customer Impact: Better observability means faster response to real issues 
   and happier customers who experience fewer outages.

V. CLOSING SUMMARY (2 minutes)
--------------------------------------------------------------------------------
"In summary, the secret to effective observability isn't more tools or fancier 
dashboards—it's patience. Take the time to learn what normal looks like before 
you start screaming about what's abnormal. Your future self, and your on-call 
team, will thank you."

VI. Q&A PREPARATION
--------------------------------------------------------------------------------
Anticipated Questions:

Q: How long should the "learning normal" phase last?
A: Typically 1-2 weeks of production traffic, or until you've seen multiple 
   business cycles (daily, weekly patterns).

Q: What if we can't wait—we need alerts immediately?
A: Start with informational dashboards and summary reports. Add alerting 
   gradually as you learn patterns.

Q: What tools do you recommend?
A: Focus on your data first—OpenTelemetry, Prometheus, or your cloud provider's 
   native tools. The philosophy matters more than the specific tool.

Q: How do you handle edge cases or rare events?
A: Document them. Create runbooks. The goal isn't to alert on everything, but 
   to know when something unusual requires human attention.

================================================================================
Total Talk Time: ~14 minutes + 6 minutes Q&A
================================================================================
"""

with open('/workspace/output.txt', 'w') as f:
    f.write(talk_outline)

print("Output saved successfully!")

[OUTPUT]:
Output saved successfully!


--- Turn 4/25 ---

[ASSISTANT]:


```bash
cat /workspace/output.txt
```

[EXECUTING bash]:
cat /workspace/output.txt

[OUTPUT]:
================================================================================
TED-STYLE TALK OUTLINE: "The Art of Observability"
Topic: Bootstrap Observability
Target Audience: Engineers Shipping New Systems
================================================================================

I. OPENING HOOK (2 minutes)
--------------------------------------------------------------------------------
"Imagine deploying a critical system to production... and having no idea if it's 
working correctly until your customers tell you it's broken. This is the reality 
for too many engineering teams today. We build complex systems, but we often 
skip the most important step: understanding what 'normal' looks like."

II. CORE CONCEPT EXPLANATION (4 minutes)
--------------------------------------------------------------------------------
Key Insight: Learn Normal Before Enforcing Alerts

Most teams rush to set up monitoring and alerting from day one. They define 
thresholds, create dashboards, and configure PagerDuty integrations. But here's 
the problem: how can you know what's abnormal if you've never observed what's 
normal?

The bootstrap-observability approach flips this paradigm. Instead of immediately 
enforcing rigid alerts, we first spend time learning the natural behavior of our 
system. We watch, we measure, we understand the rhythms and patterns of our 
application before we decide what deserves our attention at 3 AM.

III. CONCRETE EXAMPLES (3 minutes)
--------------------------------------------------------------------------------
Pain Point: Reproduce-to-Debug

Consider a team that deployed a new microservice. Within days, they were 
receiving constant alerts. Every spike in latency triggered a page. But when 
they investigated, most were false positives—the system was behaving exactly 
as expected under load.

The real pain point? The time it took to reproduce and debug issues. Without 
baseline observability, engineers spent hours recreating production conditio...

--- Turn 5/25 ---

[ASSISTANT]:


TASK_COMPLETE

✅ Agent reported TASK_COMPLETE

Conversation saved to results/repair_run_Qwen3.5-27B_20260413_211337/leegitw-ted-talk_create_easy_000/conversation.json

============================================================
Running evaluation...
============================================================

Results for leegitw-ted-talk_create_easy_000:
  Passed: True
  Score:  1.00
  Checks:
    ✅ output file exists: output.txt exists
    ✅ output readable: output.txt could be read
    ✅ contains section opening: section found
    ✅ contains section problem: section found
    ✅ contains section core concept: section found
    ✅ contains section examples: section found
    ✅ contains section implications: section found
    ✅ contains section closing: section found
    ✅ contains section q&a: section found
    ✅ includes source markers: found marker-related topic text
    ✅ sufficient length: word count=549

Cleaning up container 4df706390431...
Container removed.

