Building Docker image...
Creating new container...
Container ready: cc482c581996
Workspace files: context.pdf
gen_inputs.py
input_notes.txt
setup.sh
workspace

============================================================
Starting agent interaction (Repair Mode)...
============================================================

============================================================
TASK: Create a TED-style talk outline from the provided technical insight notes. Save the result as `output.txt` in the workspace. Make it readable, structured, and long-form, with an opening hook, main explanation, concrete examples, implications, closing, and Q&A prep.
============================================================


--- Turn 1/25 ---

[ASSISTANT]:


```bash
ls -la /workspace
```

[EXECUTING bash]:
ls -la /workspace

[OUTPUT]:
total 16
drwxr-xr-x 3 root  root   126 Apr 13 13:10 .
drwxr-xr-x 1 root  root    31 Apr 13 13:10 ..
-rw-r--r-- 1 root  root  1561 Apr 13 13:10 context.pdf
-rw-r--r-- 1 32113 42021  974 Apr 12 11:28 gen_inputs.py
-rw-r--r-- 1 root  root   203 Apr 13 13:10 input_notes.txt
-rwxr-xr-x 1 32113 42021   45 Apr 12 11:28 setup.sh
drwxr-xr-x 2 root  root    10 Apr 13 13:10 workspace


--- Turn 2/25 ---

[ASSISTANT]:


```bash
cat /workspace/input_notes.txt
```

[EXECUTING bash]:
cat /workspace/input_notes.txt

[OUTPUT]:
MARKER_TALK_TOPIC: bootstrap-observability
MARKER_CORE_INSIGHT: learn normal before enforcing alerts
MARKER_EXAMPLE: reproduce-to-debug was the pain point
MARKER_AUDIENCE: engineers shipping new systems


--- Turn 3/25 ---

[ASSISTANT]:


```bash
cat /workspace/context.pdf
```

[EXECUTING bash]:
cat /workspace/context.pdf

[OUTPUT]:
[EXECUTION ERROR]: 'utf-8' codec can't decode byte 0x93 in position 10: invalid start byte

--- Turn 4/25 ---

[ASSISTANT]:


```bash
python3 -c "
import subprocess
# Try to use pdftotext or similar
result = subprocess.run(['pdftotext', '/workspace/context.pdf', '-'], capture_output=True, text=True)
print(result.stdout)
print(result.stderr)
"
```

[EXECUTING bash]:
python3 -c "
import subprocess
# Try to use pdftotext or similar
result = subprocess.run(['pdftotext', '/workspace/context.pdf', '-'], capture_output=True, text=True)
print(result.stdout)
print(result.stderr)
"

[OUTPUT]:
[EXIT CODE: 1]
Traceback (most recent call last):
  File "<string>", line 4, in <module>
  File "/usr/local/lib/python3.11/subprocess.py", line 548, in run
    with Popen(*popenargs, **kwargs) as process:
         ^^^^^^^^^^^^^^^^^^^^^^^^^^^
  File "/usr/local/lib/python3.11/subprocess.py", line 1026, in __init__
    self._execute_child(args, executable, preexec_fn, close_fds,
  File "/usr/local/lib/python3.11/subprocess.py", line 1955, in _execute_child
    raise child_exception_type(errno_num, err_msg, err_filename)
FileNotFoundError: [Errno 2] No such file or directory: 'pdftotext'


--- Turn 5/25 ---

[ASSISTANT]:


```bash
python3 -c "
with open('/workspace/context.pdf', 'rb') as f:
    content = f.read()
print(content[:500])
"
```

[EXECUTING bash]:
python3 -c "
with open('/workspace/context.pdf', 'rb') as f:
    content = f.read()
print(content[:500])
"

[OUTPUT]:
b'%PDF-1.3\n%\x93\x8c\x8b\x9e ReportLab Generated PDF document (opensource)\n1 0 obj\n<<\n/F1 2 0 R\n>>\nendobj\n2 0 obj\n<<\n/BaseFont /Helvetica /Encoding /WinAnsiEncoding /Name /F1 /Subtype /Type1 /Type /Font\n>>\nendobj\n3 0 obj\n<<\n/Contents 7 0 R /MediaBox [ 0 0 612 792 ] /Parent 6 0 R /Resources <<\n/Font 1 0 R /ProcSet [ /PDF /Text /ImageB /ImageC /ImageI ]\n>> /Rotate 0 /Trans <<\n\n>> \n  /Type /Page\n>>\nendobj\n4 0 obj\n<<\n/PageMode /UseNone /Pages 6 0 R /Type /Catalog\n>>\nendobj\n5 0 obj\n<<\n/Author (anonymous) /Creation'


--- Turn 6/25 ---

[ASSISTANT]:


```bash
pip install PyPDF2 -q && python3 -c "
from PyPDF2 import PdfReader
reader = PdfReader('/workspace/context.pdf')
for page in reader.pages:
    print(page.extract_text())
"
```

[EXECUTING bash]:
pip install PyPDF2 -q && python3 -c "
from PyPDF2 import PdfReader
reader = PdfReader('/workspace/context.pdf')
for page in reader.pages:
    print(page.extract_text())
"

[OUTPUT]:
Technical insight notes
MARKER_TALK_TOPIC: bootstrap-observability
MARKER_CORE_INSIGHT: learn normal before enforcing alerts
MARKER_EXAMPLE: reproduce-to-debug was the pain point
MARKER_AUDIENCE: engineers shipping new systems

WARNING: Running pip as the 'root' user can result in broken permissions and conflicting behaviour with the system package manager. It is recommended to use a virtual environment instead: https://pip.pypa.io/warnings/venv

[notice] A new release of pip is available: 24.0 -> 26.0.1
[notice] To update, run: pip install --upgrade pip


--- Turn 7/25 ---

[ASSISTANT]:


Now I have all the information needed. Let me create a comprehensive TED-style talk outline based on the technical insights about bootstrap observability.

```python
talk_outline = """================================================================================
TED-STYLE TALK OUTLINE: "The Silent Foundation"
================================================================================
Topic: Bootstrap Observability - Learning Normal Before Enforcing Alerts
Target Audience: Engineers shipping new systems
Duration: 15-18 minutes

================================================================================
SECTION 1: OPENING HOOK (2-3 minutes)
================================================================================

THE SCENE-SETTER:
Imagine it's 2:47 AM. Your phone buzzes. A production alert. "High latency detected."
You're groggy, confused. You dive into the logs. You find... nothing unusual.
Was this a real problem? Or a false alarm?
You turn it off. Two hours later...

--- Turn 8/25 ---

[ASSISTANT]:


```bash
cat > /workspace/output.txt << 'EOF'
================================================================================
TED-STYLE TALK OUTLINE: "The Silent Foundation"
================================================================================
Topic: Bootstrap Observability - Learning Normal Before Enforcing Alerts
Target Audience: Engineers shipping new systems
Duration: 15-18 minutes

================================================================================
SECTION 1: OPENING HOOK (2-3 minutes)
================================================================================

THE SCENE-SETTER:
Imagine it's 2:47 AM. Your phone buzzes. A production alert. "High latency detected."
You're groggy, confused. You dive into the logs. You find... nothing unusual.
Was this a real problem? Or a false alarm?
You turn it off. Two hours later, the system actually does break. But now, no one trusts the alerts.

THE PARADOX:
We build monitoring to catch problems. But to know what'...

--- Turn 9/25 ---

[ASSISTANT]:


```bash
cat > /workspace/output.txt << 'EOF'
================================================================================
TED-STYLE TALK OUTLINE: "The Silent Foundation"
================================================================================
Topic: Bootstrap Observability - Learning Normal Before Enforcing Alerts
Target Audience: Engineers shipping new systems
Duration: 15-18 minutes

================================================================================
SECTION 1: OPENING HOOK (2-3 minutes)
================================================================================

THE SCENE-SETTER:
Imagine it's 2:47 AM. Your phone buzzes. A production alert. "High latency detected."
You're groggy, confused. You dive into the logs. You find... nothing unusual.
Was this a real problem? Or a false alarm?
You turn it off. Two hours later, the system actually does break. But now, no one trusts the alerts.

THE PARADOX:
We build monitoring to catch problems. But to know what'...

--- Turn 10/25 ---

[ASSISTANT]:


```bash
cat > /workspace/output.txt << 'ENDOFFILE'
================================================================================
TED-STYLE TALK OUTLINE: "The Silent Foundation"
================================================================================
Topic: Bootstrap Observability - Learning Normal Before Enforcing Alerts
Target Audience: Engineers shipping new systems
Duration: 15-18 minutes

================================================================================
SECTION 1: OPENING HOOK (2-3 minutes)
================================================================================

THE SCENE-SETTER:
Imagine it's 2:47 AM. Your phone buzzes. A production alert. "High latency detected."
You're groggy, confused. You dive into the logs. You find... nothing unusual.
Was this a real problem? Or a false alarm?
You turn it off. Two hours later, the system actually does break. But now, no one trusts the alerts.

THE PARADOX:
We build monitoring to catch problems. But to know...

--- Turn 11/25 ---

[ASSISTANT]:


```python
content = """================================================================================
TED-STYLE TALK OUTLINE: "The Silent Foundation"
================================================================================
Topic: Bootstrap Observability - Learning Normal Before Enforcing Alerts
Target Audience: Engineers shipping new systems
Duration: 15-18 minutes

================================================================================
SECTION 1: OPENING HOOK (2-3 minutes)
================================================================================

THE SCENE-SETTER:
Imagine it's 2:47 AM. Your phone buzzes. A production alert. "High latency detected."
You're groggy, confused. You dive into the logs. You find... nothing unusual.
Was this a real problem? Or a false alarm?
You turn it off. Two hours later, the system actually does break. But now, no one trusts the alerts.

THE PARADOX:
We build monitoring to catch problems. But to know what's a problem, we first ...

--- Turn 12/25 ---

[ASSISTANT]:


```python
content = """================================================================================
TED-STYLE TALK OUTLINE: "The Silent Foundation"
================================================================================
Topic: Bootstrap Observability - Learning Normal Before Enforcing Alerts
Target Audience: Engineers shipping new systems
Duration: 15-18 minutes

================================================================================
SECTION 1: OPENING HOOK (2-3 minutes)
================================================================================

THE SCENE-SETTER:
Imagine it's 2:47 AM. Your phone buzzes. A production alert. "High latency detected."
You're groggy, confused. You dive into the logs. You find... nothing unusual.
Was this a real problem? Or a false alarm?
You turn it off. Two hours later, the system actually does break. But now, no one trusts the alerts.

THE PARADOX:
We build monitoring to catch problems. But to know what's a problem, we first ...

--- Turn 13/25 ---

[ASSISTANT]:


```python
with open('/workspace/output.txt', 'w') as f:
    f.write("""================================================================================
TED-STYLE TALK OUTLINE: "The Silent Foundation"
================================================================================
Topic: Bootstrap Observability - Learning Normal Before Enforcing Alerts
Target Audience: Engineers shipping new systems
Duration: 15-18 minutes

================================================================================
SECTION 1: OPENING HOOK (2-3 minutes)
================================================================================

THE SCENE-SETTER:
Imagine it's 2:47 AM. Your phone buzzes. A production alert. "High latency detected."
You're groggy, confused. You dive into the logs. You find... nothing unusual.
Was this a real problem? Or a false alarm?
You turn it off. Two hours later, the system actually does break. But now, no one trusts the alerts.

THE PARADOX:
We build monitoring to catch p...

--- Turn 14/25 ---
[API ERROR]: Error code: 400 - {'error': {'message': "You passed 14337 input tokens and requested 2048 output tokens. However, the model's context length is only 16384 tokens, resulting in a maximum input length of 14336 tokens. Please reduce the length of the input prompt. (parameter=input_tokens, value=14337)", 'type': 'BadRequestError', 'param': 'input_tokens', 'code': 400}}

--- Turn 15/25 ---
[API ERROR]: Error code: 400 - {'error': {'message': "You passed 14337 input tokens and requested 2048 output tokens. However, the model's context length is only 16384 tokens, resulting in a maximum input length of 14336 tokens. Please reduce the length of the input prompt. (parameter=input_tokens, value=14337)", 'type': 'BadRequestError', 'param': 'input_tokens', 'code': 400}}

--- Turn 16/25 ---
[API ERROR]: Error code: 400 - {'error': {'message': "You passed 14337 input tokens and requested 2048 output tokens. However, the model's context length is only 16384 tokens, resulting in a maximum input length of 14336 tokens. Please reduce the length of the input prompt. (parameter=input_tokens, value=14337)", 'type': 'BadRequestError', 'param': 'input_tokens', 'code': 400}}

--- Turn 17/25 ---
[API ERROR]: Error code: 400 - {'error': {'message': "You passed 14337 input tokens and requested 2048 output tokens. However, the model's context length is only 16384 tokens, resulting in a maximum input length of 14336 tokens. Please reduce the length of the input prompt. (parameter=input_tokens, value=14337)", 'type': 'BadRequestError', 'param': 'input_tokens', 'code': 400}}

--- Turn 18/25 ---
[API ERROR]: Error code: 400 - {'error': {'message': "You passed 14337 input tokens and requested 2048 output tokens. However, the model's context length is only 16384 tokens, resulting in a maximum input length of 14336 tokens. Please reduce the length of the input prompt. (parameter=input_tokens, value=14337)", 'type': 'BadRequestError', 'param': 'input_tokens', 'code': 400}}

--- Turn 19/25 ---
[API ERROR]: Error code: 400 - {'error': {'message': "You passed 14337 input tokens and requested 2048 output tokens. However, the model's context length is only 16384 tokens, resulting in a maximum input length of 14336 tokens. Please reduce the length of the input prompt. (parameter=input_tokens, value=14337)", 'type': 'BadRequestError', 'param': 'input_tokens', 'code': 400}}

--- Turn 20/25 ---
[API ERROR]: Error code: 400 - {'error': {'message': "You passed 14337 input tokens and requested 2048 output tokens. However, the model's context length is only 16384 tokens, resulting in a maximum input length of 14336 tokens. Please reduce the length of the input prompt. (parameter=input_tokens, value=14337)", 'type': 'BadRequestError', 'param': 'input_tokens', 'code': 400}}

--- Turn 21/25 ---
[API ERROR]: Error code: 400 - {'error': {'message': "You passed 14337 input tokens and requested 2048 output tokens. However, the model's context length is only 16384 tokens, resulting in a maximum input length of 14336 tokens. Please reduce the length of the input prompt. (parameter=input_tokens, value=14337)", 'type': 'BadRequestError', 'param': 'input_tokens', 'code': 400}}

--- Turn 22/25 ---
[API ERROR]: Error code: 400 - {'error': {'message': "You passed 14337 input tokens and requested 2048 output tokens. However, the model's context length is only 16384 tokens, resulting in a maximum input length of 14336 tokens. Please reduce the length of the input prompt. (parameter=input_tokens, value=14337)", 'type': 'BadRequestError', 'param': 'input_tokens', 'code': 400}}

--- Turn 23/25 ---
[API ERROR]: Error code: 400 - {'error': {'message': "You passed 14337 input tokens and requested 2048 output tokens. However, the model's context length is only 16384 tokens, resulting in a maximum input length of 14336 tokens. Please reduce the length of the input prompt. (parameter=input_tokens, value=14337)", 'type': 'BadRequestError', 'param': 'input_tokens', 'code': 400}}

--- Turn 24/25 ---
[API ERROR]: Error code: 400 - {'error': {'message': "You passed 14337 input tokens and requested 2048 output tokens. However, the model's context length is only 16384 tokens, resulting in a maximum input length of 14336 tokens. Please reduce the length of the input prompt. (parameter=input_tokens, value=14337)", 'type': 'BadRequestError', 'param': 'input_tokens', 'code': 400}}

--- Turn 25/25 ---
[API ERROR]: Error code: 400 - {'error': {'message': "You passed 14337 input tokens and requested 2048 output tokens. However, the model's context length is only 16384 tokens, resulting in a maximum input length of 14336 tokens. Please reduce the length of the input prompt. (parameter=input_tokens, value=14337)", 'type': 'BadRequestError', 'param': 'input_tokens', 'code': 400}}

⚠️ Agent reached max turns (25)

Conversation saved to results/repair_run_Qwen3.5-27B_20260413_211005/leegitw-ted-talk_create_easy_000/conversation.json

============================================================
Running evaluation...
============================================================

Results for leegitw-ted-talk_create_easy_000:
  Passed: False
  Score:  0.00
  Checks:
    ❌ output file exists: output.txt is missing
    ❌ output readable: skipped because output.txt is missing
    ❌ contains section opening: section not found
    ❌ contains section problem: section not found
    ❌ contains section core concept: section not found
    ❌ contains section examples: section not found
    ❌ contains section implications: section not found
    ❌ contains section closing: section not found
    ❌ contains section q&a: section not found
    ❌ includes source markers: missing marker-related topic text
    ❌ sufficient length: word count=0

Cleaning up container cc482c581996...
Container removed.

