Building Docker image...
Creating new container...
Container ready: e1bbd710f138
Workspace files: context.pdf
gen_inputs.py
input_notes.txt
setup.sh
workspace

============================================================
Starting agent interaction (Repair Mode)...
============================================================

============================================================
TASK: Create a TED-style talk outline from the provided technical insight notes. Save the result as `output.txt` in the workspace. Make it readable, structured, and long-form, with an opening hook, main explanation, concrete examples, implications, closing, and Q&A prep.
============================================================


--- Turn 1/25 ---

[ASSISTANT]:


```bash
ls -la /workspace
```

[EXECUTING bash]:
ls -la /workspace

[OUTPUT]:
total 16
drwxr-xr-x 3 root  root   126 Apr 13 13:06 .
drwxr-xr-x 1 root  root    31 Apr 13 13:06 ..
-rw-r--r-- 1 root  root  1561 Apr 13 13:06 context.pdf
-rw-r--r-- 1 32113 42021  974 Apr 12 11:28 gen_inputs.py
-rw-r--r-- 1 root  root   203 Apr 13 13:06 input_notes.txt
-rwxr-xr-x 1 32113 42021   45 Apr 12 11:28 setup.sh
drwxr-xr-x 2 root  root     6 Apr 13 13:06 workspace


--- Turn 2/25 ---

[ASSISTANT]:


```bash
cat /workspace/input_notes.txt
```

[EXECUTING bash]:
cat /workspace/input_notes.txt

[OUTPUT]:
MARKER_TALK_TOPIC: bootstrap-observability
MARKER_CORE_INSIGHT: learn normal before enforcing alerts
MARKER_EXAMPLE: reproduce-to-debug was the pain point
MARKER_AUDIENCE: engineers shipping new systems


--- Turn 3/25 ---

[ASSISTANT]:


```bash
cat /workspace/workspace/* 2>/dev/null; ls -la /workspace/workspace/
```

[EXECUTING bash]:
cat /workspace/workspace/* 2>/dev/null; ls -la /workspace/workspace/

[OUTPUT]:
total 0
drwxr-xr-x 2 root root   6 Apr 13 13:06 .
drwxr-xr-x 3 root root 126 Apr 13 13:06 ..


--- Turn 4/25 ---

[ASSISTANT]:


```bash
cat > /workspace/output.txt << 'EOF'
================================================================================
TED-STYLE TALK OUTLINE: "The Art of Observability Bootstrapping"
================================================================================
Speaker Notes for Engineers Shipping New Systems
Topic: Bootstrap Observability
Core Insight: Learn Normal Before Enforcing Alerts
================================================================================

--------------------------------------------------------------------------------
SECTION 1: OPENING HOOK (2-3 minutes)
--------------------------------------------------------------------------------

[STAGE SETTING: Dim lights. Single spotlight. Speaker walks to center.]

OPENING STORY:
"Three weeks ago, I watched an engineer cry at 3:47 AM.

Not because of the work itself—but because their system was screaming at them.
Every metric was red. Every alert was firing. Every dashboard looked like a
Christmas tr...

--- Turn 5/25 ---

[ASSISTANT]:


```bash
wc -l /workspace/output.txt && tail -20 /workspace/output.txt
```

[EXECUTING bash]:
wc -l /workspace/output.txt && tail -20 /workspace/output.txt

[OUTPUT]:
[EXIT CODE: 1]
wc: /workspace/output.txt: No such file or directory


--- Turn 6/25 ---

[ASSISTANT]:


```bash
cat > /workspace/output.txt << 'ENDOFFILE'
================================================================================
TED-STYLE TALK OUTLINE: "The Art of Observability Bootstrapping"
================================================================================
Speaker Notes for Engineers Shipping New Systems
Topic: Bootstrap Observability
Core Insight: Learn Normal Before Enforcing Alerts
================================================================================

--------------------------------------------------------------------------------
SECTION 1: OPENING HOOK (2-3 minutes)
--------------------------------------------------------------------------------

[STAGE SETTING: Dim lights. Single spotlight. Speaker walks to center.]

OPENING STORY:
"Three weeks ago, I watched an engineer cry at 3:47 AM.

Not because of the work itself—but because their system was screaming at them.
Every metric was red. Every alert was firing. Every dashboard looked like a
Christ...

--- Turn 7/25 ---

[ASSISTANT]:


```bash
ls -la /workspace/output.txt && wc -l /workspace/output.txt
```

[EXECUTING bash]:
ls -la /workspace/output.txt && wc -l /workspace/output.txt

[OUTPUT]:
[EXIT CODE: 2]
ls: cannot access '/workspace/output.txt': No such file or directory


--- Turn 8/25 ---

[ASSISTANT]:


```python
content = '''================================================================================
TED-STYLE TALK OUTLINE: "The Art of Observability Bootstrapping"
================================================================================
Speaker Notes for Engineers Shipping New Systems
Topic: Bootstrap Observability
Core Insight: Learn Normal Before Enforcing Alerts
================================================================================

--------------------------------------------------------------------------------
SECTION 1: OPENING HOOK (2-3 minutes)
--------------------------------------------------------------------------------

[STAGE SETTING: Dim lights. Single spotlight. Speaker walks to center.]

OPENING STORY:
"Three weeks ago, I watched an engineer cry at 3:47 AM.

Not because of the work itself—but because their system was screaming at them.
Every metric was red. Every alert was firing. Every dashboard looked like a
Christmas tree gone wrong.

And he...

--- Turn 9/25 ---

[ASSISTANT]:


```python
content = '''================================================================================
TED-STYLE TALK OUTLINE: "The Art of Observability Bootstrapping"
================================================================================
Speaker Notes for Engineers Shipping New Systems
Topic: Bootstrap Observability
Core Insight: Learn Normal Before Enforcing Alerts
================================================================================

--------------------------------------------------------------------------------
SECTION 1: OPENING HOOK (2-3 minutes)
--------------------------------------------------------------------------------

[STAGE SETTING: Dim lights. Single spotlight. Speaker walks to center.]

OPENING STORY:
"Three weeks ago, I watched an engineer cry at 3:47 AM.

Not because of the work itself—but because their system was screaming at them.
Every metric was red. Every alert was firing. Every dashboard looked like a
Christmas tree gone wrong.

And he...

--- Turn 10/25 ---

[ASSISTANT]:


```python
with open('/workspace/output.txt', 'w') as f:
    f.write("""================================================================================
TED-STYLE TALK OUTLINE: "The Art of Observability Bootstrapping"
================================================================================
Speaker Notes for Engineers Shipping New Systems
Topic: Bootstrap Observability
Core Insight: Learn Normal Before Enforcing Alerts
================================================================================

--------------------------------------------------------------------------------
SECTION 1: OPENING HOOK (2-3 minutes)
--------------------------------------------------------------------------------

[STAGE SETTING: Dim lights. Single spotlight. Speaker walks to center.]

OPENING STORY:
"Three weeks ago, I watched an engineer cry at 3:47 AM.

Not because of the work itself—but because their system was screaming at them.
Every metric was red. Every alert was firing. Every dashboard ...

--- Turn 11/25 ---

[ASSISTANT]:


```python
text = """================================================================================
TED-STYLE TALK OUTLINE: "The Art of Observability Bootstrapping"
================================================================================
Speaker Notes for Engineers Shipping New Systems
Topic: Bootstrap Observability
Core Insight: Learn Normal Before Enforcing Alerts
================================================================================

--------------------------------------------------------------------------------
SECTION 1: OPENING HOOK (2-3 minutes)
--------------------------------------------------------------------------------

[STAGE SETTING: Dim lights. Single spotlight. Speaker walks to center.]

OPENING STORY:
"Three weeks ago, I watched an engineer cry at 3:47 AM.

Not because of the work itself—but because their system was screaming at them.
Every metric was red. Every alert was firing. Every dashboard looked like a
Christmas tree gone wrong.

And here'...

--- Turn 12/25 ---

[ASSISTANT]:


```python
with open('/workspace/output.txt', 'w') as f:
    f.write("=" * 80 + "\n")
    f.write('TED-STYLE TALK OUTLINE: "The Art of Observability Bootstrapping"\n')
    f.write("=" * 80 + "\n")
    f.write("Speaker Notes for Engineers Shipping New Systems\n")
    f.write("Topic: Bootstrap Observability\n")
    f.write("Core Insight: Learn Normal Before Enforcing Alerts\n")
    f.write("=" * 80 + "\n\n")
```

[EXECUTING python]:
with open('/workspace/output.txt', 'w') as f:
    f.write("=" * 80 + "\n")
    f.write('TED-STYLE TALK OUTLINE: "The Art of Observability Bootstrapping"\n')
    f.write("=" * 80 + "\n")
    f.write("Speaker Notes for Engineers Shipping New Systems\n")
    f.write("Topic: Bootstrap Observability\n")
    f.write("Core Insight: Learn Normal Before Enforcing Alerts\n")
    f.write("=" * 80 + "\n\n")

[OUTPUT]:
[Command completed successfully with no output]

--- Turn 13/25 ---

[ASSISTANT]:


```python
with open('/workspace/output.txt', 'a') as f:
    f.write("""
--------------------------------------------------------------------------------
SECTION 1: OPENING HOOK (2-3 minutes)
--------------------------------------------------------------------------------

[STAGE SETTING: Dim lights. Single spotlight. Speaker walks to center.]

OPENING STORY:
"Three weeks ago, I watched an engineer cry at 3:47 AM.

Not because of the work itself—but because their system was screaming at them.
Every metric was red. Every alert was firing. Every dashboard looked like a
Christmas tree gone wrong.

And here's the brutal truth: none of those alerts were actually useful.

They were noise. Beautiful, colorful, paralyzing noise.

Because this team had skipped the most critical step in observability:
They never learned what 'normal' looked like."

THE HOOK QUESTION:
"How many of you have shipped a new system only to spend the first month
fighting your own monitoring?

How many of you have adde...

[EXECUTING python]:
with open('/workspace/output.txt', 'a') as f:
    f.write("""
--------------------------------------------------------------------------------
SECTION 1: OPENING HOOK (2-3 minutes)
--------------------------------------------------------------------------------

[STAGE SETTING: Dim lights. Single spotlight. Speaker walks to center.]

OPENING STORY:
"Three weeks ago, I watched an engineer cry at 3:47 AM.

Not because of the work itself—but because their system was screaming at them.
Every metric was red. Every alert was firing. Every dashboard looked like a
Christmas tree gone wrong.

And here's the brutal truth: none of those alerts were actually useful.

They were noise. Beautiful, colorful, paralyzing noise.

Because this team had skipped the most critical step in observability:
They never learned what 'normal' looked like."

THE HOOK QUESTION:
"How many of you have shipped a new system only to spend the first month
fighting your own monitoring?

How many of you have added alerts before you understood the system's heartbeat?

Today, I want to share a simple but transformative idea:
Before you enforce any alert, you must first learn what normal is."
""")

[OUTPUT]:
[Command completed successfully with no output]

--- Turn 14/25 ---

[ASSISTANT]:


```python
with open('/workspace/output.txt', 'a') as f:
    f.write("""
--------------------------------------------------------------------------------
SECTION 2: THE PROBLEM — WHY WE FAIL AT OBSERVABILITY (4-5 minutes)
--------------------------------------------------------------------------------

THE COMMON PATTERN:
1. Build the system
2. Add monitoring (because 'it's best practice')
3. Set thresholds (because 'someone needs to tell me when things break')
4. Get overwhelmed by false positives
5. Disable the alerts
6. Repeat the cycle

THE PSYCHOLOGY:
"We do this because we're afraid of being caught off-guard.
We want our monitoring to be our safety net.
But a safety net you never tested? That's not safety. That's anxiety."

THE PAIN POINT — REPRODUCE-TO-DEBUG:
"The most expensive operation in software development isn't coding.
It's reproduction.

When something goes wrong in production, the first question is always:
'Can I reproduce this locally?'

And the answer is usually: 'No...

[EXECUTING python]:
with open('/workspace/output.txt', 'a') as f:
    f.write("""
--------------------------------------------------------------------------------
SECTION 2: THE PROBLEM — WHY WE FAIL AT OBSERVABILITY (4-5 minutes)
--------------------------------------------------------------------------------

THE COMMON PATTERN:
1. Build the system
2. Add monitoring (because 'it's best practice')
3. Set thresholds (because 'someone needs to tell me when things break')
4. Get overwhelmed by false positives
5. Disable the alerts
6. Repeat the cycle

THE PSYCHOLOGY:
"We do this because we're afraid of being caught off-guard.
We want our monitoring to be our safety net.
But a safety net you never tested? That's not safety. That's anxiety."

THE PAIN POINT — REPRODUCE-TO-DEBUG:
"The most expensive operation in software development isn't coding.
It's reproduction.

When something goes wrong in production, the first question is always:
'Can I reproduce this locally?'

And the answer is usually: 'No. Not without the right observability.'

This is where teams get stuck. They're trying to debug a mystery they can't
even see, using tools they don't understand, against baselines they never
established."
""")

[OUTPUT]:
[Command completed successfully with no output]

--- Turn 15/25 ---

[ASSISTANT]:


```python
with open('/workspace/output.txt', 'a') as f:
    f.write("""
--------------------------------------------------------------------------------
SECTION 3: THE CORE INSIGHT — LEARN NORMAL FIRST (5-6 minutes)
--------------------------------------------------------------------------------

THE CENTRAL THESIS:
"Observability isn't about catching problems.
It's about understanding behavior.

And you can't understand behavior without first learning the baseline."

THE BOOTSTRAP OBSERVABILITY FRAMEWORK:

PHASE 1: SILENT OBSERVATION (Weeks 1-2)
- Deploy your monitoring infrastructure
- Collect metrics, logs, traces
- Do NOT configure any alerts
- Just watch. Just learn.

PHASE 2: PATTERN RECOGNITION (Weeks 2-3)
- What does traffic look like at 9 AM vs 9 PM?
- How does latency change during deployments?
- What are the natural spikes? What are the anomalies?
- Build your mental model of 'normal'

PHASE 3: INTELLIGENT ALERTING (Week 4+)
- Now, and only now, configure alerts
- Base thr...

[EXECUTING python]:
with open('/workspace/output.txt', 'a') as f:
    f.write("""
--------------------------------------------------------------------------------
SECTION 3: THE CORE INSIGHT — LEARN NORMAL FIRST (5-6 minutes)
--------------------------------------------------------------------------------

THE CENTRAL THESIS:
"Observability isn't about catching problems.
It's about understanding behavior.

And you can't understand behavior without first learning the baseline."

THE BOOTSTRAP OBSERVABILITY FRAMEWORK:

PHASE 1: SILENT OBSERVATION (Weeks 1-2)
- Deploy your monitoring infrastructure
- Collect metrics, logs, traces
- Do NOT configure any alerts
- Just watch. Just learn.

PHASE 2: PATTERN RECOGNITION (Weeks 2-3)
- What does traffic look like at 9 AM vs 9 PM?
- How does latency change during deployments?
- What are the natural spikes? What are the anomalies?
- Build your mental model of 'normal'

PHASE 3: INTELLIGENT ALERTING (Week 4+)
- Now, and only now, configure alerts
- Base thresholds on observed behavior, not arbitrary numbers
- Start with 'interesting' not 'urgent'
- Iterate based on signal quality

THE KEY INSIGHT:
"An alert without context is just noise.
Context comes from knowing normal.
And you learn normal by watching, not by guessing."
""")

[OUTPUT]:
[Command completed successfully with no output]

--- Turn 16/25 ---

[ASSISTANT]:


```python
with open('/workspace/output.txt', 'a') as f:
    f.write("""
--------------------------------------------------------------------------------
SECTION 4: CONCRETE EXAMPLES (5-6 minutes)
--------------------------------------------------------------------------------

EXAMPLE 1: THE API LATENCY ALERT

THE WRONG WAY:
"Set an alert: 'If API latency > 500ms, page the on-call engineer.'

Result: 47 alerts in the first week. Most were legitimate traffic spikes.
Engineer becomes desensitized. Real problems get missed."

THE RIGHT WAY:
"Watch the system for two weeks. Notice that:
- Normal latency is 50-150ms
- During peak hours (2-4 PM), it naturally rises to 200-350ms
- During deployments, it spikes to 500ms for 2-3 minutes

Now set intelligent alerts:
- 'If latency > 400ms outside deployment windows'
- 'If latency stays > 200ms for more than 5 minutes during peak hours'

Result: 3 meaningful alerts in the same week. All were real issues."

EXAMPLE 2: THE MEMORY LEAK DETECTION

T...

[EXECUTING python]:
with open('/workspace/output.txt', 'a') as f:
    f.write("""
--------------------------------------------------------------------------------
SECTION 4: CONCRETE EXAMPLES (5-6 minutes)
--------------------------------------------------------------------------------

EXAMPLE 1: THE API LATENCY ALERT

THE WRONG WAY:
"Set an alert: 'If API latency > 500ms, page the on-call engineer.'

Result: 47 alerts in the first week. Most were legitimate traffic spikes.
Engineer becomes desensitized. Real problems get missed."

THE RIGHT WAY:
"Watch the system for two weeks. Notice that:
- Normal latency is 50-150ms
- During peak hours (2-4 PM), it naturally rises to 200-350ms
- During deployments, it spikes to 500ms for 2-3 minutes

Now set intelligent alerts:
- 'If latency > 400ms outside deployment windows'
- 'If latency stays > 200ms for more than 5 minutes during peak hours'

Result: 3 meaningful alerts in the same week. All were real issues."

EXAMPLE 2: THE MEMORY LEAK DETECTION

THE WRONG WAY:
"Alert when memory usage exceeds 80%."

Result: False positives during legitimate load increases.
Engineer has to manually check if it's a leak or just more users."

THE RIGHT WAY:
"First, observe memory patterns:
- Memory grows linearly with user count
- Garbage collection events show healthy reclamation
- The slope of growth is the real signal

Now alert on the derivative:
- 'If memory growth rate exceeds 10MB/minute for 30 minutes'
- 'If memory doesn't reclaim after GC event'

Result: Actual leaks get caught. Normal growth doesn't trigger alerts."

EXAMPLE 3: THE REPRODUCE-TO-DEBUG WORKFLOW

THE BEFORE STATE:
"User reports: 'The checkout flow is slow.'
Engineer: 'I can't reproduce this locally.'
Next steps: Guess. Deploy fix. Hope. Repeat."

THE AFTER STATE (With Bootstrap Observability):
"User reports: 'The checkout flow is slow.'
Engineer checks: Observed baseline shows 200ms checkout time.
Current: 2000ms. Trace shows database query spike.
Root cause identified in 5 minutes. Fix deployed in 30."
""")

[OUTPUT]:
[Command completed successfully with no output]

--- Turn 17/25 ---
[API ERROR]: Error code: 400 - {'error': {'message': "You passed 14337 input tokens and requested 2048 output tokens. However, the model's context length is only 16384 tokens, resulting in a maximum input length of 14336 tokens. Please reduce the length of the input prompt. (parameter=input_tokens, value=14337)", 'type': 'BadRequestError', 'param': 'input_tokens', 'code': 400}}

--- Turn 18/25 ---
[API ERROR]: Error code: 400 - {'error': {'message': "You passed 14337 input tokens and requested 2048 output tokens. However, the model's context length is only 16384 tokens, resulting in a maximum input length of 14336 tokens. Please reduce the length of the input prompt. (parameter=input_tokens, value=14337)", 'type': 'BadRequestError', 'param': 'input_tokens', 'code': 400}}

--- Turn 19/25 ---
[API ERROR]: Error code: 400 - {'error': {'message': "You passed 14337 input tokens and requested 2048 output tokens. However, the model's context length is only 16384 tokens, resulting in a maximum input length of 14336 tokens. Please reduce the length of the input prompt. (parameter=input_tokens, value=14337)", 'type': 'BadRequestError', 'param': 'input_tokens', 'code': 400}}

--- Turn 20/25 ---
[API ERROR]: Error code: 400 - {'error': {'message': "You passed 14337 input tokens and requested 2048 output tokens. However, the model's context length is only 16384 tokens, resulting in a maximum input length of 14336 tokens. Please reduce the length of the input prompt. (parameter=input_tokens, value=14337)", 'type': 'BadRequestError', 'param': 'input_tokens', 'code': 400}}

--- Turn 21/25 ---
[API ERROR]: Error code: 400 - {'error': {'message': "You passed 14337 input tokens and requested 2048 output tokens. However, the model's context length is only 16384 tokens, resulting in a maximum input length of 14336 tokens. Please reduce the length of the input prompt. (parameter=input_tokens, value=14337)", 'type': 'BadRequestError', 'param': 'input_tokens', 'code': 400}}

--- Turn 22/25 ---
[API ERROR]: Error code: 400 - {'error': {'message': "You passed 14337 input tokens and requested 2048 output tokens. However, the model's context length is only 16384 tokens, resulting in a maximum input length of 14336 tokens. Please reduce the length of the input prompt. (parameter=input_tokens, value=14337)", 'type': 'BadRequestError', 'param': 'input_tokens', 'code': 400}}

--- Turn 23/25 ---
[API ERROR]: Error code: 400 - {'error': {'message': "You passed 14337 input tokens and requested 2048 output tokens. However, the model's context length is only 16384 tokens, resulting in a maximum input length of 14336 tokens. Please reduce the length of the input prompt. (parameter=input_tokens, value=14337)", 'type': 'BadRequestError', 'param': 'input_tokens', 'code': 400}}

--- Turn 24/25 ---
[API ERROR]: Error code: 400 - {'error': {'message': "You passed 14337 input tokens and requested 2048 output tokens. However, the model's context length is only 16384 tokens, resulting in a maximum input length of 14336 tokens. Please reduce the length of the input prompt. (parameter=input_tokens, value=14337)", 'type': 'BadRequestError', 'param': 'input_tokens', 'code': 400}}

--- Turn 25/25 ---
[API ERROR]: Error code: 400 - {'error': {'message': "You passed 14337 input tokens and requested 2048 output tokens. However, the model's context length is only 16384 tokens, resulting in a maximum input length of 14336 tokens. Please reduce the length of the input prompt. (parameter=input_tokens, value=14337)", 'type': 'BadRequestError', 'param': 'input_tokens', 'code': 400}}

⚠️ Agent reached max turns (25)

Conversation saved to results/repair_run_Qwen3.5-27B_20260413_210643/leegitw-ted-talk_create_easy_000/conversation.json

============================================================
Running evaluation...
============================================================

Results for leegitw-ted-talk_create_easy_000:
  Passed: False
  Score:  0.50
  Checks:
    ✅ output file exists: output.txt exists
    ✅ output readable: output.txt could be read
    ✅ contains section opening: section found
    ❌ contains section setup why this matters: section not found
    ✅ contains section the problem: section found
    ❌ contains section core concept: section not found
    ❌ contains section real world examples: section not found
    ❌ contains section broader implications: section not found
    ❌ contains section closing: section not found
    ❌ contains section q a preparation: section not found
    ✅ includes source markers: found marker-related topic text
    ✅ sufficient length: word count=791

Cleaning up container e1bbd710f138...
Container removed.

