Building Docker image...
Creating new container...
Container ready: 308a84efe8dc
Workspace files: conversation_notes.txt
gen_inputs.py
reference_context.pdf
setup.sh
task_meta.json

============================================================
Starting agent interaction (Repair Mode)...
============================================================

============================================================
TASK: Create a 40-50 minute TED-style talk outline and speaker notes from the provided technical conversation. The talk must be focused on a concrete insight, include an opening hook, a clear narrative arc, real-world examples grounded in the conversation, broader implications, and a Q&A section with objections and answers. Save the finished talk to `output.txt` in the workspace.

**Important constraints:**
- If reading the PDF causes context issues, summarize its key points briefly rather than including full content in your responses
- Work with the information available in `conversation_notes.txt` and `task_meta.json` as primary sources
- The talk should be approximately 2200+ words to fit a 40-50 minute presentation
============================================================


--- Turn 1/25 ---

[ASSISTANT]:


```bash
ls -la /workspace
```

[EXECUTING bash]:
ls -la /workspace

[OUTPUT]:
total 20
drwxr-xr-x 2 root  root   148 Apr 13 09:27 .
drwxr-xr-x 1 root  root    46 Apr 13 09:27 ..
-rw-r--r-- 1 root  root   505 Apr 13 09:27 conversation_notes.txt
-rw-r--r-- 1 32113 42021 1828 Apr 12 11:29 gen_inputs.py
-rw-r--r-- 1 root  root  1576 Apr 13 09:27 reference_context.pdf
-rwxr-xr-x 1 32113 42021   78 Apr 12 11:29 setup.sh
-rw-r--r-- 1 root  root   293 Apr 13 09:27 task_meta.json


--- Turn 2/25 ---

[ASSISTANT]:


```bash
cat /workspace/conversation_notes.txt
```

[EXECUTING bash]:
cat /workspace/conversation_notes.txt

[OUTPUT]:
Technical conversation notes:
- We discovered that teams often explain what a system does, but not why it matters.
- The core insight is to turn an abstract technical lesson into a full narrative with concrete examples.
- A strong talk needs: hook, problem, discovery, real-world examples, implications, and Q&A.
- The audience asked for a 40-50 minute TED-style structure.
- Important constraint: use only the user-provided context; do not invent unsupported facts.

Marker: MARKER_TED_TALK_INPUT_9f3c2a


--- Turn 3/25 ---

[ASSISTANT]:


```bash
cat /workspace/task_meta.json
```

[EXECUTING bash]:
cat /workspace/task_meta.json

[OUTPUT]:
{
  "topic": "turning technical insight into a TED-style talk",
  "marker": "MARKER_TED_TALK_INPUT_9f3c2a",
  "required_sections": [
    "Opening",
    "Setup",
    "Problem",
    "Core Concept",
    "Real-World Examples",
    "Broader Implications",
    "Closing",
    "Q&A Preparation"
  ]
}

--- Turn 4/25 ---

[ASSISTANT]:


```bash
cat /workspace/reference_context.pdf
```

[EXECUTING bash]:
cat /workspace/reference_context.pdf

[OUTPUT]:
[EXECUTION ERROR]: 'utf-8' codec can't decode byte 0x93 in position 10: invalid start byte

--- Turn 5/25 ---

[ASSISTANT]:


```bash
which pdftotext || apt-get update && apt-get install -y poppler-utils
```

[EXECUTING bash]:
which pdftotext || apt-get update && apt-get install -y poppler-utils

[OUTPUT]:
Hit:1 http://deb.debian.org/debian trixie InRelease
Get:2 http://deb.debian.org/debian trixie-updates InRelease [47.3 kB]
Get:3 http://deb.debian.org/debian-security trixie-security InRelease [43.4 kB]
Get:4 http://deb.debian.org/debian trixie/main amd64 Packages [9671 kB]
Get:5 http://deb.debian.org/debian trixie-updates/main amd64 Packages [5412 B]
Get:6 http://deb.debian.org/debian-security trixie-security/main amd64 Packages [122 kB]
Fetched 9889 kB in 2s (5451 kB/s)
Reading package lists...
Reading package lists...
Building dependency tree...
Reading state information...
The following additional packages will be installed:
  dirmngr fontconfig-config fonts-dejavu-core fonts-dejavu-mono gnupg
  gnupg-l10n gnupg-utils gpg gpg-agent gpg-wks-client gpgconf gpgsm gpgv
  krb5-locales libassuan9 libbrotli1 libcairo2 libcom-err2 libcurl3t64-gnutls
  libdeflate0 libexpat1 libfontconfig1 libfreetype6 libgcrypt20 libgnutls30t64
  libgpg-error-l10n libgpg-error0 libgpgme11t64 libgpgmepp6t64
  libgssapi-krb5-2 libidn2-0 libjbig0 libjpeg62-turbo libk5crypto3
  libkeyutils1 libkrb5-3 libkrb5support0 libksba8 liblcms2-2 libldap-common
  libldap2 liblerc4 libnghttp2-14 libnghttp3-9 libngtcp2-16
  libngtcp2-crypto-gnutls8 libnpth0t64 libnspr4 libnss3 libopenjp2-7
  libp11-kit0 libpixman-1-0 libpng16-16t64 libpoppler147 libpsl5t64 librtmp1
  libsasl2-2 libsasl2-modules libsasl2-modules-db libsharpyuv0 libssh2-1t64
  libtasn1-6 libtiff6 libunistring5 libwebp7 libx11-6 libx11-data libxau6
  libxcb-render0 libxcb-shm0 libxcb1 libxdmcp6 libxext6 libxrender1
  pinentry-curses poppler-data publicsuffix
Suggested packages:
  dbus-user-session libpam-systemd pinentry-gnome3 tor gpg-wks-server
  parcimonie xloadimage scdaemon tpm2daemon rng-tools gnutls-bin krb5-doc
  krb5-user liblcms2-utils libsasl2-modules-gssapi-mit
  | libsasl2-modules-gssapi-heimdal libsasl2-modules-ldap libsasl2-modules-otp
  libsasl2-modules-sql pinentry-doc ghostscript fonts-japanese-mincho
  | fonts-ipafont-minc...

--- Turn 6/25 ---

[ASSISTANT]:


```bash
pdftotext /workspace/reference_context.pdf -
```

[EXECUTING bash]:
pdftotext /workspace/reference_context.pdf -

[OUTPUT]:
Reference Context for TED Talk Task
Key ideas:
1. Explain why, not just what.
2. Use concrete examples from the conversation.
3. Include objections and responses in Q&A.
Marker: MARKER_TED_TALK_INPUT_9f3c2a



--- Turn 7/25 ---

[ASSISTANT]:


Now I have all the information I need. Let me create the TED-style talk outline and speaker notes based on the conversation notes and reference context. The core insight is: "Teams often explain what a system does, but not why it matters" - and we need to turn abstract technical lessons into full narratives with concrete examples.

```python
talk_content = """================================================================================
                    TED-STYLE TALK: THE POWER OF "WHY"
            Transforming Technical Insights Into Compelling Narratives
                         (40-50 Minute Presentation)
================================================================================

TABLE OF CONTENTS
-----------------
1. Opening Hook (5 minutes)
2. Setup & Context (5 minutes)
3. The Problem (7 minutes)
4. Core Concept Discovery (8 minutes)
5. Real-World Examples (10 minutes)
6. Broader Implications (5 minutes)
7. Closing (5 minutes)
8. Q&A Preparation (5 minutes)

=======...

--- Turn 8/25 ---

[ASSISTANT]:


```python
talk_content = """================================================================================
                    TED-STYLE TALK: THE POWER OF "WHY"
            Transforming Technical Insights Into Compelling Narratives
                         (40-50 Minute Presentation)
================================================================================

TABLE OF CONTENTS
-----------------
1. Opening Hook (5 minutes)
2. Setup & Context (5 minutes)
3. The Problem (7 minutes)
4. Core Concept Discovery (8 minutes)
5. Real-World Examples (10 minutes)
6. Broader Implications (5 minutes)
7. Closing (5 minutes)
8. Q&A Preparation (5 minutes)

================================================================================
SECTION 1: OPENING HOOK
================================================================================

[STAGE DIRECTIONS: Speaker walks to center stage. Pause. Make eye contact. 
The lighting is focused. No slides yet.]

SPEAKER NOTES:

Let me ask you a que...

--- Turn 9/25 ---

[ASSISTANT]:


```python
talk_content = """================================================================================
                    TED-STYLE TALK: THE POWER OF "WHY"
            Transforming Technical Insights Into Compelling Narratives
                         (40-50 Minute Presentation)
================================================================================

TABLE OF CONTENTS
-----------------
1. Opening Hook (5 minutes)
2. Setup & Context (5 minutes)
3. The Problem (7 minutes)
4. Core Concept Discovery (8 minutes)
5. Real-World Examples (10 minutes)
6. Broader Implications (5 minutes)
7. Closing (5 minutes)
8. Q&A Preparation (5 minutes)

================================================================================
SECTION 1: OPENING HOOK (5 minutes)
================================================================================

[STAGE DIRECTIONS: Speaker walks to center stage. Pause. Make eye contact. 
The lighting is focused. No slides yet.]

SPEAKER NOTES:

Let me a...

--- Turn 10/25 ---

[ASSISTANT]:


```python
with open('/workspace/output.txt', 'w') as f:
    f.write("""================================================================================
                    TED-STYLE TALK: THE POWER OF "WHY"
            Transforming Technical Insights Into Compelling Narratives
                         (40-50 Minute Presentation)
================================================================================

TABLE OF CONTENTS
-----------------
1. Opening Hook (5 minutes)
2. Setup & Context (5 minutes)
3. The Problem (7 minutes)
4. Core Concept Discovery (8 minutes)
5. Real-World Examples (10 minutes)
6. Broader Implications (5 minutes)
7. Closing (5 minutes)
8. Q&A Preparation (5 minutes)

================================================================================
SECTION 1: OPENING HOOK (5 minutes)
================================================================================

[STAGE DIRECTIONS: Speaker walks to center stage. Pause. Make eye contact. 
The lighting is focused...

--- Turn 11/25 ---

[ASSISTANT]:


```python
with open('/workspace/output.txt', 'w') as f:
    f.write("""================================================================================
                    TED-STYLE TALK: THE POWER OF "WHY"
            Transforming Technical Insights Into Compelling Narratives
                         (40-50 Minute Presentation)
================================================================================

TABLE OF CONTENTS
-----------------
1. Opening Hook (5 minutes)
2. Setup & Context (5 minutes)
3. The Problem (7 minutes)
4. Core Concept Discovery (8 minutes)
5. Real-World Examples (10 minutes)
6. Broader Implications (5 minutes)
7. Closing (5 minutes)
8. Q&A Preparation (5 minutes)

================================================================================
SECTION 1: OPENING HOOK (5 minutes)
================================================================================

[STAGE DIRECTIONS: Speaker walks to center stage. Pause. Make eye contact. 
The lighting is focused...

--- Turn 12/25 ---

[ASSISTANT]:


```python
content = r'''================================================================================
                    TED-STYLE TALK: THE POWER OF "WHY"
            Transforming Technical Insights Into Compelling Narratives
                         (40-50 Minute Presentation)
================================================================================

TABLE OF CONTENTS
-----------------
1. Opening Hook (5 minutes)
2. Setup & Context (5 minutes)
3. The Problem (7 minutes)
4. Core Concept Discovery (8 minutes)
5. Real-World Examples (10 minutes)
6. Broader Implications (5 minutes)
7. Closing (5 minutes)
8. Q&A Preparation (5 minutes)

================================================================================
SECTION 1: OPENING HOOK (5 minutes)
================================================================================

[STAGE DIRECTIONS: Speaker walks to center stage. Pause. Make eye contact. 
The lighting is focused. No slides yet.]

SPEAKER NOTES:

Let me ask y...

--- Turn 13/25 ---
[API ERROR]: Error code: 400 - {'error': {'message': "You passed 14337 input tokens and requested 2048 output tokens. However, the model's context length is only 16384 tokens, resulting in a maximum input length of 14336 tokens. Please reduce the length of the input prompt. (parameter=input_tokens, value=14337)", 'type': 'BadRequestError', 'param': 'input_tokens', 'code': 400}}

--- Turn 14/25 ---
[API ERROR]: Error code: 400 - {'error': {'message': "You passed 14337 input tokens and requested 2048 output tokens. However, the model's context length is only 16384 tokens, resulting in a maximum input length of 14336 tokens. Please reduce the length of the input prompt. (parameter=input_tokens, value=14337)", 'type': 'BadRequestError', 'param': 'input_tokens', 'code': 400}}

--- Turn 15/25 ---
[API ERROR]: Error code: 400 - {'error': {'message': "You passed 14337 input tokens and requested 2048 output tokens. However, the model's context length is only 16384 tokens, resulting in a maximum input length of 14336 tokens. Please reduce the length of the input prompt. (parameter=input_tokens, value=14337)", 'type': 'BadRequestError', 'param': 'input_tokens', 'code': 400}}

--- Turn 16/25 ---
[API ERROR]: Error code: 400 - {'error': {'message': "You passed 14337 input tokens and requested 2048 output tokens. However, the model's context length is only 16384 tokens, resulting in a maximum input length of 14336 tokens. Please reduce the length of the input prompt. (parameter=input_tokens, value=14337)", 'type': 'BadRequestError', 'param': 'input_tokens', 'code': 400}}

--- Turn 17/25 ---
[API ERROR]: Error code: 400 - {'error': {'message': "You passed 14337 input tokens and requested 2048 output tokens. However, the model's context length is only 16384 tokens, resulting in a maximum input length of 14336 tokens. Please reduce the length of the input prompt. (parameter=input_tokens, value=14337)", 'type': 'BadRequestError', 'param': 'input_tokens', 'code': 400}}

--- Turn 18/25 ---
[API ERROR]: Error code: 400 - {'error': {'message': "You passed 14337 input tokens and requested 2048 output tokens. However, the model's context length is only 16384 tokens, resulting in a maximum input length of 14336 tokens. Please reduce the length of the input prompt. (parameter=input_tokens, value=14337)", 'type': 'BadRequestError', 'param': 'input_tokens', 'code': 400}}

--- Turn 19/25 ---
[API ERROR]: Error code: 400 - {'error': {'message': "You passed 14337 input tokens and requested 2048 output tokens. However, the model's context length is only 16384 tokens, resulting in a maximum input length of 14336 tokens. Please reduce the length of the input prompt. (parameter=input_tokens, value=14337)", 'type': 'BadRequestError', 'param': 'input_tokens', 'code': 400}}

--- Turn 20/25 ---
[API ERROR]: Error code: 400 - {'error': {'message': "You passed 14337 input tokens and requested 2048 output tokens. However, the model's context length is only 16384 tokens, resulting in a maximum input length of 14336 tokens. Please reduce the length of the input prompt. (parameter=input_tokens, value=14337)", 'type': 'BadRequestError', 'param': 'input_tokens', 'code': 400}}

--- Turn 21/25 ---
[API ERROR]: Error code: 400 - {'error': {'message': "You passed 14337 input tokens and requested 2048 output tokens. However, the model's context length is only 16384 tokens, resulting in a maximum input length of 14336 tokens. Please reduce the length of the input prompt. (parameter=input_tokens, value=14337)", 'type': 'BadRequestError', 'param': 'input_tokens', 'code': 400}}

--- Turn 22/25 ---
[API ERROR]: Error code: 400 - {'error': {'message': "You passed 14337 input tokens and requested 2048 output tokens. However, the model's context length is only 16384 tokens, resulting in a maximum input length of 14336 tokens. Please reduce the length of the input prompt. (parameter=input_tokens, value=14337)", 'type': 'BadRequestError', 'param': 'input_tokens', 'code': 400}}

--- Turn 23/25 ---
[API ERROR]: Error code: 400 - {'error': {'message': "You passed 14337 input tokens and requested 2048 output tokens. However, the model's context length is only 16384 tokens, resulting in a maximum input length of 14336 tokens. Please reduce the length of the input prompt. (parameter=input_tokens, value=14337)", 'type': 'BadRequestError', 'param': 'input_tokens', 'code': 400}}

--- Turn 24/25 ---
[API ERROR]: Error code: 400 - {'error': {'message': "You passed 14337 input tokens and requested 2048 output tokens. However, the model's context length is only 16384 tokens, resulting in a maximum input length of 14336 tokens. Please reduce the length of the input prompt. (parameter=input_tokens, value=14337)", 'type': 'BadRequestError', 'param': 'input_tokens', 'code': 400}}

--- Turn 25/25 ---
[API ERROR]: Error code: 400 - {'error': {'message': "You passed 14337 input tokens and requested 2048 output tokens. However, the model's context length is only 16384 tokens, resulting in a maximum input length of 14336 tokens. Please reduce the length of the input prompt. (parameter=input_tokens, value=14337)", 'type': 'BadRequestError', 'param': 'input_tokens', 'code': 400}}

⚠️ Agent reached max turns (25)

Conversation saved to results/repair_run_Qwen3.5-27B_20260413_172702/leegitw-ted-talk_create_hard_004/conversation.json

============================================================
Running evaluation...
============================================================

Results for leegitw-ted-talk_create_hard_004:
  Passed: False
  Score:  0.00
  Checks:
    ❌ output_exists: output.txt is missing
    ❌ section_structure: skipped because output.txt is missing
    ❌ length_requirement: no content to measure
    ❌ input_theme_alignment: theme_hits=0; conversation_notes.txt read; task_meta.json read

Cleaning up container 308a84efe8dc...
Container removed.

