Building Docker image...
Creating new container...
Container ready: b4cb37a4500c
Workspace files: conversation_notes.txt
gen_inputs.py
reference_context.pdf
setup.sh
task_meta.json

============================================================
Starting agent interaction (Repair Mode)...
============================================================

============================================================
TASK: Create a 40-50 minute TED-style talk outline and speaker notes from the provided technical conversation. The talk must be focused on a concrete insight, include an opening hook, a clear narrative arc, real-world examples grounded in the conversation, broader implications, and a Q&A section with objections and answers. Save the finished talk to `output.txt` in the workspace.
============================================================


--- Turn 1/25 ---

[ASSISTANT]:


```bash
ls -la /workspace
```

[EXECUTING bash]:
ls -la /workspace

[OUTPUT]:
total 20
drwxr-xr-x 2 root  root   148 Apr 13 09:18 .
drwxr-xr-x 1 root  root    46 Apr 13 09:18 ..
-rw-r--r-- 1 root  root   505 Apr 13 09:18 conversation_notes.txt
-rw-r--r-- 1 32113 42021 1828 Apr 12 11:29 gen_inputs.py
-rw-r--r-- 1 root  root  1576 Apr 13 09:18 reference_context.pdf
-rwxr-xr-x 1 32113 42021   78 Apr 12 11:29 setup.sh
-rw-r--r-- 1 root  root   293 Apr 13 09:18 task_meta.json


--- Turn 2/25 ---

[ASSISTANT]:


```bash
cat /workspace/conversation_notes.txt
```

[EXECUTING bash]:
cat /workspace/conversation_notes.txt

[OUTPUT]:
Technical conversation notes:
- We discovered that teams often explain what a system does, but not why it matters.
- The core insight is to turn an abstract technical lesson into a full narrative with concrete examples.
- A strong talk needs: hook, problem, discovery, real-world examples, implications, and Q&A.
- The audience asked for a 40-50 minute TED-style structure.
- Important constraint: use only the user-provided context; do not invent unsupported facts.

Marker: MARKER_TED_TALK_INPUT_9f3c2a


--- Turn 3/25 ---

[ASSISTANT]:


```bash
cat /workspace/task_meta.json
```

[EXECUTING bash]:
cat /workspace/task_meta.json

[OUTPUT]:
{
  "topic": "turning technical insight into a TED-style talk",
  "marker": "MARKER_TED_TALK_INPUT_9f3c2a",
  "required_sections": [
    "Opening",
    "Setup",
    "Problem",
    "Core Concept",
    "Real-World Examples",
    "Broader Implications",
    "Closing",
    "Q&A Preparation"
  ]
}

--- Turn 4/25 ---

[ASSISTANT]:


```bash
cat /workspace/reference_context.pdf
```

[EXECUTING bash]:
cat /workspace/reference_context.pdf

[OUTPUT]:
[EXECUTION ERROR]: 'utf-8' codec can't decode byte 0x93 in position 10: invalid start byte

--- Turn 5/25 ---

[ASSISTANT]:


```bash
python3 -c "
import fitz  # PyMuPDF
try:
    doc = fitz.open('/workspace/reference_context.pdf')
    for page in doc:
        text = page.get_text()
        print(text)
except Exception as e:
    print(f'Error: {e}')
"
```

[EXECUTING bash]:
python3 -c "
import fitz  # PyMuPDF
try:
    doc = fitz.open('/workspace/reference_context.pdf')
    for page in doc:
        text = page.get_text()
        print(text)
except Exception as e:
    print(f'Error: {e}')
"

[OUTPUT]:
[EXIT CODE: 1]
Traceback (most recent call last):
  File "<string>", line 2, in <module>
ModuleNotFoundError: No module named 'fitz'


--- Turn 6/25 ---

[ASSISTANT]:


```bash
pip install pymupdf -q
```

[EXECUTING bash]:
pip install pymupdf -q

[OUTPUT]:
WARNING: Running pip as the 'root' user can result in broken permissions and conflicting behaviour with the system package manager. It is recommended to use a virtual environment instead: https://pip.pypa.io/warnings/venv

[notice] A new release of pip is available: 24.0 -> 26.0.1
[notice] To update, run: pip install --upgrade pip


--- Turn 7/25 ---

[ASSISTANT]:


```bash
python3 -c "
import fitz  # PyMuPDF
try:
    doc = fitz.open('/workspace/reference_context.pdf')
    for page in doc:
        text = page.get_text()
        print(text)
except Exception as e:
    print(f'Error: {e}')
"
```

[EXECUTING bash]:
python3 -c "
import fitz  # PyMuPDF
try:
    doc = fitz.open('/workspace/reference_context.pdf')
    for page in doc:
        text = page.get_text()
        print(text)
except Exception as e:
    print(f'Error: {e}')
"

[OUTPUT]:
Reference Context for TED Talk Task
Key ideas:
1. Explain why, not just what.
2. Use concrete examples from the conversation.
3. Include objections and responses in Q&A.
Marker: MARKER_TED_TALK_INPUT_9f3c2a



--- Turn 8/25 ---

[ASSISTANT]:


Now I have all the information needed. Let me create the TED-style talk outline with speaker notes based on the provided context.

```python
talk_content = """
================================================================================
TED-STYLE TALK: "Why Matters More Than What"
A 40-50 Minute Presentation on Turning Technical Insights into Compelling Narratives
================================================================================

TIME ALLOCATION:
- Opening (Hook): 5 minutes
- Setup: 5 minutes
- Problem: 5 minutes
- Core Concept: 10 minutes
- Real-World Examples: 10 minutes
- Broader Implications: 5 minutes
- Closing: 5 minutes
- Q&A Preparation: 5-10 minutes

================================================================================
SECTION 1: OPENING (HOOK) - 5 MINUTES
================================================================================

[STAGE DIRECTIONS: Walk to center stage. Pause. Make eye contact with different sections of the audience. Begi...

--- Turn 9/25 ---

[ASSISTANT]:


```python
talk_content = """================================================================================
TED-STYLE TALK: "Why Matters More Than What"
A 40-50 Minute Presentation on Turning Technical Insights into Compelling Narratives
================================================================================

TIME ALLOCATION:
- Opening (Hook): 5 minutes
- Setup: 5 minutes
- Problem: 5 minutes
- Core Concept: 10 minutes
- Real-World Examples: 10 minutes
- Broader Implications: 5 minutes
- Closing: 5 minutes
- Q&A Preparation: 5-10 minutes

================================================================================
SECTION 1: OPENING (HOOK) - 5 MINUTES
================================================================================

[STAGE DIRECTIONS: Walk to center stage. Pause. Make eye contact with different sections of the audience. Begin without music.]

SPEAKER NOTES:

"Let me start with a question: How many of you have ever sat through a technical presentation whe...

--- Turn 10/25 ---

[ASSISTANT]:


```python
talk_content = '''================================================================================
TED-STYLE TALK: "Why Matters More Than What"
A 40-50 Minute Presentation on Turning Technical Insights into Compelling Narratives
================================================================================

TIME ALLOCATION:
- Opening (Hook): 5 minutes
- Setup: 5 minutes
- Problem: 5 minutes
- Core Concept: 10 minutes
- Real-World Examples: 10 minutes
- Broader Implications: 5 minutes
- Closing: 5 minutes
- Q&A Preparation: 5-10 minutes

================================================================================
SECTION 1: OPENING (HOOK) - 5 MINUTES
================================================================================

[STAGE DIRECTIONS: Walk to center stage. Pause. Make eye contact with different sections of the audience. Begin without music.]

SPEAKER NOTES:

"Let me start with a question: How many of you have ever sat through a technical presentation whe...

--- Turn 11/25 ---

[ASSISTANT]:


```python
talk_content = '''================================================================================
TED-STYLE TALK: "Why Matters More Than What"
A 40-50 Minute Presentation on Turning Technical Insights into Compelling Narratives
================================================================================

TIME ALLOCATION:
- Opening (Hook): 5 minutes
- Setup: 5 minutes
- Problem: 5 minutes
- Core Concept: 10 minutes
- Real-World Examples: 10 minutes
- Broader Implications: 5 minutes
- Closing: 5 minutes
- Q&A Preparation: 5-10 minutes

================================================================================
SECTION 1: OPENING (HOOK) - 5 MINUTES
================================================================================

[STAGE DIRECTIONS: Walk to center stage. Pause. Make eye contact with different sections of the audience. Begin without music.]

SPEAKER NOTES:

"Let me start with a question: How many of you have ever sat through a technical presentation whe...

--- Turn 12/25 ---

[ASSISTANT]:


```python
with open('/workspace/output.txt', 'w') as f:
    f.write('''================================================================================
TED-STYLE TALK: "Why Matters More Than What"
A 40-50 Minute Presentation on Turning Technical Insights into Compelling Narratives
================================================================================

TIME ALLOCATION:
- Opening (Hook): 5 minutes
- Setup: 5 minutes
- Problem: 5 minutes
- Core Concept: 10 minutes
- Real-World Examples: 10 minutes
- Broader Implications: 5 minutes
- Closing: 5 minutes
- Q&A Preparation: 5-10 minutes

================================================================================
SECTION 1: OPENING (HOOK) - 5 MINUTES
================================================================================

[STAGE DIRECTIONS: Walk to center stage. Pause. Make eye contact with different sections of the audience. Begin without music.]

SPEAKER NOTES:

"Let me start with a question: How many of you have ev...

--- Turn 13/25 ---

[ASSISTANT]:


```python
talk = """================================================================================
TED-STYLE TALK: "Why Matters More Than What"
A 40-50 Minute Presentation on Turning Technical Insights into Compelling Narratives
================================================================================

TIME ALLOCATION:
- Opening (Hook): 5 minutes
- Setup: 5 minutes
- Problem: 5 minutes
- Core Concept: 10 minutes
- Real-World Examples: 10 minutes
- Broader Implications: 5 minutes
- Closing: 5 minutes
- Q&A Preparation: 5-10 minutes

================================================================================
SECTION 1: OPENING (HOOK) - 5 MINUTES
================================================================================

[STAGE DIRECTIONS: Walk to center stage. Pause. Make eye contact with different sections of the audience. Begin without music.]

SPEAKER NOTES:

"Let me start with a question: How many of you have ever sat through a technical presentation where you u...

--- Turn 14/25 ---

[ASSISTANT]:


```python
talk = r'''================================================================================
TED-STYLE TALK: "Why Matters More Than What"
A 40-50 Minute Presentation on Turning Technical Insights into Compelling Narratives
================================================================================

TIME ALLOCATION:
- Opening (Hook): 5 minutes
- Setup: 5 minutes
- Problem: 5 minutes
- Core Concept: 10 minutes
- Real-World Examples: 10 minutes
- Broader Implications: 5 minutes
- Closing: 5 minutes
- Q&A Preparation: 5-10 minutes

================================================================================
SECTION 1: OPENING (HOOK) - 5 MINUTES
================================================================================

[STAGE DIRECTIONS: Walk to center stage. Pause. Make eye contact with different sections of the audience. Begin without music.]

SPEAKER NOTES:

"Let me start with a question: How many of you have ever sat through a technical presentation where you ...

--- Turn 15/25 ---
[API ERROR]: Error code: 400 - {'error': {'message': "You passed 14337 input tokens and requested 2048 output tokens. However, the model's context length is only 16384 tokens, resulting in a maximum input length of 14336 tokens. Please reduce the length of the input prompt. (parameter=input_tokens, value=14337)", 'type': 'BadRequestError', 'param': 'input_tokens', 'code': 400}}

--- Turn 16/25 ---
[API ERROR]: Error code: 400 - {'error': {'message': "You passed 14337 input tokens and requested 2048 output tokens. However, the model's context length is only 16384 tokens, resulting in a maximum input length of 14336 tokens. Please reduce the length of the input prompt. (parameter=input_tokens, value=14337)", 'type': 'BadRequestError', 'param': 'input_tokens', 'code': 400}}

--- Turn 17/25 ---
[API ERROR]: Error code: 400 - {'error': {'message': "You passed 14337 input tokens and requested 2048 output tokens. However, the model's context length is only 16384 tokens, resulting in a maximum input length of 14336 tokens. Please reduce the length of the input prompt. (parameter=input_tokens, value=14337)", 'type': 'BadRequestError', 'param': 'input_tokens', 'code': 400}}

--- Turn 18/25 ---
[API ERROR]: Error code: 400 - {'error': {'message': "You passed 14337 input tokens and requested 2048 output tokens. However, the model's context length is only 16384 tokens, resulting in a maximum input length of 14336 tokens. Please reduce the length of the input prompt. (parameter=input_tokens, value=14337)", 'type': 'BadRequestError', 'param': 'input_tokens', 'code': 400}}

--- Turn 19/25 ---
[API ERROR]: Error code: 400 - {'error': {'message': "You passed 14337 input tokens and requested 2048 output tokens. However, the model's context length is only 16384 tokens, resulting in a maximum input length of 14336 tokens. Please reduce the length of the input prompt. (parameter=input_tokens, value=14337)", 'type': 'BadRequestError', 'param': 'input_tokens', 'code': 400}}

--- Turn 20/25 ---
[API ERROR]: Error code: 400 - {'error': {'message': "You passed 14337 input tokens and requested 2048 output tokens. However, the model's context length is only 16384 tokens, resulting in a maximum input length of 14336 tokens. Please reduce the length of the input prompt. (parameter=input_tokens, value=14337)", 'type': 'BadRequestError', 'param': 'input_tokens', 'code': 400}}

--- Turn 21/25 ---
[API ERROR]: Error code: 400 - {'error': {'message': "You passed 14337 input tokens and requested 2048 output tokens. However, the model's context length is only 16384 tokens, resulting in a maximum input length of 14336 tokens. Please reduce the length of the input prompt. (parameter=input_tokens, value=14337)", 'type': 'BadRequestError', 'param': 'input_tokens', 'code': 400}}

--- Turn 22/25 ---
[API ERROR]: Error code: 400 - {'error': {'message': "You passed 14337 input tokens and requested 2048 output tokens. However, the model's context length is only 16384 tokens, resulting in a maximum input length of 14336 tokens. Please reduce the length of the input prompt. (parameter=input_tokens, value=14337)", 'type': 'BadRequestError', 'param': 'input_tokens', 'code': 400}}

--- Turn 23/25 ---
[API ERROR]: Error code: 400 - {'error': {'message': "You passed 14337 input tokens and requested 2048 output tokens. However, the model's context length is only 16384 tokens, resulting in a maximum input length of 14336 tokens. Please reduce the length of the input prompt. (parameter=input_tokens, value=14337)", 'type': 'BadRequestError', 'param': 'input_tokens', 'code': 400}}

--- Turn 24/25 ---
[API ERROR]: Error code: 400 - {'error': {'message': "You passed 14337 input tokens and requested 2048 output tokens. However, the model's context length is only 16384 tokens, resulting in a maximum input length of 14336 tokens. Please reduce the length of the input prompt. (parameter=input_tokens, value=14337)", 'type': 'BadRequestError', 'param': 'input_tokens', 'code': 400}}

--- Turn 25/25 ---
[API ERROR]: Error code: 400 - {'error': {'message': "You passed 14337 input tokens and requested 2048 output tokens. However, the model's context length is only 16384 tokens, resulting in a maximum input length of 14336 tokens. Please reduce the length of the input prompt. (parameter=input_tokens, value=14337)", 'type': 'BadRequestError', 'param': 'input_tokens', 'code': 400}}

⚠️ Agent reached max turns (25)

Conversation saved to results/repair_run_Qwen3.5-27B_20260413_171824/leegitw-ted-talk_create_hard_004/conversation.json

============================================================
Running evaluation...
============================================================

Results for leegitw-ted-talk_create_hard_004:
  Passed: False
  Score:  0.00
  Checks:
    ❌ output_exists: output.txt is missing
    ❌ section_structure: skipped because output.txt is missing
    ❌ length_requirement: no content to measure
    ❌ input_theme_alignment: theme_hits=0; conversation_notes.txt read; task_meta.json read

Cleaning up container b4cb37a4500c...
Container removed.

