Building Docker image...
Creating new container...
Container ready: 7686cecc96b0
Workspace files: conversation_notes.txt
gen_inputs.py
reference_context.pdf
setup.sh
task_meta.json

============================================================
Starting agent interaction (Repair Mode)...
============================================================

============================================================
TASK: Create a 40-50 minute TED-style talk outline and speaker notes from the provided technical conversation. The talk must be focused on a concrete insight, include an opening hook, a clear narrative arc, real-world examples grounded in the conversation, broader implications, and a Q&A section with objections and answers. Save the finished talk to `output.txt` in the workspace.

**Important constraints:**
- **PRIMARY SOURCES**: Use `conversation_notes.txt` and `task_meta.json` as your main content sources. These contain all the information you need.
- **PDF IS OPTIONAL - DO NOT INSTALL TOOLS**: The `reference_context.pdf` is secondary and OPTIONAL. If you encounter ANY issues reading it (encoding errors, missing tools, etc.), SKIP IT IMMEDIATELY and proceed with ONLY the text files. **DO NOT attempt to install PDF tools, run apt-get, or debug PDF reading issues.** The text files contain everything you need to complete this task.
- The talk should be approximately 2200+ words to fit a 40-50 minute presentation
- **PRIORITY**: Create the output file efficiently using the text sources. Do not waste turns on optional files.
============================================================


--- Turn 1/25 ---

[ASSISTANT]:


```bash
ls -la /workspace
```

[EXECUTING bash]:
ls -la /workspace

[OUTPUT]:
total 20
drwxr-xr-x 2 root  root   148 Apr 13 09:33 .
drwxr-xr-x 1 root  root    46 Apr 13 09:33 ..
-rw-r--r-- 1 root  root   505 Apr 13 09:33 conversation_notes.txt
-rw-r--r-- 1 32113 42021 1828 Apr 12 11:29 gen_inputs.py
-rw-r--r-- 1 root  root  1576 Apr 13 09:33 reference_context.pdf
-rwxr-xr-x 1 32113 42021   78 Apr 12 11:29 setup.sh
-rw-r--r-- 1 root  root   293 Apr 13 09:33 task_meta.json


--- Turn 2/25 ---

[ASSISTANT]:


```bash
cat /workspace/conversation_notes.txt
```

[EXECUTING bash]:
cat /workspace/conversation_notes.txt

[OUTPUT]:
Technical conversation notes:
- We discovered that teams often explain what a system does, but not why it matters.
- The core insight is to turn an abstract technical lesson into a full narrative with concrete examples.
- A strong talk needs: hook, problem, discovery, real-world examples, implications, and Q&A.
- The audience asked for a 40-50 minute TED-style structure.
- Important constraint: use only the user-provided context; do not invent unsupported facts.

Marker: MARKER_TED_TALK_INPUT_9f3c2a


--- Turn 3/25 ---

[ASSISTANT]:


```bash
cat /workspace/task_meta.json
```

[EXECUTING bash]:
cat /workspace/task_meta.json

[OUTPUT]:
{
  "topic": "turning technical insight into a TED-style talk",
  "marker": "MARKER_TED_TALK_INPUT_9f3c2a",
  "required_sections": [
    "Opening",
    "Setup",
    "Problem",
    "Core Concept",
    "Real-World Examples",
    "Broader Implications",
    "Closing",
    "Q&A Preparation"
  ]
}

--- Turn 4/25 ---

[ASSISTANT]:


```bash
cat /workspace/reference_context.pdf 2>/dev/null || echo "PDF not readable as text, skipping"
```

[EXECUTING bash]:
cat /workspace/reference_context.pdf 2>/dev/null || echo "PDF not readable as text, skipping"

[OUTPUT]:
[EXECUTION ERROR]: 'utf-8' codec can't decode byte 0x93 in position 10: invalid start byte

--- Turn 5/25 ---

[ASSISTANT]:


The PDF has encoding issues, so I'll skip it and use the text files as instructed. Now I have enough information from `conversation_notes.txt` and `task_meta.json` to create the TED-style talk.

Let me create the talk outline with speaker notes:

```python
talk_content = """================================================================================
TED-STYLE TALK OUTLINE & SPEAKER NOTES
================================================================================
Topic: Turning Technical Insight into a TED-Style Talk
Duration: 40-50 minutes
Word Count Target: 2200+ words

================================================================================
SECTION 1: OPENING (5-7 minutes)
================================================================================

[STAGE DIRECTIONS: Walk to center stage. Pause. Make eye contact with audience.
Begin with a moment of silence to establish presence.]

HOOK - THE STORY THAT CHANGED EVERYTHING

"Let me tell you about a conversation...

--- Turn 6/25 ---

[ASSISTANT]:


```python
talk_content = """================================================================================
TED-STYLE TALK OUTLINE & SPEAKER NOTES
================================================================================
Topic: Turning Technical Insight into a TED-Style Talk
Duration: 40-50 minutes
Word Count Target: 2200+ words

================================================================================
SECTION 1: OPENING (5-7 minutes)
================================================================================

[STAGE DIRECTIONS: Walk to center stage. Pause. Make eye contact with audience.
Begin with a moment of silence to establish presence.]

HOOK - THE STORY THAT CHANGED EVERYTHING

"Let me tell you about a conversation that changed how I think about technical communication."

[Pause for effect]

"I was sitting in a meeting room, watching a brilliant engineer present their work. They explained every feature, every function, every technical specification. They sp...

--- Turn 7/25 ---

[ASSISTANT]:


```python
talk_content = """================================================================================
TED-STYLE TALK OUTLINE & SPEAKER NOTES
================================================================================
Topic: Turning Technical Insight into a TED-Style Talk
Duration: 40-50 minutes
Word Count Target: 2200+ words

================================================================================
SECTION 1: OPENING (5-7 minutes)
================================================================================

[STAGE DIRECTIONS: Walk to center stage. Pause. Make eye contact with audience.
Begin with a moment of silence to establish presence.]

HOOK - THE STORY THAT CHANGED EVERYTHING

"Let me tell you about a conversation that changed how I think about technical communication."

[Pause for effect]

"I was sitting in a meeting room, watching a brilliant engineer present their work. They explained every feature, every function, every technical specification. They sp...

--- Turn 8/25 ---

[ASSISTANT]:


```python
talk_content = """================================================================================
TED-STYLE TALK OUTLINE & SPEAKER NOTES
================================================================================
Topic: Turning Technical Insight into a TED-Style Talk
Duration: 40-50 minutes
Word Count Target: 2200+ words

================================================================================
SECTION 1: OPENING (5-7 minutes)
================================================================================

[STAGE DIRECTIONS: Walk to center stage. Pause. Make eye contact with audience.
Begin with a moment of silence to establish presence.]

HOOK - THE STORY THAT CHANGED EVERYTHING

"Let me tell you about a conversation that changed how I think about technical communication."

[Pause for effect]

"I was sitting in a meeting room, watching a brilliant engineer present their work. They explained every feature, every function, every technical specification. They sp...

--- Turn 9/25 ---

[ASSISTANT]:


```python
with open('/workspace/output.txt', 'w') as f:
    f.write("""================================================================================
TED-STYLE TALK OUTLINE & SPEAKER NOTES
================================================================================
Topic: Turning Technical Insight into a TED-Style Talk
Duration: 40-50 minutes
Word Count Target: 2200+ words

================================================================================
SECTION 1: OPENING (5-7 minutes)
================================================================================

[STAGE DIRECTIONS: Walk to center stage. Pause. Make eye contact with audience.
Begin with a moment of silence to establish presence.]

HOOK - THE STORY THAT CHANGED EVERYTHING

"Let me tell you about a conversation that changed how I think about technical communication."

[Pause for effect]

"I was sitting in a meeting room, watching a brilliant engineer present their work. They explained every feature, every funct...

--- Turn 10/25 ---

[ASSISTANT]:


```python
content = '''================================================================================
TED-STYLE TALK OUTLINE & SPEAKER NOTES
================================================================================
Topic: Turning Technical Insight into a TED-Style Talk
Duration: 40-50 minutes
Word Count Target: 2200+ words

================================================================================
SECTION 1: OPENING (5-7 minutes)
================================================================================

[STAGE DIRECTIONS: Walk to center stage. Pause. Make eye contact with audience.
Begin with a moment of silence to establish presence.]

HOOK - THE STORY THAT CHANGED EVERYTHING

"Let me tell you about a conversation that changed how I think about technical communication."

[Pause for effect]

"I was sitting in a meeting room, watching a brilliant engineer present their work. They explained every feature, every function, every technical specification. They spoke f...

--- Turn 11/25 ---

[ASSISTANT]:


```python
with open('/workspace/output.txt', 'w') as f:
    f.write('''================================================================================
TED-STYLE TALK OUTLINE & SPEAKER NOTES
================================================================================
Topic: Turning Technical Insight into a TED-Style Talk
Duration: 40-50 minutes
Word Count Target: 2200+ words

================================================================================
SECTION 1: OPENING (5-7 minutes)
================================================================================

[STAGE DIRECTIONS: Walk to center stage. Pause. Make eye contact with audience.
Begin with a moment of silence to establish presence.]

HOOK - THE STORY THAT CHANGED EVERYTHING

"Let me tell you about a conversation that changed how I think about technical communication."

[Pause for effect]

"I was sitting in a meeting room, watching a brilliant engineer present their work. They explained every feature, every funct...

--- Turn 12/25 ---
[API ERROR]: Error code: 400 - {'error': {'message': "You passed 14337 input tokens and requested 2048 output tokens. However, the model's context length is only 16384 tokens, resulting in a maximum input length of 14336 tokens. Please reduce the length of the input prompt. (parameter=input_tokens, value=14337)", 'type': 'BadRequestError', 'param': 'input_tokens', 'code': 400}}

--- Turn 13/25 ---
[API ERROR]: Error code: 400 - {'error': {'message': "You passed 14337 input tokens and requested 2048 output tokens. However, the model's context length is only 16384 tokens, resulting in a maximum input length of 14336 tokens. Please reduce the length of the input prompt. (parameter=input_tokens, value=14337)", 'type': 'BadRequestError', 'param': 'input_tokens', 'code': 400}}

--- Turn 14/25 ---
[API ERROR]: Error code: 400 - {'error': {'message': "You passed 14337 input tokens and requested 2048 output tokens. However, the model's context length is only 16384 tokens, resulting in a maximum input length of 14336 tokens. Please reduce the length of the input prompt. (parameter=input_tokens, value=14337)", 'type': 'BadRequestError', 'param': 'input_tokens', 'code': 400}}

--- Turn 15/25 ---
[API ERROR]: Error code: 400 - {'error': {'message': "You passed 14337 input tokens and requested 2048 output tokens. However, the model's context length is only 16384 tokens, resulting in a maximum input length of 14336 tokens. Please reduce the length of the input prompt. (parameter=input_tokens, value=14337)", 'type': 'BadRequestError', 'param': 'input_tokens', 'code': 400}}

--- Turn 16/25 ---
[API ERROR]: Error code: 400 - {'error': {'message': "You passed 14337 input tokens and requested 2048 output tokens. However, the model's context length is only 16384 tokens, resulting in a maximum input length of 14336 tokens. Please reduce the length of the input prompt. (parameter=input_tokens, value=14337)", 'type': 'BadRequestError', 'param': 'input_tokens', 'code': 400}}

--- Turn 17/25 ---
[API ERROR]: Error code: 400 - {'error': {'message': "You passed 14337 input tokens and requested 2048 output tokens. However, the model's context length is only 16384 tokens, resulting in a maximum input length of 14336 tokens. Please reduce the length of the input prompt. (parameter=input_tokens, value=14337)", 'type': 'BadRequestError', 'param': 'input_tokens', 'code': 400}}

--- Turn 18/25 ---
[API ERROR]: Error code: 400 - {'error': {'message': "You passed 14337 input tokens and requested 2048 output tokens. However, the model's context length is only 16384 tokens, resulting in a maximum input length of 14336 tokens. Please reduce the length of the input prompt. (parameter=input_tokens, value=14337)", 'type': 'BadRequestError', 'param': 'input_tokens', 'code': 400}}

--- Turn 19/25 ---
[API ERROR]: Error code: 400 - {'error': {'message': "You passed 14337 input tokens and requested 2048 output tokens. However, the model's context length is only 16384 tokens, resulting in a maximum input length of 14336 tokens. Please reduce the length of the input prompt. (parameter=input_tokens, value=14337)", 'type': 'BadRequestError', 'param': 'input_tokens', 'code': 400}}

--- Turn 20/25 ---
[API ERROR]: Error code: 400 - {'error': {'message': "You passed 14337 input tokens and requested 2048 output tokens. However, the model's context length is only 16384 tokens, resulting in a maximum input length of 14336 tokens. Please reduce the length of the input prompt. (parameter=input_tokens, value=14337)", 'type': 'BadRequestError', 'param': 'input_tokens', 'code': 400}}

--- Turn 21/25 ---
[API ERROR]: Error code: 400 - {'error': {'message': "You passed 14337 input tokens and requested 2048 output tokens. However, the model's context length is only 16384 tokens, resulting in a maximum input length of 14336 tokens. Please reduce the length of the input prompt. (parameter=input_tokens, value=14337)", 'type': 'BadRequestError', 'param': 'input_tokens', 'code': 400}}

--- Turn 22/25 ---
[API ERROR]: Error code: 400 - {'error': {'message': "You passed 14337 input tokens and requested 2048 output tokens. However, the model's context length is only 16384 tokens, resulting in a maximum input length of 14336 tokens. Please reduce the length of the input prompt. (parameter=input_tokens, value=14337)", 'type': 'BadRequestError', 'param': 'input_tokens', 'code': 400}}

--- Turn 23/25 ---
[API ERROR]: Error code: 400 - {'error': {'message': "You passed 14337 input tokens and requested 2048 output tokens. However, the model's context length is only 16384 tokens, resulting in a maximum input length of 14336 tokens. Please reduce the length of the input prompt. (parameter=input_tokens, value=14337)", 'type': 'BadRequestError', 'param': 'input_tokens', 'code': 400}}

--- Turn 24/25 ---
[API ERROR]: Error code: 400 - {'error': {'message': "You passed 14337 input tokens and requested 2048 output tokens. However, the model's context length is only 16384 tokens, resulting in a maximum input length of 14336 tokens. Please reduce the length of the input prompt. (parameter=input_tokens, value=14337)", 'type': 'BadRequestError', 'param': 'input_tokens', 'code': 400}}

--- Turn 25/25 ---
[API ERROR]: Error code: 400 - {'error': {'message': "You passed 14337 input tokens and requested 2048 output tokens. However, the model's context length is only 16384 tokens, resulting in a maximum input length of 14336 tokens. Please reduce the length of the input prompt. (parameter=input_tokens, value=14337)", 'type': 'BadRequestError', 'param': 'input_tokens', 'code': 400}}

⚠️ Agent reached max turns (25)

Conversation saved to results/repair_run_Qwen3.5-27B_20260413_173353/leegitw-ted-talk_create_hard_004/conversation.json

============================================================
Running evaluation...
============================================================

Results for leegitw-ted-talk_create_hard_004:
  Passed: False
  Score:  0.00
  Checks:
    ❌ output_exists: output.txt is missing
    ❌ section_structure: skipped because output.txt is missing
    ❌ length_requirement: no content to measure
    ❌ input_theme_alignment: theme_hits=0; conversation_notes.txt read; task_meta.json read

Cleaning up container 7686cecc96b0...
Container removed.

