Building Docker image...
Creating new container...
Container ready: 59ae4cd8ac2b
Workspace files: data
gen_inputs.py
notes
setup.sh

============================================================
Starting agent interaction (Repair Mode)...
============================================================

============================================================
TASK: Import the birthdays from the provided Markdown notes into the skill’s storage file, normalize the entries, and prepare the reminder data so upcoming birthdays can be checked. Use the marker files in the workspace as the source of truth. Do not invent any extra people, dates, or ages.
============================================================


--- Turn 1/25 ---

[ASSISTANT]:


```bash
ls -la /workspace
```

[EXECUTING bash]:
ls -la /workspace

[OUTPUT]:
total 8
drwxr-xr-x 4 root  root   88 Apr 14 02:51 .
drwxr-xr-x 1 root  root   47 Apr 14 02:51 ..
drwxr-xr-x 2 root  root   31 Apr 14 02:51 data
-rw-r--r-- 1 32113 42021 905 Apr 13 11:06 gen_inputs.py
drwxr-xr-x 2 root  root   40 Apr 14 02:51 notes
-rwxr-xr-x 1 32113 42021  70 Apr 13 11:06 setup.sh


--- Turn 2/25 ---

[ASSISTANT]:


```bash
ls -la /workspace/notes /workspace/data
```

[EXECUTING bash]:
ls -la /workspace/notes /workspace/data

[OUTPUT]:
/workspace/data:
total 4
drwxr-xr-x 2 root root  31 Apr 14 02:51 .
drwxr-xr-x 4 root root  88 Apr 14 02:51 ..
-rw-r--r-- 1 root root 207 Apr 14 02:51 seed.json

/workspace/notes:
total 4
drwxr-xr-x 2 root root  40 Apr 14 02:51 .
drwxr-xr-x 4 root root  88 Apr 14 02:51 ..
-rw-r--r-- 1 root root 366 Apr 14 02:51 birthday_notes.txt


--- Turn 3/25 ---

[ASSISTANT]:


```bash
cat /workspace/notes/birthday_notes.txt
```

[EXECUTING bash]:
cat /workspace/notes/birthday_notes.txt

[OUTPUT]:
# Birthday Intake Notes

MARKER:BDAY-INTAKE-7F3A

Please migrate the following reminders into the birthday skill storage.

- Valentina hat am 14. Februar Geburtstag.
- Max was born on 15.03.1990.
- Lina wurde am 29.02.2004 geboren.
- Tom hat am 01.12. Geburtstag.

Additional note:
- MARKER-AGE-CHECK: if a year is known, include the turning age in the output file.


--- Turn 4/25 ---

[ASSISTANT]:


```bash
cat /workspace/data/seed.json
```

[EXECUTING bash]:
cat /workspace/data/seed.json

[OUTPUT]:
{
  "marker": "BDAY-SEED-7F3A",
  "expected_names": [
    "Valentina",
    "Max",
    "Lina",
    "Tom"
  ],
  "expected_birthdays": [
    "14.02.2000",
    "15.03.1990",
    "29.02.2004",
    "01.12."
  ]
}

--- Turn 5/25 ---

[ASSISTANT]:


```bash
cat > /workspace/import_birthdays.py << 'EOF'
#!/usr/bin/env python3
"""
Import birthdays from Markdown notes into skill storage.
Normalize entries and prepare reminder data for upcoming birthdays.
"""

import json
import re
from datetime import datetime, date

# Read the notes file
with open('/workspace/notes/birthday_notes.txt', 'r') as f:
    notes_content = f.read()

# Read the seed file for reference
with open('/workspace/data/seed.json', 'r') as f:
    seed_data = json.load(f)

# Extract birthdays from notes
# Patterns for German date formats
birthdays = []

# Parse each line for birthday info
lines = notes_content.split('\n')

# Pattern to extract names and dates
# German: "Name hat am DD. MM. [YYYY] Geburtstag." or "Name wurde am DD.MM.YYYY geboren."
# English: "Name was born on DD.MM.YYYY."

patterns = [
    # "Name hat am DD. MM. [YYYY] Geburtstag."
    r'-(\w+)\s+hat\s+am\s+(\d{1,2})\.\s*(\w+)\.?(?:\s*(\d{4}))?\s+Geburtstag\.',
    # "Name was born on DD.MM.YYYY."
...

[EXECUTING bash]:
cat > /workspace/import_birthdays.py << 'EOF'
#!/usr/bin/env python3
"""
Import birthdays from Markdown notes into skill storage.
Normalize entries and prepare reminder data for upcoming birthdays.
"""

import json
import re
from datetime import datetime, date

# Read the notes file
with open('/workspace/notes/birthday_notes.txt', 'r') as f:
    notes_content = f.read()

# Read the seed file for reference
with open('/workspace/data/seed.json', 'r') as f:
    seed_data = json.load(f)

# Extract birthdays from notes
# Patterns for German date formats
birthdays = []

# Parse each line for birthday info
lines = notes_content.split('\n')

# Pattern to extract names and dates
# German: "Name hat am DD. MM. [YYYY] Geburtstag." or "Name wurde am DD.MM.YYYY geboren."
# English: "Name was born on DD.MM.YYYY."

patterns = [
    # "Name hat am DD. MM. [YYYY] Geburtstag."
    r'-(\w+)\s+hat\s+am\s+(\d{1,2})\.\s*(\w+)\.?(?:\s*(\d{4}))?\s+Geburtstag\.',
    # "Name was born on DD.MM.YYYY."
    r'-(\w+)\s+was\s+born\s+on\s+(\d{1,2})\.\s*(\d{1,2})\.\s*(\d{4})\.',
    # "Name wurde am DD.MM.YYYY geboren."
    r'-(\w+)\s+wurde\s+am\s+(\d{1,2})\.(\d{1,2})\.(\d{4})\s+geboren\.',
]

month_map = {
    'januar': '01', 'februar': '02', 'märz': '03', 'april': '04',
    'mai': '05', 'juni': '06', 'juli': '07', 'august': '08',
    'september': '09', 'oktober': '10', 'november': '11', 'dezember': '12'
}

for line in lines:
    for pattern in patterns:
        match = re.search(pattern, line, re.IGNORECASE)
        if match:
            groups = match.groups()
            name = groups[0]
            
            if len(groups) == 4 and groups[2] in month_map:
                # German format: Name, day, month_name, year
                day = groups[1].zfill(2)
                month = month_map[groups[2].lower()]
                year = groups[3] if groups[3] else None
            elif len(groups) == 4:
                # Numeric format: Name, day, month, year
                day = groups[1].zfill(2)
                month = groups[2].zfill(2)
                year = groups[3] if groups[3] else None
            
            birthdays.append({
                'name': name,
                'day': day,
                'month': month,
                'year': year
            })
            break

# Calculate ages for those with known years
today = date.today()
current_year = today.year

for bday in birthdays:
    if bday['year']:
        birth_year = int(bday['year'])
        # Calculate age
        birth_date = date(birth_year, int(bday['month']), int(bday['day']))
        age = current_year - birth_year
        # Adjust if birthday hasn't occurred yet this year
        if (today.month, today.day) < (int(bday['month']), int(bday['day'])):
            age -= 1
        bday['age'] = age
        bday['birth_date'] = f"{bday['day']}.{bday['month']}.{bday['year']}"
    else:
        bday['age'] = None
        bday['birth_date'] = f"{bday['day']}.{bday['month']}."

# Create the storage file
storage_data = {
    "marker": "BDAY-STORAGE-7F3A",
    "imported_from": "birthday_notes.txt",
    "import_date": today.isoformat(),
    "birthdays": birthdays
}

# Write to data directory
with open('/workspace/data/birthdays.json', 'w') as f:
    json.dump(storage_data, f, indent=2)

print("Birthdays imported successfully!")
print(json.dumps(storage_data, indent=2))

# Verify against expected names from seed
expected_names = seed_data.get('expected_names', [])
imported_names = [b['name'] for b in birthdays]

print("\nVerification:")
print(f"Expected names: {expected_names}")
print(f"Imported names: {imported_names}")
print(f"All expected names imported: {set(expected_names) == set(imported_names)}")
EOF
python3 /workspace/import_birthdays.py

[OUTPUT]:
Birthdays imported successfully!
{
  "marker": "BDAY-STORAGE-7F3A",
  "imported_from": "birthday_notes.txt",
  "import_date": "2026-04-14",
  "birthdays": []
}

Verification:
Expected names: ['Valentina', 'Max', 'Lina', 'Tom']
Imported names: []
All expected names imported: False


--- Turn 6/25 ---

[ASSISTANT]:


```bash
cat > /workspace/import_birthdays.py << 'EOF'
#!/usr/bin/env python3
"""
Import birthdays from Markdown notes into skill storage.
Normalize entries and prepare reminder data for upcoming birthdays.
"""

import json
import re
from datetime import datetime, date

# Read the notes file
with open('/workspace/notes/birthday_notes.txt', 'r') as f:
    notes_content = f.read()

print("=== Raw notes content ===")
print(repr(notes_content))
print()

# Read the seed file for reference
with open('/workspace/data/seed.json', 'r') as f:
    seed_data = json.load(f)

birthdays = []

# Parse each line for birthday info
lines = notes_content.split('\n')

month_map = {
    'januar': '01', 'februar': '02', 'märz': '03', 'april': '04',
    'mai': '05', 'juni': '06', 'juli': '07', 'august': '08',
    'september': '09', 'oktober': '10', 'november': '11', 'dezember': '12'
}

for line in lines:
    print(f"Processing line: {repr(line)}")
    
    # Pattern 1: "Name hat am DD. MM. [YYYY] Geburtstag....

[EXECUTING bash]:
cat > /workspace/import_birthdays.py << 'EOF'
#!/usr/bin/env python3
"""
Import birthdays from Markdown notes into skill storage.
Normalize entries and prepare reminder data for upcoming birthdays.
"""

import json
import re
from datetime import datetime, date

# Read the notes file
with open('/workspace/notes/birthday_notes.txt', 'r') as f:
    notes_content = f.read()

print("=== Raw notes content ===")
print(repr(notes_content))
print()

# Read the seed file for reference
with open('/workspace/data/seed.json', 'r') as f:
    seed_data = json.load(f)

birthdays = []

# Parse each line for birthday info
lines = notes_content.split('\n')

month_map = {
    'januar': '01', 'februar': '02', 'märz': '03', 'april': '04',
    'mai': '05', 'juni': '06', 'juli': '07', 'august': '08',
    'september': '09', 'oktober': '10', 'november': '11', 'dezember': '12'
}

for line in lines:
    print(f"Processing line: {repr(line)}")
    
    # Pattern 1: "Name hat am DD. MM. [YYYY] Geburtstag." (German)
    match = re.search(r'-(\w+)\s+hat\s+am\s+(\d{1,2})\.\s*(\w+)\.?(?:\s*(\d{4}))?\s+Geburtstag\.', line, re.IGNORECASE)
    if match:
        groups = match.groups()
        name = groups[0]
        day = groups[1].zfill(2)
        month = month_map.get(groups[2].lower())
        year = groups[3] if groups[3] else None
        print(f"  Matched pattern 1: {name}, {day}, {month}, {year}")
        birthdays.append({'name': name, 'day': day, 'month': month, 'year': year})
        continue
    
    # Pattern 2: "Name was born on DD.MM.YYYY." (English)
    match = re.search(r'-(\w+)\s+was\s+born\s+on\s+(\d{1,2})\.(\d{1,2})\.(\d{4})\.', line, re.IGNORECASE)
    if match:
        groups = match.groups()
        name = groups[0]
        day = groups[1].zfill(2)
        month = groups[2].zfill(2)
        year = groups[3]
        print(f"  Matched pattern 2: {name}, {day}, {month}, {year}")
        birthdays.append({'name': name, 'day': day, 'month': month, 'year': year})
        continue
    
    # Pattern 3: "Name wurde am DD.MM.YYYY geboren." (German)
    match = re.search(r'-(\w+)\s+wurde\s+am\s+(\d{1,2})\.(\d{1,2})\.(\d{4})\s+geboren\.', line, re.IGNORECASE)
    if match:
        groups = match.groups()
        name = groups[0]
        day = groups[1].zfill(2)
        month = groups[2].zfill(2)
        year = groups[3]
        print(f"  Matched pattern 3: {name}, {day}, {month}, {year}")
        birthdays.append({'name': name, 'day': day, 'month': month, 'year': year})
        continue

print(f"\nTotal birthdays found: {len(birthdays)}")
EOF
python3 /workspace/import_birthdays.py

[OUTPUT]:
=== Raw notes content ===
'# Birthday Intake Notes\n\nMARKER:BDAY-INTAKE-7F3A\n\nPlease migrate the following reminders into the birthday skill storage.\n\n- Valentina hat am 14. Februar Geburtstag.\n- Max was born on 15.03.1990.\n- Lina wurde am 29.02.2004 geboren.\n- Tom hat am 01.12. Geburtstag.\n\nAdditional note:\n- MARKER-AGE-CHECK: if a year is known, include the turning age in the output file.\n'

Processing line: '# Birthday Intake Notes'
Processing line: ''
Processing line: 'MARKER:BDAY-INTAKE-7F3A'
Processing line: ''
Processing line: 'Please migrate the following reminders into the birthday skill storage.'
Processing line: ''
Processing line: '- Valentina hat am 14. Februar Geburtstag.'
Processing line: '- Max was born on 15.03.1990.'
Processing line: '- Lina wurde am 29.02.2004 geboren.'
Processing line: '- Tom hat am 01.12. Geburtstag.'
Processing line: ''
Processing line: 'Additional note:'
Processing line: '- MARKER-AGE-CHECK: if a year is known, include the turning age in the output file.'
Processing line: ''

Total birthdays found: 0


--- Turn 7/25 ---

[ASSISTANT]:


```bash
cat > /workspace/import_birthdays.py << 'EOF'
#!/usr/bin/env python3
"""
Import birthdays from Markdown notes into skill storage.
Normalize entries and prepare reminder data for upcoming birthdays.
"""

import json
import re
from datetime import datetime, date

# Read the notes file
with open('/workspace/notes/birthday_notes.txt', 'r') as f:
    notes_content = f.read()

# Read the seed file for reference
with open('/workspace/data/seed.json', 'r') as f:
    seed_data = json.load(f)

birthdays = []

# Parse each line for birthday info
lines = notes_content.split('\n')

month_map = {
    'januar': '01', 'februar': '02', 'märz': '03', 'april': '04',
    'mai': '05', 'juni': '06', 'juli': '07', 'august': '08',
    'september': '09', 'oktober': '10', 'november': '11', 'dezember': '12'
}

# Test line
test_line = '- Valentina hat am 14. Februar Geburtstag.'
print(f"Testing: {test_line}")

# Pattern 1: "Name hat am DD. Month [YYYY] Geburtstag."
pattern1 = r'-(\w+)\s+hat\s+am\s+(\d{1...

[EXECUTING bash]:
cat > /workspace/import_birthdays.py << 'EOF'
#!/usr/bin/env python3
"""
Import birthdays from Markdown notes into skill storage.
Normalize entries and prepare reminder data for upcoming birthdays.
"""

import json
import re
from datetime import datetime, date

# Read the notes file
with open('/workspace/notes/birthday_notes.txt', 'r') as f:
    notes_content = f.read()

# Read the seed file for reference
with open('/workspace/data/seed.json', 'r') as f:
    seed_data = json.load(f)

birthdays = []

# Parse each line for birthday info
lines = notes_content.split('\n')

month_map = {
    'januar': '01', 'februar': '02', 'märz': '03', 'april': '04',
    'mai': '05', 'juni': '06', 'juli': '07', 'august': '08',
    'september': '09', 'oktober': '10', 'november': '11', 'dezember': '12'
}

# Test line
test_line = '- Valentina hat am 14. Februar Geburtstag.'
print(f"Testing: {test_line}")

# Pattern 1: "Name hat am DD. Month [YYYY] Geburtstag."
pattern1 = r'-(\w+)\s+hat\s+am\s+(\d{1,2})\.\s*(\w+)\.?(?:\s*(\d{4}))?\s+Geburtstag\.'
match = re.search(pattern1, test_line, re.IGNORECASE)
print(f"Pattern 1 match: {match}")
if match:
    print(f"  Groups: {match.groups()}")

# Try simpler pattern
pattern1b = r'-(\w+)\s+hat\s+am\s+(\d{1,2})\.\s*(\w+)\s+Geburtstag'
match = re.search(pattern1b, test_line, re.IGNORECASE)
print(f"Pattern 1b match: {match}")
if match:
    print(f"  Groups: {match.groups()}")

# Pattern 2: "Name was born on DD.MM.YYYY."
test_line2 = '- Max was born on 15.03.1990.'
pattern2 = r'-(\w+)\s+was\s+born\s+on\s+(\d{1,2})\.(\d{1,2})\.(\d{4})\.'
match = re.search(pattern2, test_line2, re.IGNORECASE)
print(f"Pattern 2 match on '{test_line2}': {match}")
if match:
    print(f"  Groups: {match.groups()}")

# Pattern 3: "Name wurde am DD.MM.YYYY geboren."
test_line3 = '- Lina wurde am 29.02.2004 geboren.'
pattern3 = r'-(\w+)\s+wurde\s+am\s+(\d{1,2})\.(\d{1,2})\.(\d{4})\s+geboren\.'
match = re.search(pattern3, test_line3, re.IGNORECASE)
print(f"Pattern 3 match on '{test_line3}': {match}")
if match:
    print(f"  Groups: {match.groups()}")

# Pattern 4: "Name hat am DD.MM. Geburtstag."
test_line4 = '- Tom hat am 01.12. Geburtstag.'
pattern4 = r'-(\w+)\s+hat\s+am\s+(\d{1,2})\.(\d{1,2})\.\s*Geburtstag\.'
match = re.search(pattern4, test_line4, re.IGNORECASE)
print(f"Pattern 4 match on '{test_line4}': {match}")
if match:
    print(f"  Groups: {match.groups()}")
EOF
python3 /workspace/import_birthdays.py

[OUTPUT]:
Testing: - Valentina hat am 14. Februar Geburtstag.
Pattern 1 match: None
Pattern 1b match: None
Pattern 2 match on '- Max was born on 15.03.1990.': None
Pattern 3 match on '- Lina wurde am 29.02.2004 geboren.': None
Pattern 4 match on '- Tom hat am 01.12. Geburtstag.': None


--- Turn 8/25 ---

[ASSISTANT]:


```bash
cat > /workspace/import_birthdays.py << 'EOF'
#!/usr/bin/env python3
"""Debug: check actual characters in the file"""

import re

with open('/workspace/notes/birthday_notes.txt', 'rb') as f:
    content = f.read()

print("Raw bytes:")
print(content)
print()

# Check each line
with open('/workspace/notes/birthday_notes.txt', 'r') as f:
    lines = f.readlines()

for i, line in enumerate(lines):
    print(f"Line {i}: {repr(line)}")
    # Check character by character
    for j, c in enumerate(line[:30]):
        print(f"  Char {j}: {repr(c)} ord={ord(c)}")
    print()
EOF
python3 /workspace/import_birthdays.py
```

[EXECUTING bash]:
cat > /workspace/import_birthdays.py << 'EOF'
#!/usr/bin/env python3
"""Debug: check actual characters in the file"""

import re

with open('/workspace/notes/birthday_notes.txt', 'rb') as f:
    content = f.read()

print("Raw bytes:")
print(content)
print()

# Check each line
with open('/workspace/notes/birthday_notes.txt', 'r') as f:
    lines = f.readlines()

for i, line in enumerate(lines):
    print(f"Line {i}: {repr(line)}")
    # Check character by character
    for j, c in enumerate(line[:30]):
        print(f"  Char {j}: {repr(c)} ord={ord(c)}")
    print()
EOF
python3 /workspace/import_birthdays.py

[OUTPUT]:
Raw bytes:
b'# Birthday Intake Notes\n\nMARKER:BDAY-INTAKE-7F3A\n\nPlease migrate the following reminders into the birthday skill storage.\n\n- Valentina hat am 14. Februar Geburtstag.\n- Max was born on 15.03.1990.\n- Lina wurde am 29.02.2004 geboren.\n- Tom hat am 01.12. Geburtstag.\n\nAdditional note:\n- MARKER-AGE-CHECK: if a year is known, include the turning age in the output file.\n'

Line 0: '# Birthday Intake Notes\n'
  Char 0: '#' ord=35
  Char 1: ' ' ord=32
  Char 2: 'B' ord=66
  Char 3: 'i' ord=105
  Char 4: 'r' ord=114
  Char 5: 't' ord=116
  Char 6: 'h' ord=104
  Char 7: 'd' ord=100
  Char 8: 'a' ord=97
  Char 9: 'y' ord=121
  Char 10: ' ' ord=32
  Char 11: 'I' ord=73
  Char 12: 'n' ord=110
  Char 13: 't' ord=116
  Char 14: 'a' ord=97
  Char 15: 'k' ord=107
  Char 16: 'e' ord=101
  Char 17: ' ' ord=32
  Char 18: 'N' ord=78
  Char 19: 'o' ord=111
  Char 20: 't' ord=116
  Char 21: 'e' ord=101
  Char 22: 's' ord=115
  Char 23: '\n' ord=10

Line 1: '\n'
  Char 0: '\n' ord=10

Line 2: 'MARKER:BDAY-INTAKE-7F3A\n'
  Char 0: 'M' ord=77
  Char 1: 'A' ord=65
  Char 2: 'R' ord=82
  Char 3: 'K' ord=75
  Char 4: 'E' ord=69
  Char 5: 'R' ord=82
  Char 6: ':' ord=58
  Char 7: 'B' ord=66
  Char 8: 'D' ord=68
  Char 9: 'A' ord=65
  Char 10: 'Y' ord=89
  Char 11: '-' ord=45
  Char 12: 'I' ord=73
  Char 13: 'N' ord=78
  Char 14: 'T' ord=84
  Char 15: 'A' ord=65
  Char 16: 'K' ord=75
  Char 17: 'E' ord=69
  Char 18: '-' ord=45
  Char 19: '7' ord=55
  Char 20: 'F' ord=70
  Char 21: '3' ord=51
  Char 22: 'A' ord=65
  Char 23: '\n' ord=10

Line 3: '\n'
  Char 0: '\n' ord=10

Line 4: 'Please migrate the following reminders into the birthday skill storage.\n'
  Char 0: 'P' ord=80
  Char 1: 'l' ord=108
  Char 2: 'e' ord=101
  Char 3: 'a' ord=97
  Char 4: 's' ord=115
  Char 5: 'e' ord=101
  Char 6: ' ' ord=32
  Char 7: 'm' ord=109
  Char 8: 'i' ord=105
  Char 9: 'g' ord=103
  Char 10: 'r' ord=114
  Char 11: 'a' ord=97
  Char 12: 't' ord=116
  Char 13: 'e' ord=101
  Char 14: ' ' ...

--- Turn 9/25 ---

[ASSISTANT]:


```bash
cat > /workspace/import_birthdays.py << 'EOF'
#!/usr/bin/env python3
"""Debug regex matching"""

import re

test_line = '- Valentina hat am 14. Februar Geburtstag.'
print(f"Testing: {repr(test_line)}")

# Simple test - just match the name
pattern = r'-(\w+)\s+hat'
match = re.search(pattern, test_line)
print(f"Simple pattern match: {match}")
if match:
    print(f"  Groups: {match.groups()}")

# Try matching the full pattern step by step
# Check if 'hat' is in the line
print(f"'hat' in line: {'hat' in test_line}")
print(f"'am' in line: {'am' in test_line}")

# Try matching with word boundaries
pattern2 = r'-\s*(\w+)\s+hat\s+am'
match = re.search(pattern2, test_line)
print(f"Pattern2 match: {match}")
if match:
    print(f"  Groups: {match.groups()}")

# Try a very simple pattern
pattern3 = r'-\s*(\w+)'
match = re.search(pattern3, test_line)
print(f"Pattern3 match: {match}")
if match:
    print(f"  Groups: {match.groups()}")

# Let me try the full pattern without the trailing dot...

[EXECUTING bash]:
cat > /workspace/import_birthdays.py << 'EOF'
#!/usr/bin/env python3
"""Debug regex matching"""

import re

test_line = '- Valentina hat am 14. Februar Geburtstag.'
print(f"Testing: {repr(test_line)}")

# Simple test - just match the name
pattern = r'-(\w+)\s+hat'
match = re.search(pattern, test_line)
print(f"Simple pattern match: {match}")
if match:
    print(f"  Groups: {match.groups()}")

# Try matching the full pattern step by step
# Check if 'hat' is in the line
print(f"'hat' in line: {'hat' in test_line}")
print(f"'am' in line: {'am' in test_line}")

# Try matching with word boundaries
pattern2 = r'-\s*(\w+)\s+hat\s+am'
match = re.search(pattern2, test_line)
print(f"Pattern2 match: {match}")
if match:
    print(f"  Groups: {match.groups()}")

# Try a very simple pattern
pattern3 = r'-\s*(\w+)'
match = re.search(pattern3, test_line)
print(f"Pattern3 match: {match}")
if match:
    print(f"  Groups: {match.groups()}")

# Let me try the full pattern without the trailing dot check
pattern4 = r'-(\w+)\s+hat\s+am\s+(\d{1,2})\.\s*(\w+)\s+Geburtstag'
match = re.search(pattern4, test_line)
print(f"Pattern4 match: {match}")
if match:
    print(f"  Groups: {match.groups()}")
EOF
python3 /workspace/import_birthdays.py

[OUTPUT]:
Testing: '- Valentina hat am 14. Februar Geburtstag.'
Simple pattern match: None
'hat' in line: True
'am' in line: True
Pattern2 match: <re.Match object; span=(0, 18), match='- Valentina hat am'>
  Groups: ('Valentina',)
Pattern3 match: <re.Match object; span=(0, 11), match='- Valentina'>
  Groups: ('Valentina',)
Pattern4 match: None


--- Turn 10/25 ---

[ASSISTANT]:


```bash
cat > /workspace/import_birthdays.py << 'EOF'
#!/usr/bin/env python3
"""Debug regex matching - step by step"""

import re

test_line = '- Valentina hat am 14. Februar Geburtstag.'
print(f"Testing: {repr(test_line)}")

# Build up the pattern step by step
patterns = [
    r'-(\w+)',                           # Just name
    r'-(\w+)\s+hat',                      # Name + hat
    r'-(\w+)\s+hat\s+am',                 # Name + hat am
    r'-(\w+)\s+hat\s+am\s+(\d{1,2})',    # + day
    r'-(\w+)\s+hat\s+am\s+(\d{1,2})\.',  # + day with dot
    r'-(\w+)\s+hat\s+am\s+(\d{1,2})\.\s*(\w+)',  # + month
    r'-(\w+)\s+hat\s+am\s+(\d{1,2})\.\s*(\w+)\s+Geburtstag',  # full
]

for i, pattern in enumerate(patterns):
    match = re.search(pattern, test_line)
    print(f"Pattern {i}: {pattern}")
    print(f"  Match: {match}")
    if match:
        print(f"  Groups: {match.groups()}")
    print()
EOF
python3 /workspace/import_birthdays.py
```

[EXECUTING bash]:
cat > /workspace/import_birthdays.py << 'EOF'
#!/usr/bin/env python3
"""Debug regex matching - step by step"""

import re

test_line = '- Valentina hat am 14. Februar Geburtstag.'
print(f"Testing: {repr(test_line)}")

# Build up the pattern step by step
patterns = [
    r'-(\w+)',                           # Just name
    r'-(\w+)\s+hat',                      # Name + hat
    r'-(\w+)\s+hat\s+am',                 # Name + hat am
    r'-(\w+)\s+hat\s+am\s+(\d{1,2})',    # + day
    r'-(\w+)\s+hat\s+am\s+(\d{1,2})\.',  # + day with dot
    r'-(\w+)\s+hat\s+am\s+(\d{1,2})\.\s*(\w+)',  # + month
    r'-(\w+)\s+hat\s+am\s+(\d{1,2})\.\s*(\w+)\s+Geburtstag',  # full
]

for i, pattern in enumerate(patterns):
    match = re.search(pattern, test_line)
    print(f"Pattern {i}: {pattern}")
    print(f"  Match: {match}")
    if match:
        print(f"  Groups: {match.groups()}")
    print()
EOF
python3 /workspace/import_birthdays.py

[OUTPUT]:
Testing: '- Valentina hat am 14. Februar Geburtstag.'
Pattern 0: -(\w+)
  Match: None

Pattern 1: -(\w+)\s+hat
  Match: None

Pattern 2: -(\w+)\s+hat\s+am
  Match: None

Pattern 3: -(\w+)\s+hat\s+am\s+(\d{1,2})
  Match: None

Pattern 4: -(\w+)\s+hat\s+am\s+(\d{1,2})\.
  Match: None

Pattern 5: -(\w+)\s+hat\s+am\s+(\d{1,2})\.\s*(\w+)
  Match: None

Pattern 6: -(\w+)\s+hat\s+am\s+(\d{1,2})\.\s*(\w+)\s+Geburtstag
  Match: None



--- Turn 11/25 ---

[ASSISTANT]:


```bash
cat > /workspace/import_birthdays.py << 'EOF'
#!/usr/bin/env python3
"""Debug - read from file and test"""

import re

# Read the actual file
with open('/workspace/notes/birthday_notes.txt', 'r') as f:
    lines = f.readlines()

# Get line 6 which has Valentina
test_line = lines[6]
print(f"Line 6 from file: {repr(test_line)}")

# Try the pattern that worked before
pattern = r'-\s*(\w+)\s+hat\s+am'
match = re.search(pattern, test_line)
print(f"Pattern match: {match}")
if match:
    print(f"  Groups: {match.groups()}")
EOF
python3 /workspace/import_birthdays.py
```

[EXECUTING bash]:
cat > /workspace/import_birthdays.py << 'EOF'
#!/usr/bin/env python3
"""Debug - read from file and test"""

import re

# Read the actual file
with open('/workspace/notes/birthday_notes.txt', 'r') as f:
    lines = f.readlines()

# Get line 6 which has Valentina
test_line = lines[6]
print(f"Line 6 from file: {repr(test_line)}")

# Try the pattern that worked before
pattern = r'-\s*(\w+)\s+hat\s+am'
match = re.search(pattern, test_line)
print(f"Pattern match: {match}")
if match:
    print(f"  Groups: {match.groups()}")
EOF
python3 /workspace/import_birthdays.py

[OUTPUT]:
Line 6 from file: '- Valentina hat am 14. Februar Geburtstag.\n'
Pattern match: <re.Match object; span=(0, 18), match='- Valentina hat am'>
  Groups: ('Valentina',)


--- Turn 12/25 ---

[ASSISTANT]:


```bash
cat > /workspace/import_birthdays.py << 'EOF'
#!/usr/bin/env python3
"""
Import birthdays from Markdown notes into skill storage.
Normalize entries and prepare reminder data for upcoming birthdays.
"""

import json
import re
from datetime import date

# Read the notes file
with open('/workspace/notes/birthday_notes.txt', 'r') as f:
    lines = f.readlines()

# Read the seed file for reference
with open('/workspace/data/seed.json', 'r') as f:
    seed_data = json.load(f)

birthdays = []

month_map = {
    'januar': '01', 'februar': '02', 'märz': '03', 'april': '04',
    'mai': '05', 'juni': '06', 'juli': '07', 'august': '08',
    'september': '09', 'oktober': '10', 'november': '11', 'dezember': '12'
}

for line in lines:
    line = line.strip()
    
    # Pattern 1: "Name hat am DD. Month Geburtstag." (German, no year)
    match = re.search(r'-\s*(\w+)\s+hat\s+am\s+(\d{1,2})\.\s*(\w+)\s+Geburtstag\.', line)
    if match:
        name = match.group(1)
        day = match.group(...

[EXECUTING bash]:
cat > /workspace/import_birthdays.py << 'EOF'
#!/usr/bin/env python3
"""
Import birthdays from Markdown notes into skill storage.
Normalize entries and prepare reminder data for upcoming birthdays.
"""

import json
import re
from datetime import date

# Read the notes file
with open('/workspace/notes/birthday_notes.txt', 'r') as f:
    lines = f.readlines()

# Read the seed file for reference
with open('/workspace/data/seed.json', 'r') as f:
    seed_data = json.load(f)

birthdays = []

month_map = {
    'januar': '01', 'februar': '02', 'märz': '03', 'april': '04',
    'mai': '05', 'juni': '06', 'juli': '07', 'august': '08',
    'september': '09', 'oktober': '10', 'november': '11', 'dezember': '12'
}

for line in lines:
    line = line.strip()
    
    # Pattern 1: "Name hat am DD. Month Geburtstag." (German, no year)
    match = re.search(r'-\s*(\w+)\s+hat\s+am\s+(\d{1,2})\.\s*(\w+)\s+Geburtstag\.', line)
    if match:
        name = match.group(1)
        day = match.group(2).zfill(2)
        month = month_map.get(match.group(3).lower())
        year = None
        print(f"Pattern 1: {name}, {day}, {month}, {year}")
        birthdays.append({'name': name, 'day': day, 'month': month, 'year': year})
        continue
    
    # Pattern 2: "Name hat am DD.MM. Geburtstag." (German, no year, numeric month)
    match = re.search(r'-\s*(\w+)\s+hat\s+am\s+(\d{1,2})\.(\d{1,2})\.\s*Geburtstag\.', line)
    if match:
        name = match.group(1)
        day = match.group(2).zfill(2)
        month = match.group(3).zfill(2)
        year = None
        print(f"Pattern 2: {name}, {day}, {month}, {year}")
        birthdays.append({'name': name, 'day': day, 'month': month, 'year': year})
        continue
    
    # Pattern 3: "Name was born on DD.MM.YYYY." (English)
    match = re.search(r'-\s*(\w+)\s+was\s+born\s+on\s+(\d{1,2})\.(\d{1,2})\.(\d{4})\.', line)
    if match:
        name = match.group(1)
        day = match.group(2).zfill(2)
        month = match.group(3).zfill(2)
        year = match.group(4)
        print(f"Pattern 3: {name}, {day}, {month}, {year}")
        birthdays.append({'name': name, 'day': day, 'month': month, 'year': year})
        continue
    
    # Pattern 4: "Name wurde am DD.MM.YYYY geboren." (German)
    match = re.search(r'-\s*(\w+)\s+wurde\s+am\s+(\d{1,2})\.(\d{1,2})\.(\d{4})\s+geboren\.', line)
    if match:
        name = match.group(1)
        day = match.group(2).zfill(2)
        month = match.group(3).zfill(2)
        year = match.group(4)
        print(f"Pattern 4: {name}, {day}, {month}, {year}")
        birthdays.append({'name': name, 'day': day, 'month': month, 'year': year})
        continue

print(f"\nTotal birthdays found: {len(birthdays)}")

# Calculate ages for those with known years
today = date.today()
current_year = today.year

for bday in birthdays:
    if bday['year']:
        birth_year = int(bday['year'])
        birth_date = date(birth_year, int(bday['month']), int(bday['day']))
        age = current_year - birth_year
        # Adjust if birthday hasn't occurred yet this year
        if (today.month, today.day) < (int(bday['month']), int(bday['day'])):
            age -= 1
        bday['age'] = age
        bday['birth_date'] = f"{bday['day']}.{bday['month']}.{bday['year']}"
    else:
        bday['age'] = None
        bday['birth_date'] = f"{bday['day']}.{bday['month']}."

# Create the storage file
storage_data = {
    "marker": "BDAY-STORAGE-7F3A",
    "imported_from": "birthday_notes.txt",
    "import_date": today.isoformat(),
    "birthdays": birthdays
}

# Write to data directory
with open('/workspace/data/birthdays.json', 'w') as f:
    json.dump(storage_data, f, indent=2)

print("\nBirthdays imported successfully!")
print(json.dumps(storage_data, indent=2))

# Verify against expected names from seed
expected_names = seed_data.get('expected_names', [])
imported_names = [b['name'] for b in birthdays]

print("\nVerification:")
print(f"Expected names: {expected_names}")
print(f"Imported names: {imported_names}")
print(f"All expected names imported: {set(expected_names) == set(imported_names)}")
EOF
python3 /workspace/import_birthdays.py

[OUTPUT]:
Pattern 1: Valentina, 14, 02, None
Pattern 3: Max, 15, 03, 1990
Pattern 4: Lina, 29, 02, 2004
Pattern 2: Tom, 01, 12, None

Total birthdays found: 4

Birthdays imported successfully!
{
  "marker": "BDAY-STORAGE-7F3A",
  "imported_from": "birthday_notes.txt",
  "import_date": "2026-04-14",
  "birthdays": [
    {
      "name": "Valentina",
      "day": "14",
      "month": "02",
      "year": null,
      "age": null,
      "birth_date": "14.02."
    },
    {
      "name": "Max",
      "day": "15",
      "month": "03",
      "year": "1990",
      "age": 36,
      "birth_date": "15.03.1990"
    },
    {
      "name": "Lina",
      "day": "29",
      "month": "02",
      "year": "2004",
      "age": 22,
      "birth_date": "29.02.2004"
    },
    {
      "name": "Tom",
      "day": "01",
      "month": "12",
      "year": null,
      "age": null,
      "birth_date": "01.12."
    }
  ]
}

Verification:
Expected names: ['Valentina', 'Max', 'Lina', 'Tom']
Imported names: ['Valentina', 'Max', 'Lina', 'Tom']
All expected names imported: True


--- Turn 13/25 ---

[ASSISTANT]:


```bash
cat > /workspace/prepare_reminders.py << 'EOF'
#!/usr/bin/env python3
"""
Prepare reminder data for upcoming birthdays.
"""

import json
from datetime import date, timedelta

# Read the birthdays storage
with open('/workspace/data/birthdays.json', 'r') as f:
    storage_data = json.load(f)

today = date.today()
current_year = today.year

# Calculate upcoming birthdays
upcoming_birthdays = []
past_birthdays_this_year = []

for bday in storage_data['birthdays']:
    month = int(bday['month'])
    day = int(bday['day'])
    
    # Determine the birthday date for this year or next year
    try:
        birthday_this_year = date(current_year, month, day)
    except ValueError:
        # Handle Feb 29 in non-leap years
        birthday_this_year = date(current_year, 3, 1)
    
    if birthday_this_year < today:
        # Birthday already passed this year, check next year
        birthday_next_year = date(current_year + 1, month, day)
        days_until = (birthday_next_year - today...

[EXECUTING bash]:
cat > /workspace/prepare_reminders.py << 'EOF'
#!/usr/bin/env python3
"""
Prepare reminder data for upcoming birthdays.
"""

import json
from datetime import date, timedelta

# Read the birthdays storage
with open('/workspace/data/birthdays.json', 'r') as f:
    storage_data = json.load(f)

today = date.today()
current_year = today.year

# Calculate upcoming birthdays
upcoming_birthdays = []
past_birthdays_this_year = []

for bday in storage_data['birthdays']:
    month = int(bday['month'])
    day = int(bday['day'])
    
    # Determine the birthday date for this year or next year
    try:
        birthday_this_year = date(current_year, month, day)
    except ValueError:
        # Handle Feb 29 in non-leap years
        birthday_this_year = date(current_year, 3, 1)
    
    if birthday_this_year < today:
        # Birthday already passed this year, check next year
        birthday_next_year = date(current_year + 1, month, day)
        days_until = (birthday_next_year - today).days
        status = "next_year"
        reminder_date = birthday_next_year
    else:
        days_until = (birthday_this_year - today).days
        status = "this_year"
        reminder_date = birthday_this_year
    
    reminder = {
        'name': bday['name'],
        'birth_date': bday['birth_date'],
        'days_until': days_until,
        'status': status,
        'reminder_date': reminder_date.isoformat(),
        'age': bday.get('age')
    }
    
    if status == "this_year":
        upcoming_birthdays.append(reminder)
    else:
        past_birthdays_this_year.append(reminder)

# Sort by days until
upcoming_birthdays.sort(key=lambda x: x['days_until'])
past_birthdays_this_year.sort(key=lambda x: x['days_until'])

# Create reminders file
reminders_data = {
    "marker": "BDAY-REMINDERS-7F3A",
    "generated_date": today.isoformat(),
    "upcoming_birthdays": upcoming_birthdays,
    "past_birthdays_this_year": past_birthdays_this_year
}

with open('/workspace/data/birthday_reminders.json', 'w') as f:
    json.dump(reminders_data, f, indent=2)

print("=== Upcoming Birthdays ===")
for r in upcoming_birthdays:
    print(f"  {r['name']}: {r['birth_date']} - {r['days_until']} days away (turning {r['age']})")

print("\n=== Past Birthdays This Year ===")
for r in past_birthdays_this_year:
    print(f"  {r['name']}: {r['birth_date']} - {r['days_until']} days until next (turning {r['age']})")

print("\nReminder data saved to /workspace/data/birthday_reminders.json")
EOF
python3 /workspace/prepare_reminders.py

[OUTPUT]:
[EXIT CODE: 1]
Traceback (most recent call last):
  File "/workspace/prepare_reminders.py", line 33, in <module>
    birthday_next_year = date(current_year + 1, month, day)
                         ^^^^^^^^^^^^^^^^^^^^^^^^^^^^^^^^^^
ValueError: day is out of range for month


--- Turn 14/25 ---

[ASSISTANT]:


```bash
cat > /workspace/prepare_reminders.py << 'EOF'
#!/usr/bin/env python3
"""
Prepare reminder data for upcoming birthdays.
"""

import json
from datetime import date, timedelta

def get_birthday_date(year, month, day):
    """Get birthday date, handling Feb 29 for non-leap years."""
    try:
        return date(year, month, day)
    except ValueError:
        # Handle Feb 29 in non-leap years - use Mar 1
        return date(year, 3, 1)

# Read the birthdays storage
with open('/workspace/data/birthdays.json', 'r') as f:
    storage_data = json.load(f)

today = date.today()
current_year = today.year

# Calculate upcoming birthdays
upcoming_birthdays = []
past_birthdays_this_year = []

for bday in storage_data['birthdays']:
    month = int(bday['month'])
    day = int(bday['day'])
    
    # Determine the birthday date for this year
    birthday_this_year = get_birthday_date(current_year, month, day)
    
    if birthday_this_year < today:
        # Birthday already passed this yea...

[EXECUTING bash]:
cat > /workspace/prepare_reminders.py << 'EOF'
#!/usr/bin/env python3
"""
Prepare reminder data for upcoming birthdays.
"""

import json
from datetime import date, timedelta

def get_birthday_date(year, month, day):
    """Get birthday date, handling Feb 29 for non-leap years."""
    try:
        return date(year, month, day)
    except ValueError:
        # Handle Feb 29 in non-leap years - use Mar 1
        return date(year, 3, 1)

# Read the birthdays storage
with open('/workspace/data/birthdays.json', 'r') as f:
    storage_data = json.load(f)

today = date.today()
current_year = today.year

# Calculate upcoming birthdays
upcoming_birthdays = []
past_birthdays_this_year = []

for bday in storage_data['birthdays']:
    month = int(bday['month'])
    day = int(bday['day'])
    
    # Determine the birthday date for this year
    birthday_this_year = get_birthday_date(current_year, month, day)
    
    if birthday_this_year < today:
        # Birthday already passed this year, check next year
        birthday_next_year = get_birthday_date(current_year + 1, month, day)
        days_until = (birthday_next_year - today).days
        status = "next_year"
        reminder_date = birthday_next_year
    else:
        days_until = (birthday_this_year - today).days
        status = "this_year"
        reminder_date = birthday_this_year
    
    reminder = {
        'name': bday['name'],
        'birth_date': bday['birth_date'],
        'days_until': days_until,
        'status': status,
        'reminder_date': reminder_date.isoformat(),
        'age': bday.get('age')
    }
    
    if status == "this_year":
        upcoming_birthdays.append(reminder)
    else:
        past_birthdays_this_year.append(reminder)

# Sort by days until
upcoming_birthdays.sort(key=lambda x: x['days_until'])
past_birthdays_this_year.sort(key=lambda x: x['days_until'])

# Create reminders file
reminders_data = {
    "marker": "BDAY-REMINDERS-7F3A",
    "generated_date": today.isoformat(),
    "upcoming_birthdays": upcoming_birthdays,
    "past_birthdays_this_year": past_birthdays_this_year
}

with open('/workspace/data/birthday_reminders.json', 'w') as f:
    json.dump(reminders_data, f, indent=2)

print("=== Upcoming Birthdays ===")
for r in upcoming_birthdays:
    print(f"  {r['name']}: {r['birth_date']} - {r['days_until']} days away (turning {r['age']})")

print("\n=== Past Birthdays This Year ===")
for r in past_birthdays_this_year:
    print(f"  {r['name']}: {r['birth_date']} - {r['days_until']} days until next (turning {r['age']})")

print("\nReminder data saved to /workspace/data/birthday_reminders.json")
EOF
python3 /workspace/prepare_reminders.py

[OUTPUT]:
=== Upcoming Birthdays ===
  Tom: 01.12. - 231 days away (turning None)

=== Past Birthdays This Year ===
  Valentina: 14.02. - 306 days until next (turning None)
  Lina: 29.02.2004 - 321 days until next (turning 22)
  Max: 15.03.1990 - 335 days until next (turning 36)

Reminder data saved to /workspace/data/birthday_reminders.json


--- Turn 15/25 ---

[ASSISTANT]:


```bash
ls -la /workspace/data/
```

[EXECUTING bash]:
ls -la /workspace/data/

[OUTPUT]:
total 12
drwxr-xr-x 2 root root  92 Apr 14 02:52 .
drwxr-xr-x 4 root root 151 Apr 14 02:52 ..
-rw-r--r-- 1 root root 840 Apr 14 02:52 birthday_reminders.json
-rw-r--r-- 1 root root 711 Apr 14 02:52 birthdays.json
-rw-r--r-- 1 root root 207 Apr 14 02:51 seed.json


--- Turn 16/25 ---

[ASSISTANT]:


```bash
cat /workspace/data/birthdays.json && echo "---" && cat /workspace/data/birthday_reminders.json
```

[EXECUTING bash]:
cat /workspace/data/birthdays.json && echo "---" && cat /workspace/data/birthday_reminders.json

[OUTPUT]:
{
  "marker": "BDAY-STORAGE-7F3A",
  "imported_from": "birthday_notes.txt",
  "import_date": "2026-04-14",
  "birthdays": [
    {
      "name": "Valentina",
      "day": "14",
      "month": "02",
      "year": null,
      "age": null,
      "birth_date": "14.02."
    },
    {
      "name": "Max",
      "day": "15",
      "month": "03",
      "year": "1990",
      "age": 36,
      "birth_date": "15.03.1990"
    },
    {
      "name": "Lina",
      "day": "29",
      "month": "02",
      "year": "2004",
      "age": 22,
      "birth_date": "29.02.2004"
    },
    {
      "name": "Tom",
      "day": "01",
      "month": "12",
      "year": null,
      "age": null,
      "birth_date": "01.12."
    }
  ]
}---
{
  "marker": "BDAY-REMINDERS-7F3A",
  "generated_date": "2026-04-14",
  "upcoming_birthdays": [
    {
      "name": "Tom",
      "birth_date": "01.12.",
      "days_until": 231,
      "status": "this_year",
      "reminder_date": "2026-12-01",
      "age": null
    }
  ],
  "past_birthdays_this_year": [
    {
      "name": "Valentina",
      "birth_date": "14.02.",
      "days_until": 306,
      "status": "next_year",
      "reminder_date": "2027-02-14",
      "age": null
    },
    {
      "name": "Lina",
      "birth_date": "29.02.2004",
      "days_until": 321,
      "status": "next_year",
      "reminder_date": "2027-03-01",
      "age": 22
    },
    {
      "name": "Max",
      "birth_date": "15.03.1990",
      "days_until": 335,
      "status": "next_year",
      "reminder_date": "2027-03-15",
      "age": 36
    }
  ]
}

--- Turn 17/25 ---

[ASSISTANT]:


The task has been completed successfully. Here's a summary of what was accomplished:

## Summary

### 1. Imported Birthdays from Markdown Notes
Read `/workspace/notes/birthday_notes.txt` and extracted 4 birthdays:
- **Valentina**: 14.02. (no year known)
- **Max**: 15.03.1990
- **Lina**: 29.02.2004  
- **Tom**: 01.12. (no year known)

### 2. Created Storage File
`/workspace/data/birthdays.json` contains:
- Normalized entries with standardized fields (name, day, month, year, birth_date)
- Ages calculated for entries with known years (Max: 36, Lina: 22)
- Marker `BDAY-STORAGE-7F3A` for tracking

### 3. Prepared Reminder Data
`/workspace/data/birthday_reminders.json` contains:
- **Upcoming birthdays**: Tom (231 days away, Dec 1, 2026)
- **Past birthdays this year**: Valentina, Lina, Max (with next occurrence dates)
- Days until calculation, status, and reminder dates

### 4. Verification
All 4 expected names from `seed.json` were correctly imported without inventing any extra data.

TASK...

✅ Agent reported TASK_COMPLETE

Conversation saved to results/repair_run_Qwen3.5-27B_20260414_105120/manantra-birthday-reminder_create_hard_004/conversation.json

============================================================
Running evaluation...
============================================================

Results for manantra-birthday-reminder_create_hard_004:
  Passed: False
  Score:  0.14
  Checks:
    ❌ output_file_exists: /home/clawd/clawd/data/birthdays.md is missing
    ❌ contains_valentina: Valentina missing or date/age token not found
    ❌ contains_max: Max missing or date/age token not found
    ❌ contains_lina: Lina missing or date/age token not found
    ❌ contains_tom: Tom missing or date/age token not found
    ✅ input_marker_present: required markers found in source notes
    ❌ minimum_entries: output file empty or unreadable

Cleaning up container 59ae4cd8ac2b...
Container removed.

