Building Docker image...
Creating new container...
Container ready: c43e558491fd
Workspace files: data
gen_inputs.py
setup.sh

============================================================
Starting agent interaction (Repair Mode)...
============================================================

============================================================
TASK: $ python run_task.py --mode adversarial-prompting --source ./workspace --output ./result
Need a careful adversarial analysis on a product pricing decision. The team is debating whether to keep a free tier, switch to a 14-day trial, or adopt a usage-based entry plan. Please produce a structured recommendation with risks, fixes, and a final recommendation. Also export the full write-up to a markdown file.
============================================================


--- Turn 1/15 ---

[ASSISTANT]:


```bash
ls -la /workspace
```

[EXECUTING bash]:
ls -la /workspace

[OUTPUT]:
total 8
drwxr-xr-x 3 root  root    71 Apr 12 22:24 .
drwxr-xr-x 1 root  root    31 Apr 12 22:24 ..
drwxr-xr-x 2 root  root    90 Apr 12 22:24 data
-rw-r--r-- 1 32113 42021 1560 Apr 12 10:54 gen_inputs.py
-rwxr-xr-x 1 32113 42021   57 Apr 12 10:54 setup.sh


--- Turn 2/15 ---

[ASSISTANT]:


```bash
ls -la /workspace/data
```

[EXECUTING bash]:
ls -la /workspace/data

[OUTPUT]:
total 12
drwxr-xr-x 2 root root  90 Apr 12 22:24 .
drwxr-xr-x 3 root root  71 Apr 12 22:24 ..
-rw-r--r-- 1 root root 496 Apr 12 22:24 market_signals.json
-rw-r--r-- 1 root root 170 Apr 12 22:24 notes.md
-rw-r--r-- 1 root root 407 Apr 12 22:24 pricing_brief.txt


--- Turn 3/15 ---

[ASSISTANT]:


```bash
cat /workspace/data/market_signals.json
```

[EXECUTING bash]:
cat /workspace/data/market_signals.json

[OUTPUT]:
{
  "customer_segments": [
    {
      "name": "Solo founders",
      "pain": "high curiosity, low willingness to pay"
    },
    {
      "name": "Small finance teams",
      "pain": "need collaboration and exports"
    },
    {
      "name": "Agency analysts",
      "pain": "burst usage, seasonal demand"
    }
  ],
  "metrics": {
    "trial_to_paid": 0.18,
    "free_to_paid": 0.06,
    "support_tickets_per_100_users": 14
  },
  "markers": [
    "MARKER_JSON_V1",
    "MARKER_SEGMENT_C"
  ]
}

--- Turn 4/15 ---

[ASSISTANT]:


```bash
cat /workspace/data/notes.md
```

[EXECUTING bash]:
cat /workspace/data/notes.md

[OUTPUT]:
# Internal Notes

MARKER_NOTES_V1
- Sales wants faster conversion.
- Support wants fewer low-intent accounts.
- Engineering can ship only one gating change this quarter.


--- Turn 5/15 ---

[ASSISTANT]:


```bash
cat /workspace/data/pricing_brief.txt
```

[EXECUTING bash]:
cat /workspace/data/pricing_brief.txt

[OUTPUT]:
MARKER_PRICING_BRIEF_V1

Company: Northstar Analytics
Product: B2B dashboard for small finance teams
Current plan: Free tier + paid Pro tier
Decision under review: keep free tier, move to 14-day trial, or launch usage-based entry plan
Constraints: small team, limited support bandwidth, churn sensitivity, need faster conversion signals
Known concern: free tier attracts hobby users and raises support load


--- Turn 6/15 ---

[ASSISTANT]:


Now I understand the context. Let me create a comprehensive adversarial analysis of the three pricing options and produce a structured recommendation.

```python
# Create the adversarial analysis and markdown output
analysis = """# Adversarial Analysis: Northstar Analytics Pricing Decision

## Executive Summary

Northstar Analytics is evaluating three pricing entry strategies for its B2B dashboard product. This analysis examines each option through an adversarial lens, identifying vulnerabilities, risks, and mitigation strategies.

**Current State:** Free tier + paid Pro tier
**Decision Options:**
1. Keep free tier
2. Switch to 14-day trial
3. Launch usage-based entry plan

---

## Market Context & Metrics

| Metric | Value |
|--------|-------|
| Trial-to-paid conversion | 18% |
| Free-to-paid conversion | 6% |
| Support tickets per 100 users | 14 |

### Customer Segments
| Segment | Pain Points |
|---------|-------------|
| Solo founders | High curiosity, low willingness to pay |
| ...

--- Turn 7/15 ---

[ASSISTANT]:


```python
analysis = """# Adversarial Analysis: Northstar Analytics Pricing Decision

## Executive Summary

Northstar Analytics is evaluating three pricing entry strategies for its B2B dashboard product. This analysis examines each option through an adversarial lens, identifying vulnerabilities, risks, and mitigation strategies.

**Current State:** Free tier + paid Pro tier
**Decision Options:**
1. Keep free tier
2. Switch to 14-day trial
3. Launch usage-based entry plan

---

## Market Context & Metrics

| Metric | Value |
|--------|-------|
| Trial-to-paid conversion | 18% |
| Free-to-paid conversion | 6% |
| Support tickets per 100 users | 14 |

### Customer Segments
| Segment | Pain Points |
|---------|-------------|
| Solo founders | High curiosity, low willingness to pay |
| Small finance teams | Need collaboration and exports |
| Agency analysts | Burst usage, seasonal demand |

### Organizational Constraints
- Sales wants faster conversion
- Support wants fewer low-intent acc...

--- Turn 8/15 ---

[ASSISTANT]:


```bash
ls -la /workspace && cat /workspace/pricing_analysis.md | head -50
```

[EXECUTING bash]:
ls -la /workspace && cat /workspace/pricing_analysis.md | head -50

[OUTPUT]:
total 8
drwxr-xr-x 3 root  root    71 Apr 12 22:24 .
drwxr-xr-x 1 root  root    31 Apr 12 22:24 ..
drwxr-xr-x 2 root  root    90 Apr 12 22:24 data
-rw-r--r-- 1 32113 42021 1560 Apr 12 10:54 gen_inputs.py
-rwxr-xr-x 1 32113 42021   57 Apr 12 10:54 setup.sh
cat: /workspace/pricing_analysis.md: No such file or directory


--- Turn 9/15 ---

[ASSISTANT]:


```python
analysis = """# Adversarial Analysis: Northstar Analytics Pricing Decision

## Executive Summary

Northstar Analytics is evaluating three pricing entry strategies for its B2B dashboard product. This analysis examines each option through an adversarial lens, identifying vulnerabilities, risks, and mitigation strategies.

**Current State:** Free tier + paid Pro tier
**Decision Options:**
1. Keep free tier
2. Switch to 14-day trial
3. Launch usage-based entry plan

---

## Market Context & Metrics

| Metric | Value |
|--------|-------|
| Trial-to-paid conversion | 18% |
| Free-to-paid conversion | 6% |
| Support tickets per 100 users | 14 |

### Customer Segments
| Segment | Pain Points |
|---------|-------------|
| Solo founders | High curiosity, low willingness to pay |
| Small finance teams | Need collaboration and exports |
| Agency analysts | Burst usage, seasonal demand |

### Organizational Constraints
- Sales wants faster conversion
- Support wants fewer low-intent acc...

[EXECUTING python]:
analysis = """# Adversarial Analysis: Northstar Analytics Pricing Decision

## Executive Summary

Northstar Analytics is evaluating three pricing entry strategies for its B2B dashboard product. This analysis examines each option through an adversarial lens, identifying vulnerabilities, risks, and mitigation strategies.

**Current State:** Free tier + paid Pro tier
**Decision Options:**
1. Keep free tier
2. Switch to 14-day trial
3. Launch usage-based entry plan

---

## Market Context & Metrics

| Metric | Value |
|--------|-------|
| Trial-to-paid conversion | 18% |
| Free-to-paid conversion | 6% |
| Support tickets per 100 users | 14 |

### Customer Segments
| Segment | Pain Points |
|---------|-------------|
| Solo founders | High curiosity, low willingness to pay |
| Small finance teams | Need collaboration and exports |
| Agency analysts | Burst usage, seasonal demand |

### Organizational Constraints
- Sales wants faster conversion
- Support wants fewer low-intent accounts  
- Engineering can ship only **one gating change** this quarter
- Small team with limited support bandwidth
- High churn sensitivity

---

## Option 1: Keep Free Tier

### Advantages (Pro)
- **Low barrier to entry** - maximizes top-of-funnel acquisition
- **Network effects** - more users generate more product feedback
- **Brand visibility** - free users can become advocates
- **Data accumulation** - usage patterns help refine product

### Vulnerabilities (Contra - Adversarial View)
- **Hobby user drain** - Solo founders consume disproportionate support bandwidth
- **Low conversion signal** - Only 6% free-to-paid conversion indicates poor qualification
- **Support cost burden** - 14 tickets/100 users compounds with scale
- **Cannibalization risk** - Free tier may satisfy enough needs to block paid upgrade
- **Brand perception** - "Free" can signal low-value to enterprise prospects

### Risk Assessment
| Risk | Severity | Likelihood |
|------|----------|------------|
| Support overload | HIGH | HIGH |
| Low revenue per user | HIGH | CERTAIN |
| Feature creep for free tier | MEDIUM | HIGH |
| Brand devaluation | MEDIUM | MEDIUM |

### Mitigations (If Chosen)
1. **Hard cap free tier** - Limit to 1 project, 1 user, no exports
2. **Self-serve onboarding** - Reduce support dependency with guided tours
3. **Upgrade triggers** - Auto-prompt when hitting limits
4. **Sunset timeline** - Announce 6-month free tier retirement to create urgency

---

## Option 2: Switch to 14-Day Trial

### Advantages (Pro)
- **Higher intent signals** - 18% trial-to-paid vs 6% free-to-paid (3x improvement)
- **Support bandwidth relief** - Fewer low-intent accounts
- **Sales alignment** - Faster conversion meets sales KPIs
- **Clear evaluation window** - Structured onboarding timeline

### Vulnerabilities (Contra - Adversarial View)
- **Acquisition drop-off** - Friction may reduce total trial starts significantly
- **Trial fatigue** - 14 days may be too short for complex finance workflows
- **Agency analyst mismatch** - Burst/seasonal users need flexibility, not time limits
- **Credit card barrier** - May require card upfront, further reducing signups
- **Engineering constraint** - Gating change is one-time; must be perfect

### Risk Assessment
| Risk | Severity | Likelihood |
|------|----------|------------|
| Pipeline shrinkage | HIGH | HIGH |
| Missed seasonal demand | MEDIUM | HIGH |
| Churn from rushed decisions | MEDIUM | MEDIUM |
| Implementation complexity | HIGH | CERTAIN |

### Mitigations (If Chosen)
1. **No-card-required trial** - Remove credit card friction initially
2. **Extended trial option** - Allow self-requested 7-day extension
3. **Segmented trials** - Different trial features per segment
4. **Trial-to-free fallback** - Offer limited free tier for trial non-converters

---

## Option 3: Usage-Based Entry Plan

### Advantages (Pro)
- **Aligns with value** - Pay for what you use
- **Flexible for agencies** - Accommodates burst/seasonal patterns
- **Gradual commitment** - Lower psychological barrier than fixed plans
- **Upsell clarity** - Natural upgrade paths as usage grows

### Vulnerabilities (Contra - Adversarial View)
- **Revenue unpredictability** - Harder to forecast for small team
- **Complex billing** - May require significant engineering investment
- **Support complexity** - Users need help understanding usage costs
- **Segment mismatch** - Solo founders may never hit meaningful usage
- **Engineering constraint** - May exceed "one gating change" capacity

### Risk Assessment
| Risk | Severity | Likelihood |
|------|----------|------------|
| Engineering scope creep | HIGH | HIGH |
| Revenue volatility | MEDIUM | HIGH |
| Pricing confusion | MEDIUM | HIGH |
| Support ticket increase | MEDIUM | MEDIUM |

### Mitigations (If Chosen)
1. **Simplified tiers** - Pre-packaged usage buckets (e.g., Starter, Growth)
2. **Usage dashboard** - Real-time visibility into consumption
3. **Hard caps with warnings** - Prevent bill shock with notifications
4. **Hybrid model** - Base fee + usage overage

---

## Comparative Analysis

| Criterion | Free Tier | 14-Day Trial | Usage-Based |
|-----------|-----------|--------------|-------------|
| Conversion Rate Potential | 6% (current) | 18% (historical) | Variable |
| Support Load | HIGH | LOW | MEDIUM |
| Engineering Effort | LOW | MEDIUM | HIGH |
| Revenue Predictability | LOW | HIGH | MEDIUM |
| Segment Fit (Solo) | GOOD | POOR | POOR |
| Segment Fit (Finance Teams) | GOOD | GOOD | GOOD |
| Segment Fit (Agencies) | POOR | POOR | EXCELLENT |
| Constraint Compliance | YES | YES | RISKY |

---

## Recommendation

### Primary Recommendation: **14-Day Trial (No Card Required)**

**Rationale:**
1. **3x conversion improvement** - 18% vs 6% is the strongest signal
2. **Support bandwidth relief** - Reduces low-intent hobby users
3. **Engineering feasible** - Single gating change achievable
4. **Sales alignment** - Faster conversion signals meet KPIs

### Implementation Strategy (Phased)

**Phase 1 (Week 1-2): Gating Change**
- Convert free tier to 14-day trial
- Remove credit card requirement
- Keep all current Pro features accessible during trial

**Phase 2 (Week 3-4): Conversion Optimization**
- Add upgrade prompts at day 7 and day 12
- Implement trial-to-paid email sequence
- Create "extend trial" self-service option

**Phase 3 (Month 2): Free Tier Fallback**
- Introduce limited "forever free" tier for non-converters
- 1 user, 1 project, no exports
- Reduces acquisition drop-off while protecting support bandwidth

### Contingency Plan

If trial conversion < 12% after 60 days:
- Reintroduce free tier with stricter limits
- A/B test 30-day trial variant
- Consider hybrid: free tier + trial upgrade path

### Success Metrics

| Metric | Baseline | Target (90 days) |
|--------|----------|------------------|
| Trial-to-paid | 18% | 22% |
| Support tickets/100 users | 14 | 8 |
| Pipeline velocity | Baseline | +25% |
| Free tier support cost | Current | -50% |

---

## Risk Register Summary

| Risk | Owner | Mitigation Status |
|------|-------|-------------------|
| Pipeline shrinkage | Sales | Monitor weekly; have free fallback ready |
| Engineering delay | Engineering | Prioritize single gating change |
| Conversion miss | Product | A/B test trial length |
| Support spike | Support | Build self-serve documentation |

---

## Final Decision Matrix

| Option | Score | Recommendation |
|--------|-------|----------------|
| Keep Free Tier | 3/10 | Reject - unsustainable support costs |
| 14-Day Trial | 8/10 | **Recommended** - best balance of risks |
| Usage-Based | 5/10 | Defer - requires more engineering capacity |

---

*Analysis prepared for Northstar Analytics pricing review*
*Data sources: market_signals.json, pricing_brief.txt, internal notes*
"""

# Write to markdown file
output_path = "/workspace/pricing_analysis.md"
with open(output_path, "w") as f:
    f.write(analysis)

print(f"Analysis written to {output_path}")

[OUTPUT]:
Analysis written to /workspace/pricing_analysis.md


--- Turn 10/15 ---

[ASSISTANT]:


```bash
ls -la /workspace && mkdir -p /workspace/result && cp /workspace/pricing_analysis.md /workspace/result/ && ls -la /workspace/result/
```

[EXECUTING bash]:
ls -la /workspace && mkdir -p /workspace/result && cp /workspace/pricing_analysis.md /workspace/result/ && ls -la /workspace/result/

[OUTPUT]:
total 16
drwxr-xr-x 3 root  root   102 Apr 12 22:25 .
drwxr-xr-x 1 root  root    46 Apr 12 22:24 ..
drwxr-xr-x 2 root  root    90 Apr 12 22:24 data
-rw-r--r-- 1 32113 42021 1560 Apr 12 10:54 gen_inputs.py
-rw-r--r-- 1 root  root  7771 Apr 12 22:25 pricing_analysis.md
-rwxr-xr-x 1 32113 42021   57 Apr 12 10:54 setup.sh
total 8
drwxr-xr-x 2 root root   41 Apr 12 22:25 .
drwxr-xr-x 4 root root  120 Apr 12 22:25 ..
-rw-r--r-- 1 root root 7771 Apr 12 22:25 pricing_analysis.md


--- Turn 11/15 ---

[ASSISTANT]:


TASK_COMPLETE

✅ Agent reported TASK_COMPLETE

Conversation saved to results/repair_run_Qwen3.5-27B_20260413_062410/abe238-adversarial-prompting_create_medium_002/conversation.json

============================================================
Running evaluation...
============================================================

Results for abe238-adversarial-prompting_create_medium_002:
  Passed: True
  Score:  1.00
  Checks:
    ✅ output_file_exists: result.md is present
    ✅ contains_core_sections: content includes adversarial analysis and recommendation language
    ✅ mentions_all_options: mentions pricing options under review
    ✅ input_files_present: all generated input files are present

Cleaning up container c43e558491fd...
Container removed.

