Building Docker image...
Creating new container...
Container ready: 3082d1a8b7db
Workspace files: data
gen_inputs.py
setup.sh

============================================================
Starting agent interaction (Repair Mode)...
============================================================

============================================================
TASK: $ python run_task.py --mode adversarial-prompting --source ./workspace --output ./result
Need a careful adversarial analysis on a product pricing decision. The team is debating whether to keep a free tier, switch to a 14-day trial, or adopt a usage-based entry plan. Please produce a structured recommendation with risks, fixes, and a final recommendation. Also export the full write-up to a markdown file.
============================================================


--- Turn 1/15 ---

[ASSISTANT]:


```bash
ls -la /workspace
```

[EXECUTING bash]:
ls -la /workspace

[OUTPUT]:
total 8
drwxr-xr-x 3 root  root    71 Apr 12 22:22 .
drwxr-xr-x 1 root  root    31 Apr 12 22:22 ..
drwxr-xr-x 2 root  root    90 Apr 12 22:22 data
-rw-r--r-- 1 32113 42021 1560 Apr 12 10:54 gen_inputs.py
-rwxr-xr-x 1 32113 42021   57 Apr 12 10:54 setup.sh


--- Turn 2/15 ---

[ASSISTANT]:


```bash
ls -la /workspace/data
```

[EXECUTING bash]:
ls -la /workspace/data

[OUTPUT]:
total 12
drwxr-xr-x 2 root root  90 Apr 12 22:22 .
drwxr-xr-x 3 root root  71 Apr 12 22:22 ..
-rw-r--r-- 1 root root 496 Apr 12 22:22 market_signals.json
-rw-r--r-- 1 root root 170 Apr 12 22:22 notes.md
-rw-r--r-- 1 root root 407 Apr 12 22:22 pricing_brief.txt


--- Turn 3/15 ---

[ASSISTANT]:


```bash
cat /workspace/data/pricing_brief.txt
```

[EXECUTING bash]:
cat /workspace/data/pricing_brief.txt

[OUTPUT]:
MARKER_PRICING_BRIEF_V1

Company: Northstar Analytics
Product: B2B dashboard for small finance teams
Current plan: Free tier + paid Pro tier
Decision under review: keep free tier, move to 14-day trial, or launch usage-based entry plan
Constraints: small team, limited support bandwidth, churn sensitivity, need faster conversion signals
Known concern: free tier attracts hobby users and raises support load


--- Turn 4/15 ---

[ASSISTANT]:


```bash
cat /workspace/data/market_signals.json
```

[EXECUTING bash]:
cat /workspace/data/market_signals.json

[OUTPUT]:
{
  "customer_segments": [
    {
      "name": "Solo founders",
      "pain": "high curiosity, low willingness to pay"
    },
    {
      "name": "Small finance teams",
      "pain": "need collaboration and exports"
    },
    {
      "name": "Agency analysts",
      "pain": "burst usage, seasonal demand"
    }
  ],
  "metrics": {
    "trial_to_paid": 0.18,
    "free_to_paid": 0.06,
    "support_tickets_per_100_users": 14
  },
  "markers": [
    "MARKER_JSON_V1",
    "MARKER_SEGMENT_C"
  ]
}

--- Turn 5/15 ---

[ASSISTANT]:


```bash
cat /workspace/data/notes.md
```

[EXECUTING bash]:
cat /workspace/data/notes.md

[OUTPUT]:
# Internal Notes

MARKER_NOTES_V1
- Sales wants faster conversion.
- Support wants fewer low-intent accounts.
- Engineering can ship only one gating change this quarter.


--- Turn 6/15 ---

[ASSISTANT]:


```bash
ls -la /workspace/*.py
```

[EXECUTING bash]:
ls -la /workspace/*.py

[OUTPUT]:
-rw-r--r-- 1 32113 42021 1560 Apr 12 10:54 /workspace/gen_inputs.py


--- Turn 7/15 ---

[ASSISTANT]:


```bash
ls -la /workspace/run_task.py 2>/dev/null || echo "run_task.py not found"
```

[EXECUTING bash]:
ls -la /workspace/run_task.py 2>/dev/null || echo "run_task.py not found"

[OUTPUT]:
run_task.py not found


--- Turn 8/15 ---

[ASSISTANT]:


```bash
cat /workspace/setup.sh
```

[EXECUTING bash]:
cat /workspace/setup.sh

[OUTPUT]:
#!/usr/bin/env bash
set -euo pipefail
mkdir -p /workspace

--- Turn 9/15 ---

[ASSISTANT]:


Now I understand the task. I need to perform an adversarial analysis on the pricing decision and create a structured recommendation. Let me create a Python script to generate the analysis and markdown output.

```python
import json
import os

# Load input data
with open('/workspace/data/pricing_brief.txt', 'r') as f:
    pricing_brief = f.read()

with open('/workspace/data/market_signals.json', 'r') as f:
    market_signals = json.load(f)

with open('/workspace/data/notes.md', 'r') as f:
    notes = f.read()

# Create adversarial analysis
analysis = """# Adversarial Pricing Decision Analysis: Northstar Analytics

## Executive Summary

This document provides a structured adversarial analysis of three pricing entry strategies for Northstar Analytics' B2B dashboard product. The analysis evaluates risks, counterarguments, and mitigation strategies for each option before providing a final recommendation.

---

## 1. Context & Constraints

### Company Profile
- **Company:** Northstar Analy...

--- Turn 10/15 ---

[ASSISTANT]:


```python
import json
import os

# Load input data
with open('/workspace/data/pricing_brief.txt', 'r') as f:
    pricing_brief = f.read()

with open('/workspace/data/market_signals.json', 'r') as f:
    market_signals = json.load(f)

with open('/workspace/data/notes.md', 'r') as f:
    notes = f.read()

# Create adversarial analysis
analysis = """# Adversarial Pricing Decision Analysis: Northstar Analytics

## Executive Summary

This document provides a structured adversarial analysis of three pricing entry strategies for Northstar Analytics' B2B dashboard product. The analysis evaluates risks, counterarguments, and mitigation strategies for each option before providing a final recommendation.

---

## 1. Context & Constraints

### Company Profile
- **Company:** Northstar Analytics
- **Product:** B2B dashboard for small finance teams
- **Current Model:** Free tier + paid Pro tier

### Decision Options
1. **Keep Free Tier** - Maintain current model
2. **14-Day Trial** - Remove free ti...

--- Turn 11/15 ---

[ASSISTANT]:


```python
import json
import os

# Load input data
with open('/workspace/data/pricing_brief.txt', 'r') as f:
    pricing_brief = f.read()

with open('/workspace/data/market_signals.json', 'r') as f:
    market_signals = json.load(f)

with open('/workspace/data/notes.md', 'r') as f:
    notes = f.read()

# Create adversarial analysis
analysis = """# Adversarial Pricing Decision Analysis: Northstar Analytics

## Executive Summary

This document provides a structured adversarial analysis of three pricing entry strategies for Northstar Analytics' B2B dashboard product. The analysis evaluates risks, counterarguments, and mitigation strategies for each option before providing a final recommendation.

---

## 1. Context & Constraints

### Company Profile
- **Company:** Northstar Analytics
- **Product:** B2B dashboard for small finance teams
- **Current Model:** Free tier + paid Pro tier

### Decision Options
1. **Keep Free Tier** - Maintain current model
2. **14-Day Trial** - Remove free ti...

--- Turn 12/15 ---

[ASSISTANT]:


```python
import os

analysis = """# Adversarial Pricing Decision Analysis: Northstar Analytics

## Executive Summary

This document provides a structured adversarial analysis of three pricing entry strategies for Northstar Analytics' B2B dashboard product. The analysis evaluates risks, counterarguments, and mitigation strategies for each option before providing a final recommendation.

---

## 1. Context & Constraints

### Company Profile
- **Company:** Northstar Analytics
- **Product:** B2B dashboard for small finance teams
- **Current Model:** Free tier + paid Pro tier

### Decision Options
1. **Keep Free Tier** - Maintain current model
2. **14-Day Trial** - Remove free tier, offer time-limited trial
3. **Usage-Based Entry** - Pay-as-you-go entry plan

### Key Constraints
- Small team with limited support bandwidth
- Churn sensitivity
- Need faster conversion signals
- Engineering can ship only ONE gating change this quarter

### Current Metrics
| Metric | Value |
|--------|------...

[EXECUTING python]:
import os

analysis = """# Adversarial Pricing Decision Analysis: Northstar Analytics

## Executive Summary

This document provides a structured adversarial analysis of three pricing entry strategies for Northstar Analytics' B2B dashboard product. The analysis evaluates risks, counterarguments, and mitigation strategies for each option before providing a final recommendation.

---

## 1. Context & Constraints

### Company Profile
- **Company:** Northstar Analytics
- **Product:** B2B dashboard for small finance teams
- **Current Model:** Free tier + paid Pro tier

### Decision Options
1. **Keep Free Tier** - Maintain current model
2. **14-Day Trial** - Remove free tier, offer time-limited trial
3. **Usage-Based Entry** - Pay-as-you-go entry plan

### Key Constraints
- Small team with limited support bandwidth
- Churn sensitivity
- Need faster conversion signals
- Engineering can ship only ONE gating change this quarter

### Current Metrics
| Metric | Value |
|--------|-------|
| Trial-to-paid conversion | 18% |
| Free-to-paid conversion | 6% |
| Support tickets per 100 users | 14 |

---

## 2. Adversarial Analysis by Option

### Option A: Keep Free Tier

#### Strengths
- Low barrier to entry drives user acquisition
- Network effects from larger user base
- Organic word-of-mouth potential
- Data gathering from diverse usage patterns

#### Adversarial Counterarguments (Risks)
| Risk | Severity | Evidence |
|------|----------|----------|
| Attracts hobby users with low willingness to pay | HIGH | "Solo founders" segment shows "high curiosity, low willingness to pay" |
| High support load from low-intent accounts | HIGH | 14 tickets/100 users is unsustainable for small team |
| Very poor conversion rate | CRITICAL | Only 6% free-to-paid vs 18% trial-to-paid |
| Opportunity cost of engineering time | MEDIUM | Could be spent on higher-impact features |

#### Mitigation Fixes
1. **Feature gating:** Limit free tier to read-only, no exports
2. **Usage caps:** Restrict dashboard instances or data points
3. **Self-serve support:** Improve documentation to reduce tickets
4. **Proactive upsell:** Trigger upgrade prompts at value moments

#### Adversarial Challenge to Fixes
- Feature gating may reduce perceived value entirely
- Usage caps frustrate legitimate small teams
- Documentation investment diverts from core product
- Aggressive upsell damages brand trust

---

### Option B: 14-Day Trial (No Free Tier)

#### Strengths
- **3x higher conversion rate** (18% vs 6% free-to-paid)
- Filters out low-intent users
- Faster sales cycle and revenue recognition
- Reduces support burden from permanent free users
- Aligns with sales team goals for faster conversion

#### Adversarial Counterarguments (Risks)
| Risk | Severity | Evidence |
|------|----------|----------|
| Reduced top-of-funnel acquisition | MEDIUM | Free tier currently drives awareness |
| Credit card friction | MEDIUM | Requires payment info upfront |
| Short trial may not show value | MEDIUM | Finance teams have long evaluation cycles |
| Churn risk if trial feels rushed | HIGH | Teams may abandon mid-evaluation |

#### Mitigation Fixes
1. **No-credit trial:** Allow 14-day access without payment info
2. **Extended trial option:** Offer 30-day trial for enterprise leads
3. **Onboarding acceleration:** Guided tours to accelerate time-to-value
4. **Trial reminders:** Automated check-ins at day 3, 7, 10

#### Adversarial Challenge to Fixes
- No-credit trials have lower conversion than paid trials
- Extended trials increase support burden during evaluation
- Onboarding automation requires engineering investment
- Check-in emails add to support workload

---

### Option C: Usage-Based Entry Plan

#### Strengths
- Flexible for "burst usage" patterns (Agency analysts segment)
- Low commitment encourages trial
- Revenue scales with value delivered
- Appeals to seasonal demand patterns
- Can transition to subscription later

#### Adversarial Counterarguments (Risks)
| Risk | Severity | Evidence |
|------|----------|----------|
| Revenue unpredictability | HIGH | Hard to forecast with variable usage |
| Complex billing infrastructure | HIGH | May exceed "one gating change" constraint |
| User confusion on pricing | MEDIUM | Harder to communicate than flat rate |
| Low-margin micro-usage | MEDIUM | Small accounts may not cover support costs |
| Support tickets per user may increase | MEDIUM | Usage questions require explanation |

#### Mitigation Fixes
1. **Simplified tiers:** Bundle usage into predictable brackets
2. **Free tier + usage:** Keep minimal free tier, charge for overages
3. **Usage alerts:** Proactive notifications before threshold
4. **Flat-rate fallback:** Offer traditional Pro tier as alternative

#### Adversarial Challenge to Fixes
- Bundled tiers defeat the flexibility purpose
- Hybrid models increase complexity
- Alert systems add engineering burden
- Multiple options cause decision paralysis

---

## 3. Comparative Risk Matrix

| Risk Factor | Free Tier | 14-Day Trial | Usage-Based |
|-------------|-----------|--------------|-------------|
| Support burden | HIGH | LOW | MEDIUM |
| Conversion rate | 6% | 18% | UNKNOWN |
| Engineering effort | LOW | LOW | HIGH |
| Revenue predictability | MEDIUM | HIGH | LOW |
| Customer acquisition | HIGH | MEDIUM | MEDIUM |
| Alignment with constraints | POOR | EXCELLENT | POOR |

---

## 4. Segment-Specific Analysis

### Solo Founders
- **Pain:** High curiosity, low willingness to pay
- **Best fit:** 14-day trial (filters low-intent)
- **Risk:** May never convert, but support burden eliminated

### Small Finance Teams (Target)
- **Pain:** Need collaboration and exports
- **Best fit:** 14-day trial with feature preview
- **Risk:** May need longer evaluation than 14 days

### Agency Analysts
- **Pain:** Burst usage, seasonal demand
- **Best fit:** Usage-based (but complex to implement)
- **Alternative:** Annual plans with off-month discounts

---

## 5. Recommendation

### Final Decision: Switch to 14-Day Trial

#### Rationale
1. **Constraint alignment:** Requires minimal engineering change (one gating switch)
2. **Conversion improvement:** 3x higher conversion rate (18% vs 6%)
3. **Support reduction:** Eliminates permanent free users driving 14 tickets/100 users
4. **Sales alignment:** Faster conversion signals meet sales team goals
5. **Team capacity:** Fits "one gating change" engineering constraint

#### Implementation Plan
| Phase | Action | Timeline |
|-------|--------|----------|
| Week 1 | Build trial gating logic | Engineering |
| Week 2 | Create trial landing page | Marketing |
| Week 3 | Implement trial reminder emails | Engineering/Marketing |
| Week 4 | Launch with A/B test (10% traffic) | All teams |
| Week 5-6 | Monitor metrics, iterate | All teams |
| Week 7 | Full rollout | All teams |

#### Risk Mitigation
1. **Offer 30-day trial extension** for qualified leads (sales-assisted)
2. **Keep waitlist** for free tier requests (gather demand data)
3. **Measure churn** closely in first 90 days
4. **Document support FAQ** proactively for trial questions

#### Success Metrics
- Maintain or improve trial-to-paid conversion (>18%)
- Reduce support tickets per 100 users by 50%
- Achieve faster time-to-first-value for trial users
- Increase MRR growth rate by 25% within 3 months

---

## 6. Appendix: Key Data References

### Customer Segments
- Solo founders: High curiosity, low willingness to pay
- Small finance teams: Need collaboration and exports
- Agency analysts: Burst usage, seasonal demand

### Internal Stakeholder Positions
- Sales: Wants faster conversion
- Support: Wants fewer low-intent accounts
- Engineering: Can ship only one gating change this quarter

---

*Analysis generated based on adversarial prompting methodology*
*Data sources: pricing_brief.txt, market_signals.json, notes.md*
"""

os.makedirs('/workspace/result', exist_ok=True)
with open('/workspace/result/pricing_analysis.md', 'w') as f:
    f.write(analysis)

print("Analysis complete. Output written to /workspace/result/pricing_analysis.md")

[OUTPUT]:
Analysis complete. Output written to /workspace/result/pricing_analysis.md


--- Turn 13/15 ---

[ASSISTANT]:


```bash
ls -la /workspace/result/ && head -50 /workspace/result/pricing_analysis.md
```

[EXECUTING bash]:
ls -la /workspace/result/ && head -50 /workspace/result/pricing_analysis.md

[OUTPUT]:
total 8
drwxr-xr-x 2 root root   41 Apr 12 22:23 .
drwxr-xr-x 4 root root   89 Apr 12 22:23 ..
-rw-r--r-- 1 root root 7813 Apr 12 22:23 pricing_analysis.md
# Adversarial Pricing Decision Analysis: Northstar Analytics

## Executive Summary

This document provides a structured adversarial analysis of three pricing entry strategies for Northstar Analytics' B2B dashboard product. The analysis evaluates risks, counterarguments, and mitigation strategies for each option before providing a final recommendation.

---

## 1. Context & Constraints

### Company Profile
- **Company:** Northstar Analytics
- **Product:** B2B dashboard for small finance teams
- **Current Model:** Free tier + paid Pro tier

### Decision Options
1. **Keep Free Tier** - Maintain current model
2. **14-Day Trial** - Remove free tier, offer time-limited trial
3. **Usage-Based Entry** - Pay-as-you-go entry plan

### Key Constraints
- Small team with limited support bandwidth
- Churn sensitivity
- Need faster conversion signals
- Engineering can ship only ONE gating change this quarter

### Current Metrics
| Metric | Value |
|--------|-------|
| Trial-to-paid conversion | 18% |
| Free-to-paid conversion | 6% |
| Support tickets per 100 users | 14 |

---

## 2. Adversarial Analysis by Option

### Option A: Keep Free Tier

#### Strengths
- Low barrier to entry drives user acquisition
- Network effects from larger user base
- Organic word-of-mouth potential
- Data gathering from diverse usage patterns

#### Adversarial Counterarguments (Risks)
| Risk | Severity | Evidence |
|------|----------|----------|
| Attracts hobby users with low willingness to pay | HIGH | "Solo founders" segment shows "high curiosity, low willingness to pay" |
| High support load from low-intent accounts | HIGH | 14 tickets/100 users is unsustainable for small team |


--- Turn 14/15 ---

[ASSISTANT]:


TASK_COMPLETE

✅ Agent reported TASK_COMPLETE

Conversation saved to results/repair_run_Qwen3.5-27B_20260413_062207/abe238-adversarial-prompting_create_medium_002/conversation.json

============================================================
Running evaluation...
============================================================

Results for abe238-adversarial-prompting_create_medium_002:
  Passed: False
  Score:  0.25
  Checks:
    ❌ output_file_exists: result.md is missing
    ❌ contains_core_sections: cannot inspect missing result.md
    ❌ mentions_all_options: pricing options not clearly mentioned
    ✅ input_files_present: all generated input files are present

Cleaning up container 3082d1a8b7db...
Container removed.

