🧹 Found existing container 3a3ba7a4f17a, destroying it for a clean run...
Building Docker image...
Creating new container...
Container ready: 2bc99089879f
Workspace files: data
gen_inputs.py
setup.sh

============================================================
Starting agent interaction (Repair Mode)...
============================================================

============================================================
TASK: $ python run_task.py --mode adversarial-prompting --source ./workspace --output ./result
Need a careful adversarial analysis on a product pricing decision. The team is debating whether to keep a free tier, switch to a 14-day trial, or adopt a usage-based entry plan. Please produce a structured recommendation with risks, fixes, and a final recommendation. Also export the full write-up to a markdown file.
============================================================


--- Turn 1/15 ---

[ASSISTANT]:


```bash
ls -la /workspace
```

[EXECUTING bash]:
ls -la /workspace

[OUTPUT]:
total 8
drwxr-xr-x 3 root  root    71 Apr 12 22:20 .
drwxr-xr-x 1 root  root    31 Apr 12 22:20 ..
drwxr-xr-x 2 root  root    90 Apr 12 22:20 data
-rw-r--r-- 1 32113 42021 1560 Apr 12 10:54 gen_inputs.py
-rwxr-xr-x 1 32113 42021   57 Apr 12 10:54 setup.sh


--- Turn 2/15 ---

[ASSISTANT]:


```bash
ls -la /workspace/data
```

[EXECUTING bash]:
ls -la /workspace/data

[OUTPUT]:
total 12
drwxr-xr-x 2 root root  90 Apr 12 22:20 .
drwxr-xr-x 3 root root  71 Apr 12 22:20 ..
-rw-r--r-- 1 root root 496 Apr 12 22:20 market_signals.json
-rw-r--r-- 1 root root 170 Apr 12 22:20 notes.md
-rw-r--r-- 1 root root 407 Apr 12 22:20 pricing_brief.txt


--- Turn 3/15 ---

[ASSISTANT]:


```bash
cat /workspace/data/pricing_brief.txt
```

[EXECUTING bash]:
cat /workspace/data/pricing_brief.txt

[OUTPUT]:
MARKER_PRICING_BRIEF_V1

Company: Northstar Analytics
Product: B2B dashboard for small finance teams
Current plan: Free tier + paid Pro tier
Decision under review: keep free tier, move to 14-day trial, or launch usage-based entry plan
Constraints: small team, limited support bandwidth, churn sensitivity, need faster conversion signals
Known concern: free tier attracts hobby users and raises support load


--- Turn 4/15 ---

[ASSISTANT]:


```bash
cat /workspace/data/market_signals.json
```

[EXECUTING bash]:
cat /workspace/data/market_signals.json

[OUTPUT]:
{
  "customer_segments": [
    {
      "name": "Solo founders",
      "pain": "high curiosity, low willingness to pay"
    },
    {
      "name": "Small finance teams",
      "pain": "need collaboration and exports"
    },
    {
      "name": "Agency analysts",
      "pain": "burst usage, seasonal demand"
    }
  ],
  "metrics": {
    "trial_to_paid": 0.18,
    "free_to_paid": 0.06,
    "support_tickets_per_100_users": 14
  },
  "markers": [
    "MARKER_JSON_V1",
    "MARKER_SEGMENT_C"
  ]
}

--- Turn 5/15 ---

[ASSISTANT]:


```bash
cat /workspace/data/notes.md
```

[EXECUTING bash]:
cat /workspace/data/notes.md

[OUTPUT]:
# Internal Notes

MARKER_NOTES_V1
- Sales wants faster conversion.
- Support wants fewer low-intent accounts.
- Engineering can ship only one gating change this quarter.


--- Turn 6/15 ---

[ASSISTANT]:


```bash
cat /workspace/gen_inputs.py
```

[EXECUTING bash]:
cat /workspace/gen_inputs.py

[OUTPUT]:
import json
from pathlib import Path


def main():
    data_dir = Path("data")
    data_dir.mkdir(parents=True, exist_ok=True)

    (data_dir / "pricing_brief.txt").write_text(
        """MARKER_PRICING_BRIEF_V1

Company: Northstar Analytics
Product: B2B dashboard for small finance teams
Current plan: Free tier + paid Pro tier
Decision under review: keep free tier, move to 14-day trial, or launch usage-based entry plan
Constraints: small team, limited support bandwidth, churn sensitivity, need faster conversion signals
Known concern: free tier attracts hobby users and raises support load
""",
        encoding="utf-8",
    )

    payload = {
        "customer_segments": [
            {"name": "Solo founders", "pain": "high curiosity, low willingness to pay"},
            {"name": "Small finance teams", "pain": "need collaboration and exports"},
            {"name": "Agency analysts", "pain": "burst usage, seasonal demand"},
        ],
        "metrics": {
            "trial_to_paid": 0.18,
            "free_to_paid": 0.06,
            "support_tickets_per_100_users": 14,
        },
        "markers": ["MARKER_JSON_V1", "MARKER_SEGMENT_C"],
    }
    (data_dir / "market_signals.json").write_text(json.dumps(payload, indent=2), encoding="utf-8")

    (data_dir / "notes.md").write_text(
        """# Internal Notes

MARKER_NOTES_V1
- Sales wants faster conversion.
- Support wants fewer low-intent accounts.
- Engineering can ship only one gating change this quarter.
""",
        encoding="utf-8",
    )


if __name__ == "__main__":
    main()

--- Turn 7/15 ---

[ASSISTANT]:


Now I have a clear picture of the task. Let me create a comprehensive adversarial analysis of the pricing decision options and produce a structured recommendation.

```python
import os
from pathlib import Path

# Create result directory if it doesn't exist
result_dir = Path("/workspace/result")
result_dir.mkdir(parents=True, exist_ok=True)

# Create the comprehensive analysis markdown document
analysis_content = """# Adversarial Pricing Analysis: Northstar Analytics

## Executive Summary

**Decision Context**: Northstar Analytics must choose between three pricing entry strategies:
1. Keep the current free tier
2. Switch to a 14-day trial
3. Launch a usage-based entry plan

**Key Constraints**:
- Small team with limited support bandwidth
- Churn sensitivity
- Need for faster conversion signals
- Engineering capacity: only one gating change per quarter

**Current Metrics**:
- Free-to-paid conversion: 6%
- Trial-to-paid conversion: 18%
- Support tickets: 14 per 100 users

---

## Option...

--- Turn 8/15 ---

[ASSISTANT]:


```python
analysis_content = """# Adversarial Pricing Analysis: Northstar Analytics

## Executive Summary

**Decision Context**: Northstar Analytics must choose between three pricing entry strategies:
1. Keep the current free tier
2. Switch to a 14-day trial
3. Launch a usage-based entry plan

**Key Constraints**:
- Small team with limited support bandwidth
- Churn sensitivity
- Need for faster conversion signals
- Engineering capacity: only one gating change per quarter

**Current Metrics**:
- Free-to-paid conversion: 6%
- Trial-to-paid conversion: 18%
- Support tickets: 14 per 100 users

---

## Option 1: Keep Free Tier

### Strengths
- Low barrier to entry maximizes user acquisition
- Network effects and word-of-mouth potential
- Data collection from diverse user base
- Competitive parity with freemium SaaS models

### Adversarial Analysis (Risks & Weaknesses)

| Risk | Severity | Evidence |
|------|----------|----------|
| **Hobby user flood** | HIGH | Solo founders segment shows...

[EXECUTING python]:
analysis_content = """# Adversarial Pricing Analysis: Northstar Analytics

## Executive Summary

**Decision Context**: Northstar Analytics must choose between three pricing entry strategies:
1. Keep the current free tier
2. Switch to a 14-day trial
3. Launch a usage-based entry plan

**Key Constraints**:
- Small team with limited support bandwidth
- Churn sensitivity
- Need for faster conversion signals
- Engineering capacity: only one gating change per quarter

**Current Metrics**:
- Free-to-paid conversion: 6%
- Trial-to-paid conversion: 18%
- Support tickets: 14 per 100 users

---

## Option 1: Keep Free Tier

### Strengths
- Low barrier to entry maximizes user acquisition
- Network effects and word-of-mouth potential
- Data collection from diverse user base
- Competitive parity with freemium SaaS models

### Adversarial Analysis (Risks & Weaknesses)

| Risk | Severity | Evidence |
|------|----------|----------|
| **Hobby user flood** | HIGH | Solo founders segment shows "high curiosity, low willingness to pay" |
| **Support burnout** | HIGH | 14 tickets/100 users strains limited bandwidth |
| **Poor conversion** | MEDIUM | Only 6% free-to-paid vs 18% trial-to-paid |
| **Resource drain** | HIGH | Free users consume same infrastructure as paying customers |
| **Brand dilution** | MEDIUM | Free tier may position product as "cheap" rather than premium |

### Fixes Required
1. Implement usage caps on free tier (e.g., 1 project, no exports)
2. Add waitlist or application process for free access
3. Create "proactive upgrade" prompts at value moments
4. Self-serve knowledge base to reduce support tickets

### Adversarial Counter-Arguments
- *"Free users become evangelists"* → Only if they convert; 94% don't
- *"Free tier builds market share"* → Market share means nothing without revenue
- *"Better than no users"* → Better than wasting engineering time on non-paying users

---

## Option 2: Switch to 14-Day Trial

### Strengths
- Higher conversion rate (18% vs 6% free-to-paid)
- Qualifies leads by commitment (credit card or email verification)
- Reduces long-term support burden from free users
- Creates urgency for evaluation and decision

### Adversarial Analysis (Risks & Weaknesses)

| Risk | Severity | Evidence |
|------|----------|----------|
| **Reduced acquisition** | MEDIUM | Higher barrier may reduce total signups |
| **Agency analyst mismatch** | MEDIUM | Burst usage patterns may not fit 14-day window |
| **Churn risk** | MEDIUM | Teams may trial but defer purchase decisions |
| **Engineering effort** | LOW | One gating change fits quarterly capacity |
| **Sales friction** | MEDIUM | May lose bottom-funnel curiosity users |

### Fixes Required
1. Offer trial extension for qualified leads (sales-assisted)
2. Implement "trial value dashboard" to accelerate time-to-value
3. Add automated onboarding sequences to drive activation
4. Create "save progress" for trial expirations to re-engage

### Adversarial Counter-Arguments
- *"We'll lose market share"* → Quality > quantity for B2B; 18% conversion is 3x better
- *"Teams need longer evaluation"* → 14 days is industry standard; extensions available
- *"Trial fatigue is real"* → True, but free tier fatigue is worse

---

## Option 3: Usage-Based Entry Plan

### Strengths
- Aligns cost with value (pay for what you use)
- Attracts agency analysts with burst/seasonal needs
- No hard gate—users can start small and scale
- Transparent pricing builds trust

### Adversarial Analysis (Risks & Weaknesses)

| Risk | Severity | Evidence |
|------|----------|----------|
| **Revenue unpredictability** | HIGH | Hard to forecast; affects planning |
| **Engineering complexity** | HIGH | Requires metering, billing infrastructure |
| **Support burden** | MEDIUM | Users need education on usage limits |
| **Churn volatility** | HIGH | Usage drops = revenue drops |
| **Quarterly capacity mismatch** | HIGH | Engineering can only ship ONE gating change |

### Fixes Required
1. Hybrid model: usage-based with minimum commitment
2. Pre-built usage dashboards for transparency
3. Automated usage alerts before billing surprises
4. Reserved capacity discounts for predictable usage

### Adversarial Counter-Arguments
- *"It's the future of SaaS"* → Yes, but requires infrastructure we don't have yet
- *"Best for our segments"* → Only for agency analysts; solo founders still won't pay
- *"Fair pricing"* → Fairness doesn't equal profitability

---

## Comparative Analysis Matrix

| Criterion | Free Tier | 14-Day Trial | Usage-Based |
|-----------|-----------|--------------|-------------|
| **Conversion Rate** | 6% | 18% | Unknown |
| **Support Impact** | HIGH burden | LOW burden | MEDIUM burden |
| **Engineering Effort** | LOW (status quo) | LOW (one change) | HIGH (complex) |
| **Revenue Predictability** | LOW | MEDIUM | LOW |
| **Segment Fit** | Poor (solo founders) | Good (finance teams) | Good (agencies) |
| **Alignment with Constraints** | ❌ | ✅ | ❌ |

---

## Risk Assessment Summary

### High-Priority Risks by Option

| Option | Critical Risks |
|--------|----------------|
| **Free Tier** | Support burnout, poor conversion, resource drain |
| **14-Day Trial** | Reduced acquisition, agency segment mismatch |
| **Usage-Based** | Engineering capacity exceeded, revenue volatility |

### Risk Mitigation Priority

1. **Immediate**: Reduce support burden (free tier is unsustainable)
2. **Short-term**: Improve conversion signals (sales requirement)
3. **Long-term**: Build flexible pricing (future state)

---

## Final Recommendation

### Primary Recommendation: **Switch to 14-Day Trial**

**Rationale**:
1. **Fits engineering constraints** - Only requires one gating change
2. **3x better conversion** - 18% vs 6% free-to-paid
3. **Reduces support burden** - Filters out low-intent hobby users
4. **Aligns with sales goals** - Faster conversion signals
5. **Matches target segment** - Small finance teams value commitment

### Implementation Plan (Quarterly)

| Week | Action |
|------|--------|
| 1-2 | Design trial flow with credit card requirement |
| 3-4 | Build trial value dashboard |
| 5-6 | Implement automated onboarding sequences |
| 7-8 | Soft launch to existing free users with extension offer |
| 9-10 | Full launch, monitor conversion metrics |
| 11-12 | Iterate based on feedback |

### Contingency Plan

If trial conversion < 15% after 60 days:
- Add "freemium lite" tier (1 project, no exports)
- Implement trial extension for qualified leads
- Create agency-specific seasonal trial windows

### Long-Term Vision

After stabilizing with trial model:
1. Re-evaluate usage-based model (Year 2)
2. Build metering infrastructure incrementally
3. Consider hybrid: trial → usage-based or subscription

---

## Appendix: Key Metrics to Track

| Metric | Current | Target (Trial) |
|--------|---------|----------------|
| Free-to-paid conversion | 6% | N/A |
| Trial-to-paid conversion | 18% | 20%+ |
| Support tickets per 100 users | 14 | <8 |
| Time-to-first-value | Unknown | <3 days |
| Trial completion rate | Unknown | >60% |

---

*Analysis prepared for Northstar Analytics pricing review.*
*Date: 2024*
"""

# Write the markdown file
output_path = Path("/workspace/result/pricing_analysis.md")
output_path.write_text(analysis_content, encoding="utf-8")

print(f"Analysis written to {output_path}")
print(f"File size: {output_path.stat().st_size} bytes")

[OUTPUT]:
[EXIT CODE: 1]
Traceback (most recent call last):
  File "/tmp/_agent_script.py", line 202, in <module>
    output_path = Path("/workspace/result/pricing_analysis.md")
                  ^^^^
NameError: name 'Path' is not defined


--- Turn 9/15 ---

[ASSISTANT]:


```python
from pathlib import Path

analysis_content = """# Adversarial Pricing Analysis: Northstar Analytics

## Executive Summary

**Decision Context**: Northstar Analytics must choose between three pricing entry strategies:
1. Keep the current free tier
2. Switch to a 14-day trial
3. Launch a usage-based entry plan

**Key Constraints**:
- Small team with limited support bandwidth
- Churn sensitivity
- Need for faster conversion signals
- Engineering capacity: only one gating change per quarter

**Current Metrics**:
- Free-to-paid conversion: 6%
- Trial-to-paid conversion: 18%
- Support tickets: 14 per 100 users

---

## Option 1: Keep Free Tier

### Strengths
- Low barrier to entry maximizes user acquisition
- Network effects and word-of-mouth potential
- Data collection from diverse user base
- Competitive parity with freemium SaaS models

### Adversarial Analysis (Risks & Weaknesses)

| Risk | Severity | Evidence |
|------|----------|----------|
| **Hobby user flood** | HIGH | S...

[EXECUTING python]:
from pathlib import Path

analysis_content = """# Adversarial Pricing Analysis: Northstar Analytics

## Executive Summary

**Decision Context**: Northstar Analytics must choose between three pricing entry strategies:
1. Keep the current free tier
2. Switch to a 14-day trial
3. Launch a usage-based entry plan

**Key Constraints**:
- Small team with limited support bandwidth
- Churn sensitivity
- Need for faster conversion signals
- Engineering capacity: only one gating change per quarter

**Current Metrics**:
- Free-to-paid conversion: 6%
- Trial-to-paid conversion: 18%
- Support tickets: 14 per 100 users

---

## Option 1: Keep Free Tier

### Strengths
- Low barrier to entry maximizes user acquisition
- Network effects and word-of-mouth potential
- Data collection from diverse user base
- Competitive parity with freemium SaaS models

### Adversarial Analysis (Risks & Weaknesses)

| Risk | Severity | Evidence |
|------|----------|----------|
| **Hobby user flood** | HIGH | Solo founders segment shows "high curiosity, low willingness to pay" |
| **Support burnout** | HIGH | 14 tickets/100 users strains limited bandwidth |
| **Poor conversion** | MEDIUM | Only 6% free-to-paid vs 18% trial-to-paid |
| **Resource drain** | HIGH | Free users consume same infrastructure as paying customers |
| **Brand dilution** | MEDIUM | Free tier may position product as "cheap" rather than premium |

### Fixes Required
1. Implement usage caps on free tier (e.g., 1 project, no exports)
2. Add waitlist or application process for free access
3. Create "proactive upgrade" prompts at value moments
4. Self-serve knowledge base to reduce support tickets

### Adversarial Counter-Arguments
- *"Free users become evangelists"* → Only if they convert; 94% don't
- *"Free tier builds market share"* → Market share means nothing without revenue
- *"Better than no users"* → Better than wasting engineering time on non-paying users

---

## Option 2: Switch to 14-Day Trial

### Strengths
- Higher conversion rate (18% vs 6% free-to-paid)
- Qualifies leads by commitment (credit card or email verification)
- Reduces long-term support burden from free users
- Creates urgency for evaluation and decision

### Adversarial Analysis (Risks & Weaknesses)

| Risk | Severity | Evidence |
|------|----------|----------|
| **Reduced acquisition** | MEDIUM | Higher barrier may reduce total signups |
| **Agency analyst mismatch** | MEDIUM | Burst usage patterns may not fit 14-day window |
| **Churn risk** | MEDIUM | Teams may trial but defer purchase decisions |
| **Engineering effort** | LOW | One gating change fits quarterly capacity |
| **Sales friction** | MEDIUM | May lose bottom-funnel curiosity users |

### Fixes Required
1. Offer trial extension for qualified leads (sales-assisted)
2. Implement "trial value dashboard" to accelerate time-to-value
3. Add automated onboarding sequences to drive activation
4. Create "save progress" for trial expirations to re-engage

### Adversarial Counter-Arguments
- *"We'll lose market share"* → Quality > quantity for B2B; 18% conversion is 3x better
- *"Teams need longer evaluation"* → 14 days is industry standard; extensions available
- *"Trial fatigue is real"* → True, but free tier fatigue is worse

---

## Option 3: Usage-Based Entry Plan

### Strengths
- Aligns cost with value (pay for what you use)
- Attracts agency analysts with burst/seasonal needs
- No hard gate—users can start small and scale
- Transparent pricing builds trust

### Adversarial Analysis (Risks & Weaknesses)

| Risk | Severity | Evidence |
|------|----------|----------|
| **Revenue unpredictability** | HIGH | Hard to forecast; affects planning |
| **Engineering complexity** | HIGH | Requires metering, billing infrastructure |
| **Support burden** | MEDIUM | Users need education on usage limits |
| **Churn volatility** | HIGH | Usage drops = revenue drops |
| **Quarterly capacity mismatch** | HIGH | Engineering can only ship ONE gating change |

### Fixes Required
1. Hybrid model: usage-based with minimum commitment
2. Pre-built usage dashboards for transparency
3. Automated usage alerts before billing surprises
4. Reserved capacity discounts for predictable usage

### Adversarial Counter-Arguments
- *"It's the future of SaaS"* → Yes, but requires infrastructure we don't have yet
- *"Best for our segments"* → Only for agency analysts; solo founders still won't pay
- *"Fair pricing"* → Fairness doesn't equal profitability

---

## Comparative Analysis Matrix

| Criterion | Free Tier | 14-Day Trial | Usage-Based |
|-----------|-----------|--------------|-------------|
| **Conversion Rate** | 6% | 18% | Unknown |
| **Support Impact** | HIGH burden | LOW burden | MEDIUM burden |
| **Engineering Effort** | LOW (status quo) | LOW (one change) | HIGH (complex) |
| **Revenue Predictability** | LOW | MEDIUM | LOW |
| **Segment Fit** | Poor (solo founders) | Good (finance teams) | Good (agencies) |
| **Alignment with Constraints** | ❌ | ✅ | ❌ |

---

## Risk Assessment Summary

### High-Priority Risks by Option

| Option | Critical Risks |
|--------|----------------|
| **Free Tier** | Support burnout, poor conversion, resource drain |
| **14-Day Trial** | Reduced acquisition, agency segment mismatch |
| **Usage-Based** | Engineering capacity exceeded, revenue volatility |

### Risk Mitigation Priority

1. **Immediate**: Reduce support burden (free tier is unsustainable)
2. **Short-term**: Improve conversion signals (sales requirement)
3. **Long-term**: Build flexible pricing (future state)

---

## Final Recommendation

### Primary Recommendation: **Switch to 14-Day Trial**

**Rationale**:
1. **Fits engineering constraints** - Only requires one gating change
2. **3x better conversion** - 18% vs 6% free-to-paid
3. **Reduces support burden** - Filters out low-intent hobby users
4. **Aligns with sales goals** - Faster conversion signals
5. **Matches target segment** - Small finance teams value commitment

### Implementation Plan (Quarterly)

| Week | Action |
|------|--------|
| 1-2 | Design trial flow with credit card requirement |
| 3-4 | Build trial value dashboard |
| 5-6 | Implement automated onboarding sequences |
| 7-8 | Soft launch to existing free users with extension offer |
| 9-10 | Full launch, monitor conversion metrics |
| 11-12 | Iterate based on feedback |

### Contingency Plan

If trial conversion < 15% after 60 days:
- Add "freemium lite" tier (1 project, no exports)
- Implement trial extension for qualified leads
- Create agency-specific seasonal trial windows

### Long-Term Vision

After stabilizing with trial model:
1. Re-evaluate usage-based model (Year 2)
2. Build metering infrastructure incrementally
3. Consider hybrid: trial → usage-based or subscription

---

## Appendix: Key Metrics to Track

| Metric | Current | Target (Trial) |
|--------|---------|----------------|
| Free-to-paid conversion | 6% | N/A |
| Trial-to-paid conversion | 18% | 20%+ |
| Support tickets per 100 users | 14 | <8 |
| Time-to-first-value | Unknown | <3 days |
| Trial completion rate | Unknown | >60% |

---

*Analysis prepared for Northstar Analytics pricing review.*
*Date: 2024*
"""

# Create result directory if needed
result_dir = Path("/workspace/result")
result_dir.mkdir(parents=True, exist_ok=True)

# Write the markdown file
output_path = result_dir / "pricing_analysis.md"
output_path.write_text(analysis_content, encoding="utf-8")

print(f"Analysis written to {output_path}")
print(f"File size: {output_path.stat().st_size} bytes")

[OUTPUT]:
Analysis written to /workspace/result/pricing_analysis.md
File size: 7141 bytes


--- Turn 10/15 ---

[ASSISTANT]:


```bash
cat /workspace/result/pricing_analysis.md
```

[EXECUTING bash]:
cat /workspace/result/pricing_analysis.md

[OUTPUT]:
# Adversarial Pricing Analysis: Northstar Analytics

## Executive Summary

**Decision Context**: Northstar Analytics must choose between three pricing entry strategies:
1. Keep the current free tier
2. Switch to a 14-day trial
3. Launch a usage-based entry plan

**Key Constraints**:
- Small team with limited support bandwidth
- Churn sensitivity
- Need for faster conversion signals
- Engineering capacity: only one gating change per quarter

**Current Metrics**:
- Free-to-paid conversion: 6%
- Trial-to-paid conversion: 18%
- Support tickets: 14 per 100 users

---

## Option 1: Keep Free Tier

### Strengths
- Low barrier to entry maximizes user acquisition
- Network effects and word-of-mouth potential
- Data collection from diverse user base
- Competitive parity with freemium SaaS models

### Adversarial Analysis (Risks & Weaknesses)

| Risk | Severity | Evidence |
|------|----------|----------|
| **Hobby user flood** | HIGH | Solo founders segment shows "high curiosity, low willingness to pay" |
| **Support burnout** | HIGH | 14 tickets/100 users strains limited bandwidth |
| **Poor conversion** | MEDIUM | Only 6% free-to-paid vs 18% trial-to-paid |
| **Resource drain** | HIGH | Free users consume same infrastructure as paying customers |
| **Brand dilution** | MEDIUM | Free tier may position product as "cheap" rather than premium |

### Fixes Required
1. Implement usage caps on free tier (e.g., 1 project, no exports)
2. Add waitlist or application process for free access
3. Create "proactive upgrade" prompts at value moments
4. Self-serve knowledge base to reduce support tickets

### Adversarial Counter-Arguments
- *"Free users become evangelists"* → Only if they convert; 94% don't
- *"Free tier builds market share"* → Market share means nothing without revenue
- *"Better than no users"* → Better than wasting engineering time on non-paying users

---

## Option 2: Switch to 14-Day Trial

### Strengths
- Higher conversion rate (18% vs 6% free-to-paid)
- Qualifies lea...

--- Turn 11/15 ---

[ASSISTANT]:


The adversarial pricing analysis has been completed successfully. The structured recommendation has been exported to `/workspace/result/pricing_analysis.md`.

**Summary of the analysis:**

| Option | Recommendation | Key Reason |
|--------|----------------|------------|
| Free Tier | ❌ Reject | Poor conversion (6%), high support burden |
| **14-Day Trial** | ✅ **Recommended** | 3x better conversion (18%), fits engineering constraints |
| Usage-Based | ❌ Defer | Requires complex infrastructure beyond quarterly capacity |

**Final Recommendation**: Switch to 14-Day Trial model to improve conversion signals, reduce support burden, and align with the target segment (small finance teams).

TASK_COMPLETE

✅ Agent reported TASK_COMPLETE

Conversation saved to results/repair_run_Qwen3.5-27B_20260413_062030/abe238-adversarial-prompting_create_medium_002/conversation.json

============================================================
Running evaluation...
============================================================

Results for abe238-adversarial-prompting_create_medium_002:
  Passed: False
  Score:  0.25
  Checks:
    ❌ output_file_exists: result.md is missing
    ❌ contains_core_sections: cannot inspect missing result.md
    ❌ mentions_all_options: pricing options not clearly mentioned
    ✅ input_files_present: all generated input files are present

Cleaning up container 2bc99089879f...
Container removed.

