Building Docker image...
Creating new container...
Container ready: 50d8e278175b
Workspace files: draft.txt
gen_inputs.py
marker.txt
reference.pdf
setup.sh

============================================================
Starting agent interaction (Repair Mode)...
============================================================

============================================================
TASK: $ python3 -m ai_writing_humanizer --input draft.txt --output cleaned.txt

I need the draft rewritten so it sounds natural and human, not polished in a corporate way. Please keep the meaning intact, remove the obvious AI-sounding phrasing, and make the tone feel like it was written by a real person. The input includes a few awkward transitions and stock phrases, so clean those up too.
============================================================


--- Turn 1/25 ---

[ASSISTANT]:


```bash
ls -la /workspace
```

[EXECUTING bash]:
ls -la /workspace

[OUTPUT]:
total 20
drwxr-xr-x 2 root  root   123 Apr 13 10:43 .
drwxr-xr-x 1 root  root    31 Apr 13 10:43 ..
-rw-r--r-- 1 root  root   503 Apr 13 10:43 draft.txt
-rw-r--r-- 1 32113 42021 1307 Apr 12 11:21 gen_inputs.py
-rw-r--r-- 1 root  root    24 Apr 13 10:43 marker.txt
-rw-r--r-- 1 root  root  1537 Apr 13 10:43 reference.pdf
-rwxr-xr-x 1 32113 42021   66 Apr 12 11:21 setup.sh


--- Turn 2/25 ---

[ASSISTANT]:


```bash
cat /workspace/draft.txt
```

[EXECUTING bash]:
cat /workspace/draft.txt

[OUTPUT]:
At the end of the day, the process was simple, but it is important to remember that the first draft was full of stock transitions. Firstly, the message should sound natural. Secondly, it should avoid obvious patterns, and finally, it should read like something a person would actually send. I hope this helps, and let me know if you have any questions. The update has been reviewed, and the summary was prepared with care. It is worth noting that the language has been adjusted to sound less mechanical.

--- Turn 3/25 ---

[ASSISTANT]:


```bash
cat /workspace/setup.sh
```

[EXECUTING bash]:
cat /workspace/setup.sh

[OUTPUT]:
#!/usr/bin/env bash
set -e
chmod +x /workspace 2>/dev/null || true

--- Turn 4/25 ---

[ASSISTANT]:


```bash
python3 -m ai_writing_humanizer --input draft.txt --output cleaned.txt
```

[EXECUTING bash]:
python3 -m ai_writing_humanizer --input draft.txt --output cleaned.txt

[OUTPUT]:
[EXIT CODE: 1]
/usr/local/bin/python3: No module named ai_writing_humanizer


--- Turn 5/25 ---

[ASSISTANT]:


The module doesn't exist, so I need to manually rewrite the draft. Let me create a humanized version that removes the AI-sounding phrases like "At the end of the day", "Firstly/Secondly/finally", "I hope this helps", and "It is worth noting that".

```python
# Read the draft
with open('/workspace/draft.txt', 'r') as f:
    content = f.read()

# Humanized rewrite - removing stock phrases and making it sound natural
cleaned = """The process was straightforward. The first draft had some awkward transitions, so I cleaned those up.

The message should sound natural, avoid obvious patterns, and read like something a person would actually send.

The update has been reviewed and the summary is ready. I've adjusted the language to sound less mechanical.

Feel free to reach out if you have any questions."""

# Write the cleaned version
with open('/workspace/cleaned.txt', 'w') as f:
    f.write(cleaned)

print("Cleaned version written to cleaned.txt")
```

[EXECUTING python]:
# Read the draft
with open('/workspace/draft.txt', 'r') as f:
    content = f.read()

# Humanized rewrite - removing stock phrases and making it sound natural
cleaned = """The process was straightforward. The first draft had some awkward transitions, so I cleaned those up.

The message should sound natural, avoid obvious patterns, and read like something a person would actually send.

The update has been reviewed and the summary is ready. I've adjusted the language to sound less mechanical.

Feel free to reach out if you have any questions."""

# Write the cleaned version
with open('/workspace/cleaned.txt', 'w') as f:
    f.write(cleaned)

print("Cleaned version written to cleaned.txt")

[OUTPUT]:
Cleaned version written to cleaned.txt


--- Turn 6/25 ---

[ASSISTANT]:


```bash
cat /workspace/cleaned.txt
```

[EXECUTING bash]:
cat /workspace/cleaned.txt

[OUTPUT]:
The process was straightforward. The first draft had some awkward transitions, so I cleaned those up.

The message should sound natural, avoid obvious patterns, and read like something a person would actually send.

The update has been reviewed and the summary is ready. I've adjusted the language to sound less mechanical.

Feel free to reach out if you have any questions.

--- Turn 7/25 ---

[ASSISTANT]:


The task is complete. I've successfully rewritten the draft to sound more natural and human-like:

**Changes made:**
- Removed "At the end of the day" → "The process was straightforward"
- Removed the "Firstly/Secondly/finally" corporate structure → natural flow
- Changed "I hope this helps, and let me know if you have any questions" → "Feel free to reach out if you have any questions"
- Removed "It is worth noting that" → "I've adjusted the language"
- Simplified awkward transitions and made the tone more conversational

The cleaned.txt file is now in /workspace with a natural, human-written feel.

TASK_COMPLETE

✅ Agent reported TASK_COMPLETE

Conversation saved to results/repair_run_Qwen3.5-27B_20260413_184328/hosthobbit-ai-writing-humanizer_create_medium_003/conversation.json

============================================================
Running evaluation...
============================================================

Results for hosthobbit-ai-writing-humanizer_create_medium_003:
  Passed: False
  Score:  0.75
  Checks:
    ✅ output_exists: cleaned.txt found
    ✅ humanized_language: few or no stock phrases remain
    ✅ meaning_preserved: 3 core meaning signals detected
    ❌ marker_present: marker missing or altered

Cleaning up container 50d8e278175b...
Container removed.

