Building Docker image...
Creating new container...
Container ready: 60e8d90a1d76
Workspace files: epic_notes.md
gen_inputs.py
initiative.txt
output
setup.sh
stakeholders.csv

============================================================
Starting agent interaction (Repair Mode)...
============================================================

============================================================
TASK: You are working in a sprint planning repo. Please create a concise but complete sprint planning package for the following initiative: a new self-service report export feature for end users and administrators. I need one epic breakdown, one prioritized backlog slice, and one sprint plan for a 2-week sprint. Use INVEST-compliant user stories, clear Given-When-Then acceptance criteria, and realistic story points. Keep the output in plain text files that a PO could paste into a planning meeting agenda. Also include a short velocity note based on a team average velocity of 28 points with one developer on 50% PTO this sprint.
============================================================


--- Turn 1/25 ---

[ASSISTANT]:


```bash
ls -la /workspace
```

[EXECUTING bash]:
ls -la /workspace

[OUTPUT]:
total 20
drwxr-xr-x 3 root  root   152 Apr 13 07:23 .
drwxr-xr-x 1 root  root    31 Apr 13 07:23 ..
-rw-r--r-- 1 root  root   182 Apr 13 07:23 epic_notes.md
-rw-r--r-- 1 32113 42021 1007 Apr 12 10:57 gen_inputs.py
-rw-r--r-- 1 root  root   242 Apr 13 07:23 initiative.txt
drwxr-xr-x 2 root  root    10 Apr 13 07:23 output
-rwxr-xr-x 1 32113 42021   53 Apr 12 10:57 setup.sh
-rw-r--r-- 1 root  root   161 Apr 13 07:23 stakeholders.csv


--- Turn 2/25 ---

[ASSISTANT]:


```bash
cat /workspace/epic_notes.md
```

[EXECUTING bash]:
cat /workspace/epic_notes.md

[OUTPUT]:
# Epic Notes
MARKER_EPIC::EXPORT_PACKAGE
- Feature must be independent and testable.
- Acceptance criteria must use Given-When-Then.
- Split large work by workflow step and persona.


--- Turn 3/25 ---

[ASSISTANT]:


```bash
cat /workspace/initiative.txt
```

[EXECUTING bash]:
cat /workspace/initiative.txt

[OUTPUT]:
MARKER_INITIATIVE::REPORT_EXPORT
Initiative: self-service report export for end users and administrators.
Goal: allow users to export filtered reports to PDF and CSV.
Constraints: 2-week sprint, average velocity 28, one developer at 50% PTO.


--- Turn 4/25 ---

[ASSISTANT]:


```bash
cat /workspace/stakeholders.csv
```

[EXECUTING bash]:
cat /workspace/stakeholders.csv

[OUTPUT]:
persona,need,priority
End User,Export reports to PDF and CSV,HIGH
Administrator,Audit export activity,HIGH
Power User,Export with filters and date ranges,MEDIUM


--- Turn 5/25 ---

[ASSISTANT]:


```bash
cat /workspace/output
```

[EXECUTING bash]:
cat /workspace/output

[OUTPUT]:
[EXIT CODE: 1]
cat: /workspace/output: Is a directory


--- Turn 6/25 ---

[ASSISTANT]:


```bash
ls -la /workspace/output
```

[EXECUTING bash]:
ls -la /workspace/output

[OUTPUT]:
total 0
drwxr-xr-x 2 root root  10 Apr 13 07:23 .
drwxr-xr-x 3 root root 152 Apr 13 07:23 ..


--- Turn 7/25 ---

[ASSISTANT]:


Now I understand the requirements. Let me create the sprint planning package with three files: epic breakdown, prioritized backlog, and sprint plan.

```python
# Create the epic breakdown file
epic_content = """# EPIC BREAKDOWN: Self-Service Report Export Feature

## Epic Summary
**Epic ID**: EPIC-EXPORT-001
**Title**: Self-Service Report Export for End Users and Administrators
**Goal**: Enable users to export filtered reports to PDF and CSV formats
**Timebox**: 2-week sprint
**Owner**: Product Owner

---

## Epic Definition of Done
- Feature is independently testable
- All acceptance criteria use Given-When-Then format
- Work split by workflow step and persona
- Admin audit logging implemented
- Security/access controls verified

---

## User Stories Breakdown

### Story 1: CSV Export for End Users
**ID**: US-EXPORT-001
**As an** End User
**I want to** export my current report view to CSV
**So that** I can analyze the data in spreadsheet applications

**INVEST Compliance**:
- Indepe...

[EXECUTING python]:
# Create the epic breakdown file
epic_content = """# EPIC BREAKDOWN: Self-Service Report Export Feature

## Epic Summary
**Epic ID**: EPIC-EXPORT-001
**Title**: Self-Service Report Export for End Users and Administrators
**Goal**: Enable users to export filtered reports to PDF and CSV formats
**Timebox**: 2-week sprint
**Owner**: Product Owner

---

## Epic Definition of Done
- Feature is independently testable
- All acceptance criteria use Given-When-Then format
- Work split by workflow step and persona
- Admin audit logging implemented
- Security/access controls verified

---

## User Stories Breakdown

### Story 1: CSV Export for End Users
**ID**: US-EXPORT-001
**As an** End User
**I want to** export my current report view to CSV
**So that** I can analyze the data in spreadsheet applications

**INVEST Compliance**:
- Independent: Yes, can be built separately from PDF
- Negotiable: File format options can be discussed
- Valuable: Direct business value for data analysis
- Estimable: Clear scope for CSV generation
- Small: Focused on one format
- Testable: Given-When-Then criteria defined

**Acceptance Criteria**:
- Given I am viewing a report with data
- When I click the "Export to CSV" button
- Then a CSV file downloads with the visible data columns

- Given the report has 1000+ rows
- When I export to CSV
- Then all matching rows are included in the export

- Given I have no export permissions
- When I attempt to export
- Then I see an "Access Denied" message

**Story Points**: 5

---

### Story 2: PDF Export for End Users
**ID**: US-EXPORT-002
**As an** End User
**I want to** export my current report view to PDF
**So that** I can share printable reports with stakeholders

**INVEST Compliance**:
- Independent: Yes, separate from CSV functionality
- Negotiable: Layout options can be refined
- Valuable: Critical for formal reporting
- Estimable: PDF libraries available
- Small: Single format focus
- Testable: Clear verification criteria

**Acceptance Criteria**:
- Given I am viewing a report
- When I click the "Export to PDF" button
- Then a PDF file downloads with report data formatted for printing

- Given the report spans multiple pages
- When I export to PDF
- Then page breaks occur logically without cutting rows

- Given the report contains charts
- When I export to PDF
- Then charts are rendered with readable quality

**Story Points**: 8

---

### Story 3: Filtered Export with Date Ranges
**ID**: US-EXPORT-003
**As a** Power User
**I want to** export reports with applied filters and custom date ranges
**So that** I can generate targeted data extracts for specific analysis

**INVEST Compliance**:
- Independent: Builds on base export, but testable separately
- Negotiable: Filter types can be prioritized
- Valuable: Enables precise data extraction
- Estimable: Filter infrastructure exists
- Small: Focused on filter passthrough
- Testable: Filter state verification

**Acceptance Criteria**:
- Given I have applied filters to a report
- When I export the report
- Then only filtered data appears in the export file

- Given I have selected a custom date range
- When I export the report
- Then only data within that date range is exported

- Given I export with filters applied
- When I open the exported file
- Then a metadata header indicates the filter criteria used

**Story Points**: 5

---

### Story 4: Admin Audit Logging for Exports
**ID**: US-EXPORT-004
**As an** Administrator
**I want to** audit all report export activity
**So that** I can monitor data access and compliance

**INVEST Compliance**:
- Independent: Logging can be implemented separately
- Negotiable: Audit fields can be refined
- Valuable: Compliance and security requirement
- Estimable: Logging patterns established
- Small: Focused on export events
- Testable: Audit records verifiable

**Acceptance Criteria**:
- Given a user exports a report
- When the export completes
- Then an audit log entry is created with user, timestamp, report ID, and format

- Given I am an administrator
- When I view the audit log
- Then I can search and filter by user, date, and report type

- Given sensitive data is exported
- When the export occurs
- Then the audit entry is flagged for compliance review

**Story Points**: 5

---

### Story 5: Export Permission Controls
**ID**: US-EXPORT-005
**As an** Administrator
**I want to** configure which users can export reports
**So that** I can control data access based on roles

**INVEST Compliance**:
- Independent: Permission system can be tested separately
- Negotiable: Role granularity adjustable
- Valuable: Security and compliance
- Estimable: Permission patterns exist
- Small: Focused on export permission
- Testable: Permission checks verifiable

**Acceptance Criteria**:
- Given a user without export permissions
- When they view a report
- Then the export buttons are hidden or disabled

- Given I am an administrator
- When I configure user roles
- Then I can enable/disable export permissions per role

- Given a user's permissions change
- When they access reports
- Then export availability updates without requiring page reload

**Story Points**: 3

---

## Total Epic Story Points: 26

## Risk Assessment
- PDF rendering complexity may increase Story 2 estimate
- Large dataset exports may require background processing
- Audit logging must meet compliance requirements

"""

with open('/workspace/epic_breakdown.md', 'w') as f:
    f.write(epic_content)

print("Created epic_breakdown.md")

[OUTPUT]:
Created epic_breakdown.md


--- Turn 8/25 ---

[ASSISTANT]:


```python
# Create the prioritized backlog file
backlog_content = """# PRIORITIZED BACKLOG SLICE: Report Export Feature

## Backlog Overview
**Sprint**: Sprint 2024-Q2-S2 (2 weeks)
**Initiative**: Self-Service Report Export
**Prioritization Method**: MoSCoW + Stakeholder Priority

---

## Prioritized Stories (Ready for Sprint Planning)

### P0 - MUST HAVE (Sprint 1)

| Rank | ID | Story | Points | Priority | Rationale |
|------|-----|-------|--------|----------|-----------|
| 1 | US-EXPORT-001 | CSV Export for End Users | 5 | HIGH | Foundation export capability, quick win |
| 2 | US-EXPORT-002 | PDF Export for End Users | 8 | HIGH | Critical for stakeholder reporting |
| 3 | US-EXPORT-005 | Export Permission Controls | 3 | HIGH | Security requirement, blocks other work |

**P0 Total**: 16 points

---

### P1 - SHOULD HAVE (Sprint 1 Stretch or Sprint 2)

| Rank | ID | Story | Points | Priority | Rationale |
|------|-----|-------|--------|----------|-----------|
| 4 | US-EXPORT-003 | F...

[EXECUTING python]:
# Create the prioritized backlog file
backlog_content = """# PRIORITIZED BACKLOG SLICE: Report Export Feature

## Backlog Overview
**Sprint**: Sprint 2024-Q2-S2 (2 weeks)
**Initiative**: Self-Service Report Export
**Prioritization Method**: MoSCoW + Stakeholder Priority

---

## Prioritized Stories (Ready for Sprint Planning)

### P0 - MUST HAVE (Sprint 1)

| Rank | ID | Story | Points | Priority | Rationale |
|------|-----|-------|--------|----------|-----------|
| 1 | US-EXPORT-001 | CSV Export for End Users | 5 | HIGH | Foundation export capability, quick win |
| 2 | US-EXPORT-002 | PDF Export for End Users | 8 | HIGH | Critical for stakeholder reporting |
| 3 | US-EXPORT-005 | Export Permission Controls | 3 | HIGH | Security requirement, blocks other work |

**P0 Total**: 16 points

---

### P1 - SHOULD HAVE (Sprint 1 Stretch or Sprint 2)

| Rank | ID | Story | Points | Priority | Rationale |
|------|-----|-------|--------|----------|-----------|
| 4 | US-EXPORT-003 | Filtered Export with Date Ranges | 5 | MEDIUM | Power user need, adds significant value |
| 5 | US-EXPORT-004 | Admin Audit Logging for Exports | 5 | HIGH | Compliance requirement, can be deferred slightly |

**P1 Total**: 10 points

---

### P2 - COULD HAVE (Future Sprint)

| Rank | ID | Story | Points | Priority | Rationale |
|------|-----|-------|--------|----------|-----------|
| 6 | US-EXPORT-006 | Scheduled/Automated Exports | 8 | LOW | Nice-to-have, not MVP |
| 7 | US-EXPORT-007 | Export Templates/Custom Formats | 5 | LOW | Enhancement for power users |

**P2 Total**: 13 points

---

## Sprint Capacity Analysis

**Team Average Velocity**: 28 points
**Adjustments**:
- Developer on 50% PTO: -14 points (assuming 50% of team capacity)
- **Adjusted Velocity**: 14 points

**Recommended Sprint Commitment**: 12-14 points (conservative buffer)

---

## Recommended Sprint 1 Scope

| Story ID | Description | Points |
|----------|-------------|--------|
| US-EXPORT-001 | CSV Export for End Users | 5 |
| US-EXPORT-005 | Export Permission Controls | 3 |
| US-EXPORT-003 | Filtered Export with Date Ranges | 5 |
| **Total** | | **13 points** |

*Note: PDF Export (US-EXPORT-002) deferred to Sprint 2 due to complexity and capacity constraints.*

---

## Dependencies

| Story | Depends On | Type |
|-------|------------|------|
| US-EXPORT-005 | None | None |
| US-EXPORT-001 | US-EXPORT-005 | Permission check |
| US-EXPORT-003 | US-EXPORT-001 | Filter passthrough |
| US-EXPORT-002 | US-EXPORT-001 | Shared export infrastructure |
| US-EXPORT-004 | US-EXPORT-001 | Audit trigger |

---

## Definition of Ready Checklist
- [ ] User story written with INVEST criteria
- [ ] Acceptance criteria defined (Given-When-Then)
- [ ] Story points estimated by team
- [ ] Dependencies identified
- [ ] UI mockups available (if applicable)
- [ ] Technical spike completed (if needed)
- [ ] Acceptance test scenarios drafted

---

## Backlog Grooming Notes
- CSV export selected over PDF for Sprint 1 due to lower complexity
- Permission controls must be completed before any export story
- Filtered export can be built on CSV foundation
- Consider technical spike for PDF library selection if PDF moves up priority

"""

with open('/workspace/prioritized_backlog.md', 'w') as f:
    f.write(backlog_content)

print("Created prioritized_backlog.md")

[OUTPUT]:
Created prioritized_backlog.md


--- Turn 9/25 ---

[ASSISTANT]:


```python
# Create the sprint plan file
sprint_plan_content = """# SPRINT PLAN: Self-Service Report Export (Sprint 2024-Q2-S2)

## Sprint Information
| Field | Value |
|-------|-------|
| Sprint Name | Report Export MVP |
| Duration | 2 weeks (10 working days) |
| Start Date | [TBD] |
| End Date | [TBD] |
| Sprint Goal | Deliver CSV export with permissions and filtered export capability |

---

## Velocity Note

**Team Average Velocity**: 28 story points

**Capacity Adjustment**:
- One developer on 50% PTO this sprint
- Assuming 2-person dev team: 50% reduction in one member = -14 points
- **Adjusted Capacity**: 14 points

**Sprint Commitment**: 13 points (includes 1-point buffer for unforeseen work)

**Risk**: Tight capacity with PTO. If blockers occur, consider:
- Descoping filtered export (US-EXPORT-003) to Sprint 2
- Adding partial capacity from another team member
- Extending timeline for PDF export to next sprint

---

## Sprint Backlog

| Story ID | Description | Points | Assi...

[EXECUTING python]:
# Create the sprint plan file
sprint_plan_content = """# SPRINT PLAN: Self-Service Report Export (Sprint 2024-Q2-S2)

## Sprint Information
| Field | Value |
|-------|-------|
| Sprint Name | Report Export MVP |
| Duration | 2 weeks (10 working days) |
| Start Date | [TBD] |
| End Date | [TBD] |
| Sprint Goal | Deliver CSV export with permissions and filtered export capability |

---

## Velocity Note

**Team Average Velocity**: 28 story points

**Capacity Adjustment**:
- One developer on 50% PTO this sprint
- Assuming 2-person dev team: 50% reduction in one member = -14 points
- **Adjusted Capacity**: 14 points

**Sprint Commitment**: 13 points (includes 1-point buffer for unforeseen work)

**Risk**: Tight capacity with PTO. If blockers occur, consider:
- Descoping filtered export (US-EXPORT-003) to Sprint 2
- Adding partial capacity from another team member
- Extending timeline for PDF export to next sprint

---

## Sprint Backlog

| Story ID | Description | Points | Assignee | Status |
|----------|-------------|--------|----------|--------|
| US-EXPORT-001 | CSV Export for End Users | 5 | Dev A | To Do |
| US-EXPORT-003 | Filtered Export with Date Ranges | 5 | Dev B | To Do |
| US-EXPORT-005 | Export Permission Controls | 3 | Dev A | To Do |
| **Total** | | **13** | | |

---

## Sprint Timeline

### Week 1

| Day | Focus | Deliverable |
|-----|-------|-------------|
| Day 1 | Sprint Planning + Kickoff | Sprint plan approved, stories in-progress |
| Day 2-3 | US-EXPORT-005: Permission Controls | Permission framework complete, unit tests passing |
| Day 4-5 | US-EXPORT-001: CSV Export (Dev A) | CSV export functional, basic tests |
| Day 4-5 | US-EXPORT-003: Filtered Export (Dev B) | Filter passthrough complete |

**Week 1 Goal**: Permission controls merged, CSV export in QA

---

### Week 2

| Day | Focus | Deliverable |
|-----|-------|-------------|
| Day 6-7 | Complete CSV Export + QA | US-EXPORT-001 ready for release |
| Day 6-7 | Complete Filtered Export + QA | US-EXPORT-003 ready for release |
| Day 8 | Integration Testing | End-to-end export flow verified |
| Day 9 | Bug Fixes + Polish | Critical issues resolved |
| Day 10 | Sprint Review + Retrospective | Demo to stakeholders, retrospective completed |

**Week 2 Goal**: All committed stories Done, demo ready

---

## Task Breakdown

### US-EXPORT-001: CSV Export (5 points)
- [ ] Create export service layer
- [ ] Implement CSV generation logic
- [ ] Add UI button and trigger
- [ ] Handle large dataset streaming
- [ ] Write unit tests
- [ ] Write integration tests

### US-EXPORT-003: Filtered Export (5 points)
- [ ] Capture filter state from UI
- [ ] Pass filters to export service
- [ ] Apply filters to export query
- [ ] Add filter metadata to export file
- [ ] Write unit tests
- [ ] Write integration tests

### US-EXPORT-005: Permission Controls (3 points)
- [ ] Add export permission to role schema
- [ ] Implement permission check middleware
- [ ] Update UI to hide/disable based on permissions
- [ ] Write unit tests
- [ ] Write security test cases

---

## Sprint Ceremonies

| Ceremony | Day | Duration | Attendees |
|----------|-----|----------|-----------|
| Sprint Planning | Day 1 | 2 hours | Full team, PO |
| Daily Standup | Days 1-10 | 15 min | Dev team |
| Sprint Review | Day 10 | 1 hour | Team, stakeholders |
| Retrospective | Day 10 | 1 hour | Dev team, PO |

---

## Definition of Done (Per Story)
- [ ] Code complete and reviewed
- [ ] All acceptance criteria met
- [ ] Unit tests passing (>80% coverage)
- [ ] Integration tests passing
- [ ] Code merged to main branch
- [ ] Documentation updated
- [ ] PO sign-off received

---

## Risks and Mitigations

| Risk | Impact | Mitigation |
|------|--------|------------|
| Developer PTO causes blockers | HIGH | Ensure cross-training before PTO starts |
| CSV export performance issues | MEDIUM | Implement streaming for large datasets |
| Permission edge cases | MEDIUM | Comprehensive security test cases |
| Stakeholder requests scope creep | MEDIUM | Strict adherence to sprint goal |

---

## Success Metrics
- All 13 committed points completed
- Zero critical bugs post-sprint
- Positive stakeholder feedback in demo
- Export functionality usable by end users

---

## Notes for Sprint Planning Meeting

1. Confirm PTO dates and availability windows
2. Review dependency on permission infrastructure
3. Confirm CSV library choice (existing or new)
4. Verify test environment availability
5. Align on Definition of Done with team
6. Identify any external dependencies (API, services)

---

*Generated for Sprint Planning Meeting - Ready for Team Discussion*
"""

with open('/workspace/sprint_plan.md', 'w') as f:
    f.write(sprint_plan_content)

print("Created sprint_plan.md")

[OUTPUT]:
Created sprint_plan.md


--- Turn 10/25 ---

[ASSISTANT]:


```bash
ls -la /workspace/*.md
```

[EXECUTING bash]:
ls -la /workspace/*.md

[OUTPUT]:
-rw-r--r-- 1 root root 5309 Apr 13 07:23 /workspace/epic_breakdown.md
-rw-r--r-- 1 root root  182 Apr 13 07:23 /workspace/epic_notes.md
-rw-r--r-- 1 root root 3142 Apr 13 07:23 /workspace/prioritized_backlog.md
-rw-r--r-- 1 root root 4584 Apr 13 07:23 /workspace/sprint_plan.md


--- Turn 11/25 ---

[ASSISTANT]:


```bash
head -50 /workspace/epic_breakdown.md && echo "---" && head -50 /workspace/prioritized_backlog.md && echo "---" && head -50 /workspace/sprint_plan.md
```

[EXECUTING bash]:
head -50 /workspace/epic_breakdown.md && echo "---" && head -50 /workspace/prioritized_backlog.md && echo "---" && head -50 /workspace/sprint_plan.md

[OUTPUT]:
# EPIC BREAKDOWN: Self-Service Report Export Feature

## Epic Summary
**Epic ID**: EPIC-EXPORT-001
**Title**: Self-Service Report Export for End Users and Administrators
**Goal**: Enable users to export filtered reports to PDF and CSV formats
**Timebox**: 2-week sprint
**Owner**: Product Owner

---

## Epic Definition of Done
- Feature is independently testable
- All acceptance criteria use Given-When-Then format
- Work split by workflow step and persona
- Admin audit logging implemented
- Security/access controls verified

---

## User Stories Breakdown

### Story 1: CSV Export for End Users
**ID**: US-EXPORT-001
**As an** End User
**I want to** export my current report view to CSV
**So that** I can analyze the data in spreadsheet applications

**INVEST Compliance**:
- Independent: Yes, can be built separately from PDF
- Negotiable: File format options can be discussed
- Valuable: Direct business value for data analysis
- Estimable: Clear scope for CSV generation
- Small: Focused on one format
- Testable: Given-When-Then criteria defined

**Acceptance Criteria**:
- Given I am viewing a report with data
- When I click the "Export to CSV" button
- Then a CSV file downloads with the visible data columns

- Given the report has 1000+ rows
- When I export to CSV
- Then all matching rows are included in the export

- Given I have no export permissions
- When I attempt to export
- Then I see an "Access Denied" message

**Story Points**: 5
---
# PRIORITIZED BACKLOG SLICE: Report Export Feature

## Backlog Overview
**Sprint**: Sprint 2024-Q2-S2 (2 weeks)
**Initiative**: Self-Service Report Export
**Prioritization Method**: MoSCoW + Stakeholder Priority

---

## Prioritized Stories (Ready for Sprint Planning)

### P0 - MUST HAVE (Sprint 1)

| Rank | ID | Story | Points | Priority | Rationale |
|------|-----|-------|--------|----------|-----------|
| 1 | US-EXPORT-001 | CSV Export for End Users | 5 | HIGH | Foundation export capability, quick win |
| 2 | US-EXPORT-002 | PDF E...

--- Turn 12/25 ---

[ASSISTANT]:


I have successfully created the complete sprint planning package. Here's a summary of what was delivered:

## Files Created in `/workspace/`:

1. **epic_breakdown.md** (5,309 bytes)
   - Epic summary with Definition of Done
   - 5 INVEST-compliant user stories covering CSV export, PDF export, filtered export, admin audit logging, and permission controls
   - Each story includes Given-When-Then acceptance criteria
   - Realistic story points totaling 26 points

2. **prioritized_backlog.md** (3,142 bytes)
   - MoSCoW-prioritized backlog (P0/MUST, P1/SHOULD, P2/COULD)
   - Sprint capacity analysis showing velocity adjustment
   - Recommended Sprint 1 scope (13 points)
   - Dependency mapping and Definition of Ready checklist

3. **sprint_plan.md** (4,584 bytes)
   - 2-week sprint timeline with daily deliverables
   - **Velocity Note**: 28 points average → 14 points adjusted (50% PTO)
   - Sprint commitment of 13 points with buffer
   - Task breakdown per story
   - Sprint ceremonies sch...

✅ Agent reported TASK_COMPLETE

Conversation saved to results/repair_run_Qwen3.5-27B_20260413_152309/alirezarezvani-agile-product-owner_create_medium_003/conversation.json

============================================================
Running evaluation...
============================================================

Results for alirezarezvani-agile-product-owner_create_medium_003:
  Passed: False
  Score:  0.00
  Checks:
    ❌ file_exists_epic_breakdown.txt: missing
    ❌ file_exists_prioritized_backlog.txt: missing
    ❌ file_exists_sprint_plan.txt: missing
    ❌ epic_breakdown_readable: Could not read epic_breakdown.txt: [Errno 2] No such file or directory: '/workspace/epic_breakdown.txt'
    ❌ prioritized_backlog_readable: Could not read prioritized_backlog.txt: [Errno 2] No such file or directory: '/workspace/prioritized_backlog.txt'
    ❌ sprint_plan_readable: Could not read sprint_plan.txt: [Errno 2] No such file or directory: '/workspace/sprint_plan.txt'
    ❌ semantic_alignment: output does not clearly reference initiative

Cleaning up container 60e8d90a1d76...
Container removed.

