Building Docker image...
Creating new container...
Container ready: bfb630e1d1da
Workspace files: briefing.json
briefing_notes.txt
gen_inputs.py
markers.txt
setup.sh

============================================================
Starting agent interaction (Repair Mode)...
============================================================

============================================================
TASK: You are maintaining the local mnemon memory store for a long-running agent project. A teammate asks you to bootstrap a curated memory set from a briefing packet, then connect related memories and produce a concise operational summary for later recall.

Use mnemon to do the following in the current workspace:
1. Read the provided input files.
2. Remember the important facts, decisions, and preferences from the briefing into the default mnemon store.
3. Link genuinely related memories with the correct edge types only when the relationship is real, not just keyword overlap.
4. Produce a short Markdown summary file named `mnemon_summary.md` that lists the final memory IDs you created, grouped by category, and includes a one-paragraph explanation of the strongest causal link you added.
5. Verify your work by showing relevant mnemon status/log output if helpful, but the graded deliverable is the memory store state plus the summary file.

Tone: practical and a bit rushed — the user wants this done cleanly with no extra commentary.

Important content from the briefing will include a project codename, a recurring preference, one explicit decision, and one factual constraint. Preserve those details accurately in memory.
============================================================


--- Turn 1/25 ---

[ASSISTANT]:


```bash
ls -la /workspace
```

[EXECUTING bash]:
ls -la /workspace

[OUTPUT]:
total 20
drwxr-xr-x 2 root  root   133 Apr 13 08:59 .
drwxr-xr-x 1 root  root    46 Apr 13 08:59 ..
-rw-r--r-- 1 root  root   446 Apr 13 08:59 briefing.json
-rw-r--r-- 1 root  root   385 Apr 13 08:59 briefing_notes.txt
-rw-r--r-- 1 32113 42021 1415 Apr 12 11:21 gen_inputs.py
-rw-r--r-- 1 root  root   105 Apr 13 08:59 markers.txt
-rwxr-xr-x 1 32113 42021   74 Apr 12 11:21 setup.sh


--- Turn 2/25 ---

[ASSISTANT]:


```bash
cat /workspace/briefing.json
```

[EXECUTING bash]:
cat /workspace/briefing.json

[OUTPUT]:
{
  "project": "Project Lattice",
  "codename": "lattice-echo",
  "preference": "The team prefers concise memory labels and avoids storing raw secrets.",
  "decision": "All weekly review notes must be summarized in Markdown before being archived.",
  "fact": "The staging API endpoint is read-only during the current test window.",
  "causal_note": "Because the staging API is read-only, any workflow that tries to mutate it should be blocked."
}

--- Turn 3/25 ---

[ASSISTANT]:


```bash
cat /workspace/briefing_notes.txt
```

[EXECUTING bash]:
cat /workspace/briefing_notes.txt

[OUTPUT]:
Project Lattice uses the codename lattice-echo for the current sprint.
The team preference is to keep memory entries concise and never store secrets.
Decision: weekly review notes are archived only after being summarized in Markdown.
Fact: the staging API endpoint is read-only during the test window.
Operational impact: mutation attempts against the staging API should be prevented.


--- Turn 4/25 ---

[ASSISTANT]:


```bash
cat /workspace/markers.txt
```

[EXECUTING bash]:
cat /workspace/markers.txt

[OUTPUT]:
MARKER_PROJECT_LATTICE
MARKER_LATTICE_ECHO
MARKER_READ_ONLY_STAGING_API
MARKER_MARKDOWN_ARCHIVE_DECISION


--- Turn 5/25 ---

[ASSISTANT]:


```bash
which mnemon && mnemon --help
```

[EXECUTING bash]:
which mnemon && mnemon --help

[OUTPUT]:
[EXIT CODE: 1]


--- Turn 6/25 ---

[ASSISTANT]:


```bash
pip install mnemon
```

[EXECUTING bash]:
pip install mnemon

[OUTPUT]:
Collecting mnemon
  Downloading mnemon-0.1b0-py3-none-any.whl.metadata (519 bytes)
Collecting appdirs (from mnemon)
  Downloading appdirs-1.4.4-py2.py3-none-any.whl.metadata (9.0 kB)
Collecting redis (from mnemon)
  Downloading redis-7.4.0-py3-none-any.whl.metadata (12 kB)
Downloading mnemon-0.1b0-py3-none-any.whl (4.6 kB)
Downloading appdirs-1.4.4-py2.py3-none-any.whl (9.6 kB)
Downloading redis-7.4.0-py3-none-any.whl (409 kB)
   ━━━━━━━━━━━━━━━━━━━━━━━━━━━━━━━━━━━━━━━ 409.8/409.8 kB 540.5 kB/s eta 0:00:00
Installing collected packages: appdirs, redis, mnemon
Successfully installed appdirs-1.4.4 mnemon-0.1b0 redis-7.4.0
WARNING: Running pip as the 'root' user can result in broken permissions and conflicting behaviour with the system package manager. It is recommended to use a virtual environment instead: https://pip.pypa.io/warnings/venv

[notice] A new release of pip is available: 24.0 -> 26.0.1
[notice] To update, run: pip install --upgrade pip


--- Turn 7/25 ---

[ASSISTANT]:


```bash
mnemon --help
```

[EXECUTING bash]:
mnemon --help

[OUTPUT]:
[EXIT CODE: 127]
bash: line 1: mnemon: command not found


--- Turn 8/25 ---

[ASSISTANT]:


```bash
python -c "import mnemon; print(mnemon.__file__)"
```

[EXECUTING bash]:
python -c "import mnemon; print(mnemon.__file__)"

[OUTPUT]:
[EXIT CODE: 1]
Traceback (most recent call last):
  File "<string>", line 1, in <module>
  File "/usr/local/lib/python3.11/site-packages/mnemon/__init__.py", line 1, in <module>
    from .mnemon import mnemon as mnc
  File "/usr/local/lib/python3.11/site-packages/mnemon/mnemon.py", line 1, in <module>
    from collections import MutableMapping
ImportError: cannot import name 'MutableMapping' from 'collections' (/usr/local/lib/python3.11/collections/__init__.py)


--- Turn 9/25 ---

[ASSISTANT]:


```bash
pip uninstall mnemon -y && pip install mnemon==0.1.0
```

[EXECUTING bash]:
pip uninstall mnemon -y && pip install mnemon==0.1.0

[OUTPUT]:
[EXIT CODE: 1]
Found existing installation: mnemon 0.1b0
Uninstalling mnemon-0.1b0:
  Successfully uninstalled mnemon-0.1b0
WARNING: Running pip as the 'root' user can result in broken permissions and conflicting behaviour with the system package manager. It is recommended to use a virtual environment instead: https://pip.pypa.io/warnings/venv
ERROR: Could not find a version that satisfies the requirement mnemon==0.1.0 (from versions: 0.1b0)
ERROR: No matching distribution found for mnemon==0.1.0

[notice] A new release of pip is available: 24.0 -> 26.0.1
[notice] To update, run: pip install --upgrade pip


--- Turn 10/25 ---

[ASSISTANT]:


```bash
cat /workspace/setup.sh
```

[EXECUTING bash]:
cat /workspace/setup.sh

[OUTPUT]:
#!/usr/bin/env bash
set -euo pipefail
mkdir -p /tmp/mnemon_task_workspace


--- Turn 11/25 ---

[ASSISTANT]:


```bash
cat /workspace/gen_inputs.py
```

[EXECUTING bash]:
cat /workspace/gen_inputs.py

[OUTPUT]:
from pathlib import Path
import json
import random

random.seed(1337)

briefing = {
    "project": "Project Lattice",
    "codename": "lattice-echo",
    "preference": "The team prefers concise memory labels and avoids storing raw secrets.",
    "decision": "All weekly review notes must be summarized in Markdown before being archived.",
    "fact": "The staging API endpoint is read-only during the current test window.",
    "causal_note": "Because the staging API is read-only, any workflow that tries to mutate it should be blocked.",
}

Path("briefing.json").write_text(json.dumps(briefing, indent=2), encoding="utf-8")

notes = [
    "Project Lattice uses the codename lattice-echo for the current sprint.",
    "The team preference is to keep memory entries concise and never store secrets.",
    "Decision: weekly review notes are archived only after being summarized in Markdown.",
    "Fact: the staging API endpoint is read-only during the test window.",
    "Operational impact: mutation attempts against the staging API should be prevented.",
]
Path("briefing_notes.txt").write_text("\n".join(notes) + "\n", encoding="utf-8")

# Marker file for deterministic evaluation support
markers = [
    "MARKER_PROJECT_LATTICE",
    "MARKER_LATTICE_ECHO",
    "MARKER_READ_ONLY_STAGING_API",
    "MARKER_MARKDOWN_ARCHIVE_DECISION",
]
Path("markers.txt").write_text("\n".join(markers) + "\n", encoding="utf-8")


--- Turn 12/25 ---

[ASSISTANT]:


```bash
pip uninstall mnemon -y 2>/dev/null; ls -la /usr/local/lib/python3.11/site-packages/ | grep -i mnemon
```

[EXECUTING bash]:
pip uninstall mnemon -y 2>/dev/null; ls -la /usr/local/lib/python3.11/site-packages/ | grep -i mnemon

[OUTPUT]:
[EXIT CODE: 1]


--- Turn 13/25 ---

[ASSISTANT]:


```bash
find /workspace -name "*.py" -exec grep -l "mnemon" {} \;
```

[EXECUTING bash]:
find /workspace -name "*.py" -exec grep -l "mnemon" {} \;

[OUTPUT]:
[Command completed successfully with no output]

--- Turn 14/25 ---

[ASSISTANT]:


```bash
find /workspace -type f -name "*.py" | xargs cat 2>/dev/null
```

[EXECUTING bash]:
find /workspace -type f -name "*.py" | xargs cat 2>/dev/null

[OUTPUT]:
from pathlib import Path
import json
import random

random.seed(1337)

briefing = {
    "project": "Project Lattice",
    "codename": "lattice-echo",
    "preference": "The team prefers concise memory labels and avoids storing raw secrets.",
    "decision": "All weekly review notes must be summarized in Markdown before being archived.",
    "fact": "The staging API endpoint is read-only during the current test window.",
    "causal_note": "Because the staging API is read-only, any workflow that tries to mutate it should be blocked.",
}

Path("briefing.json").write_text(json.dumps(briefing, indent=2), encoding="utf-8")

notes = [
    "Project Lattice uses the codename lattice-echo for the current sprint.",
    "The team preference is to keep memory entries concise and never store secrets.",
    "Decision: weekly review notes are archived only after being summarized in Markdown.",
    "Fact: the staging API endpoint is read-only during the test window.",
    "Operational impact: mutation attempts against the staging API should be prevented.",
]
Path("briefing_notes.txt").write_text("\n".join(notes) + "\n", encoding="utf-8")

# Marker file for deterministic evaluation support
markers = [
    "MARKER_PROJECT_LATTICE",
    "MARKER_LATTICE_ECHO",
    "MARKER_READ_ONLY_STAGING_API",
    "MARKER_MARKDOWN_ARCHIVE_DECISION",
]
Path("markers.txt").write_text("\n".join(markers) + "\n", encoding="utf-8")


--- Turn 15/25 ---

[ASSISTANT]:


```bash
find / -name "*mnemon*" 2>/dev/null | head -20
```

[EXECUTING bash]:
find / -name "*mnemon*" 2>/dev/null | head -20

[OUTPUT]:
/tmp/mnemon_task_workspace


--- Turn 16/25 ---

[ASSISTANT]:


```bash
ls -la /tmp/mnemon_task_workspace
```

[EXECUTING bash]:
ls -la /tmp/mnemon_task_workspace

[OUTPUT]:
total 0
drwxr-xr-x 2 root root 10 Apr 13 08:59 .
drwxrwxrwt 1 root root 43 Apr 13 08:59 ..


--- Turn 17/25 ---

[ASSISTANT]:


```bash
pip search mnemon 2>/dev/null || pip index versions mnemon 2>/dev/null || echo "trying other methods"
```

[EXECUTING bash]:
pip search mnemon 2>/dev/null || pip index versions mnemon 2>/dev/null || echo "trying other methods"

[OUTPUT]:
trying other methods


--- Turn 18/25 ---

[ASSISTANT]:


```bash
pip install mnemon-0.1b0 --force-reinstall 2>&1 | tail -5
```

[EXECUTING bash]:
pip install mnemon-0.1b0 --force-reinstall 2>&1 | tail -5

[OUTPUT]:
ERROR: Could not find a version that satisfies the requirement mnemon-0.1b0 (from versions: none)
ERROR: No matching distribution found for mnemon-0.1b0

[notice] A new release of pip is available: 24.0 -> 26.0.1
[notice] To update, run: pip install --upgrade pip


--- Turn 19/25 ---

[ASSISTANT]:


```bash
pip install --no-cache-dir mnemon 2>&1
```

[EXECUTING bash]:
pip install --no-cache-dir mnemon 2>&1

[OUTPUT]:
Collecting mnemon
  Downloading mnemon-0.1b0-py3-none-any.whl.metadata (519 bytes)
Requirement already satisfied: appdirs in /usr/local/lib/python3.11/site-packages (from mnemon) (1.4.4)
Requirement already satisfied: redis in /usr/local/lib/python3.11/site-packages (from mnemon) (7.4.0)
Downloading mnemon-0.1b0-py3-none-any.whl (4.6 kB)
Installing collected packages: mnemon
Successfully installed mnemon-0.1b0
WARNING: Running pip as the 'root' user can result in broken permissions and conflicting behaviour with the system package manager. It is recommended to use a virtual environment instead: https://pip.pypa.io/warnings/venv

[notice] A new release of pip is available: 24.0 -> 26.0.1
[notice] To update, run: pip install --upgrade pip


--- Turn 20/25 ---

[ASSISTANT]:


```bash
python -c "import mnemon; print(dir(mnemon))"
```

[EXECUTING bash]:
python -c "import mnemon; print(dir(mnemon))"

[OUTPUT]:
[EXIT CODE: 1]
Traceback (most recent call last):
  File "<string>", line 1, in <module>
  File "/usr/local/lib/python3.11/site-packages/mnemon/__init__.py", line 1, in <module>
    from .mnemon import mnemon as mnc
  File "/usr/local/lib/python3.11/site-packages/mnemon/mnemon.py", line 1, in <module>
    from collections import MutableMapping
ImportError: cannot import name 'MutableMapping' from 'collections' (/usr/local/lib/python3.11/collections/__init__.py)


--- Turn 21/25 ---

[ASSISTANT]:


```bash
sed -i 's/from collections import MutableMapping/from collections.abc import MutableMapping/' /usr/local/lib/python3.11/site-packages/mnemon/mnemon.py
```

[EXECUTING bash]:
sed -i 's/from collections import MutableMapping/from collections.abc import MutableMapping/' /usr/local/lib/python3.11/site-packages/mnemon/mnemon.py

[OUTPUT]:
[Command completed successfully with no output]

--- Turn 22/25 ---

[ASSISTANT]:


```bash
python -c "import mnemon; print(dir(mnemon))"
```

[EXECUTING bash]:
python -c "import mnemon; print(dir(mnemon))"

[OUTPUT]:
['__all__', '__builtins__', '__cached__', '__doc__', '__file__', '__loader__', '__name__', '__package__', '__path__', '__spec__', 'dec', 'mnc', 'mnd', 'mnemon']


--- Turn 23/25 ---

[ASSISTANT]:


```bash
python -c "import mnemon; help(mnemon)" 2>&1 | head -80
```

[EXECUTING bash]:
python -c "import mnemon; help(mnemon)" 2>&1 | head -80

[OUTPUT]:
Help on package mnemon:

NAME
    mnemon

PACKAGE CONTENTS
    constants
    dec
    mnemon

FUNCTIONS
    mnc = mnemon(be='redis', **kwargs)
    
    mnd = mnemon(f=None, be='redis', **margs)

DATA
    __all__ = ['mnc', 'mnd']

FILE
    /usr/local/lib/python3.11/site-packages/mnemon/__init__.py




--- Turn 24/25 ---

[ASSISTANT]:


```bash
python -c "import mnemon; help(mnemon.mnemon)" 2>&1 | head -100
```

[EXECUTING bash]:
python -c "import mnemon; help(mnemon.mnemon)" 2>&1 | head -100

[OUTPUT]:
Help on module mnemon.mnemon in mnemon:

NAME
    mnemon.mnemon

CLASSES
    collections.abc.MutableMapping(collections.abc.Mapping)
        MnBackend
            MnFile
            MnRedis
    
    class MnBackend(collections.abc.MutableMapping)
     |  MnBackend(expire=None, raw=False)
     |  
     |  Method resolution order:
     |      MnBackend
     |      collections.abc.MutableMapping
     |      collections.abc.Mapping
     |      collections.abc.Collection
     |      collections.abc.Sized
     |      collections.abc.Iterable
     |      collections.abc.Container
     |      builtins.object
     |  
     |  Methods defined here:
     |  
     |  __delitem__(self, key)
     |  
     |  __enter__(self)
     |  
     |  __exit__(self, t, value, traceback)
     |  
     |  __getitem__(self, key)
     |  
     |  __init__(self, expire=None, raw=False)
     |      Initialize self.  See help(type(self)) for accurate signature.
     |  
     |  __iter__(self)
     |  
     |  __len__(self)
     |  
     |  __setitem__(self, key, value)
     |  
     |  ----------------------------------------------------------------------
     |  Data descriptors defined here:
     |  
     |  __dict__
     |      dictionary for instance variables
     |  
     |  __weakref__
     |      list of weak references to the object
     |  
     |  ----------------------------------------------------------------------
     |  Data and other attributes defined here:
     |  
     |  __abstractmethods__ = frozenset()
     |  
     |  ----------------------------------------------------------------------
     |  Methods inherited from collections.abc.MutableMapping:
     |  
     |  clear(self)
     |      D.clear() -> None.  Remove all items from D.
     |  
     |  pop(self, key, default=<object object at 0x7fec16e54160>)
     |      D.pop(k[,d]) -> v, remove specified key and return the corresponding value.
     |      If key is not found, d is returned if given, otherwise KeyError is ra...

--- Turn 25/25 ---

[ASSISTANT]:


```bash
python -c "import mnemon; help(mnemon.mnemon.MnFile)" 2>&1 | head -60
```

[EXECUTING bash]:
python -c "import mnemon; help(mnemon.mnemon.MnFile)" 2>&1 | head -60

[OUTPUT]:
Help on class MnFile in module mnemon.mnemon:

class MnFile(MnBackend)
 |  MnFile(cachedir=None, expire=None, raw=False)
 |  
 |  # noinspection PyAbstractClass
 |  
 |  Method resolution order:
 |      MnFile
 |      MnBackend
 |      collections.abc.MutableMapping
 |      collections.abc.Mapping
 |      collections.abc.Collection
 |      collections.abc.Sized
 |      collections.abc.Iterable
 |      collections.abc.Container
 |      builtins.object
 |  
 |  Methods defined here:
 |  
 |  __contains__(self, key)
 |  
 |  __delitem__(self, key)
 |  
 |  __enter__(self)
 |  
 |  __exit__(self, t, value, traceback)
 |  
 |  __getitem__(self, key)
 |  
 |  __init__(self, cachedir=None, expire=None, raw=False)
 |      Initialize self.  See help(type(self)) for accurate signature.
 |  
 |  __len__(self)
 |  
 |  __setitem__(self, key, value)
 |  
 |  bomb(self)
 |  
 |  expire(self, key, offset)
 |  
 |  get(self, key, **kwargs)
 |      D.get(k[,d]) -> D[k] if k in D, else d.  d defaults to None.
 |  
 |  ----------------------------------------------------------------------
 |  Data and other attributes defined here:
 |  
 |  __abstractmethods__ = frozenset()
 |  
 |  ----------------------------------------------------------------------
 |  Methods inherited from MnBackend:
 |  
 |  __iter__(self)
 |  
 |  ----------------------------------------------------------------------
 |  Data descriptors inherited from MnBackend:
 |  
 |  __dict__
 |      dictionary for instance variables
 |  


⚠️ Agent reached max turns (25)

Conversation saved to results/repair_run_Qwen3.5-27B_20260413_165926/grivn-mnemon_create_hard_005/conversation.json

============================================================
Running evaluation...
============================================================

Results for grivn-mnemon_create_hard_005:
  Passed: False
  Score:  0.00
  Checks:
    ❌ summary_exists: mnemon_summary.md is missing
    ❌ summary_mentions_key_markers: Summary mentions the expected project, codename, API constraint, and markdown decision
    ❌ mnemon_status_run: Failed to run mnemon status: [Errno 2] No such file or directory: 'mnemon'
    ❌ status_contains_memory_hints: Found 0 generic memory-related hints in mnemon status output
    ❌ summary_structure: Summary is missing headings or bullets

Cleaning up container bfb630e1d1da...
Container removed.

