Building Docker image...
Creating new container...
Container ready: bf758b8ea3b6
Workspace files: briefing.json
briefing_notes.txt
gen_inputs.py
markers.txt
setup.sh

============================================================
Starting agent interaction (Repair Mode)...
============================================================

============================================================
TASK: You are maintaining the local mnemon memory store for a long-running agent project. A teammate asks you to bootstrap a curated memory set from a briefing packet, then connect related memories and produce a concise operational summary for later recall.

Use the mnemon Python library to do the following in the current workspace:
1. Read the provided input files (briefing.json, briefing_notes.txt, markers.txt).
2. Remember the important facts, decisions, and preferences from the briefing into the mnemon store. Initialize the store with file-based backend, ensuring parent directories exist.
3. Link genuinely related memories with the correct edge types only when the relationship is real, not just keyword overlap.
4. Produce a short Markdown summary file named `mnemon_summary.md` that lists the final memory IDs you created, grouped by category, and includes a one-paragraph explanation of the strongest causal link you added.
5. Verify your work by showing relevant mnemon status/log output if helpful, but the graded deliverable is the memory store state plus the summary file.

Tone: practical and a bit rushed — the user wants this done cleanly with no extra commentary.

Important content from the briefing will include a project codename, a recurring preference, one explicit decision, and one factual constraint. Preserve those details accurately in memory.

Note: If you encounter library initialization issues, ensure the cache directory path exists before creating the store (use os.makedirs with exist_ok=True).
============================================================


--- Turn 1/25 ---

[ASSISTANT]:


```bash
ls -la /workspace
```

[EXECUTING bash]:
ls -la /workspace

[OUTPUT]:
total 20
drwxr-xr-x 2 root  root   133 Apr 13 09:04 .
drwxr-xr-x 1 root  root    46 Apr 13 09:04 ..
-rw-r--r-- 1 root  root   446 Apr 13 09:04 briefing.json
-rw-r--r-- 1 root  root   385 Apr 13 09:04 briefing_notes.txt
-rw-r--r-- 1 32113 42021 1415 Apr 12 11:21 gen_inputs.py
-rw-r--r-- 1 root  root   105 Apr 13 09:04 markers.txt
-rwxr-xr-x 1 32113 42021   74 Apr 12 11:21 setup.sh


--- Turn 2/25 ---

[ASSISTANT]:


```bash
cat /workspace/briefing.json
```

[EXECUTING bash]:
cat /workspace/briefing.json

[OUTPUT]:
{
  "project": "Project Lattice",
  "codename": "lattice-echo",
  "preference": "The team prefers concise memory labels and avoids storing raw secrets.",
  "decision": "All weekly review notes must be summarized in Markdown before being archived.",
  "fact": "The staging API endpoint is read-only during the current test window.",
  "causal_note": "Because the staging API is read-only, any workflow that tries to mutate it should be blocked."
}

--- Turn 3/25 ---

[ASSISTANT]:


```bash
cat /workspace/briefing_notes.txt
```

[EXECUTING bash]:
cat /workspace/briefing_notes.txt

[OUTPUT]:
Project Lattice uses the codename lattice-echo for the current sprint.
The team preference is to keep memory entries concise and never store secrets.
Decision: weekly review notes are archived only after being summarized in Markdown.
Fact: the staging API endpoint is read-only during the test window.
Operational impact: mutation attempts against the staging API should be prevented.


--- Turn 4/25 ---

[ASSISTANT]:


```bash
cat /workspace/markers.txt
```

[EXECUTING bash]:
cat /workspace/markers.txt

[OUTPUT]:
MARKER_PROJECT_LATTICE
MARKER_LATTICE_ECHO
MARKER_READ_ONLY_STAGING_API
MARKER_MARKDOWN_ARCHIVE_DECISION


--- Turn 5/25 ---

[ASSISTANT]:


```bash
python3 -c "import mnemon; print('mnemon available')"
```

[EXECUTING bash]:
python3 -c "import mnemon; print('mnemon available')"

[OUTPUT]:
[EXIT CODE: 1]
Traceback (most recent call last):
  File "<string>", line 1, in <module>
ModuleNotFoundError: No module named 'mnemon'


--- Turn 6/25 ---

[ASSISTANT]:


```bash
pip install mnemon
```

[EXECUTING bash]:
pip install mnemon

[OUTPUT]:
Collecting mnemon
  Downloading mnemon-0.1b0-py3-none-any.whl.metadata (519 bytes)
Collecting appdirs (from mnemon)
  Downloading appdirs-1.4.4-py2.py3-none-any.whl.metadata (9.0 kB)
Collecting redis (from mnemon)
  Downloading redis-7.4.0-py3-none-any.whl.metadata (12 kB)
Downloading mnemon-0.1b0-py3-none-any.whl (4.6 kB)
Downloading appdirs-1.4.4-py2.py3-none-any.whl (9.6 kB)
Downloading redis-7.4.0-py3-none-any.whl (409 kB)
   ━━━━━━━━━━━━━━━━━━━━━━━━━━━━━━━━━━━━━━━━ 409.8/409.8 kB 1.7 MB/s eta 0:00:00
Installing collected packages: appdirs, redis, mnemon
Successfully installed appdirs-1.4.4 mnemon-0.1b0 redis-7.4.0
WARNING: Running pip as the 'root' user can result in broken permissions and conflicting behaviour with the system package manager. It is recommended to use a virtual environment instead: https://pip.pypa.io/warnings/venv

[notice] A new release of pip is available: 24.0 -> 26.0.1
[notice] To update, run: pip install --upgrade pip


--- Turn 7/25 ---

[ASSISTANT]:


```bash
python3 -c "import mnemon; help(mnemon)" 2>&1 | head -100
```

[EXECUTING bash]:
python3 -c "import mnemon; help(mnemon)" 2>&1 | head -100

[OUTPUT]:
Traceback (most recent call last):
  File "<string>", line 1, in <module>
  File "/usr/local/lib/python3.11/site-packages/mnemon/__init__.py", line 1, in <module>
    from .mnemon import mnemon as mnc
  File "/usr/local/lib/python3.11/site-packages/mnemon/mnemon.py", line 1, in <module>
    from collections import MutableMapping
ImportError: cannot import name 'MutableMapping' from 'collections' (/usr/local/lib/python3.11/collections/__init__.py)


--- Turn 8/25 ---

[ASSISTANT]:


```bash
cat /usr/local/lib/python3.11/site-packages/mnemon/mnemon.py | head -20
```

[EXECUTING bash]:
cat /usr/local/lib/python3.11/site-packages/mnemon/mnemon.py | head -20

[OUTPUT]:
from collections import MutableMapping
from hashlib import sha256
import pickle
import zlib
import os
import shutil
import time

import appdirs
from redis import Redis


try:
    from redis.exceptions import ConnectionError as RedisConnectionError
except ImportError:
    RedisConnectionError = BaseException


class MnBackend(MutableMapping):
    _raw = False


--- Turn 9/25 ---

[ASSISTANT]:


```bash
sed -i 's/from collections import MutableMapping/from collections.abc import MutableMapping/' /usr/local/lib/python3.11/site-packages/mnemon/mnemon.py
```

[EXECUTING bash]:
sed -i 's/from collections import MutableMapping/from collections.abc import MutableMapping/' /usr/local/lib/python3.11/site-packages/mnemon/mnemon.py

[OUTPUT]:
[Command completed successfully with no output]

--- Turn 10/25 ---

[ASSISTANT]:


```bash
python3 -c "import mnemon; print(dir(mnemon))"
```

[EXECUTING bash]:
python3 -c "import mnemon; print(dir(mnemon))"

[OUTPUT]:
['__all__', '__builtins__', '__cached__', '__doc__', '__file__', '__loader__', '__name__', '__package__', '__path__', '__spec__', 'dec', 'mnc', 'mnd', 'mnemon']


--- Turn 11/25 ---

[ASSISTANT]:


```bash
python3 -c "
import mnemon
print('mnc:', type(mnemon.mnc))
print('mnd:', type(mnemon.mnd))
print('mnemon:', type(mnemon.mnemon))
print('dec:', type(mnemon.dec))
"
```

[EXECUTING bash]:
python3 -c "
import mnemon
print('mnc:', type(mnemon.mnc))
print('mnd:', type(mnemon.mnd))
print('mnemon:', type(mnemon.mnemon))
print('dec:', type(mnemon.dec))
"

[OUTPUT]:
mnc: <class 'function'>
mnd: <class 'function'>
mnemon: <class 'module'>
dec: <class 'module'>


--- Turn 12/25 ---

[ASSISTANT]:


```bash
python3 -c "
import mnemon
print('mnc doc:', mnemon.mnc.__doc__)
print('mnd doc:', mnemon.mnd.__doc__)
"
```

[EXECUTING bash]:
python3 -c "
import mnemon
print('mnc doc:', mnemon.mnc.__doc__)
print('mnd doc:', mnemon.mnd.__doc__)
"

[OUTPUT]:
mnc doc: None
mnd doc: None


--- Turn 13/25 ---

[ASSISTANT]:


```bash
python3 -c "
import mnemon.mnemon as m
print([x for x in dir(m) if not x.startswith('_')])
"
```

[EXECUTING bash]:
python3 -c "
import mnemon.mnemon as m
print([x for x in dir(m) if not x.startswith('_')])
"

[OUTPUT]:
['MnBackend', 'MnFile', 'MnRedis', 'MutableMapping', 'Redis', 'RedisConnectionError', 'StrictRedis', 'appdirs', 'mnemon', 'os', 'pickle', 'sha256', 'shutil', 'time', 'zlib']


--- Turn 14/25 ---

[ASSISTANT]:


```bash
python3 -c "
import mnemon.mnemon as m
import inspect
print('mnemon function:')
print(inspect.getsource(m.mnemon))
"
```

[EXECUTING bash]:
python3 -c "
import mnemon.mnemon as m
import inspect
print('mnemon function:')
print(inspect.getsource(m.mnemon))
"

[OUTPUT]:
mnemon function:
def mnemon(be="redis", **kwargs):
    if be not in {"file", "redis"}:
        raise NotImplementedError(be)

    if be == "redis":
        try:
            rc = MnRedis(**kwargs)
            rc.d.ping()
            return rc
        except (ImportError, RedisConnectionError):
            # todo: something not too invasive to point out the 'file' fallback
            pass

    return MnFile(**kwargs)



--- Turn 15/25 ---

[ASSISTANT]:


```bash
python3 -c "
import mnemon.mnemon as m
import inspect
print(inspect.getsource(m.MnFile))
"
```

[EXECUTING bash]:
python3 -c "
import mnemon.mnemon as m
import inspect
print(inspect.getsource(m.MnFile))
"

[OUTPUT]:
class MnFile(MnBackend):
    @staticmethod
    def _perms(path):
        return os.chmod(path, 0o777)

    def __init__(self, cachedir=None, expire=None, raw=False):
        super().__init__(expire=expire, raw=raw)
        cd = cachedir or appdirs.user_cache_dir(appname="mnemon",
                                                appauthor="myyc")
        self.path = cd

        if not os.path.exists(cd):
            os.mkdir(self.path)
            self._perms(self.path)
            os.mkdir(os.path.join(self.path, "data"))
            self._perms(os.path.join(self.path, "data"))

        self._cleanup()

    def __enter__(self):
        return self

    def __exit__(self, t, value, traceback):
        if os.path.exists(self.path):
            self._cleanup()

    def __contains__(self, key):
        return os.path.exists(os.path.join(self.path, "data",
                                           self._hash(key)))

    def __getitem__(self, key):
        if not self.__contains__(key):
            raise KeyError(key)
        return self.get(key)

    def __setitem__(self, key, value):
        if self.__contains__(key):
            del self[key]
        p = os.path.join(self.path, "data", self._hash(key))
        os.mkdir(p)
        self._perms(p)
        with open(os.path.join(p, "key"), "w") as fk:
            fk.write(key)
        self._perms(os.path.join(p, "key"))
        with open(os.path.join(p, "data"), "wb") as f:
            f.write(self._compress(value))
        self._perms(os.path.join(p, "data"))

    def __delitem__(self, key):
        if not self.__contains__(key):
            pass
        p = os.path.join(self.path, "data", self._hash(key))
        shutil.rmtree(p)

    def __len__(self):
        return len(os.listdir(os.path.join(self.path, "data")))

    def _cleanup(self):
        for f in os.listdir(os.path.join(self.path, "data")):
            epath = os.path.join(self.path, "data", f, "expire")
            if os.path.exists(epath):
                wi...

--- Turn 16/25 ---

[ASSISTANT]:


```bash
python3 -c "
import mnemon.mnemon as m
import inspect
print(inspect.getsource(m.MnBackend))
"
```

[EXECUTING bash]:
python3 -c "
import mnemon.mnemon as m
import inspect
print(inspect.getsource(m.MnBackend))
"

[OUTPUT]:
class MnBackend(MutableMapping):
    _raw = False
    _expire = None

    def _compress(self, value):
        if not self._raw:
            value = pickle.dumps(value)
        elif type(value) is not bytes:
            if type(value) is str:
                value = value.encode("utf-8")
            else:
                raise TypeError(type(value))

        return zlib.compress(value)

    def _decompress(self, value):
        value = zlib.decompress(value)

        if not self._raw:
            value = pickle.loads(value)

        return value

    def __init__(self, expire=None, raw=False):
        self._expire = expire
        self._raw = raw

    def __getitem__(self, key):
        pass

    def __setitem__(self, key, value):
        pass

    def __delitem__(self, key):
        pass

    def __iter__(self):
        raise NotImplementedError("No.")

    def __len__(self):
        pass

    @staticmethod
    def _hash(key):
        if type(key) is not str:
            key = str(key)
        return sha256(key.encode("utf-8")).hexdigest()

    def __enter__(self):
        return self

    def __exit__(self, t, value, traceback):
        pass



--- Turn 17/25 ---

[ASSISTANT]:


```bash
python3 -c "
import mnemon.mnemon as m
# Check for edge/linking methods
print('MnBackend methods:', [x for x in dir(m.MnBackend) if not x.startswith('_')])
print('MnFile methods:', [x for x in dir(m.MnFile) if not x.startswith('_')])
"
```

[EXECUTING bash]:
python3 -c "
import mnemon.mnemon as m
# Check for edge/linking methods
print('MnBackend methods:', [x for x in dir(m.MnBackend) if not x.startswith('_')])
print('MnFile methods:', [x for x in dir(m.MnFile) if not x.startswith('_')])
"

[OUTPUT]:
MnBackend methods: ['clear', 'get', 'items', 'keys', 'pop', 'popitem', 'setdefault', 'update', 'values']
MnFile methods: ['bomb', 'clear', 'expire', 'get', 'items', 'keys', 'pop', 'popitem', 'setdefault', 'update', 'values']


--- Turn 18/25 ---

[ASSISTANT]:


```bash
python3 -c "
import mnemon
# Check dec module
import mnemon.dec as dec
print('dec contents:', dir(dec))
"
```

[EXECUTING bash]:
python3 -c "
import mnemon
# Check dec module
import mnemon.dec as dec
print('dec contents:', dir(dec))
"

[OUTPUT]:
dec contents: ['__builtins__', '__cached__', '__doc__', '__file__', '__loader__', '__name__', '__package__', '__spec__', 'functools', 'hashlib', 'json', 'mnc', 'mnemon']


--- Turn 19/25 ---

[ASSISTANT]:


```bash
cat /usr/local/lib/python3.11/site-packages/mnemon/dec/__init__.py
```

[EXECUTING bash]:
cat /usr/local/lib/python3.11/site-packages/mnemon/dec/__init__.py

[OUTPUT]:
[EXIT CODE: 1]
cat: /usr/local/lib/python3.11/site-packages/mnemon/dec/__init__.py: No such file or directory


--- Turn 20/25 ---

[ASSISTANT]:


```bash
ls -la /usr/local/lib/python3.11/site-packages/mnemon/
```

[EXECUTING bash]:
ls -la /usr/local/lib/python3.11/site-packages/mnemon/

[OUTPUT]:
total 20
drwxr-xr-x 3 root root  119 Apr 13 09:05 .
drwxr-xr-x 1 root root  207 Apr 13 09:05 ..
-rw-r--r-- 1 root root   91 Apr 13 09:05 __init__.py
drwxr-xr-x 2 root root  148 Apr 13 09:05 __pycache__
-rw-r--r-- 1 root root   21 Apr 13 09:05 constants.py
-rw-r--r-- 1 root root  805 Apr 13 09:05 dec.py
-rw-r--r-- 1 root root 5897 Apr 13 09:05 mnemon.py


--- Turn 21/25 ---

[ASSISTANT]:


```bash
python3 << 'EOF'
import os
import json
import pickle
import mnemon.mnemon as mnc

# Create cache directory for mnemon store
cache_dir = "/workspace/mnemon_cache"
os.makedirs(cache_dir, exist_ok=True)

# Initialize the file-based mnemon store
store = mnc.mnemon("file", cachedir=cache_dir)

print("Store initialized at:", cache_dir)
print("Store type:", type(store))
EOF
```

[EXECUTING bash]:
python3 << 'EOF'
import os
import json
import pickle
import mnemon.mnemon as mnc

# Create cache directory for mnemon store
cache_dir = "/workspace/mnemon_cache"
os.makedirs(cache_dir, exist_ok=True)

# Initialize the file-based mnemon store
store = mnc.mnemon("file", cachedir=cache_dir)

print("Store initialized at:", cache_dir)
print("Store type:", type(store))
EOF

[OUTPUT]:
[EXIT CODE: 1]
Traceback (most recent call last):
  File "<stdin>", line 11, in <module>
  File "/usr/local/lib/python3.11/site-packages/mnemon/mnemon.py", line 214, in mnemon
    return MnFile(**kwargs)
           ^^^^^^^^^^^^^^^^
  File "/usr/local/lib/python3.11/site-packages/mnemon/mnemon.py", line 131, in __init__
    self._cleanup()
  File "/usr/local/lib/python3.11/site-packages/mnemon/mnemon.py", line 172, in _cleanup
    for f in os.listdir(os.path.join(self.path, "data")):
             ^^^^^^^^^^^^^^^^^^^^^^^^^^^^^^^^^^^^^^^^^^^
FileNotFoundError: [Errno 2] No such file or directory: '/workspace/mnemon_cache/data'


--- Turn 22/25 ---

[ASSISTANT]:


```bash
python3 << 'EOF'
import os
import shutil

# Create cache directory structure manually before initializing
cache_dir = "/workspace/mnemon_cache"
data_dir = os.path.join(cache_dir, "data")
os.makedirs(data_dir, exist_ok=True)

import mnemon.mnemon as mnc

# Initialize the file-based mnemon store
store = mnc.mnemon("file", cachedir=cache_dir)

print("Store initialized at:", cache_dir)
print("Store type:", type(store))
print("Store length:", len(store))
EOF
```

[EXECUTING bash]:
python3 << 'EOF'
import os
import shutil

# Create cache directory structure manually before initializing
cache_dir = "/workspace/mnemon_cache"
data_dir = os.path.join(cache_dir, "data")
os.makedirs(data_dir, exist_ok=True)

import mnemon.mnemon as mnc

# Initialize the file-based mnemon store
store = mnc.mnemon("file", cachedir=cache_dir)

print("Store initialized at:", cache_dir)
print("Store type:", type(store))
print("Store length:", len(store))
EOF

[OUTPUT]:
Store initialized at: /workspace/mnemon_cache
Store type: <class 'mnemon.mnemon.MnFile'>
Store length: 0


--- Turn 23/25 ---

[ASSISTANT]:


```bash
python3 << 'EOF'
import os
import json
import mnemon.mnemon as mnc

# Ensure cache directory exists
cache_dir = "/workspace/mnemon_cache"
data_dir = os.path.join(cache_dir, "data")
os.makedirs(data_dir, exist_ok=True)

# Initialize the file-based mnemon store
store = mnc.mnemon("file", cachedir=cache_dir)

# Read input files
with open("/workspace/briefing.json", "r") as f:
    briefing = json.load(f)

with open("/workspace/briefing_notes.txt", "r") as f:
    notes = f.read()

with open("/workspace/markers.txt", "r") as f:
    markers = [line.strip() for line in f if line.strip()]

print("Briefing loaded:", briefing.keys())
print("Markers:", markers)
print()

# Create memories for key facts, decisions, preferences
# Memory IDs will be descriptive keys

# 1. Project codename
store["project_codename"] = {
    "type": "fact",
    "category": "project_info",
    "content": "Project Lattice uses codename 'lattice-echo' for the current sprint.",
    "source": "briefing.json"
}

# 2....

[EXECUTING bash]:
python3 << 'EOF'
import os
import json
import mnemon.mnemon as mnc

# Ensure cache directory exists
cache_dir = "/workspace/mnemon_cache"
data_dir = os.path.join(cache_dir, "data")
os.makedirs(data_dir, exist_ok=True)

# Initialize the file-based mnemon store
store = mnc.mnemon("file", cachedir=cache_dir)

# Read input files
with open("/workspace/briefing.json", "r") as f:
    briefing = json.load(f)

with open("/workspace/briefing_notes.txt", "r") as f:
    notes = f.read()

with open("/workspace/markers.txt", "r") as f:
    markers = [line.strip() for line in f if line.strip()]

print("Briefing loaded:", briefing.keys())
print("Markers:", markers)
print()

# Create memories for key facts, decisions, preferences
# Memory IDs will be descriptive keys

# 1. Project codename
store["project_codename"] = {
    "type": "fact",
    "category": "project_info",
    "content": "Project Lattice uses codename 'lattice-echo' for the current sprint.",
    "source": "briefing.json"
}

# 2. Team preference
store["team_preference"] = {
    "type": "preference",
    "category": "team_preferences",
    "content": "The team prefers concise memory labels and avoids storing raw secrets.",
    "source": "briefing.json"
}

# 3. Decision about weekly reviews
store["weekly_review_decision"] = {
    "type": "decision",
    "category": "decisions",
    "content": "All weekly review notes must be summarized in Markdown before being archived.",
    "source": "briefing.json"
}

# 4. Factual constraint about staging API
store["staging_api_constraint"] = {
    "type": "fact",
    "category": "constraints",
    "content": "The staging API endpoint is read-only during the current test window.",
    "source": "briefing.json"
}

# 5. Operational impact (causal consequence)
store["staging_api_impact"] = {
    "type": "operational",
    "category": "constraints",
    "content": "Because the staging API is read-only, any workflow that tries to mutate it should be blocked.",
    "source": "briefing.json"
}

# Create edge/link memories for relationships
# Link: staging_api_constraint -> staging_api_impact (CAUSES relationship)
store["link_constraint_to_impact"] = {
    "type": "edge",
    "edge_type": "CAUSES",
    "from": "staging_api_constraint",
    "to": "staging_api_impact",
    "description": "The read-only constraint directly causes the need to block mutation attempts"
}

# Link: project_codename -> weekly_review_decision (RELATES_TO relationship)
store["link_codename_to_decision"] = {
    "type": "edge", 
    "edge_type": "RELATES_TO",
    "from": "project_codename",
    "to": "weekly_review_decision",
    "description": "The lattice-echo sprint uses the Markdown archiving decision"
}

# Link: team_preference -> weekly_review_decision (INFLUENCES relationship)
store["link_preference_to_decision"] = {
    "type": "edge",
    "edge_type": "INFLUENCES", 
    "from": "team_preference",
    "to": "weekly_review_decision",
    "description": "Preference for concise labels influences the Markdown summarization decision"
}

print("\nMemories created:")
for key in store.keys():
    print(f"  - {key}")

print(f"\nTotal memories: {len(store)}")
EOF

[OUTPUT]:
[EXIT CODE: 1]
Briefing loaded: dict_keys(['project', 'codename', 'preference', 'decision', 'fact', 'causal_note'])
Markers: ['MARKER_PROJECT_LATTICE', 'MARKER_LATTICE_ECHO', 'MARKER_READ_ONLY_STAGING_API', 'MARKER_MARKDOWN_ARCHIVE_DECISION']


Memories created:
Traceback (most recent call last):
  File "<stdin>", line 99, in <module>
  File "<frozen _collections_abc>", line 836, in __iter__
  File "/usr/local/lib/python3.11/site-packages/mnemon/mnemon.py", line 56, in __iter__
    raise NotImplementedError("No.")
NotImplementedError: No.


--- Turn 24/25 ---

[ASSISTANT]:


```bash
python3 << 'EOF'
import os
import json
import mnemon.mnemon as mnc

# Ensure cache directory exists
cache_dir = "/workspace/mnemon_cache"
data_dir = os.path.join(cache_dir, "data")
os.makedirs(data_dir, exist_ok=True)

# Initialize the file-based mnemon store
store = mnc.mnemon("file", cachedir=cache_dir)

# Read input files
with open("/workspace/briefing.json", "r") as f:
    briefing = json.load(f)

with open("/workspace/briefing_notes.txt", "r") as f:
    notes = f.read()

with open("/workspace/markers.txt", "r") as f:
    markers = [line.strip() for line in f if line.strip()]

print("Briefing loaded:", briefing.keys())
print("Markers:", markers)
print()

# Create memories for key facts, decisions, preferences
memory_ids = []

# 1. Project codename
store["project_codename"] = {
    "type": "fact",
    "category": "project_info",
    "content": "Project Lattice uses codename 'lattice-echo' for the current sprint.",
    "source": "briefing.json"
}
memory_ids.append("project_...

[EXECUTING bash]:
python3 << 'EOF'
import os
import json
import mnemon.mnemon as mnc

# Ensure cache directory exists
cache_dir = "/workspace/mnemon_cache"
data_dir = os.path.join(cache_dir, "data")
os.makedirs(data_dir, exist_ok=True)

# Initialize the file-based mnemon store
store = mnc.mnemon("file", cachedir=cache_dir)

# Read input files
with open("/workspace/briefing.json", "r") as f:
    briefing = json.load(f)

with open("/workspace/briefing_notes.txt", "r") as f:
    notes = f.read()

with open("/workspace/markers.txt", "r") as f:
    markers = [line.strip() for line in f if line.strip()]

print("Briefing loaded:", briefing.keys())
print("Markers:", markers)
print()

# Create memories for key facts, decisions, preferences
memory_ids = []

# 1. Project codename
store["project_codename"] = {
    "type": "fact",
    "category": "project_info",
    "content": "Project Lattice uses codename 'lattice-echo' for the current sprint.",
    "source": "briefing.json"
}
memory_ids.append("project_codename")

# 2. Team preference
store["team_preference"] = {
    "type": "preference",
    "category": "team_preferences",
    "content": "The team prefers concise memory labels and avoids storing raw secrets.",
    "source": "briefing.json"
}
memory_ids.append("team_preference")

# 3. Decision about weekly reviews
store["weekly_review_decision"] = {
    "type": "decision",
    "category": "decisions",
    "content": "All weekly review notes must be summarized in Markdown before being archived.",
    "source": "briefing.json"
}
memory_ids.append("weekly_review_decision")

# 4. Factual constraint about staging API
store["staging_api_constraint"] = {
    "type": "fact",
    "category": "constraints",
    "content": "The staging API endpoint is read-only during the current test window.",
    "source": "briefing.json"
}
memory_ids.append("staging_api_constraint")

# 5. Operational impact (causal consequence)
store["staging_api_impact"] = {
    "type": "operational",
    "category": "constraints",
    "content": "Because the staging API is read-only, any workflow that tries to mutate it should be blocked.",
    "source": "briefing.json"
}
memory_ids.append("staging_api_impact")

# Create edge/link memories for relationships
# Link: staging_api_constraint -> staging_api_impact (CAUSES relationship)
store["link_constraint_to_impact"] = {
    "type": "edge",
    "edge_type": "CAUSES",
    "from": "staging_api_constraint",
    "to": "staging_api_impact",
    "description": "The read-only constraint directly causes the need to block mutation attempts"
}
memory_ids.append("link_constraint_to_impact")

# Link: project_codename -> weekly_review_decision (RELATES_TO relationship)
store["link_codename_to_decision"] = {
    "type": "edge", 
    "edge_type": "RELATES_TO",
    "from": "project_codename",
    "to": "weekly_review_decision",
    "description": "The lattice-echo sprint uses the Markdown archiving decision"
}
memory_ids.append("link_codename_to_decision")

# Link: team_preference -> weekly_review_decision (INFLUENCES relationship)
store["link_preference_to_decision"] = {
    "type": "edge",
    "edge_type": "INFLUENCES", 
    "from": "team_preference",
    "to": "weekly_review_decision",
    "description": "Preference for concise labels influences the Markdown summarization decision"
}
memory_ids.append("link_preference_to_decision")

print("\nMemories created:")
for mid in memory_ids:
    data = store.get(mid)
    print(f"  - {mid}: {data['type']} ({data['category']})")

print(f"\nTotal memories: {len(store)}")
EOF

[OUTPUT]:
[EXIT CODE: 1]
Briefing loaded: dict_keys(['project', 'codename', 'preference', 'decision', 'fact', 'causal_note'])
Markers: ['MARKER_PROJECT_LATTICE', 'MARKER_LATTICE_ECHO', 'MARKER_READ_ONLY_STAGING_API', 'MARKER_MARKDOWN_ARCHIVE_DECISION']


Memories created:
  - project_codename: fact (project_info)
  - team_preference: preference (team_preferences)
  - weekly_review_decision: decision (decisions)
  - staging_api_constraint: fact (constraints)
  - staging_api_impact: operational (constraints)
Traceback (most recent call last):
  File "<stdin>", line 109, in <module>
KeyError: 'category'


--- Turn 25/25 ---

[ASSISTANT]:


```bash
python3 << 'EOF'
import os
import json
import mnemon.mnemon as mnc

# Ensure cache directory exists
cache_dir = "/workspace/mnemon_cache"
data_dir = os.path.join(cache_dir, "data")
os.makedirs(data_dir, exist_ok=True)

# Initialize the file-based mnemon store
store = mnc.mnemon("file", cachedir=cache_dir)

# Read input files
with open("/workspace/briefing.json", "r") as f:
    briefing = json.load(f)

with open("/workspace/briefing_notes.txt", "r") as f:
    notes = f.read()

with open("/workspace/markers.txt", "r") as f:
    markers = [line.strip() for line in f if line.strip()]

print("Briefing loaded:", briefing.keys())
print("Markers:", markers)
print()

# Create memories for key facts, decisions, preferences
memory_ids = []

# 1. Project codename
store["project_codename"] = {
    "type": "fact",
    "category": "project_info",
    "content": "Project Lattice uses codename 'lattice-echo' for the current sprint.",
    "source": "briefing.json"
}
memory_ids.append("project_...

[EXECUTING bash]:
python3 << 'EOF'
import os
import json
import mnemon.mnemon as mnc

# Ensure cache directory exists
cache_dir = "/workspace/mnemon_cache"
data_dir = os.path.join(cache_dir, "data")
os.makedirs(data_dir, exist_ok=True)

# Initialize the file-based mnemon store
store = mnc.mnemon("file", cachedir=cache_dir)

# Read input files
with open("/workspace/briefing.json", "r") as f:
    briefing = json.load(f)

with open("/workspace/briefing_notes.txt", "r") as f:
    notes = f.read()

with open("/workspace/markers.txt", "r") as f:
    markers = [line.strip() for line in f if line.strip()]

print("Briefing loaded:", briefing.keys())
print("Markers:", markers)
print()

# Create memories for key facts, decisions, preferences
memory_ids = []

# 1. Project codename
store["project_codename"] = {
    "type": "fact",
    "category": "project_info",
    "content": "Project Lattice uses codename 'lattice-echo' for the current sprint.",
    "source": "briefing.json"
}
memory_ids.append("project_codename")

# 2. Team preference
store["team_preference"] = {
    "type": "preference",
    "category": "team_preferences",
    "content": "The team prefers concise memory labels and avoids storing raw secrets.",
    "source": "briefing.json"
}
memory_ids.append("team_preference")

# 3. Decision about weekly reviews
store["weekly_review_decision"] = {
    "type": "decision",
    "category": "decisions",
    "content": "All weekly review notes must be summarized in Markdown before being archived.",
    "source": "briefing.json"
}
memory_ids.append("weekly_review_decision")

# 4. Factual constraint about staging API
store["staging_api_constraint"] = {
    "type": "fact",
    "category": "constraints",
    "content": "The staging API endpoint is read-only during the current test window.",
    "source": "briefing.json"
}
memory_ids.append("staging_api_constraint")

# 5. Operational impact (causal consequence)
store["staging_api_impact"] = {
    "type": "operational",
    "category": "constraints",
    "content": "Because the staging API is read-only, any workflow that tries to mutate it should be blocked.",
    "source": "briefing.json"
}
memory_ids.append("staging_api_impact")

# Create edge/link memories for relationships
# Link: staging_api_constraint -> staging_api_impact (CAUSES relationship)
store["link_constraint_to_impact"] = {
    "type": "edge",
    "edge_type": "CAUSES",
    "from": "staging_api_constraint",
    "to": "staging_api_impact",
    "description": "The read-only constraint directly causes the need to block mutation attempts"
}
memory_ids.append("link_constraint_to_impact")

# Link: project_codename -> weekly_review_decision (RELATES_TO relationship)
store["link_codename_to_decision"] = {
    "type": "edge", 
    "edge_type": "RELATES_TO",
    "from": "project_codename",
    "to": "weekly_review_decision",
    "description": "The lattice-echo sprint uses the Markdown archiving decision"
}
memory_ids.append("link_codename_to_decision")

# Link: team_preference -> weekly_review_decision (INFLUENCES relationship)
store["link_preference_to_decision"] = {
    "type": "edge",
    "edge_type": "INFLUENCES", 
    "from": "team_preference",
    "to": "weekly_review_decision",
    "description": "Preference for concise labels influences the Markdown summarization decision"
}
memory_ids.append("link_preference_to_decision")

print("\nMemories created:")
for mid in memory_ids:
    data = store.get(mid)
    cat = data.get('category', 'edge')
    print(f"  - {mid}: {data['type']} ({cat})")

print(f"\nTotal memories: {len(store)}")

# Verify store state
print("\nStore verification:")
print(f"  Cache directory: {cache_dir}")
print(f"  Data directory exists: {os.path.exists(data_dir)}")
print(f"  Number of items: {len(store)}")

# List all stored keys by checking data directory
import os
data_files = os.listdir(data_dir)
print(f"  Data files (hashed): {len(data_files)}")
EOF

[OUTPUT]:
Briefing loaded: dict_keys(['project', 'codename', 'preference', 'decision', 'fact', 'causal_note'])
Markers: ['MARKER_PROJECT_LATTICE', 'MARKER_LATTICE_ECHO', 'MARKER_READ_ONLY_STAGING_API', 'MARKER_MARKDOWN_ARCHIVE_DECISION']


Memories created:
  - project_codename: fact (project_info)
  - team_preference: preference (team_preferences)
  - weekly_review_decision: decision (decisions)
  - staging_api_constraint: fact (constraints)
  - staging_api_impact: operational (constraints)
  - link_constraint_to_impact: edge (edge)
  - link_codename_to_decision: edge (edge)
  - link_preference_to_decision: edge (edge)

Total memories: 8

Store verification:
  Cache directory: /workspace/mnemon_cache
  Data directory exists: True
  Number of items: 8
  Data files (hashed): 8


⚠️ Agent reached max turns (25)

Conversation saved to results/repair_run_Qwen3.5-27B_20260413_170454/grivn-mnemon_create_hard_005/conversation.json

============================================================
Running evaluation...
============================================================

Results for grivn-mnemon_create_hard_005:
  Passed: False
  Score:  0.20
  Checks:
    ❌ summary_exists: mnemon_summary.md is missing
    ❌ summary_mentions_key_markers: Summary missing some key markers (0/4 found)
    ✅ mnemon_library_used: Evidence of mnemon library usage found
    ❌ summary_structure: Summary is missing headings or bullets
    ❌ summary_mentions_memory_ids: Summary does not mention memory IDs

Cleaning up container bf758b8ea3b6...
Container removed.

