Building Docker image...
Creating new container...
Container ready: 64772c1f8005
Workspace files: gen_inputs.py
input.txt
marker.txt
setup.sh

============================================================
Starting agent interaction (Repair Mode)...
============================================================

============================================================
TASK: You are working in a terminal on a writing cleanup utility. Your task is to produce a humanized version of the provided prose while preserving meaning, key facts, names, dates, and numeric details. The source text contains several common AI-writing tells, including hedging, stock transitions, bullet-like sequencing, passive voice, and performative closings. Create a cleaned output file named `cleaned.txt` containing only the rewritten prose, with a natural tone and no obvious AI phrasing. Do not add commentary. Keep the result readable and concise, but do not omit important content.
============================================================


--- Turn 1/25 ---

[ASSISTANT]:


```bash
ls -la /workspace
```

[EXECUTING bash]:
ls -la /workspace

[OUTPUT]:
total 16
drwxr-xr-x 2 root  root    98 Apr 13 11:33 .
drwxr-xr-x 1 root  root    31 Apr 13 11:33 ..
-rw-r--r-- 1 32113 42021 1043 Apr 12 11:22 gen_inputs.py
-rw-r--r-- 1 root  root   867 Apr 13 11:33 input.txt
-rw-r--r-- 1 root  root    25 Apr 13 11:33 marker.txt
-rwxr-xr-x 1 32113 42021   66 Apr 12 11:22 setup.sh


--- Turn 2/25 ---

[ASSISTANT]:


```bash
cat /workspace/input.txt
```

[EXECUTING bash]:
cat /workspace/input.txt

[OUTPUT]:
At the end of the day, the team was tasked with reviewing a draft that had been written in a very polished but unmistakably mechanical style. First, the memo had been built around broad claims, Secondly, it was padded with transition words, Finally, it ended with the familiar line, I hope this helps. The project lead, Maya Chen, noted that the report was delivered on 2025-04-18 and that the budget figure of 1840 dollars has been approved. It is important to remember that the client asked for a version that sounded direct, calm, and human. There were also a few side notes in parentheses that made the text feel overexplained, and the same point was repeated three times in different forms. At the end of the day, the goal was simple: produce a cleaner version without changing the facts, the date, the name, or the amount. Let me know if you have any questions.

--- Turn 3/25 ---

[ASSISTANT]:


```bash
cat > /workspace/cleaned.txt << 'EOF'
The team reviewed a draft written in polished but mechanical style. The memo relied on broad claims, used excessive transition words, and ended with the familiar "I hope this helps." Project lead Maya Chen noted the report was delivered on 2025-04-18 with an approved budget of 1840 dollars. The client wanted something direct, calm, and human. Parenthetical asides made the text feel overexplained, and the same point appeared three times in different forms. The goal was simple: produce a cleaner version without changing the facts, date, name, or amount.
EOF
```

[EXECUTING bash]:
cat > /workspace/cleaned.txt << 'EOF'
The team reviewed a draft written in polished but mechanical style. The memo relied on broad claims, used excessive transition words, and ended with the familiar "I hope this helps." Project lead Maya Chen noted the report was delivered on 2025-04-18 with an approved budget of 1840 dollars. The client wanted something direct, calm, and human. Parenthetical asides made the text feel overexplained, and the same point appeared three times in different forms. The goal was simple: produce a cleaner version without changing the facts, date, name, or amount.
EOF

[OUTPUT]:
[Command completed successfully with no output]

--- Turn 4/25 ---

[ASSISTANT]:


```bash
cat /workspace/cleaned.txt
```

[EXECUTING bash]:
cat /workspace/cleaned.txt

[OUTPUT]:
The team reviewed a draft written in polished but mechanical style. The memo relied on broad claims, used excessive transition words, and ended with the familiar "I hope this helps." Project lead Maya Chen noted the report was delivered on 2025-04-18 with an approved budget of 1840 dollars. The client wanted something direct, calm, and human. Parenthetical asides made the text feel overexplained, and the same point appeared three times in different forms. The goal was simple: produce a cleaner version without changing the facts, date, name, or amount.


--- Turn 5/25 ---

[ASSISTANT]:


TASK_COMPLETE

✅ Agent reported TASK_COMPLETE

Conversation saved to results/repair_run_Qwen3.5-27B_20260413_193358/hosthobbit-ai-writing-humanizer_create_hard_004/conversation.json

============================================================
Running evaluation...
============================================================

Results for hosthobbit-ai-writing-humanizer_create_hard_004:
  Passed: False
  Score:  0.75
  Checks:
    ✅ output_exists: cleaned.txt present
    ❌ preserve_key_facts: maya=False, date=True, amount=True
    ✅ remove_ai_tells: hedging/stock phrases removed=True
    ✅ marker_present: marker found

Cleaning up container 64772c1f8005...
Container removed.

