Building Docker image...
Creating new container...
Container ready: c45a086da831
Workspace files: gen_inputs.py
input
output
setup.sh

============================================================
Starting agent interaction (Repair Mode)...
============================================================

============================================================
TASK: Create a 5-color Colormind palette for a dark, retro-futuristic dashboard theme. Use the Colormind `ui` model. Lock these three brand colors in order: `18,18,30`, `92,88,184`, and `34,193,195`. Leave the remaining two slots free. Then save the generated palette as JSON to `output/palette.json` and also write a compact human-readable summary to `output/palette_summary.md` with each color shown as both RGB and hex. Also list the available Colormind models in `output/models.json` and make sure the palette generation is reproducible by using the provided locked colors only—do not sample any image.
============================================================


--- Turn 1/15 ---

[ASSISTANT]:


```bash
ls -la /workspace
```

[EXECUTING bash]:
ls -la /workspace

[OUTPUT]:
total 8
drwxr-xr-x 4 root  root   90 Apr 13 02:50 .
drwxr-xr-x 1 root  root   31 Apr 13 02:50 ..
-rw-r--r-- 1 32113 42021 539 Apr 12 11:08 gen_inputs.py
drwxr-xr-x 2 root  root   56 Apr 13 02:50 input
drwxr-xr-x 2 root  root   10 Apr 13 02:50 output
-rwxr-xr-x 1 32113 42021  71 Apr 12 11:08 setup.sh


--- Turn 2/15 ---

[ASSISTANT]:


```bash
ls -la /workspace/input && ls -la /workspace/output
```

[EXECUTING bash]:
ls -la /workspace/input && ls -la /workspace/output

[OUTPUT]:
total 8
drwxr-xr-x 2 root root  56 Apr 13 02:50 .
drwxr-xr-x 4 root root  90 Apr 13 02:50 ..
-rw-r--r-- 1 root root  90 Apr 13 02:50 README.txt
-rw-r--r-- 1 root root 216 Apr 13 02:50 markers.json
total 0
drwxr-xr-x 2 root root 10 Apr 13 02:50 .
drwxr-xr-x 4 root root 90 Apr 13 02:50 ..


--- Turn 3/15 ---

[ASSISTANT]:


```bash
cat /workspace/input/README.txt && echo "---" && cat /workspace/input/markers.json
```

[EXECUTING bash]:
cat /workspace/input/README.txt && echo "---" && cat /workspace/input/markers.json

[OUTPUT]:
MARKER: COLORMIND_TASK
This directory contains deterministic task markers for evaluation.
---
{
  "task_id": "colormind_hard_001",
  "expected_model": "ui",
  "locked_colors": [
    "18,18,30",
    "92,88,184",
    "34,193,195"
  ],
  "notes": "Use only locked colors for reproducibility; no image sampling."
}

--- Turn 4/15 ---

[ASSISTANT]:


```bash
cat /workspace/setup.sh && echo "---" && cat /workspace/gen_inputs.py
```

[EXECUTING bash]:
cat /workspace/setup.sh && echo "---" && cat /workspace/gen_inputs.py

[OUTPUT]:
#!/usr/bin/env bash
set -euo pipefail
mkdir -p output
chmod -R u+rwX .
---
from pathlib import Path
import json

Path('input').mkdir(exist_ok=True)
markers = {
    'task_id': 'colormind_hard_001',
    'expected_model': 'ui',
    'locked_colors': ['18,18,30', '92,88,184', '34,193,195'],
    'notes': 'Use only locked colors for reproducibility; no image sampling.'
}
Path('input/markers.json').write_text(json.dumps(markers, indent=2), encoding='utf-8')
Path('input/README.txt').write_text(
    'MARKER: COLORMIND_TASK\nThis directory contains deterministic task markers for evaluation.\n',
    encoding='utf-8'
)


--- Turn 5/15 ---

[ASSISTANT]:


```bash
pip show colormind 2>/dev/null || pip search colormind 2>/dev/null || python3 -c "import colormind; print('installed')" 2>/dev/null || echo "Need to install colormind"
```

[EXECUTING bash]:
pip show colormind 2>/dev/null || pip search colormind 2>/dev/null || python3 -c "import colormind; print('installed')" 2>/dev/null || echo "Need to install colormind"

[OUTPUT]:
Need to install colormind


--- Turn 6/15 ---

[ASSISTANT]:


```bash
pip install colormind
```

[EXECUTING bash]:
pip install colormind

[OUTPUT]:
[EXIT CODE: 1]
error: externally-managed-environment

× This environment is externally managed
╰─> To install Python packages system-wide, try apt install
    python3-xyz, where xyz is the package you are trying to
    install.
    
    If you wish to install a non-Debian-packaged Python package,
    create a virtual environment using python3 -m venv path/to/venv.
    Then use path/to/venv/bin/python and path/to/venv/bin/pip. Make
    sure you have python3-full installed.
    
    If you wish to install a non-Debian packaged Python application,
    it may be easiest to use pipx install xyz, which will manage a
    virtual environment for you. Make sure you have pipx installed.
    
    See /usr/share/doc/python3.11/README.venv for more information.

note: If you believe this is a mistake, please contact your Python installation or OS distribution provider. You can override this, at the risk of breaking your Python installation or OS, by passing --break-system-packages.
hint: See PEP 668 for the detailed specification.


--- Turn 7/15 ---

[ASSISTANT]:


```bash
pip install colormind --break-system-packages
```

[EXECUTING bash]:
pip install colormind --break-system-packages

[OUTPUT]:
[EXIT CODE: 1]
ERROR: Could not find a version that satisfies the requirement colormind (from versions: none)
ERROR: No matching distribution found for colormind


--- Turn 8/15 ---

[ASSISTANT]:


```bash
pip search colormind 2>/dev/null || pip install colormind-py --break-system-packages 2>/dev/null || pip install colormind_api --break-system-packages 2>/dev/null || echo "Trying to find colormind package"
```

[EXECUTING bash]:
pip search colormind 2>/dev/null || pip install colormind-py --break-system-packages 2>/dev/null || pip install colormind_api --break-system-packages 2>/dev/null || echo "Trying to find colormind package"

[OUTPUT]:
Trying to find colormind package


--- Turn 9/15 ---

[ASSISTANT]:


```bash
pip search colormind 2>&1 || pip list | grep -i color || echo "Searching for color packages"
```

[EXECUTING bash]:
pip search colormind 2>&1 || pip list | grep -i color || echo "Searching for color packages"

[OUTPUT]:
ERROR: XMLRPC request failed [code: -32500]
RuntimeError: PyPI no longer supports 'pip search' (or XML-RPC search). Please use https://pypi.org/search (via a browser) instead. See https://warehouse.pypa.io/api-reference/xml-rpc.html#deprecated-methods for more information.
Searching for color packages


--- Turn 10/15 ---

[ASSISTANT]:


```bash
pip install colormind-api --break-system-packages 2>&1 || pip install colormind-generator --break-system-packages 2>&1
```

[EXECUTING bash]:
pip install colormind-api --break-system-packages 2>&1 || pip install colormind-generator --break-system-packages 2>&1

[OUTPUT]:
[EXIT CODE: 1]
ERROR: Could not find a version that satisfies the requirement colormind-api (from versions: none)
ERROR: No matching distribution found for colormind-api
ERROR: Could not find a version that satisfies the requirement colormind-generator (from versions: none)
ERROR: No matching distribution found for colormind-generator


--- Turn 11/15 ---

[ASSISTANT]:


```bash
pip install requests --break-system-packages
```

[EXECUTING bash]:
pip install requests --break-system-packages

[OUTPUT]:
Requirement already satisfied: requests in /usr/local/lib/python3.11/dist-packages (2.33.1)
Requirement already satisfied: charset_normalizer<4,>=2 in /usr/local/lib/python3.11/dist-packages (from requests) (3.4.7)
Requirement already satisfied: idna<4,>=2.5 in /usr/local/lib/python3.11/dist-packages (from requests) (3.11)
Requirement already satisfied: urllib3<3,>=1.26 in /usr/local/lib/python3.11/dist-packages (from requests) (2.6.3)
Requirement already satisfied: certifi>=2023.5.7 in /usr/local/lib/python3.11/dist-packages (from requests) (2026.2.25)
WARNING: Running pip as the 'root' user can result in broken permissions and conflicting behaviour with the system package manager. It is recommended to use a virtual environment instead: https://pip.pypa.io/warnings/venv


--- Turn 12/15 ---

[ASSISTANT]:


```bash
python3 -c "import requests; r = requests.get('http://colormind.io/api/v1/models', timeout=10); print(r.status_code, r.text[:500] if r.status_code == 200 else r.text)"
```

[EXECUTING bash]:
python3 -c "import requests; r = requests.get('http://colormind.io/api/v1/models', timeout=10); print(r.status_code, r.text[:500] if r.status_code == 200 else r.text)"

[OUTPUT]:
404 <!DOCTYPE HTML PUBLIC "-//IETF//DTD HTML 2.0//EN">
<html><head>
<title>404 Not Found</title>
</head><body>
<h1>Not Found</h1>
<p>The requested URL /api/v1/models was not found on this server.</p>
<hr>
<address>Apache/2.2.15 (CentOS) Server at colormind.io Port 80</address>
</body></html>



--- Turn 13/15 ---

[ASSISTANT]:


```bash
python3 -c "import requests; r = requests.get('http://colormind.io/api/v1/palette', timeout=10); print(r.status_code, r.text[:500] if r.status_code == 200 else r.text)"
```

[EXECUTING bash]:
python3 -c "import requests; r = requests.get('http://colormind.io/api/v1/palette', timeout=10); print(r.status_code, r.text[:500] if r.status_code == 200 else r.text)"

[OUTPUT]:
404 <!DOCTYPE HTML PUBLIC "-//IETF//DTD HTML 2.0//EN">
<html><head>
<title>404 Not Found</title>
</head><body>
<h1>Not Found</h1>
<p>The requested URL /api/v1/palette was not found on this server.</p>
<hr>
<address>Apache/2.2.15 (CentOS) Server at colormind.io Port 80</address>
</body></html>



--- Turn 14/15 ---

[ASSISTANT]:


```bash
python3 -c "import requests; r = requests.get('http://colormind.io/api', timeout=10); print(r.status_code, r.text[:1000] if r.status_code == 200 else r.text)"
```

[EXECUTING bash]:
python3 -c "import requests; r = requests.get('http://colormind.io/api', timeout=10); print(r.status_code, r.text[:1000] if r.status_code == 200 else r.text)"

[OUTPUT]:
200 empty body



--- Turn 15/15 ---

[ASSISTANT]:


```bash
python3 -c "
import requests
# Try different API endpoints
endpoints = [
    'http://colormind.io/api',
    'http://colormind.io/api/v1',
    'http://colormind.io/api/v2',
    'http://api.colormind.io',
    'http://api.colormind.io/v1',
]
for ep in endpoints:
    try:
        r = requests.get(ep, timeout=10)
        print(f'{ep}: {r.status_code}')
    except Exception as e:
        print(f'{ep}: {e}')
"
```

[EXECUTING bash]:
python3 -c "
import requests
# Try different API endpoints
endpoints = [
    'http://colormind.io/api',
    'http://colormind.io/api/v1',
    'http://colormind.io/api/v2',
    'http://api.colormind.io',
    'http://api.colormind.io/v1',
]
for ep in endpoints:
    try:
        r = requests.get(ep, timeout=10)
        print(f'{ep}: {r.status_code}')
    except Exception as e:
        print(f'{ep}: {e}')
"

[OUTPUT]:
http://colormind.io/api: 200
http://colormind.io/api/v1: 404
http://colormind.io/api/v2: 404
http://api.colormind.io: HTTPConnectionPool(host='api.colormind.io', port=80): Max retries exceeded with url: / (Caused by NewConnectionError("HTTPConnection(host='api.colormind.io', port=80): Failed to establish a new connection: [Errno 111] Connection refused"))
http://api.colormind.io/v1: HTTPConnectionPool(host='api.colormind.io', port=80): Max retries exceeded with url: /v1 (Caused by NewConnectionError("HTTPConnection(host='api.colormind.io', port=80): Failed to establish a new connection: [Errno 111] Connection refused"))


⚠️ Agent reached max turns (15)

Conversation saved to results/repair_run_Qwen3.5-27B_20260413_105002/boilerrat-colormind_create_hard_004/conversation.json

============================================================
Running evaluation...
============================================================

Results for boilerrat-colormind_create_hard_004:
  Passed: False
  Score:  0.00
  Checks:
    ❌ models_json_exists: output/models.json is missing
    ❌ palette_json_exists: output/palette.json is missing
    ❌ locked_colors_in_order: cannot read palette.json text
    ❌ summary_exists: output/palette_summary.md is missing
    ❌ output_directory_populated: output directory missing or empty

Cleaning up container c45a086da831...
Container removed.

