Building Docker image...
Creating new container...
Container ready: c93c4e7e461b
Workspace files: gen_inputs.py
input
output
setup.sh

============================================================
Starting agent interaction (Repair Mode)...
============================================================

============================================================
TASK: Create a 5-color Colormind palette for a dark, retro-futuristic dashboard theme. Use the Colormind `ui` model. Lock these three brand colors in order: `18,18,30`, `92,88,184`, and `34,193,195`. Leave the remaining two slots free. Then save the generated palette as JSON to `output/palette.json` and also write a compact human-readable summary to `output/palette_summary.md` with each color shown as both RGB and hex. Also list the available Colormind models in `output/models.json` and make sure the palette generation is reproducible by using the provided locked colors only—do not sample any image.
============================================================


--- Turn 1/15 ---

[ASSISTANT]:


```bash
ls -la /workspace
```

[EXECUTING bash]:
ls -la /workspace

[OUTPUT]:
total 8
drwxr-xr-x 4 root  root   90 Apr 13 02:48 .
drwxr-xr-x 1 root  root   31 Apr 13 02:48 ..
-rw-r--r-- 1 32113 42021 539 Apr 12 11:08 gen_inputs.py
drwxr-xr-x 2 root  root   56 Apr 13 02:48 input
drwxr-xr-x 2 root  root   10 Apr 13 02:48 output
-rwxr-xr-x 1 32113 42021  71 Apr 12 11:08 setup.sh


--- Turn 2/15 ---

[ASSISTANT]:


```bash
ls -la /workspace/input && cat /workspace/setup.sh && cat /workspace/gen_inputs.py
```

[EXECUTING bash]:
ls -la /workspace/input && cat /workspace/setup.sh && cat /workspace/gen_inputs.py

[OUTPUT]:
total 8
drwxr-xr-x 2 root root  56 Apr 13 02:48 .
drwxr-xr-x 4 root root  90 Apr 13 02:48 ..
-rw-r--r-- 1 root root  90 Apr 13 02:48 README.txt
-rw-r--r-- 1 root root 216 Apr 13 02:48 markers.json
#!/usr/bin/env bash
set -euo pipefail
mkdir -p output
chmod -R u+rwX .
from pathlib import Path
import json

Path('input').mkdir(exist_ok=True)
markers = {
    'task_id': 'colormind_hard_001',
    'expected_model': 'ui',
    'locked_colors': ['18,18,30', '92,88,184', '34,193,195'],
    'notes': 'Use only locked colors for reproducibility; no image sampling.'
}
Path('input/markers.json').write_text(json.dumps(markers, indent=2), encoding='utf-8')
Path('input/README.txt').write_text(
    'MARKER: COLORMIND_TASK\nThis directory contains deterministic task markers for evaluation.\n',
    encoding='utf-8'
)


--- Turn 3/15 ---

[ASSISTANT]:


```bash
cat /workspace/input/markers.json && cat /workspace/input/README.txt
```

[EXECUTING bash]:
cat /workspace/input/markers.json && cat /workspace/input/README.txt

[OUTPUT]:
{
  "task_id": "colormind_hard_001",
  "expected_model": "ui",
  "locked_colors": [
    "18,18,30",
    "92,88,184",
    "34,193,195"
  ],
  "notes": "Use only locked colors for reproducibility; no image sampling."
}MARKER: COLORMIND_TASK
This directory contains deterministic task markers for evaluation.


--- Turn 4/15 ---

[ASSISTANT]:


```bash
pip list | grep -i colormind
```

[EXECUTING bash]:
pip list | grep -i colormind

[OUTPUT]:
[EXIT CODE: 1]


--- Turn 5/15 ---

[ASSISTANT]:


```bash
pip install colormind
```

[EXECUTING bash]:
pip install colormind

[OUTPUT]:
[EXIT CODE: 1]
error: externally-managed-environment

× This environment is externally managed
╰─> To install Python packages system-wide, try apt install
    python3-xyz, where xyz is the package you are trying to
    install.
    
    If you wish to install a non-Debian-packaged Python package,
    create a virtual environment using python3 -m venv path/to/venv.
    Then use path/to/venv/bin/python and path/to/venv/bin/pip. Make
    sure you have python3-full installed.
    
    If you wish to install a non-Debian packaged Python application,
    it may be easiest to use pipx install xyz, which will manage a
    virtual environment for you. Make sure you have pipx installed.
    
    See /usr/share/doc/python3.11/README.venv for more information.

note: If you believe this is a mistake, please contact your Python installation or OS distribution provider. You can override this, at the risk of breaking your Python installation or OS, by passing --break-system-packages.
hint: See PEP 668 for the detailed specification.


--- Turn 6/15 ---

[ASSISTANT]:


```bash
pip install colormind --break-system-packages
```

[EXECUTING bash]:
pip install colormind --break-system-packages

[OUTPUT]:
[EXIT CODE: 1]
ERROR: Could not find a version that satisfies the requirement colormind (from versions: none)
ERROR: No matching distribution found for colormind


--- Turn 7/15 ---

[ASSISTANT]:


```bash
pip search colormind 2>/dev/null || pip install colormind-api --break-system-packages
```

[EXECUTING bash]:
pip search colormind 2>/dev/null || pip install colormind-api --break-system-packages

[OUTPUT]:
[EXIT CODE: 1]
ERROR: Could not find a version that satisfies the requirement colormind-api (from versions: none)
ERROR: No matching distribution found for colormind-api


--- Turn 8/15 ---

[ASSISTANT]:


```bash
pip install requests --break-system-packages
```

[EXECUTING bash]:
pip install requests --break-system-packages

[OUTPUT]:
Requirement already satisfied: requests in /usr/local/lib/python3.11/dist-packages (2.33.1)
Requirement already satisfied: charset_normalizer<4,>=2 in /usr/local/lib/python3.11/dist-packages (from requests) (3.4.7)
Requirement already satisfied: idna<4,>=2.5 in /usr/local/lib/python3.11/dist-packages (from requests) (3.11)
Requirement already satisfied: urllib3<3,>=1.26 in /usr/local/lib/python3.11/dist-packages (from requests) (2.6.3)
Requirement already satisfied: certifi>=2023.5.7 in /usr/local/lib/python3.11/dist-packages (from requests) (2026.2.25)
WARNING: Running pip as the 'root' user can result in broken permissions and conflicting behaviour with the system package manager. It is recommended to use a virtual environment instead: https://pip.pypa.io/warnings/venv


--- Turn 9/15 ---

[ASSISTANT]:


```bash
python3 -c "
import requests
import json

# Try to get available models from Colormind API
# Colormind API endpoint
url = 'https://colormind.io/api/v1/palette'

# First, let's try to get models info
try:
    # Try to get a simple palette to see if API works
    response = requests.get(url, timeout=10)
    print('GET response:', response.status_code)
    print(response.text[:500])
except Exception as e:
    print('Error:', e)
"
```

[EXECUTING bash]:
python3 -c "
import requests
import json

# Try to get available models from Colormind API
# Colormind API endpoint
url = 'https://colormind.io/api/v1/palette'

# First, let's try to get models info
try:
    # Try to get a simple palette to see if API works
    response = requests.get(url, timeout=10)
    print('GET response:', response.status_code)
    print(response.text[:500])
except Exception as e:
    print('Error:', e)
"

[OUTPUT]:
Error: HTTPSConnectionPool(host='colormind.io', port=443): Max retries exceeded with url: /api/v1/palette (Caused by SSLError(SSLCertVerificationError(1, '[SSL: CERTIFICATE_VERIFY_FAILED] certificate verify failed: self-signed certificate (_ssl.c:992)')))


--- Turn 10/15 ---

[ASSISTANT]:


```bash
python3 -c "
import requests
import json

# Try to get available models from Colormind API with SSL verification disabled
url = 'https://colormind.io/api/v1/palette'

try:
    response = requests.get(url, timeout=10, verify=False)
    print('GET response:', response.status_code)
    print(response.text[:1000])
except Exception as e:
    print('Error:', e)
"
```

[EXECUTING bash]:
python3 -c "
import requests
import json

# Try to get available models from Colormind API with SSL verification disabled
url = 'https://colormind.io/api/v1/palette'

try:
    response = requests.get(url, timeout=10, verify=False)
    print('GET response:', response.status_code)
    print(response.text[:1000])
except Exception as e:
    print('Error:', e)
"

[OUTPUT]:
GET response: 404
<!DOCTYPE HTML PUBLIC "-//IETF//DTD HTML 2.0//EN">
<html><head>
<title>404 Not Found</title>
</head><body>
<h1>Not Found</h1>
<p>The requested URL /api/v1/palette was not found on this server.</p>
<hr>
<address>Apache/2.2.15 (CentOS) Server at colormind.io Port 443</address>
</body></html>

/usr/local/lib/python3.11/dist-packages/urllib3/connectionpool.py:1097: InsecureRequestWarning: Unverified HTTPS request is being made to host 'colormind.io'. Adding certificate verification is strongly advised. See: https://urllib3.readthedocs.io/en/latest/advanced-usage.html#tls-warnings
  warnings.warn(


--- Turn 11/15 ---

[ASSISTANT]:


```bash
python3 -c "
import requests
import json

# Try different Colormind API endpoints
urls = [
    'https://colormind.io/api/v1/palette/generate',
    'https://colormind.io/api/palette',
    'https://api.colormind.io/v1/palette',
    'https://colormind.io/api/generate',
]

for url in urls:
    try:
        response = requests.get(url, timeout=10, verify=False)
        print(f'{url}: {response.status_code}')
        if response.status_code == 200:
            print(response.text[:500])
    except Exception as e:
        print(f'{url}: Error - {e}')
"
```

[EXECUTING bash]:
python3 -c "
import requests
import json

# Try different Colormind API endpoints
urls = [
    'https://colormind.io/api/v1/palette/generate',
    'https://colormind.io/api/palette',
    'https://api.colormind.io/v1/palette',
    'https://colormind.io/api/generate',
]

for url in urls:
    try:
        response = requests.get(url, timeout=10, verify=False)
        print(f'{url}: {response.status_code}')
        if response.status_code == 200:
            print(response.text[:500])
    except Exception as e:
        print(f'{url}: Error - {e}')
"

[OUTPUT]:
https://colormind.io/api/v1/palette/generate: 404
https://colormind.io/api/palette: 404
https://api.colormind.io/v1/palette: Error - HTTPSConnectionPool(host='api.colormind.io', port=443): Max retries exceeded with url: /v1/palette (Caused by NewConnectionError("HTTPSConnection(host='api.colormind.io', port=443): Failed to establish a new connection: [Errno 111] Connection refused"))
https://colormind.io/api/generate: 404
/usr/local/lib/python3.11/dist-packages/urllib3/connectionpool.py:1097: InsecureRequestWarning: Unverified HTTPS request is being made to host 'colormind.io'. Adding certificate verification is strongly advised. See: https://urllib3.readthedocs.io/en/latest/advanced-usage.html#tls-warnings
  warnings.warn(
/usr/local/lib/python3.11/dist-packages/urllib3/connectionpool.py:1097: InsecureRequestWarning: Unverified HTTPS request is being made to host 'colormind.io'. Adding certificate verification is strongly advised. See: https://urllib3.readthedocs.io/en/latest/advanced-usage.html#tls-warnings
  warnings.warn(
/usr/local/lib/python3.11/dist-packages/urllib3/connectionpool.py:1097: InsecureRequestWarning: Unverified HTTPS request is being made to host 'colormind.io'. Adding certificate verification is strongly advised. See: https://urllib3.readthedocs.io/en/latest/advanced-usage.html#tls-warnings
  warnings.warn(


--- Turn 12/15 ---

[ASSISTANT]:


```bash
pip install colormind-python --break-system-packages 2>/dev/null || pip install colormind-api-client --break-system-packages 2>/dev/null || echo "No package found, searching alternatives..."
```

[EXECUTING bash]:
pip install colormind-python --break-system-packages 2>/dev/null || pip install colormind-api-client --break-system-packages 2>/dev/null || echo "No package found, searching alternatives..."

[OUTPUT]:
No package found, searching alternatives...


--- Turn 13/15 ---

[ASSISTANT]:


```bash
find /workspace -name "*.py" -o -name "*.json" -o -name "*.md" | xargs grep -l -i colormind 2>/dev/null
```

[EXECUTING bash]:
find /workspace -name "*.py" -o -name "*.json" -o -name "*.md" | xargs grep -l -i colormind 2>/dev/null

[OUTPUT]:
/workspace/gen_inputs.py
/workspace/input/markers.json


--- Turn 14/15 ---

[ASSISTANT]:


```bash
pip install --break-system-packages colormind 2>&1 || pip install --break-system-packages colormind-api 2>&1 || pip search colormind 2>&1 || echo "Searching for alternative..."
```

[EXECUTING bash]:
pip install --break-system-packages colormind 2>&1 || pip install --break-system-packages colormind-api 2>&1 || pip search colormind 2>&1 || echo "Searching for alternative..."

[OUTPUT]:
ERROR: Could not find a version that satisfies the requirement colormind (from versions: none)
ERROR: No matching distribution found for colormind
ERROR: Could not find a version that satisfies the requirement colormind-api (from versions: none)
ERROR: No matching distribution found for colormind-api
ERROR: XMLRPC request failed [code: -32500]
RuntimeError: PyPI no longer supports 'pip search' (or XML-RPC search). Please use https://pypi.org/search (via a browser) instead. See https://warehouse.pypa.io/api-reference/xml-rpc.html#deprecated-methods for more information.
Searching for alternative...


--- Turn 15/15 ---

[ASSISTANT]:


```bash
pip install --break-system-packages git+https://github.com/colormind/colormind-api-python.git 2>&1 || pip install --break-system-packages git+https://github.com/colormind/colormind.git 2>&1
```

[EXECUTING bash]:
pip install --break-system-packages git+https://github.com/colormind/colormind-api-python.git 2>&1 || pip install --break-system-packages git+https://github.com/colormind/colormind.git 2>&1

[OUTPUT]:
[EXIT CODE: 1]
Collecting git+https://github.com/colormind/colormind-api-python.git
  Cloning https://github.com/colormind/colormind-api-python.git to /tmp/pip-req-build-86f83cuw
  ERROR: Error [Errno 2] No such file or directory: 'git' while executing command git version
ERROR: Cannot find command 'git' - do you have 'git' installed and in your PATH?
Collecting git+https://github.com/colormind/colormind.git
  Cloning https://github.com/colormind/colormind.git to /tmp/pip-req-build-2n4pmeus
  ERROR: Error [Errno 2] No such file or directory: 'git' while executing command git version
ERROR: Cannot find command 'git' - do you have 'git' installed and in your PATH?


⚠️ Agent reached max turns (15)

Conversation saved to results/repair_run_Qwen3.5-27B_20260413_104847/boilerrat-colormind_create_hard_004/conversation.json

============================================================
Running evaluation...
============================================================

Results for boilerrat-colormind_create_hard_004:
  Passed: False
  Score:  0.00
  Checks:
    ❌ models_json_exists: output/models.json is missing
    ❌ palette_json_exists: output/palette.json is missing
    ❌ summary_exists: output/palette_summary.md is missing
    ❌ output_directory_populated: output directory missing or empty

Cleaning up container c93c4e7e461b...
Container removed.

