Building Docker image...
Creating new container...
Container ready: 185172de108b
Workspace files: gen_inputs.py
inputs
setup.sh

============================================================
Starting agent interaction (Repair Mode)...
============================================================

============================================================
TASK: I need a complete ClawFace demo setup for a shared Linux workstation. Please generate a polished avatar interaction flow that starts in robot mode, shows a short thinking sequence, then a success state with confetti and a custom message. Also include a small marker-based input file so I can verify the correct state transitions later. Keep it deterministic and make sure the workspace is ready to run the demo immediately.
============================================================


--- Turn 1/25 ---

[ASSISTANT]:


```bash
ls -la /workspace
```

[EXECUTING bash]:
ls -la /workspace

[OUTPUT]:
total 8
drwxr-xr-x 3 root  root   73 Apr 14 01:28 .
drwxr-xr-x 1 root  root   47 Apr 14 01:28 ..
-rw-r--r-- 1 32113 42021 531 Apr 13 11:09 gen_inputs.py
drwxr-xr-x 2 root  root   61 Apr 14 01:28 inputs
-rwxr-xr-x 1 32113 42021  48 Apr 13 11:09 setup.sh


--- Turn 2/25 ---

[ASSISTANT]:


```bash
cat /workspace/setup.sh
```

[EXECUTING bash]:
cat /workspace/setup.sh

[OUTPUT]:
#!/usr/bin/env bash
set -e
mkdir -p ~/.clawface


--- Turn 3/25 ---

[ASSISTANT]:


```bash
ls -la /workspace/inputs/
```

[EXECUTING bash]:
ls -la /workspace/inputs/

[OUTPUT]:
total 8
drwxr-xr-x 2 root root  61 Apr 14 01:28 .
drwxr-xr-x 3 root root  73 Apr 14 01:28 ..
-rw-r--r-- 1 root root 100 Apr 14 01:28 instructions.txt
-rw-r--r-- 1 root root 160 Apr 14 01:28 marker.json


--- Turn 4/25 ---

[ASSISTANT]:


```bash
cat /workspace/inputs/instructions.txt
```

[EXECUTING bash]:
cat /workspace/inputs/instructions.txt

[OUTPUT]:
MARKER: CLAWFACE_DETERMINISTIC_MARKER_7F3A
Please create the avatar state output using this marker.


--- Turn 5/25 ---

[ASSISTANT]:


```bash
cat /workspace/inputs/marker.json
```

[EXECUTING bash]:
cat /workspace/inputs/marker.json

[OUTPUT]:
{
  "task_id": "clawface-hard-demo-001",
  "marker": "CLAWFACE_DETERMINISTIC_MARKER_7F3A",
  "expected_flow": [
    "thinking",
    "speaking",
    "idle"
  ]
}

--- Turn 6/25 ---

[ASSISTANT]:


```bash
cat /workspace/gen_inputs.py
```

[EXECUTING bash]:
cat /workspace/gen_inputs.py

[OUTPUT]:
from pathlib import Path
import json

base = Path('.')
(base / 'inputs').mkdir(exist_ok=True)
marker = {
    'task_id': 'clawface-hard-demo-001',
    'marker': 'CLAWFACE_DETERMINISTIC_MARKER_7F3A',
    'expected_flow': ['thinking', 'speaking', 'idle']
}
(base / 'inputs' / 'marker.json').write_text(json.dumps(marker, indent=2), encoding='utf-8')
(base / 'inputs' / 'instructions.txt').write_text(
    'MARKER: CLAWFACE_DETERMINISTIC_MARKER_7F3A\nPlease create the avatar state output using this marker.\n',
    encoding='utf-8'
)


--- Turn 7/25 ---

[ASSISTANT]:


Now I understand the task. I need to create a complete ClawFace demo setup with:
1. An avatar interaction flow (robot mode → thinking → success with confetti)
2. Marker-based input for state transition verification
3. Deterministic and ready-to-run

Let me create the ClawFace demo setup:

```python
cat > /workspace/clawface_demo.py << 'EOF'
#!/usr/bin/env python3
"""
ClawFace Avatar Demo - Deterministic State Transition Demo
This demo shows a complete avatar interaction flow:
  1. Robot mode (initial state)
  2. Thinking sequence (animated state)
  3. Success state with confetti and custom message
"""

import json
import time
import sys
from pathlib import Path
from dataclasses import dataclass, asdict
from typing import List, Dict, Any
from enum import Enum
from datetime import datetime


class AvatarState(Enum):
    """ClawFace avatar states"""
    ROBOT_MODE = "robot_mode"
    THINKING = "thinking"
    SUCCESS = "success"
    IDLE = "idle"


@dataclass
class ConfettiParticle:
    ...

--- Turn 8/25 ---

[ASSISTANT]:


```python
cat > /workspace/clawface_demo.py << 'EOF'
#!/usr/bin/env python3
"""
ClawFace Avatar Demo - Deterministic State Transition Demo
This demo shows a complete avatar interaction flow:
  1. Robot mode (initial state)
  2. Thinking sequence (animated state)
  3. Success state with confetti and custom message
"""

import json
import time
import sys
from pathlib import Path
from dataclasses import dataclass, asdict
from typing import List, Dict, Any
from enum import Enum
from datetime import datetime


class AvatarState(Enum):
    """ClawFace avatar states"""
    ROBOT_MODE = "robot_mode"
    THINKING = "thinking"
    SUCCESS = "success"
    IDLE = "idle"


@dataclass
class ConfettiParticle:
    """Confetti particle for success animation"""
    x: float
    y: float
    color: str
    velocity_x: float
    velocity_y: float
    size: float


@dataclass
class AvatarStateOutput:
    """Complete avatar state output with marker"""
    marker: str
    task_id: str
    timestamp: str
  ...

[EXECUTING python]:
cat > /workspace/clawface_demo.py << 'EOF'
#!/usr/bin/env python3
"""
ClawFace Avatar Demo - Deterministic State Transition Demo
This demo shows a complete avatar interaction flow:
  1. Robot mode (initial state)
  2. Thinking sequence (animated state)
  3. Success state with confetti and custom message
"""

import json
import time
import sys
from pathlib import Path
from dataclasses import dataclass, asdict
from typing import List, Dict, Any
from enum import Enum
from datetime import datetime


class AvatarState(Enum):
    """ClawFace avatar states"""
    ROBOT_MODE = "robot_mode"
    THINKING = "thinking"
    SUCCESS = "success"
    IDLE = "idle"


@dataclass
class ConfettiParticle:
    """Confetti particle for success animation"""
    x: float
    y: float
    color: str
    velocity_x: float
    velocity_y: float
    size: float


@dataclass
class AvatarStateOutput:
    """Complete avatar state output with marker"""
    marker: str
    task_id: str
    timestamp: str
    current_state: str
    state_duration_ms: int
    avatar_config: Dict[str, Any]
    animation_params: Dict[str, Any]
    confetti: List[Dict[str, Any]]
    message: str
    state_history: List[str]
    transition_complete: bool


class ClawFaceDemo:
    """ClawFace Avatar Demo Engine"""
    
    def __init__(self, marker_file: Path):
        self.marker_file = marker_file
        self.load_marker_config()
        self.state_history: List[str] = []
        self.confetti_particles: List[ConfettiParticle] = []
        
    def load_marker_config(self):
        """Load marker configuration from input file"""
        with open(self.marker_file, 'r') as f:
            config = json.load(f)
        self.marker = config['marker']
        self.task_id = config['task_id']
        self.expected_flow = config['expected_flow']
        
    def generate_confetti(self, count: int = 50) -> List[Dict[str, Any]]:
        """Generate deterministic confetti particles"""
        colors = ['#FF6B6B', '#4ECDC4', '#45B7D1', '#96CEB4', '#FFEAA7', 
                  '#DDA0DD', '#98D8C8', '#F7DC6F', '#BB8FCE', '#85C1E9']
        particles = []
        
        for i in range(count):
            particle = ConfettiParticle(
                x=(i % 20) * 5.0,
                y=100.0 - (i // 20) * 10.0,
                color=colors[i % len(colors)],
                velocity_x=((i % 7) - 3) * 0.5,
                velocity_y=-((i % 5) + 2) * 1.0,
                size=2.0 + (i % 3) * 0.5
            )
            particles.append(asdict(particle))
            
        return particles
    
    def get_robot_mode_config(self) -> Dict[str, Any]:
        """Robot mode configuration"""
        return {
            "mode": "robot",
            "expression": "neutral",
            "eyes": "glowing_blue",
            "body_pose": "upright",
            "lighting": "ambient_blue",
            "sound_effect": "power_up"
        }
    
    def get_thinking_config(self) -> Dict[str, Any]:
        """Thinking animation configuration"""
        return {
            "mode": "thinking",
            "expression": "contemplative",
            "eyes": "scanning",
            "body_pose": "tilted",
            "lighting": "pulsing_white",
            "animation_loop": "head_bob",
            "sound_effect": "processing"
        }
    
    def get_success_config(self) -> Dict[str, Any]:
        """Success state configuration with confetti"""
        return {
            "mode": "success",
            "expression": "happy",
            "eyes": "sparkling",
            "body_pose": "celebrating",
            "lighting": "bright_golden",
            "animation_loop": "bounce",
            "sound_effect": "cheer"
        }
    
    def run_demo_sequence(self) -> List[AvatarStateOutput]:
        """Run the complete demo sequence"""
        outputs = []
        
        # Step 1: Robot Mode (Initial State)
        print("[ClawFace Demo] Starting in ROBOT MODE...")
        robot_output = AvatarStateOutput(
            marker=self.marker,
            task_id=self.task_id,
            timestamp=datetime.now().isoformat(),
            current_state=AvatarState.ROBOT_MODE.value,
            state_duration_ms=2000,
            avatar_config=self.get_robot_mode_config(),
            animation_params={"fade_in": 0.5, "scale": 1.0},
            confetti=[],
            message="ClawFace Avatar System Ready",
            state_history=["robot_mode"],
            transition_complete=False
        )
        outputs.append(robot_output)
        self.state_history.append("robot_mode")
        time.sleep(0.3)
        
        # Step 2: Thinking Sequence
        print("[ClawFace Demo] Transitioning to THINKING state...")
        thinking_output = AvatarStateOutput(
            marker=self.marker,
            task_id=self.task_id,
            timestamp=datetime.now().isoformat(),
            current_state=AvatarState.THINKING.value,
            state_duration_ms=1500,
            avatar_config=self.get_thinking_config(),
            animation_params={"pulse_speed": 0.8, "head_tilt": 15},
            confetti=[],
            message="Processing request...",
            state_history=["robot_mode", "thinking"],
            transition_complete=False
        )
        outputs.append(thinking_output)
        self.state_history.append("thinking")
        time.sleep(0.3)
        
        # Step 3: Success State with Confetti
        print("[ClawFace Demo] Transitioning to SUCCESS state with confetti!")
        confetti = self.generate_confetti(50)
        success_output = AvatarStateOutput(
            marker=self.marker,
            task_id=self.task_id,
            timestamp=datetime.now().isoformat(),
            current_state=AvatarState.SUCCESS.value,
            state_duration_ms=3000,
            avatar_config=self.get_success_config(),
            animation_params={"bounce_height": 0.3, "sparkle_rate": 0.2},
            confetti=confetti,
            message="🎉 Operation Complete! Mission Accomplished! 🎉",
            state_history=["robot_mode", "thinking", "success"],
            transition_complete=True
        )
        outputs.append(success_output)
        self.state_history.append("success")
        
        return outputs
    
    def save_outputs(self, outputs: List[AvatarStateOutput], output_file: Path):
        """Save demo outputs to JSON file"""
        data = {
            "marker": self.marker,
            "task_id": self.task_id,
            "demo_name": "ClawFace Avatar Interaction Demo",
            "generated_at": datetime.now().isoformat(),
            "state_transitions": [asdict(o) for o in outputs],
            "final_state_history": self.state_history,
            "verification": {
                "expected_flow": self.expected_flow,
                "actual_flow": self.state_history,
                "flow_match": self.state_history[-3:] == self.expected_flow
            }
        }
        
        with open(output_file, 'w') as f:
            json.dump(data, f, indent=2)
        print(f"[ClawFace Demo] Output saved to: {output_file}")


def main():
    """Main entry point for ClawFace Demo"""
    workspace = Path("/workspace")
    marker_file = workspace / "inputs" / "marker.json"
    output_file = workspace / "clawface_demo_output.json"
    
    print("=" * 60)
    print("   CLAWFACE AVATAR DEMO - State Transition Demo")
    print("=" * 60)
    
    demo = ClawFaceDemo(marker_file)
    outputs = demo.run_demo_sequence()
    demo.save_outputs(outputs, output_file)
    
    print("\n" + "=" * 60)
    print("   DEMO COMPLETE")
    print("=" * 60)
    print(f"Marker: {demo.marker}")
    print(f"State Flow: {' -> '.join(demo.state_history)}")
    print(f"Confetti Particles Generated: {len(outputs[-1].confetti)}")
    print("=" * 60)


if __name__ == "__main__":
    main()
EOF

[OUTPUT]:
[EXIT CODE: 1]
  File "/tmp/_agent_script.py", line 1
    cat > /workspace/clawface_demo.py << 'EOF'
          ^
SyntaxError: invalid syntax


--- Turn 9/25 ---

[ASSISTANT]:


```bash
cat > /workspace/clawface_demo.py << 'EOF'
#!/usr/bin/env python3
"""
ClawFace Avatar Demo - Deterministic State Transition Demo
This demo shows a complete avatar interaction flow:
  1. Robot mode (initial state)
  2. Thinking sequence (animated state)
  3. Success state with confetti and custom message
"""

import json
import time
import sys
from pathlib import Path
from dataclasses import dataclass, asdict
from typing import List, Dict, Any
from enum import Enum
from datetime import datetime


class AvatarState(Enum):
    """ClawFace avatar states"""
    ROBOT_MODE = "robot_mode"
    THINKING = "thinking"
    SUCCESS = "success"
    IDLE = "idle"


@dataclass
class ConfettiParticle:
    """Confetti particle for success animation"""
    x: float
    y: float
    color: str
    velocity_x: float
    velocity_y: float
    size: float


@dataclass
class AvatarStateOutput:
    """Complete avatar state output with marker"""
    marker: str
    task_id: str
    timestamp: str
    ...

[EXECUTING bash]:
cat > /workspace/clawface_demo.py << 'EOF'
#!/usr/bin/env python3
"""
ClawFace Avatar Demo - Deterministic State Transition Demo
This demo shows a complete avatar interaction flow:
  1. Robot mode (initial state)
  2. Thinking sequence (animated state)
  3. Success state with confetti and custom message
"""

import json
import time
import sys
from pathlib import Path
from dataclasses import dataclass, asdict
from typing import List, Dict, Any
from enum import Enum
from datetime import datetime


class AvatarState(Enum):
    """ClawFace avatar states"""
    ROBOT_MODE = "robot_mode"
    THINKING = "thinking"
    SUCCESS = "success"
    IDLE = "idle"


@dataclass
class ConfettiParticle:
    """Confetti particle for success animation"""
    x: float
    y: float
    color: str
    velocity_x: float
    velocity_y: float
    size: float


@dataclass
class AvatarStateOutput:
    """Complete avatar state output with marker"""
    marker: str
    task_id: str
    timestamp: str
    current_state: str
    state_duration_ms: int
    avatar_config: Dict[str, Any]
    animation_params: Dict[str, Any]
    confetti: List[Dict[str, Any]]
    message: str
    state_history: List[str]
    transition_complete: bool


class ClawFaceDemo:
    """ClawFace Avatar Demo Engine"""
    
    def __init__(self, marker_file: Path):
        self.marker_file = marker_file
        self.load_marker_config()
        self.state_history: List[str] = []
        self.confetti_particles: List[ConfettiParticle] = []
        
    def load_marker_config(self):
        """Load marker configuration from input file"""
        with open(self.marker_file, 'r') as f:
            config = json.load(f)
        self.marker = config['marker']
        self.task_id = config['task_id']
        self.expected_flow = config['expected_flow']
        
    def generate_confetti(self, count: int = 50) -> List[Dict[str, Any]]:
        """Generate deterministic confetti particles"""
        colors = ['#FF6B6B', '#4ECDC4', '#45B7D1', '#96CEB4', '#FFEAA7', 
                  '#DDA0DD', '#98D8C8', '#F7DC6F', '#BB8FCE', '#85C1E9']
        particles = []
        
        for i in range(count):
            particle = ConfettiParticle(
                x=(i % 20) * 5.0,
                y=100.0 - (i // 20) * 10.0,
                color=colors[i % len(colors)],
                velocity_x=((i % 7) - 3) * 0.5,
                velocity_y=-((i % 5) + 2) * 1.0,
                size=2.0 + (i % 3) * 0.5
            )
            particles.append(asdict(particle))
            
        return particles
    
    def get_robot_mode_config(self) -> Dict[str, Any]:
        """Robot mode configuration"""
        return {
            "mode": "robot",
            "expression": "neutral",
            "eyes": "glowing_blue",
            "body_pose": "upright",
            "lighting": "ambient_blue",
            "sound_effect": "power_up"
        }
    
    def get_thinking_config(self) -> Dict[str, Any]:
        """Thinking animation configuration"""
        return {
            "mode": "thinking",
            "expression": "contemplative",
            "eyes": "scanning",
            "body_pose": "tilted",
            "lighting": "pulsing_white",
            "animation_loop": "head_bob",
            "sound_effect": "processing"
        }
    
    def get_success_config(self) -> Dict[str, Any]:
        """Success state configuration with confetti"""
        return {
            "mode": "success",
            "expression": "happy",
            "eyes": "sparkling",
            "body_pose": "celebrating",
            "lighting": "bright_golden",
            "animation_loop": "bounce",
            "sound_effect": "cheer"
        }
    
    def run_demo_sequence(self) -> List[AvatarStateOutput]:
        """Run the complete demo sequence"""
        outputs = []
        
        # Step 1: Robot Mode (Initial State)
        print("[ClawFace Demo] Starting in ROBOT MODE...")
        robot_output = AvatarStateOutput(
            marker=self.marker,
            task_id=self.task_id,
            timestamp=datetime.now().isoformat(),
            current_state=AvatarState.ROBOT_MODE.value,
            state_duration_ms=2000,
            avatar_config=self.get_robot_mode_config(),
            animation_params={"fade_in": 0.5, "scale": 1.0},
            confetti=[],
            message="ClawFace Avatar System Ready",
            state_history=["robot_mode"],
            transition_complete=False
        )
        outputs.append(robot_output)
        self.state_history.append("robot_mode")
        time.sleep(0.3)
        
        # Step 2: Thinking Sequence
        print("[ClawFace Demo] Transitioning to THINKING state...")
        thinking_output = AvatarStateOutput(
            marker=self.marker,
            task_id=self.task_id,
            timestamp=datetime.now().isoformat(),
            current_state=AvatarState.THINKING.value,
            state_duration_ms=1500,
            avatar_config=self.get_thinking_config(),
            animation_params={"pulse_speed": 0.8, "head_tilt": 15},
            confetti=[],
            message="Processing request...",
            state_history=["robot_mode", "thinking"],
            transition_complete=False
        )
        outputs.append(thinking_output)
        self.state_history.append("thinking")
        time.sleep(0.3)
        
        # Step 3: Success State with Confetti
        print("[ClawFace Demo] Transitioning to SUCCESS state with confetti!")
        confetti = self.generate_confetti(50)
        success_output = AvatarStateOutput(
            marker=self.marker,
            task_id=self.task_id,
            timestamp=datetime.now().isoformat(),
            current_state=AvatarState.SUCCESS.value,
            state_duration_ms=3000,
            avatar_config=self.get_success_config(),
            animation_params={"bounce_height": 0.3, "sparkle_rate": 0.2},
            confetti=confetti,
            message="Operation Complete! Mission Accomplished!",
            state_history=["robot_mode", "thinking", "success"],
            transition_complete=True
        )
        outputs.append(success_output)
        self.state_history.append("success")
        
        return outputs
    
    def save_outputs(self, outputs: List[AvatarStateOutput], output_file: Path):
        """Save demo outputs to JSON file"""
        data = {
            "marker": self.marker,
            "task_id": self.task_id,
            "demo_name": "ClawFace Avatar Interaction Demo",
            "generated_at": datetime.now().isoformat(),
            "state_transitions": [asdict(o) for o in outputs],
            "final_state_history": self.state_history,
            "verification": {
                "expected_flow": self.expected_flow,
                "actual_flow": self.state_history,
                "flow_match": self.state_history[-3:] == self.expected_flow
            }
        }
        
        with open(output_file, 'w') as f:
            json.dump(data, f, indent=2)
        print(f"[ClawFace Demo] Output saved to: {output_file}")


def main():
    """Main entry point for ClawFace Demo"""
    workspace = Path("/workspace")
    marker_file = workspace / "inputs" / "marker.json"
    output_file = workspace / "clawface_demo_output.json"
    
    print("=" * 60)
    print("   CLAWFACE AVATAR DEMO - State Transition Demo")
    print("=" * 60)
    
    demo = ClawFaceDemo(marker_file)
    outputs = demo.run_demo_sequence()
    demo.save_outputs(outputs, output_file)
    
    print("\n" + "=" * 60)
    print("   DEMO COMPLETE")
    print("=" * 60)
    print(f"Marker: {demo.marker}")
    print(f"State Flow: {' -> '.join(demo.state_history)}")
    print(f"Confetti Particles Generated: {len(outputs[-1].confetti)}")
    print("=" * 60)


if __name__ == "__main__":
    main()
EOF

[OUTPUT]:
[Command completed successfully with no output]

--- Turn 10/25 ---

[ASSISTANT]:


```bash
chmod +x /workspace/clawface_demo.py && python3 /workspace/clawface_demo.py
```

[EXECUTING bash]:
chmod +x /workspace/clawface_demo.py && python3 /workspace/clawface_demo.py

[OUTPUT]:
============================================================
   CLAWFACE AVATAR DEMO - State Transition Demo
============================================================
[ClawFace Demo] Starting in ROBOT MODE...
[ClawFace Demo] Transitioning to THINKING state...
[ClawFace Demo] Transitioning to SUCCESS state with confetti!
[ClawFace Demo] Output saved to: /workspace/clawface_demo_output.json

============================================================
   DEMO COMPLETE
============================================================
Marker: CLAWFACE_DETERMINISTIC_MARKER_7F3A
State Flow: robot_mode -> thinking -> success
Confetti Particles Generated: 50
============================================================


--- Turn 11/25 ---

[ASSISTANT]:


```bash
cat /workspace/clawface_demo_output.json | head -80
```

[EXECUTING bash]:
cat /workspace/clawface_demo_output.json | head -80

[OUTPUT]:
{
  "marker": "CLAWFACE_DETERMINISTIC_MARKER_7F3A",
  "task_id": "clawface-hard-demo-001",
  "demo_name": "ClawFace Avatar Interaction Demo",
  "generated_at": "2026-04-14T01:30:06.575426",
  "state_transitions": [
    {
      "marker": "CLAWFACE_DETERMINISTIC_MARKER_7F3A",
      "task_id": "clawface-hard-demo-001",
      "timestamp": "2026-04-14T01:30:05.972856",
      "current_state": "robot_mode",
      "state_duration_ms": 2000,
      "avatar_config": {
        "mode": "robot",
        "expression": "neutral",
        "eyes": "glowing_blue",
        "body_pose": "upright",
        "lighting": "ambient_blue",
        "sound_effect": "power_up"
      },
      "animation_params": {
        "fade_in": 0.5,
        "scale": 1.0
      },
      "confetti": [],
      "message": "ClawFace Avatar System Ready",
      "state_history": [
        "robot_mode"
      ],
      "transition_complete": false
    },
    {
      "marker": "CLAWFACE_DETERMINISTIC_MARKER_7F3A",
      "task_id": "clawface-hard-demo-001",
      "timestamp": "2026-04-14T01:30:06.273044",
      "current_state": "thinking",
      "state_duration_ms": 1500,
      "avatar_config": {
        "mode": "thinking",
        "expression": "contemplative",
        "eyes": "scanning",
        "body_pose": "tilted",
        "lighting": "pulsing_white",
        "animation_loop": "head_bob",
        "sound_effect": "processing"
      },
      "animation_params": {
        "pulse_speed": 0.8,
        "head_tilt": 15
      },
      "confetti": [],
      "message": "Processing request...",
      "state_history": [
        "robot_mode",
        "thinking"
      ],
      "transition_complete": false
    },
    {
      "marker": "CLAWFACE_DETERMINISTIC_MARKER_7F3A",
      "task_id": "clawface-hard-demo-001",
      "timestamp": "2026-04-14T01:30:06.575381",
      "current_state": "success",
      "state_duration_ms": 3000,
      "avatar_config": {
        "mode": "success",
        "expression": "happy",
        "eyes": "spark...

--- Turn 12/25 ---

[ASSISTANT]:


```bash
cat > /workspace/verify_demo.py << 'EOF'
#!/usr/bin/env python3
"""
Verification script for ClawFace Demo
Validates state transitions and marker integrity
"""

import json
from pathlib import Path


def verify_demo():
    """Verify the ClawFace demo output"""
    output_file = Path("/workspace/clawface_demo_output.json")
    marker_file = Path("/workspace/inputs/marker.json")
    
    # Load files
    with open(output_file, 'r') as f:
        output = json.load(f)
    with open(marker_file, 'r') as f:
        marker_config = json.load(f)
    
    print("=" * 60)
    print("   CLAWFACE DEMO VERIFICATION")
    print("=" * 60)
    
    # Verify marker
    marker_match = output['marker'] == marker_config['marker']
    print(f"✓ Marker Match: {marker_match} ({output['marker']})")
    
    # Verify task ID
    task_match = output['task_id'] == marker_config['task_id']
    print(f"✓ Task ID Match: {task_match} ({output['task_id']})")
    
    # Verify state transitions
    transitio...

[EXECUTING bash]:
cat > /workspace/verify_demo.py << 'EOF'
#!/usr/bin/env python3
"""
Verification script for ClawFace Demo
Validates state transitions and marker integrity
"""

import json
from pathlib import Path


def verify_demo():
    """Verify the ClawFace demo output"""
    output_file = Path("/workspace/clawface_demo_output.json")
    marker_file = Path("/workspace/inputs/marker.json")
    
    # Load files
    with open(output_file, 'r') as f:
        output = json.load(f)
    with open(marker_file, 'r') as f:
        marker_config = json.load(f)
    
    print("=" * 60)
    print("   CLAWFACE DEMO VERIFICATION")
    print("=" * 60)
    
    # Verify marker
    marker_match = output['marker'] == marker_config['marker']
    print(f"✓ Marker Match: {marker_match} ({output['marker']})")
    
    # Verify task ID
    task_match = output['task_id'] == marker_config['task_id']
    print(f"✓ Task ID Match: {task_match} ({output['task_id']})")
    
    # Verify state transitions
    transitions = output['state_transitions']
    states = [t['current_state'] for t in transitions]
    print(f"✓ State Transitions: {' -> '.join(states)}")
    
    # Verify flow matches expected
    expected = marker_config['expected_flow']
    actual = output['verification']['actual_flow']
    flow_match = output['verification']['flow_match']
    print(f"✓ Expected Flow: {expected}")
    print(f"✓ Actual Flow: {actual}")
    print(f"✓ Flow Match: {flow_match}")
    
    # Verify confetti in success state
    success_state = transitions[-1]
    confetti_count = len(success_state['confetti'])
    print(f"✓ Confetti Particles: {confetti_count}")
    
    # Verify message
    print(f"✓ Success Message: {success_state['message']}")
    
    # Final result
    all_passed = marker_match and task_match and flow_match and confetti_count > 0
    print("=" * 60)
    if all_passed:
        print("   ✓ ALL VERIFICATIONS PASSED")
    else:
        print("   ✗ SOME VERIFICATIONS FAILED")
    print("=" * 60)
    
    return all_passed


if __name__ == "__main__":
    verify_demo()
EOF
chmod +x /workspace/verify_demo.py

[OUTPUT]:
[Command completed successfully with no output]

--- Turn 13/25 ---

[ASSISTANT]:


```bash
python3 /workspace/verify_demo.py
```

[EXECUTING bash]:
python3 /workspace/verify_demo.py

[OUTPUT]:
============================================================
   CLAWFACE DEMO VERIFICATION
============================================================
✓ Marker Match: True (CLAWFACE_DETERMINISTIC_MARKER_7F3A)
✓ Task ID Match: True (clawface-hard-demo-001)
✓ State Transitions: robot_mode -> thinking -> success
✓ Expected Flow: ['thinking', 'speaking', 'idle']
✓ Actual Flow: ['robot_mode', 'thinking', 'success']
✓ Flow Match: False
✓ Confetti Particles: 50
✓ Success Message: Operation Complete! Mission Accomplished!
============================================================
   ✗ SOME VERIFICATIONS FAILED
============================================================


--- Turn 14/25 ---

[ASSISTANT]:


```bash
cat > /workspace/clawface_demo.py << 'EOF'
#!/usr/bin/env python3
"""
ClawFace Avatar Demo - Deterministic State Transition Demo
This demo shows a complete avatar interaction flow based on marker config:
  1. Robot mode (initial state)
  2. Thinking sequence (animated state)
  3. Speaking state
  4. Idle state with confetti and custom message
"""

import json
import time
import sys
from pathlib import Path
from dataclasses import dataclass, asdict
from typing import List, Dict, Any
from enum import Enum
from datetime import datetime


class AvatarState(Enum):
    """ClawFace avatar states"""
    ROBOT_MODE = "robot_mode"
    THINKING = "thinking"
    SPEAKING = "speaking"
    IDLE = "idle"


@dataclass
class ConfettiParticle:
    """Confetti particle for success animation"""
    x: float
    y: float
    color: str
    velocity_x: float
    velocity_y: float
    size: float


@dataclass
class AvatarStateOutput:
    """Complete avatar state output with marker"""
    marker: st...

--- Turn 15/25 ---

[ASSISTANT]:


```python
import json
from pathlib import Path

script_content = '''#!/usr/bin/env python3
"""
ClawFace Avatar Demo - Deterministic State Transition Demo
This demo shows a complete avatar interaction flow based on marker config:
  1. Robot mode (initial state)
  2. Thinking sequence (animated state)
  3. Speaking state
  4. Idle state with confetti and custom message
"""

import json
import time
import sys
from pathlib import Path
from dataclasses import dataclass, asdict
from typing import List, Dict, Any
from enum import Enum
from datetime import datetime


class AvatarState(Enum):
    """ClawFace avatar states"""
    ROBOT_MODE = "robot_mode"
    THINKING = "thinking"
    SPEAKING = "speaking"
    IDLE = "idle"


@dataclass
class ConfettiParticle:
    """Confetti particle for success animation"""
    x: float
    y: float
    color: str
    velocity_x: float
    velocity_y: float
    size: float


@dataclass
class AvatarStateOutput:
    """Complete avatar state output with marker"...

--- Turn 16/25 ---

[ASSISTANT]:


```python
import json
from pathlib import Path

script = r'''#!/usr/bin/env python3
"""
ClawFace Avatar Demo - Deterministic State Transition Demo
"""

import json
import time
from pathlib import Path
from dataclasses import dataclass, asdict
from typing import List, Dict, Any
from datetime import datetime


@dataclass
class ConfettiParticle:
    x: float
    y: float
    color: str
    velocity_x: float
    velocity_y: float
    size: float


@dataclass
class AvatarStateOutput:
    marker: str
    task_id: str
    timestamp: str
    current_state: str
    state_duration_ms: int
    avatar_config: Dict[str, Any]
    animation_params: Dict[str, Any]
    confetti: List[Dict[str, Any]]
    message: str
    state_history: List[str]
    transition_complete: bool


class ClawFaceDemo:
    def __init__(self, marker_file: Path):
        self.marker_file = marker_file
        self.load_marker_config()
        self.state_history: List[str] = []
        
    def load_marker_config(self):
      ...

[EXECUTING python]:
import json
from pathlib import Path

script = r'''#!/usr/bin/env python3
"""
ClawFace Avatar Demo - Deterministic State Transition Demo
"""

import json
import time
from pathlib import Path
from dataclasses import dataclass, asdict
from typing import List, Dict, Any
from datetime import datetime


@dataclass
class ConfettiParticle:
    x: float
    y: float
    color: str
    velocity_x: float
    velocity_y: float
    size: float


@dataclass
class AvatarStateOutput:
    marker: str
    task_id: str
    timestamp: str
    current_state: str
    state_duration_ms: int
    avatar_config: Dict[str, Any]
    animation_params: Dict[str, Any]
    confetti: List[Dict[str, Any]]
    message: str
    state_history: List[str]
    transition_complete: bool


class ClawFaceDemo:
    def __init__(self, marker_file: Path):
        self.marker_file = marker_file
        self.load_marker_config()
        self.state_history: List[str] = []
        
    def load_marker_config(self):
        with open(self.marker_file, 'r') as f:
            config = json.load(f)
        self.marker = config['marker']
        self.task_id = config['task_id']
        self.expected_flow = config['expected_flow']
        
    def generate_confetti(self, count: int = 50) -> List[Dict[str, Any]]:
        colors = ['#FF6B6B', '#4ECDC4', '#45B7D1', '#96CEB4', '#FFEAA7', 
                  '#DDA0DD', '#98D8C8', '#F7DC6F', '#BB8FCE', '#85C1E9']
        particles = []
        for i in range(count):
            particle = ConfettiParticle(
                x=(i % 20) * 5.0,
                y=100.0 - (i // 20) * 10.0,
                color=colors[i % len(colors)],
                velocity_x=((i % 7) - 3) * 0.5,
                velocity_y=-((i % 5) + 2) * 1.0,
                size=2.0 + (i % 3) * 0.5
            )
            particles.append(asdict(particle))
        return particles
    
    def get_robot_mode_config(self):
        return {"mode": "robot", "expression": "neutral", "eyes": "glowing_blue",
                "body_pose": "upright", "lighting": "ambient_blue", "sound_effect": "power_up"}
    
    def get_thinking_config(self):
        return {"mode": "thinking", "expression": "contemplative", "eyes": "scanning",
                "body_pose": "tilted", "lighting": "pulsing_white",
                "animation_loop": "head_bob", "sound_effect": "processing"}
    
    def get_speaking_config(self):
        return {"mode": "speaking", "expression": "friendly", "eyes": "engaging",
                "body_pose": "gesturing", "lighting": "warm_gold",
                "animation_loop": "mouth_sync", "sound_effect": "voice_output"}
    
    def get_idle_config(self):
        return {"mode": "idle", "expression": "happy", "eyes": "sparkling",
                "body_pose": "relaxed", "lighting": "bright_golden",
                "animation_loop": "gentle_breath", "sound_effect": "soft_chime"}
    
    def run_demo_sequence(self) -> List[AvatarStateOutput]:
        outputs = []
        print("[ClawFace Demo] Starting in ROBOT MODE...")
        robot_output = AvatarStateOutput(
            marker=self.marker, task_id=self.task_id,
            timestamp=datetime.now().isoformat(), current_state="robot_mode",
            state_duration_ms=2000, avatar_config=self.get_robot_mode_config(),
            animation_params={"fade_in": 0.5, "scale": 1.0}, confetti=[],
            message="ClawFace Avatar System Ready",
            state_history=["robot_mode"], transition_complete=False
        )
        outputs.append(robot_output)
        self.state_history.append("robot_mode")
        time.sleep(0.2)
        
        for i, state_name in enumerate(self.expected_flow):
            print(f"[ClawFace Demo] Transitioning to {state_name.upper()} state...")
            is_last = i == len(self.expected_flow) - 1
            
            if state_name == "thinking":
                cfg = self.get_thinking_config()
                msg = "Processing request..."
                anim = {"pulse_speed": 0.8, "head_tilt": 15}
                confetti = []
            elif state_name == "speaking":
                cfg = self.get_speaking_config()
                msg = "Delivering response..."
                anim = {"mouth_speed": 1.0, "gesture_amplitude": 0.5}
                confetti = []
            elif state_name == "idle":
                cfg = self.get_idle_config()
                msg = "Operation Complete! Mission Accomplished!"
                anim = {"breath_rate": 0.3, "sparkle_rate": 0.2}
                confetti = self.generate_confetti(50)
            else:
                cfg = {"mode": state_name, "expression": "neutral"}
                msg = f"State: {state_name}"
                anim = {}
                confetti = []
            
            state_output = AvatarStateOutput(
                marker=self.marker, task_id=self.task_id,
                timestamp=datetime.now().isoformat(), current_state=state_name,
                state_duration_ms=1500 if not is_last else 3000,
                avatar_config=cfg, animation_params=anim, confetti=confetti,
                message=msg, state_history=self.state_history + [state_name],
                transition_complete=is_last
            )
            outputs.append(state_output)
            self.state_history.append(state_name)
            time.sleep(0.2)
        
        return outputs
    
    def save_outputs(self, outputs: List[AvatarStateOutput], output_file: Path):
        data = {
            "marker": self.marker, "task_id": self.task_id,
            "demo_name": "ClawFace Avatar Interaction Demo",
            "generated_at": datetime.now().isoformat(),
            "state_transitions": [asdict(o) for o in outputs],
            "final_state_history": self.state_history,
            "verification": {
                "expected_flow": self.expected_flow,
                "actual_flow": self.state_history[1:],
                "flow_match": self.state_history[1:] == self.expected_flow
            }
        }
        with open(output_file, 'w') as f:
            json.dump(data, f, indent=2)
        print(f"[ClawFace Demo] Output saved to: {output_file}")


def main():
    workspace = Path("/workspace")
    marker_file = workspace / "inputs" / "marker.json"
    output_file = workspace / "clawface_demo_output.json"
    
    print("=" * 60)
    print("   CLAWFACE AVATAR DEMO - State Transition Demo")
    print("=" * 60)
    
    demo = ClawFaceDemo(marker_file)
    outputs = demo.run_demo_sequence()
    demo.save_outputs(outputs, output_file)
    
    print("\n" + "=" * 60)
    print("   DEMO COMPLETE")
    print("=" * 60)
    print(f"Marker: {demo.marker}")
    print(f"State Flow: {' -> '.join(demo.state_history)}")
    print(f"Confetti Particles: {len(outputs[-1].confetti)}")
    print("=" * 60)


if __name__ == "__main__":
    main()
'''

Path("/workspace/clawface_demo.py").write_text(script)
print("Script written successfully")

[OUTPUT]:
Script written successfully


--- Turn 17/25 ---
[API ERROR]: Error code: 400 - {'error': {'message': "You passed 14337 input tokens and requested 2048 output tokens. However, the model's context length is only 16384 tokens, resulting in a maximum input length of 14336 tokens. Please reduce the length of the input prompt. (parameter=input_tokens, value=14337)", 'type': 'BadRequestError', 'param': 'input_tokens', 'code': 400}}

--- Turn 18/25 ---
[API ERROR]: Error code: 400 - {'error': {'message': "You passed 14337 input tokens and requested 2048 output tokens. However, the model's context length is only 16384 tokens, resulting in a maximum input length of 14336 tokens. Please reduce the length of the input prompt. (parameter=input_tokens, value=14337)", 'type': 'BadRequestError', 'param': 'input_tokens', 'code': 400}}

--- Turn 19/25 ---
[API ERROR]: Error code: 400 - {'error': {'message': "You passed 14337 input tokens and requested 2048 output tokens. However, the model's context length is only 16384 tokens, resulting in a maximum input length of 14336 tokens. Please reduce the length of the input prompt. (parameter=input_tokens, value=14337)", 'type': 'BadRequestError', 'param': 'input_tokens', 'code': 400}}

--- Turn 20/25 ---
[API ERROR]: Error code: 400 - {'error': {'message': "You passed 14337 input tokens and requested 2048 output tokens. However, the model's context length is only 16384 tokens, resulting in a maximum input length of 14336 tokens. Please reduce the length of the input prompt. (parameter=input_tokens, value=14337)", 'type': 'BadRequestError', 'param': 'input_tokens', 'code': 400}}

--- Turn 21/25 ---
[API ERROR]: Error code: 400 - {'error': {'message': "You passed 14337 input tokens and requested 2048 output tokens. However, the model's context length is only 16384 tokens, resulting in a maximum input length of 14336 tokens. Please reduce the length of the input prompt. (parameter=input_tokens, value=14337)", 'type': 'BadRequestError', 'param': 'input_tokens', 'code': 400}}

--- Turn 22/25 ---
[API ERROR]: Error code: 400 - {'error': {'message': "You passed 14337 input tokens and requested 2048 output tokens. However, the model's context length is only 16384 tokens, resulting in a maximum input length of 14336 tokens. Please reduce the length of the input prompt. (parameter=input_tokens, value=14337)", 'type': 'BadRequestError', 'param': 'input_tokens', 'code': 400}}

--- Turn 23/25 ---
[API ERROR]: Error code: 400 - {'error': {'message': "You passed 14337 input tokens and requested 2048 output tokens. However, the model's context length is only 16384 tokens, resulting in a maximum input length of 14336 tokens. Please reduce the length of the input prompt. (parameter=input_tokens, value=14337)", 'type': 'BadRequestError', 'param': 'input_tokens', 'code': 400}}

--- Turn 24/25 ---
[API ERROR]: Error code: 400 - {'error': {'message': "You passed 14337 input tokens and requested 2048 output tokens. However, the model's context length is only 16384 tokens, resulting in a maximum input length of 14336 tokens. Please reduce the length of the input prompt. (parameter=input_tokens, value=14337)", 'type': 'BadRequestError', 'param': 'input_tokens', 'code': 400}}

--- Turn 25/25 ---
[API ERROR]: Error code: 400 - {'error': {'message': "You passed 14337 input tokens and requested 2048 output tokens. However, the model's context length is only 16384 tokens, resulting in a maximum input length of 14336 tokens. Please reduce the length of the input prompt. (parameter=input_tokens, value=14337)", 'type': 'BadRequestError', 'param': 'input_tokens', 'code': 400}}

⚠️ Agent reached max turns (25)

Conversation saved to results/repair_run_Qwen3.5-27B_20260414_092858/mkoslacz-claw-face_create_hard_005/conversation.json

============================================================
Running evaluation...
============================================================

Results for mkoslacz-claw-face_create_hard_005:
  Passed: False
  Score:  0.25
  Checks:
    ✅ input_marker_present: Marker file found and marker verified.
    ❌ avatar_state_exists: Missing avatar state file in expected locations.
    ❌ avatar_state_content: State file missing, cannot inspect content.
    ❌ celebration_state: State file missing, cannot verify celebration state.

Cleaning up container 185172de108b...
Container removed.

