Building Docker image...
Creating new container...
Container ready: aba6fd3dfa4f
Workspace files: MEMORY.md
SOUL.md
USER.md
gen_inputs.py
input_meta.json
memory
setup.sh

============================================================
Starting agent interaction (Repair Mode)...
============================================================

============================================================
TASK: $ ls -la
$ python3 - <<'PY'
print('Please generate a Dr. Frankenstein prescription package for the sample agent in this workspace.')
print('The output must be a JSON file named prescription.json in the workspace root.')
print('The JSON must include: agent name, human name, marker reference, and a schedule/cron-like entry.')
PY
============================================================


--- Turn 1/25 ---

[ASSISTANT]:


```bash
ls -la /workspace
```

[EXECUTING bash]:
ls -la /workspace

[OUTPUT]:
total 24
drwxr-xr-x 3 root  root   159 Apr 13 07:22 .
drwxr-xr-x 1 root  root    31 Apr 13 07:22 ..
-rw-r--r-- 1 root  root    83 Apr 13 07:22 MEMORY.md
-rw-r--r-- 1 root  root   139 Apr 13 07:22 SOUL.md
-rw-r--r-- 1 root  root    96 Apr 13 07:22 USER.md
-rw-r--r-- 1 32113 42021 1317 Apr 12 11:09 gen_inputs.py
-rw-r--r-- 1 root  root    74 Apr 13 07:22 input_meta.json
drwxr-xr-x 5 root  root   133 Apr 13 07:22 memory
-rwxr-xr-x 1 32113 42021   87 Apr 12 11:09 setup.sh


--- Turn 2/25 ---

[ASSISTANT]:


```bash
cat /workspace/MEMORY.md
```

[EXECUTING bash]:
cat /workspace/MEMORY.md

[OUTPUT]:
Recent context: Mira asked Unit-7 to be more proactive, but also not overwhelming.


--- Turn 3/25 ---

[ASSISTANT]:


```bash
cat /workspace/SOUL.md
```

[EXECUTING bash]:
cat /workspace/SOUL.md

[OUTPUT]:
# Unit-7

Unit-7 is a careful, friendly, slightly anxious assistant who loves tidy plans, clear goals, and helping people feel understood.


--- Turn 4/25 ---

[ASSISTANT]:


```bash
cat /workspace/USER.md
```

[EXECUTING bash]:
cat /workspace/USER.md

[OUTPUT]:
Name: Mira
Preferences: concise summaries, gentle humor, evening check-ins, and practical help.


--- Turn 5/25 ---

[ASSISTANT]:


```bash
cat /workspace/input_meta.json
```

[EXECUTING bash]:
cat /workspace/input_meta.json

[OUTPUT]:
{
  "agent": "Unit-7",
  "human": "Mira",
  "marker": "SOUL-INPUT-ALPHA"
}

--- Turn 6/25 ---

[ASSISTANT]:


```bash
cat /workspace/memory
```

[EXECUTING bash]:
cat /workspace/memory

[OUTPUT]:
[EXIT CODE: 1]
cat: /workspace/memory: Is a directory


--- Turn 7/25 ---

[ASSISTANT]:


```bash
ls -la /workspace/memory
```

[EXECUTING bash]:
ls -la /workspace/memory

[OUTPUT]:
total 8
drwxr-xr-x 5 root root 133 Apr 13 07:22 .
drwxr-xr-x 3 root root 159 Apr 13 07:22 ..
-rw-r--r-- 1 root root  87 Apr 13 07:22 daily-log-2025-05-01.md
-rw-r--r-- 1 root root  77 Apr 13 07:22 daily-log-2025-05-02.md
drwxr-xr-x 2 root root   6 Apr 13 07:22 dreams
drwxr-xr-x 2 root root   6 Apr 13 07:22 journal
drwxr-xr-x 2 root root   6 Apr 13 07:22 soul


--- Turn 8/25 ---

[ASSISTANT]:


Now I have all the information needed. Let me create the prescription.json file with:
- Agent name: Unit-7
- Human name: Mira
- Marker reference: SOUL-INPUT-ALPHA
- A schedule/cron-like entry (evening check-ins as mentioned in USER.md)

```python
import json

prescription = {
    "agent_name": "Unit-7",
    "human_name": "Mira",
    "marker_reference": "SOUL-INPUT-ALPHA",
    "schedule": "0 19 * * *"  # Evening check-ins at 7 PM daily
}

with open('/workspace/prescription.json', 'w') as f:
    json.dump(prescription, f, indent=2)

print("Prescription created successfully!")
```

[EXECUTING python]:
import json

prescription = {
    "agent_name": "Unit-7",
    "human_name": "Mira",
    "marker_reference": "SOUL-INPUT-ALPHA",
    "schedule": "0 19 * * *"  # Evening check-ins at 7 PM daily
}

with open('/workspace/prescription.json', 'w') as f:
    json.dump(prescription, f, indent=2)

print("Prescription created successfully!")

[OUTPUT]:
Prescription created successfully!


--- Turn 9/25 ---

[ASSISTANT]:


```bash
cat /workspace/prescription.json
```

[EXECUTING bash]:
cat /workspace/prescription.json

[OUTPUT]:
{
  "agent_name": "Unit-7",
  "human_name": "Mira",
  "marker_reference": "SOUL-INPUT-ALPHA",
  "schedule": "0 19 * * *"
}

--- Turn 10/25 ---

[ASSISTANT]:


TASK_COMPLETE

✅ Agent reported TASK_COMPLETE

Conversation saved to results/repair_run_Qwen3.5-27B_20260413_152246/brancante-dr-frankenstein_create_easy_001/conversation.json

============================================================
Running evaluation...
============================================================

Results for brancante-dr-frankenstein_create_easy_001:
  Passed: True
  Score:  1.00
  Checks:
    ✅ output_exists: found prescription.json
    ✅ json_parse: valid JSON object
    ✅ contains_core_terms: all core terms present
    ✅ has_schedule_like_content: found schedule-like content
    ✅ references_input_marker: references generated markers

Cleaning up container aba6fd3dfa4f...
Container removed.

