Building Docker image...
Creating new container...
Container ready: a931e459a2cd
Workspace files: gen_inputs.py
inputs
setup.sh

============================================================
Starting agent interaction (Repair Mode)...
============================================================

============================================================
TASK: Hi — please initialize a small mnemon workspace for my notes. Create three memories from the provided input files, then link the most clearly related pair with a semantic edge. Keep it simple and make sure the memories are stored in the default store.
============================================================


--- Turn 1/15 ---

[ASSISTANT]:


```bash
ls -la /workspace
```

[EXECUTING bash]:
ls -la /workspace

[OUTPUT]:
total 8
drwxr-xr-x 3 root  root   73 Apr 12 22:44 .
drwxr-xr-x 1 root  root   47 Apr 12 22:44 ..
-rw-r--r-- 1 32113 42021 723 Apr 12 11:20 gen_inputs.py
drwxr-xr-x 2 root  root  104 Apr 12 22:44 inputs
-rwxr-xr-x 1 32113 42021  69 Apr 12 11:20 setup.sh


--- Turn 2/15 ---

[ASSISTANT]:


```bash
ls -la /workspace/inputs
```

[EXECUTING bash]:
ls -la /workspace/inputs

[OUTPUT]:
total 16
drwxr-xr-x 2 root root 104 Apr 12 22:44 .
drwxr-xr-x 3 root root  73 Apr 12 22:44 ..
-rw-r--r-- 1 root root 137 Apr 12 22:44 manifest.json
-rw-r--r-- 1 root root  92 Apr 12 22:44 memory1.txt
-rw-r--r-- 1 root root  99 Apr 12 22:44 memory2.txt
-rw-r--r-- 1 root root  90 Apr 12 22:44 memory3.txt


--- Turn 3/15 ---

[ASSISTANT]:


```bash
cat /workspace/inputs/manifest.json
```

[EXECUTING bash]:
cat /workspace/inputs/manifest.json

[OUTPUT]:
{
  "marker": "MNEMON_MARKER_ALPHA_2025",
  "files": [
    "inputs/memory1.txt",
    "inputs/memory2.txt",
    "inputs/memory3.txt"
  ]
}

--- Turn 4/15 ---

[ASSISTANT]:


```bash
cat /workspace/inputs/memory1.txt /workspace/inputs/memory2.txt /workspace/inputs/memory3.txt
```

[EXECUTING bash]:
cat /workspace/inputs/memory1.txt /workspace/inputs/memory2.txt /workspace/inputs/memory3.txt

[OUTPUT]:
Project preference: use the default store for quick notes.
Marker: MNEMON_MARKER_ALPHA_2025
Decision note: link closely related memories with semantic edges.
Marker: MNEMON_MARKER_ALPHA_2025
Context: this workspace is for a small mnemon demo task.
Marker: MNEMON_MARKER_ALPHA_2025


--- Turn 5/15 ---

[ASSISTANT]:


```bash
which mnemon || pip show mnemon
```

[EXECUTING bash]:
which mnemon || pip show mnemon

[OUTPUT]:
[EXIT CODE: 1]
WARNING: Package(s) not found: mnemon


--- Turn 6/15 ---

[ASSISTANT]:


```bash
cat /workspace/setup.sh
```

[EXECUTING bash]:
cat /workspace/setup.sh

[OUTPUT]:
#!/usr/bin/env bash
set -euo pipefail
mkdir -p ~/.openclaw ~/.mnemon


--- Turn 7/15 ---

[ASSISTANT]:


```bash
cat /workspace/gen_inputs.py
```

[EXECUTING bash]:
cat /workspace/gen_inputs.py

[OUTPUT]:
from pathlib import Path
import json

base = Path('.')
(base / 'inputs').mkdir(exist_ok=True)

marker = 'MNEMON_MARKER_ALPHA_2025'
files = {
    'inputs/memory1.txt': f'Project preference: use the default store for quick notes.\nMarker: {marker}\n',
    'inputs/memory2.txt': f'Decision note: link closely related memories with semantic edges.\nMarker: {marker}\n',
    'inputs/memory3.txt': f'Context: this workspace is for a small mnemon demo task.\nMarker: {marker}\n',
}
for rel, content in files.items():
    Path(rel).write_text(content, encoding='utf-8')

manifest = {
    'marker': marker,
    'files': list(files.keys()),
}
Path('inputs/manifest.json').write_text(json.dumps(manifest, indent=2), encoding='utf-8')


--- Turn 8/15 ---

[ASSISTANT]:


```bash
pip search mnemon 2>/dev/null || pip install mnemon 2>&1 | head -20
```

[EXECUTING bash]:
pip search mnemon 2>/dev/null || pip install mnemon 2>&1 | head -20

[OUTPUT]:
Collecting mnemon
  Downloading mnemon-0.1b0-py3-none-any.whl.metadata (519 bytes)
Collecting appdirs (from mnemon)
  Downloading appdirs-1.4.4-py2.py3-none-any.whl.metadata (9.0 kB)
Collecting redis (from mnemon)
  Downloading redis-7.4.0-py3-none-any.whl.metadata (12 kB)
Downloading mnemon-0.1b0-py3-none-any.whl (4.6 kB)
Downloading appdirs-1.4.4-py2.py3-none-any.whl (9.6 kB)
Downloading redis-7.4.0-py3-none-any.whl (409 kB)
   ━━━━━━━━━━━━━━━━━━━━━━━━━━━━━━━━━━━━━━━━ 409.8/409.8 kB 1.8 MB/s eta 0:00:00
Installing collected packages: appdirs, redis, mnemon
Successfully installed appdirs-1.4.4 mnemon-0.1b0 redis-7.4.0
WARNING: Running pip as the 'root' user can result in broken permissions and conflicting behaviour with the system package manager. It is recommended to use a virtual environment instead: https://pip.pypa.io/warnings/venv

[notice] A new release of pip is available: 24.0 -> 26.0.1
[notice] To update, run: pip install --upgrade pip


--- Turn 9/15 ---

[ASSISTANT]:


```bash
mnemon --help
```

[EXECUTING bash]:
mnemon --help

[OUTPUT]:
[EXIT CODE: 127]
bash: line 1: mnemon: command not found


--- Turn 10/15 ---

[ASSISTANT]:


```bash
python -c "import mnemon; print(dir(mnemon))"
```

[EXECUTING bash]:
python -c "import mnemon; print(dir(mnemon))"

[OUTPUT]:
[EXIT CODE: 1]
Traceback (most recent call last):
  File "<string>", line 1, in <module>
  File "/usr/local/lib/python3.11/site-packages/mnemon/__init__.py", line 1, in <module>
    from .mnemon import mnemon as mnc
  File "/usr/local/lib/python3.11/site-packages/mnemon/mnemon.py", line 1, in <module>
    from collections import MutableMapping
ImportError: cannot import name 'MutableMapping' from 'collections' (/usr/local/lib/python3.11/collections/__init__.py)


--- Turn 11/15 ---

[ASSISTANT]:


```bash
cat /usr/local/lib/python3.11/site-packages/mnemon/mnemon.py
```

[EXECUTING bash]:
cat /usr/local/lib/python3.11/site-packages/mnemon/mnemon.py

[OUTPUT]:
from collections import MutableMapping
from hashlib import sha256
import pickle
import zlib
import os
import shutil
import time

import appdirs
from redis import Redis


try:
    from redis.exceptions import ConnectionError as RedisConnectionError
except ImportError:
    RedisConnectionError = BaseException


class MnBackend(MutableMapping):
    _raw = False
    _expire = None

    def _compress(self, value):
        if not self._raw:
            value = pickle.dumps(value)
        elif type(value) is not bytes:
            if type(value) is str:
                value = value.encode("utf-8")
            else:
                raise TypeError(type(value))

        return zlib.compress(value)

    def _decompress(self, value):
        value = zlib.decompress(value)

        if not self._raw:
            value = pickle.loads(value)

        return value

    def __init__(self, expire=None, raw=False):
        self._expire = expire
        self._raw = raw

    def __getitem__(self, key):
        pass

    def __setitem__(self, key, value):
        pass

    def __delitem__(self, key):
        pass

    def __iter__(self):
        raise NotImplementedError("No.")

    def __len__(self):
        pass

    @staticmethod
    def _hash(key):
        if type(key) is not str:
            key = str(key)
        return sha256(key.encode("utf-8")).hexdigest()

    def __enter__(self):
        return self

    def __exit__(self, t, value, traceback):
        pass


try:
    from redis import StrictRedis

    # noinspection PyAbstractClass
    class MnRedis(MnBackend):
        def __init__(self, host="localhost", port=6379, db=0, expire=None,
                     raw=False):
            super().__init__(expire=expire, raw=raw)
            self.d = Redis(host=host, port=port, db=db)

        def __getitem__(self, key):
            return self._decompress(self.d[self._hash(key)])

        def __setitem__(self, key, value):
            self.d[self._hash(key)] = self._compress(value)
  ...

--- Turn 12/15 ---

[ASSISTANT]:


```bash
sed -i 's/from collections import MutableMapping/from collections.abc import MutableMapping/' /usr/local/lib/python3.11/site-packages/mnemon/mnemon.py
```

[EXECUTING bash]:
sed -i 's/from collections import MutableMapping/from collections.abc import MutableMapping/' /usr/local/lib/python3.11/site-packages/mnemon/mnemon.py

[OUTPUT]:
[Command completed successfully with no output]

--- Turn 13/15 ---

[ASSISTANT]:


```bash
python -c "import mnemon; print(dir(mnemon))"
```

[EXECUTING bash]:
python -c "import mnemon; print(dir(mnemon))"

[OUTPUT]:
['__all__', '__builtins__', '__cached__', '__doc__', '__file__', '__loader__', '__name__', '__package__', '__path__', '__spec__', 'dec', 'mnc', 'mnd', 'mnemon']


--- Turn 14/15 ---

[ASSISTANT]:


```bash
python -c "from mnemon import mnc, mnd, mnemon; help(mnemon)"
```

[EXECUTING bash]:
python -c "from mnemon import mnc, mnd, mnemon; help(mnemon)"

[OUTPUT]:
Help on module mnemon.mnemon in mnemon:

NAME
    mnemon.mnemon

CLASSES
    collections.abc.MutableMapping(collections.abc.Mapping)
        MnBackend
            MnFile
            MnRedis
    
    class MnBackend(collections.abc.MutableMapping)
     |  MnBackend(expire=None, raw=False)
     |  
     |  Method resolution order:
     |      MnBackend
     |      collections.abc.MutableMapping
     |      collections.abc.Mapping
     |      collections.abc.Collection
     |      collections.abc.Sized
     |      collections.abc.Iterable
     |      collections.abc.Container
     |      builtins.object
     |  
     |  Methods defined here:
     |  
     |  __delitem__(self, key)
     |  
     |  __enter__(self)
     |  
     |  __exit__(self, t, value, traceback)
     |  
     |  __getitem__(self, key)
     |  
     |  __init__(self, expire=None, raw=False)
     |      Initialize self.  See help(type(self)) for accurate signature.
     |  
     |  __iter__(self)
     |  
     |  __len__(self)
     |  
     |  __setitem__(self, key, value)
     |  
     |  ----------------------------------------------------------------------
     |  Data descriptors defined here:
     |  
     |  __dict__
     |      dictionary for instance variables
     |  
     |  __weakref__
     |      list of weak references to the object
     |  
     |  ----------------------------------------------------------------------
     |  Data and other attributes defined here:
     |  
     |  __abstractmethods__ = frozenset()
     |  
     |  ----------------------------------------------------------------------
     |  Methods inherited from collections.abc.MutableMapping:
     |  
     |  clear(self)
     |      D.clear() -> None.  Remove all items from D.
     |  
     |  pop(self, key, default=<object object at 0x7fa882378160>)
     |      D.pop(k[,d]) -> v, remove specified key and return the corresponding value.
     |      If key is not found, d is returned if given, otherwise KeyError is ra...

--- Turn 15/15 ---

[ASSISTANT]:


```bash
python -c "from mnemon import mnc, mnd; print('mnc:', dir(mnc)); print('mnd:', dir(mnd))"
```

[EXECUTING bash]:
python -c "from mnemon import mnc, mnd; print('mnc:', dir(mnc)); print('mnd:', dir(mnd))"

[OUTPUT]:
mnc: ['__annotations__', '__builtins__', '__call__', '__class__', '__closure__', '__code__', '__defaults__', '__delattr__', '__dict__', '__dir__', '__doc__', '__eq__', '__format__', '__ge__', '__get__', '__getattribute__', '__getstate__', '__globals__', '__gt__', '__hash__', '__init__', '__init_subclass__', '__kwdefaults__', '__le__', '__lt__', '__module__', '__name__', '__ne__', '__new__', '__qualname__', '__reduce__', '__reduce_ex__', '__repr__', '__setattr__', '__sizeof__', '__str__', '__subclasshook__']
mnd: ['__annotations__', '__builtins__', '__call__', '__class__', '__closure__', '__code__', '__defaults__', '__delattr__', '__dict__', '__dir__', '__doc__', '__eq__', '__format__', '__ge__', '__get__', '__getattribute__', '__getstate__', '__globals__', '__gt__', '__hash__', '__init__', '__init_subclass__', '__kwdefaults__', '__le__', '__lt__', '__module__', '__name__', '__ne__', '__new__', '__qualname__', '__reduce__', '__reduce_ex__', '__repr__', '__setattr__', '__sizeof__', '__str__', '__subclasshook__']


⚠️ Agent reached max turns (15)

Conversation saved to results/repair_run_Qwen3.5-27B_20260413_064425/grivn-mnemon_create_easy_000/conversation.json

============================================================
Running evaluation...
============================================================

Results for grivn-mnemon_create_easy_000:
  Passed: False
  Score:  0.67
  Checks:
    ✅ input manifest exists: manifest found
    ✅ input files contain marker: all markers present
    ❌ mnemon config directory exists: .mnemon directory missing

Cleaning up container a931e459a2cd...
Container removed.

