Building Docker image...
Creating new container...
Container ready: 52056f7463e6
Workspace files: docs
gen_inputs.py
input
notes
output
setup.sh

============================================================
Starting agent interaction (Repair Mode)...
============================================================

============================================================
TASK: Create a concise context-management summary for the files in this workspace. The summary should identify the most important files, note any likely duplicates or redundant information, and recommend what a coding assistant should read first if it only had a small token budget. Save the final result to `output/summary.txt` and also create a machine-readable `output/summary.json` with the same key points.
============================================================


--- Turn 1/25 ---

[ASSISTANT]:


```bash
ls -la /workspace
```

[EXECUTING bash]:
ls -la /workspace

[OUTPUT]:
total 8
drwxr-xr-x 6 root  root   123 Apr 13 12:43 .
drwxr-xr-x 1 root  root    31 Apr 13 12:43 ..
drwxr-xr-x 2 root  root    30 Apr 13 12:43 docs
-rw-r--r-- 1 32113 42021 1302 Apr 12 11:26 gen_inputs.py
drwxr-xr-x 2 root  root    76 Apr 13 12:43 input
drwxr-xr-x 2 root  root    54 Apr 13 12:43 notes
drwxr-xr-x 2 root  root    10 Apr 13 12:43 output
-rwxr-xr-x 1 32113 42021   34 Apr 12 11:26 setup.sh


--- Turn 2/25 ---

[ASSISTANT]:


```bash
find /workspace -type f -exec echo "=== {} ===" \; -exec head -50 {} \;
```

[EXECUTING bash]:
find /workspace -type f -exec echo "=== {} ===" \; -exec head -50 {} \;

[OUTPUT]:
=== /workspace/gen_inputs.py ===
from pathlib import Path
import json
import random

random.seed(1337)
root = Path('.')
(root / 'input').mkdir(exist_ok=True)
(root / 'docs').mkdir(exist_ok=True)
(root / 'notes').mkdir(exist_ok=True)

files = {
    'input/README.md': '# Workspace Overview\n\nThis workspace contains a small set of documentation and notes.\n\nMarkers: ALPHA-README-91\n',
    'input/spec.txt': 'Primary spec:\n- focus on context efficiency\n- avoid redundant reads\n- prioritize high-signal files\nMarker: SPEC-MARK-204\n',
    'docs/guide.md': '# Guide\n\nUse the README first, then the spec. The guide repeats some guidance from spec.txt.\nMarker: GUIDE-MARK-517\n',
    'notes/todo.txt': 'TODO:\n- clean up duplicate guidance\n- write summary\nMarker: TODO-MARK-772\n',
    'notes/duplicate.md': 'This note repeats the same recommendation as guide.md and spec.txt: read the README first.\nMarker: DUP-MARK-118\n',
}

for rel, content in files.items():
    p = root / rel
    p.parent.mkdir(parents=True, exist_ok=True)
    p.write_text(content, encoding='utf-8')

metadata = {
    'seed': 1337,
    'files': sorted(files.keys()),
    'workspace_hint': 'Summarize the highest-signal files and note redundant content.',
}
(root / 'input' / 'metadata.json').write_text(json.dumps(metadata, indent=2), encoding='utf-8')
=== /workspace/input/README.md ===
# Workspace Overview

This workspace contains a small set of documentation and notes.

Markers: ALPHA-README-91
=== /workspace/input/spec.txt ===
Primary spec:
- focus on context efficiency
- avoid redundant reads
- prioritize high-signal files
Marker: SPEC-MARK-204
=== /workspace/input/metadata.json ===
{
  "seed": 1337,
  "files": [
    "docs/guide.md",
    "input/README.md",
    "input/spec.txt",
    "notes/duplicate.md",
    "notes/todo.txt"
  ],
  "workspace_hint": "Summarize the highest-signal files and note redundant content."
}=== /workspace/docs/guide.md ===
# Guide

Use the README first, then the spec. The guide ...

--- Turn 3/25 ---

[ASSISTANT]:


```bash
mkdir -p /workspace/output
```

[EXECUTING bash]:
mkdir -p /workspace/output

[OUTPUT]:
[Command completed successfully with no output]

--- Turn 4/25 ---

[ASSISTANT]:


```bash
cat > /workspace/output/summary.txt << 'EOF'
Context Management Summary
==========================

WORKSPACE OVERVIEW
------------------
This workspace contains documentation and notes about context efficiency.
Generated by gen_inputs.py with seed 1337.

MOST IMPORTANT FILES (read in order):
1. input/README.md - Primary workspace overview (highest signal)
2. input/spec.txt - Core specification with key guidance on context efficiency

REDUNDANT / LOW-PRIORITY FILES:
- docs/guide.md - Repeats guidance from spec.txt
- notes/duplicate.md - Explicitly duplicates README recommendation
- notes/todo.txt - Task list, low signal for understanding context
- input/metadata.json - Technical metadata, optional

DUPLICATE INFORMATION:
Both docs/guide.md and notes/duplicate.md repeat the same recommendation
as input/spec.txt: "read the README first, then the spec."

RECOMMENDATION FOR SMALL TOKEN BUDGET:
Read only:
1. input/README.md (5 lines)
2. input/spec.txt (5 lines)

These two files (~...

[EXECUTING bash]:
cat > /workspace/output/summary.txt << 'EOF'
Context Management Summary
==========================

WORKSPACE OVERVIEW
------------------
This workspace contains documentation and notes about context efficiency.
Generated by gen_inputs.py with seed 1337.

MOST IMPORTANT FILES (read in order):
1. input/README.md - Primary workspace overview (highest signal)
2. input/spec.txt - Core specification with key guidance on context efficiency

REDUNDANT / LOW-PRIORITY FILES:
- docs/guide.md - Repeats guidance from spec.txt
- notes/duplicate.md - Explicitly duplicates README recommendation
- notes/todo.txt - Task list, low signal for understanding context
- input/metadata.json - Technical metadata, optional

DUPLICATE INFORMATION:
Both docs/guide.md and notes/duplicate.md repeat the same recommendation
as input/spec.txt: "read the README first, then the spec."

RECOMMENDATION FOR SMALL TOKEN BUDGET:
Read only:
1. input/README.md (5 lines)
2. input/spec.txt (5 lines)

These two files (~10 lines total) contain all unique, high-signal information.
Skip docs/guide.md, notes/duplicate.md, and notes/todo.txt to avoid redundancy.
EOF

[OUTPUT]:
[Command completed successfully with no output]

--- Turn 5/25 ---

[ASSISTANT]:


```bash
cat > /workspace/output/summary.json << 'EOF'
{
  "workspace_overview": "Documentation and notes about context efficiency, generated by gen_inputs.py with seed 1337.",
  "most_important_files": [
    {
      "path": "input/README.md",
      "reason": "Primary workspace overview, highest signal",
      "priority": 1
    },
    {
      "path": "input/spec.txt",
      "reason": "Core specification with key guidance on context efficiency",
      "priority": 2
    }
  ],
  "redundant_files": [
    {
      "path": "docs/guide.md",
      "reason": "Repeats guidance from spec.txt"
    },
    {
      "path": "notes/duplicate.md",
      "reason": "Explicitly duplicates README recommendation"
    },
    {
      "path": "notes/todo.txt",
      "reason": "Task list, low signal for understanding context"
    },
    {
      "path": "input/metadata.json",
      "reason": "Technical metadata, optional"
    }
  ],
  "duplicate_information": [
    "docs/guide.md and notes/duplicate.md both repe...

[EXECUTING bash]:
cat > /workspace/output/summary.json << 'EOF'
{
  "workspace_overview": "Documentation and notes about context efficiency, generated by gen_inputs.py with seed 1337.",
  "most_important_files": [
    {
      "path": "input/README.md",
      "reason": "Primary workspace overview, highest signal",
      "priority": 1
    },
    {
      "path": "input/spec.txt",
      "reason": "Core specification with key guidance on context efficiency",
      "priority": 2
    }
  ],
  "redundant_files": [
    {
      "path": "docs/guide.md",
      "reason": "Repeats guidance from spec.txt"
    },
    {
      "path": "notes/duplicate.md",
      "reason": "Explicitly duplicates README recommendation"
    },
    {
      "path": "notes/todo.txt",
      "reason": "Task list, low signal for understanding context"
    },
    {
      "path": "input/metadata.json",
      "reason": "Technical metadata, optional"
    }
  ],
  "duplicate_information": [
    "docs/guide.md and notes/duplicate.md both repeat the recommendation from input/spec.txt: 'read the README first, then the spec'"
  ],
  "small_token_budget_recommendation": {
    "files_to_read": ["input/README.md", "input/spec.txt"],
    "estimated_lines": 10,
    "rationale": "These two files contain all unique, high-signal information. Skip docs/guide.md, notes/duplicate.md, and notes/todo.txt to avoid redundancy."
  }
}
EOF

[OUTPUT]:
[Command completed successfully with no output]

--- Turn 6/25 ---

[ASSISTANT]:


```bash
ls -la /workspace/output/ && echo "=== summary.txt ===" && cat /workspace/output/summary.txt && echo "=== summary.json ===" && cat /workspace/output/summary.json
```

[EXECUTING bash]:
ls -la /workspace/output/ && echo "=== summary.txt ===" && cat /workspace/output/summary.txt && echo "=== summary.json ===" && cat /workspace/output/summary.json

[OUTPUT]:
total 8
drwxr-xr-x 2 root root   57 Apr 13 12:43 .
drwxr-xr-x 6 root root  123 Apr 13 12:43 ..
-rw-r--r-- 1 root root 1326 Apr 13 12:43 summary.json
-rw-r--r-- 1 root root 1086 Apr 13 12:43 summary.txt
=== summary.txt ===
Context Management Summary
==========================

WORKSPACE OVERVIEW
------------------
This workspace contains documentation and notes about context efficiency.
Generated by gen_inputs.py with seed 1337.

MOST IMPORTANT FILES (read in order):
1. input/README.md - Primary workspace overview (highest signal)
2. input/spec.txt - Core specification with key guidance on context efficiency

REDUNDANT / LOW-PRIORITY FILES:
- docs/guide.md - Repeats guidance from spec.txt
- notes/duplicate.md - Explicitly duplicates README recommendation
- notes/todo.txt - Task list, low signal for understanding context
- input/metadata.json - Technical metadata, optional

DUPLICATE INFORMATION:
Both docs/guide.md and notes/duplicate.md repeat the same recommendation
as input/spec.txt: "read the README first, then the spec."

RECOMMENDATION FOR SMALL TOKEN BUDGET:
Read only:
1. input/README.md (5 lines)
2. input/spec.txt (5 lines)

These two files (~10 lines total) contain all unique, high-signal information.
Skip docs/guide.md, notes/duplicate.md, and notes/todo.txt to avoid redundancy.
=== summary.json ===
{
  "workspace_overview": "Documentation and notes about context efficiency, generated by gen_inputs.py with seed 1337.",
  "most_important_files": [
    {
      "path": "input/README.md",
      "reason": "Primary workspace overview, highest signal",
      "priority": 1
    },
    {
      "path": "input/spec.txt",
      "reason": "Core specification with key guidance on context efficiency",
      "priority": 2
    }
  ],
  "redundant_files": [
    {
      "path": "docs/guide.md",
      "reason": "Repeats guidance from spec.txt"
    },
    {
      "path": "notes/duplicate.md",
      "reason": "Explicitly duplicates README recommendation"
    },
    {
      "path":...

--- Turn 7/25 ---

[ASSISTANT]:


TASK_COMPLETE

✅ Agent reported TASK_COMPLETE

Conversation saved to results/repair_run_Qwen3.5-27B_20260413_204325/joe3112-smart-context_create_medium_003/conversation.json

============================================================
Running evaluation...
============================================================

Results for joe3112-smart-context_create_medium_003:
  Passed: False
  Score:  0.75
  Checks:
    ✅ summary_txt_exists: summary.txt exists and is non-empty
    ✅ summary_content: mentions README/spec/duplicate/token/first
    ❌ summary_json_schema: summary.json content did not match expectations
    ✅ concise_output: text length=154 words; json present=True

Cleaning up container 52056f7463e6...
Container removed.

