Building Docker image...
Creating new container...
Container ready: 9ccde559c44e
Workspace files: docs
gen_inputs.py
input
notes
output
setup.sh

============================================================
Starting agent interaction (Repair Mode)...
============================================================

============================================================
TASK: Create a concise context-management summary for the files in this workspace. The summary should identify the most important files, note any likely duplicates or redundant information, and recommend what a coding assistant should read first if it only had a small token budget. Save the final result to `output/summary.txt` and also create a machine-readable `output/summary.json` with the same key points.
============================================================


--- Turn 1/25 ---

[ASSISTANT]:


```bash
ls -la /workspace
```

[EXECUTING bash]:
ls -la /workspace

[OUTPUT]:
total 8
drwxr-xr-x 6 root  root   123 Apr 13 12:40 .
drwxr-xr-x 1 root  root    31 Apr 13 12:40 ..
drwxr-xr-x 2 root  root    30 Apr 13 12:40 docs
-rw-r--r-- 1 32113 42021 1302 Apr 12 11:26 gen_inputs.py
drwxr-xr-x 2 root  root    76 Apr 13 12:40 input
drwxr-xr-x 2 root  root    54 Apr 13 12:40 notes
drwxr-xr-x 2 root  root    10 Apr 13 12:40 output
-rwxr-xr-x 1 32113 42021   34 Apr 12 11:26 setup.sh


--- Turn 2/25 ---

[ASSISTANT]:


```bash
find /workspace -type f -exec ls -la {} \;
```

[EXECUTING bash]:
find /workspace -type f -exec ls -la {} \;

[OUTPUT]:
-rw-r--r-- 1 32113 42021 1302 Apr 12 11:26 /workspace/gen_inputs.py
-rw-r--r-- 1 root root 112 Apr 13 12:40 /workspace/input/README.md
-rw-r--r-- 1 root root 121 Apr 13 12:40 /workspace/input/spec.txt
-rw-r--r-- 1 root root 235 Apr 13 12:40 /workspace/input/metadata.json
-rw-r--r-- 1 root root 116 Apr 13 12:40 /workspace/docs/guide.md
-rw-r--r-- 1 root root 74 Apr 13 12:40 /workspace/notes/todo.txt
-rw-r--r-- 1 root root 112 Apr 13 12:40 /workspace/notes/duplicate.md
-rwxr-xr-x 1 32113 42021 34 Apr 12 11:26 /workspace/setup.sh


--- Turn 3/25 ---

[ASSISTANT]:


```bash
cat /workspace/gen_inputs.py
```

[EXECUTING bash]:
cat /workspace/gen_inputs.py

[OUTPUT]:
from pathlib import Path
import json
import random

random.seed(1337)
root = Path('.')
(root / 'input').mkdir(exist_ok=True)
(root / 'docs').mkdir(exist_ok=True)
(root / 'notes').mkdir(exist_ok=True)

files = {
    'input/README.md': '# Workspace Overview\n\nThis workspace contains a small set of documentation and notes.\n\nMarkers: ALPHA-README-91\n',
    'input/spec.txt': 'Primary spec:\n- focus on context efficiency\n- avoid redundant reads\n- prioritize high-signal files\nMarker: SPEC-MARK-204\n',
    'docs/guide.md': '# Guide\n\nUse the README first, then the spec. The guide repeats some guidance from spec.txt.\nMarker: GUIDE-MARK-517\n',
    'notes/todo.txt': 'TODO:\n- clean up duplicate guidance\n- write summary\nMarker: TODO-MARK-772\n',
    'notes/duplicate.md': 'This note repeats the same recommendation as guide.md and spec.txt: read the README first.\nMarker: DUP-MARK-118\n',
}

for rel, content in files.items():
    p = root / rel
    p.parent.mkdir(parents=True, exist_ok=True)
    p.write_text(content, encoding='utf-8')

metadata = {
    'seed': 1337,
    'files': sorted(files.keys()),
    'workspace_hint': 'Summarize the highest-signal files and note redundant content.',
}
(root / 'input' / 'metadata.json').write_text(json.dumps(metadata, indent=2), encoding='utf-8')


--- Turn 4/25 ---

[ASSISTANT]:


```bash
cat /workspace/input/README.md
```

[EXECUTING bash]:
cat /workspace/input/README.md

[OUTPUT]:
# Workspace Overview

This workspace contains a small set of documentation and notes.

Markers: ALPHA-README-91


--- Turn 5/25 ---

[ASSISTANT]:


```bash
cat /workspace/input/spec.txt
```

[EXECUTING bash]:
cat /workspace/input/spec.txt

[OUTPUT]:
Primary spec:
- focus on context efficiency
- avoid redundant reads
- prioritize high-signal files
Marker: SPEC-MARK-204


--- Turn 6/25 ---

[ASSISTANT]:


```bash
cat /workspace/docs/guide.md
```

[EXECUTING bash]:
cat /workspace/docs/guide.md

[OUTPUT]:
# Guide

Use the README first, then the spec. The guide repeats some guidance from spec.txt.
Marker: GUIDE-MARK-517


--- Turn 7/25 ---

[ASSISTANT]:


```bash
cat /workspace/input/metadata.json
```

[EXECUTING bash]:
cat /workspace/input/metadata.json

[OUTPUT]:
{
  "seed": 1337,
  "files": [
    "docs/guide.md",
    "input/README.md",
    "input/spec.txt",
    "notes/duplicate.md",
    "notes/todo.txt"
  ],
  "workspace_hint": "Summarize the highest-signal files and note redundant content."
}

--- Turn 8/25 ---

[ASSISTANT]:


```bash
cat /workspace/notes/todo.txt && cat /workspace/notes/duplicate.md && cat /workspace/setup.sh
```

[EXECUTING bash]:
cat /workspace/notes/todo.txt && cat /workspace/notes/duplicate.md && cat /workspace/setup.sh

[OUTPUT]:
TODO:
- clean up duplicate guidance
- write summary
Marker: TODO-MARK-772
This note repeats the same recommendation as guide.md and spec.txt: read the README first.
Marker: DUP-MARK-118
#!/bin/bash
set -e
mkdir -p output

--- Turn 9/25 ---

[ASSISTANT]:


Now I have a complete understanding of the workspace. Let me create the summary files.

```bash
mkdir -p /workspace/output
```

[EXECUTING bash]:
mkdir -p /workspace/output

[OUTPUT]:
[Command completed successfully with no output]

--- Turn 10/25 ---

[ASSISTANT]:


```bash
cat > /workspace/output/summary.txt << 'EOF'
Context Management Summary
==========================

MOST IMPORTANT FILES (read first if token budget is limited):
1. input/README.md - Workspace overview and entry point
2. input/spec.txt - Primary specifications with core guidance

REDUNDANT / DUPLICATE CONTENT:
- docs/guide.md - Repeats guidance from spec.txt; explicitly states it does so
- notes/duplicate.md - Repeats the same recommendation (read README first) as guide.md and spec.txt

LOW PRIORITY FILES:
- notes/todo.txt - Task list, meta-information only
- setup.sh - Simple bash script to create output directory
- gen_inputs.py - Code generation script (generates the workspace files)
- input/metadata.json - Machine-readable file listing (reference only)

RECOMMENDED READING ORDER (small token budget):
1. input/README.md (essential context)
2. input/spec.txt (core specifications)
3. Skip docs/guide.md and notes/duplicate.md (redundant)

KEY INSIGHT:
The workspace is intenti...

[EXECUTING bash]:
cat > /workspace/output/summary.txt << 'EOF'
Context Management Summary
==========================

MOST IMPORTANT FILES (read first if token budget is limited):
1. input/README.md - Workspace overview and entry point
2. input/spec.txt - Primary specifications with core guidance

REDUNDANT / DUPLICATE CONTENT:
- docs/guide.md - Repeats guidance from spec.txt; explicitly states it does so
- notes/duplicate.md - Repeats the same recommendation (read README first) as guide.md and spec.txt

LOW PRIORITY FILES:
- notes/todo.txt - Task list, meta-information only
- setup.sh - Simple bash script to create output directory
- gen_inputs.py - Code generation script (generates the workspace files)
- input/metadata.json - Machine-readable file listing (reference only)

RECOMMENDED READING ORDER (small token budget):
1. input/README.md (essential context)
2. input/spec.txt (core specifications)
3. Skip docs/guide.md and notes/duplicate.md (redundant)

KEY INSIGHT:
The workspace is intentionally designed to test context efficiency.
Multiple files (guide.md, duplicate.md, spec.txt) contain overlapping
recommendations. A coding assistant should prioritize README.md and
spec.txt, then skip redundant documentation.
EOF

[OUTPUT]:
[Command completed successfully with no output]

--- Turn 11/25 ---

[ASSISTANT]:


```bash
cat > /workspace/output/summary.json << 'EOF'
{
  "most_important_files": [
    {
      "path": "input/README.md",
      "reason": "Workspace overview and primary entry point",
      "priority": 1
    },
    {
      "path": "input/spec.txt",
      "reason": "Primary specifications with core guidance",
      "priority": 2
    }
  ],
  "redundant_files": [
    {
      "path": "docs/guide.md",
      "reason": "Repeats guidance from spec.txt; explicitly acknowledges redundancy"
    },
    {
      "path": "notes/duplicate.md",
      "reason": "Repeats same recommendation (read README first) as guide.md and spec.txt"
    }
  ],
  "low_priority_files": [
    {
      "path": "notes/todo.txt",
      "reason": "Task list, meta-information only"
    },
    {
      "path": "setup.sh",
      "reason": "Simple bash script to create output directory"
    },
    {
      "path": "gen_inputs.py",
      "reason": "Code generation script that creates workspace files"
    },
    {
      "path": "...

[EXECUTING bash]:
cat > /workspace/output/summary.json << 'EOF'
{
  "most_important_files": [
    {
      "path": "input/README.md",
      "reason": "Workspace overview and primary entry point",
      "priority": 1
    },
    {
      "path": "input/spec.txt",
      "reason": "Primary specifications with core guidance",
      "priority": 2
    }
  ],
  "redundant_files": [
    {
      "path": "docs/guide.md",
      "reason": "Repeats guidance from spec.txt; explicitly acknowledges redundancy"
    },
    {
      "path": "notes/duplicate.md",
      "reason": "Repeats same recommendation (read README first) as guide.md and spec.txt"
    }
  ],
  "low_priority_files": [
    {
      "path": "notes/todo.txt",
      "reason": "Task list, meta-information only"
    },
    {
      "path": "setup.sh",
      "reason": "Simple bash script to create output directory"
    },
    {
      "path": "gen_inputs.py",
      "reason": "Code generation script that creates workspace files"
    },
    {
      "path": "input/metadata.json",
      "reason": "Machine-readable file listing, reference only"
    }
  ],
  "recommended_reading_order": [
    "input/README.md",
    "input/spec.txt"
  ],
  "files_to_skip_if_budget_limited": [
    "docs/guide.md",
    "notes/duplicate.md"
  ],
  "key_insight": "Workspace is designed to test context efficiency. Multiple files contain overlapping recommendations. Prioritize README.md and spec.txt, skip redundant documentation."
}
EOF

[OUTPUT]:
[Command completed successfully with no output]

--- Turn 12/25 ---

[ASSISTANT]:


```bash
cat /workspace/output/summary.txt && echo "---" && cat /workspace/output/summary.json
```

[EXECUTING bash]:
cat /workspace/output/summary.txt && echo "---" && cat /workspace/output/summary.json

[OUTPUT]:
Context Management Summary
==========================

MOST IMPORTANT FILES (read first if token budget is limited):
1. input/README.md - Workspace overview and entry point
2. input/spec.txt - Primary specifications with core guidance

REDUNDANT / DUPLICATE CONTENT:
- docs/guide.md - Repeats guidance from spec.txt; explicitly states it does so
- notes/duplicate.md - Repeats the same recommendation (read README first) as guide.md and spec.txt

LOW PRIORITY FILES:
- notes/todo.txt - Task list, meta-information only
- setup.sh - Simple bash script to create output directory
- gen_inputs.py - Code generation script (generates the workspace files)
- input/metadata.json - Machine-readable file listing (reference only)

RECOMMENDED READING ORDER (small token budget):
1. input/README.md (essential context)
2. input/spec.txt (core specifications)
3. Skip docs/guide.md and notes/duplicate.md (redundant)

KEY INSIGHT:
The workspace is intentionally designed to test context efficiency.
Multiple files (guide.md, duplicate.md, spec.txt) contain overlapping
recommendations. A coding assistant should prioritize README.md and
spec.txt, then skip redundant documentation.
---
{
  "most_important_files": [
    {
      "path": "input/README.md",
      "reason": "Workspace overview and primary entry point",
      "priority": 1
    },
    {
      "path": "input/spec.txt",
      "reason": "Primary specifications with core guidance",
      "priority": 2
    }
  ],
  "redundant_files": [
    {
      "path": "docs/guide.md",
      "reason": "Repeats guidance from spec.txt; explicitly acknowledges redundancy"
    },
    {
      "path": "notes/duplicate.md",
      "reason": "Repeats same recommendation (read README first) as guide.md and spec.txt"
    }
  ],
  "low_priority_files": [
    {
      "path": "notes/todo.txt",
      "reason": "Task list, meta-information only"
    },
    {
      "path": "setup.sh",
      "reason": "Simple bash script to create output directory"
    },
    {
      "pa...

--- Turn 13/25 ---

[ASSISTANT]:


TASK_COMPLETE

✅ Agent reported TASK_COMPLETE

Conversation saved to results/repair_run_Qwen3.5-27B_20260413_204038/joe3112-smart-context_create_medium_003/conversation.json

============================================================
Running evaluation...
============================================================

Results for joe3112-smart-context_create_medium_003:
  Passed: False
  Score:  0.75
  Checks:
    ✅ summary_txt_exists: summary.txt exists and is non-empty
    ✅ summary_content: mentions README/spec/duplicate/token/first
    ❌ summary_json_schema: summary.json content did not match expectations
    ✅ concise_output: text length=166 words; json present=True

Cleaning up container 9ccde559c44e...
Container removed.

