Building Docker image...
Creating new container...
Container ready: 3153810f3078
Workspace files: docs
gen_inputs.py
input
notes
output
setup.sh

============================================================
Starting agent interaction (Repair Mode)...
============================================================

============================================================
TASK: Create a concise context-management summary for the files in this workspace. The summary should identify the most important files, note any likely duplicates or redundant information, and recommend what a coding assistant should read first if it only had a small token budget. Save the final result to `output/summary.txt` and also create a machine-readable `output/summary.json` with the same key points.
============================================================


--- Turn 1/25 ---

[ASSISTANT]:


```bash
ls -la /workspace
```

[EXECUTING bash]:
ls -la /workspace

[OUTPUT]:
total 8
drwxr-xr-x 6 root  root   123 Apr 13 12:39 .
drwxr-xr-x 1 root  root    31 Apr 13 12:39 ..
drwxr-xr-x 2 root  root    30 Apr 13 12:39 docs
-rw-r--r-- 1 32113 42021 1302 Apr 12 11:26 gen_inputs.py
drwxr-xr-x 2 root  root    76 Apr 13 12:39 input
drwxr-xr-x 2 root  root    54 Apr 13 12:39 notes
drwxr-xr-x 2 root  root    10 Apr 13 12:39 output
-rwxr-xr-x 1 32113 42021   34 Apr 12 11:26 setup.sh


--- Turn 2/25 ---

[ASSISTANT]:


```bash
find /workspace -type f -exec ls -la {} \;
```

[EXECUTING bash]:
find /workspace -type f -exec ls -la {} \;

[OUTPUT]:
-rw-r--r-- 1 32113 42021 1302 Apr 12 11:26 /workspace/gen_inputs.py
-rw-r--r-- 1 root root 112 Apr 13 12:39 /workspace/input/README.md
-rw-r--r-- 1 root root 121 Apr 13 12:39 /workspace/input/spec.txt
-rw-r--r-- 1 root root 235 Apr 13 12:39 /workspace/input/metadata.json
-rw-r--r-- 1 root root 116 Apr 13 12:39 /workspace/docs/guide.md
-rw-r--r-- 1 root root 74 Apr 13 12:39 /workspace/notes/todo.txt
-rw-r--r-- 1 root root 112 Apr 13 12:39 /workspace/notes/duplicate.md
-rwxr-xr-x 1 32113 42021 34 Apr 12 11:26 /workspace/setup.sh


--- Turn 3/25 ---

[ASSISTANT]:


```bash
cat /workspace/gen_inputs.py
```

[EXECUTING bash]:
cat /workspace/gen_inputs.py

[OUTPUT]:
from pathlib import Path
import json
import random

random.seed(1337)
root = Path('.')
(root / 'input').mkdir(exist_ok=True)
(root / 'docs').mkdir(exist_ok=True)
(root / 'notes').mkdir(exist_ok=True)

files = {
    'input/README.md': '# Workspace Overview\n\nThis workspace contains a small set of documentation and notes.\n\nMarkers: ALPHA-README-91\n',
    'input/spec.txt': 'Primary spec:\n- focus on context efficiency\n- avoid redundant reads\n- prioritize high-signal files\nMarker: SPEC-MARK-204\n',
    'docs/guide.md': '# Guide\n\nUse the README first, then the spec. The guide repeats some guidance from spec.txt.\nMarker: GUIDE-MARK-517\n',
    'notes/todo.txt': 'TODO:\n- clean up duplicate guidance\n- write summary\nMarker: TODO-MARK-772\n',
    'notes/duplicate.md': 'This note repeats the same recommendation as guide.md and spec.txt: read the README first.\nMarker: DUP-MARK-118\n',
}

for rel, content in files.items():
    p = root / rel
    p.parent.mkdir(parents=True, exist_ok=True)
    p.write_text(content, encoding='utf-8')

metadata = {
    'seed': 1337,
    'files': sorted(files.keys()),
    'workspace_hint': 'Summarize the highest-signal files and note redundant content.',
}
(root / 'input' / 'metadata.json').write_text(json.dumps(metadata, indent=2), encoding='utf-8')


--- Turn 4/25 ---

[ASSISTANT]:


```bash
cat /workspace/input/README.md
```

[EXECUTING bash]:
cat /workspace/input/README.md

[OUTPUT]:
# Workspace Overview

This workspace contains a small set of documentation and notes.

Markers: ALPHA-README-91


--- Turn 5/25 ---

[ASSISTANT]:


```bash
cat /workspace/input/spec.txt
```

[EXECUTING bash]:
cat /workspace/input/spec.txt

[OUTPUT]:
Primary spec:
- focus on context efficiency
- avoid redundant reads
- prioritize high-signal files
Marker: SPEC-MARK-204


--- Turn 6/25 ---

[ASSISTANT]:


```bash
cat /workspace/docs/guide.md
```

[EXECUTING bash]:
cat /workspace/docs/guide.md

[OUTPUT]:
# Guide

Use the README first, then the spec. The guide repeats some guidance from spec.txt.
Marker: GUIDE-MARK-517


--- Turn 7/25 ---

[ASSISTANT]:


```bash
cat /workspace/notes/todo.txt
```

[EXECUTING bash]:
cat /workspace/notes/todo.txt

[OUTPUT]:
TODO:
- clean up duplicate guidance
- write summary
Marker: TODO-MARK-772


--- Turn 8/25 ---

[ASSISTANT]:


```bash
cat /workspace/notes/duplicate.md
```

[EXECUTING bash]:
cat /workspace/notes/duplicate.md

[OUTPUT]:
This note repeats the same recommendation as guide.md and spec.txt: read the README first.
Marker: DUP-MARK-118


--- Turn 9/25 ---

[ASSISTANT]:


```bash
mkdir -p /workspace/output
```

[EXECUTING bash]:
mkdir -p /workspace/output

[OUTPUT]:
[Command completed successfully with no output]

--- Turn 10/25 ---

[ASSISTANT]:


Now I have a complete picture of the workspace. Let me create the summary files.

```bash
cat > /workspace/output/summary.txt << 'EOF'
CONTEXT MANAGEMENT SUMMARY
==========================

WORKSPACE OVERVIEW
------------------
This workspace contains documentation and notes files, all generated by gen_inputs.py.

MOST IMPORTANT FILES (read in order)
------------------------------------
1. input/README.md - Main workspace overview, entry point for understanding the project
2. input/spec.txt - Primary specification with core guidance on context efficiency
3. gen_inputs.py - Script that generated all files; reveals the structure and intent

LIKELY DUPLICATES / REDUNDANT INFORMATION
-----------------------------------------
- docs/guide.md: Explicitly states it "repeats some guidance from spec.txt"
- notes/duplicate.md: Explicitly states it "repeats the same recommendation as guide.md and spec.txt"

These two files contain overlapping guidance that can be safely skipped if token budget ...

[EXECUTING bash]:
cat > /workspace/output/summary.txt << 'EOF'
CONTEXT MANAGEMENT SUMMARY
==========================

WORKSPACE OVERVIEW
------------------
This workspace contains documentation and notes files, all generated by gen_inputs.py.

MOST IMPORTANT FILES (read in order)
------------------------------------
1. input/README.md - Main workspace overview, entry point for understanding the project
2. input/spec.txt - Primary specification with core guidance on context efficiency
3. gen_inputs.py - Script that generated all files; reveals the structure and intent

LIKELY DUPLICATES / REDUNDANT INFORMATION
-----------------------------------------
- docs/guide.md: Explicitly states it "repeats some guidance from spec.txt"
- notes/duplicate.md: Explicitly states it "repeats the same recommendation as guide.md and spec.txt"

These two files contain overlapping guidance that can be safely skipped if token budget is limited.

LOW-PRIORITY FILES
------------------
- notes/todo.txt: Simple task list with low signal for understanding the project
- setup.sh: Very small (34 bytes), likely a placeholder
- input/metadata.json: Metadata about file generation, useful for debugging but not core content

RECOMMENDED READING ORDER (small token budget)
----------------------------------------------
1. input/README.md (high signal, entry point)
2. input/spec.txt (core specifications)
3. gen_inputs.py (understand file generation logic)

SKIP IF BUDGET IS TIGHT:
- docs/guide.md (redundant with spec.txt)
- notes/duplicate.md (explicitly redundant)
- notes/todo.txt (low signal)
- input/metadata.json (metadata only)
- setup.sh (minimal content)
EOF

[OUTPUT]:
[Command completed successfully with no output]

--- Turn 11/25 ---

[ASSISTANT]:


```bash
cat > /workspace/output/summary.json << 'EOF'
{
  "workspace_overview": "Small documentation workspace with README, spec, and notes files. All content files generated by gen_inputs.py.",
  "most_important_files": [
    {
      "path": "input/README.md",
      "reason": "Main workspace overview, primary entry point"
    },
    {
      "path": "input/spec.txt",
      "reason": "Core specification with context efficiency guidance"
    },
    {
      "path": "gen_inputs.py",
      "reason": "Generation script reveals structure and intent"
    }
  ],
  "duplicates_or_redundant": [
    {
      "path": "docs/guide.md",
      "reason": "Explicitly repeats guidance from spec.txt"
    },
    {
      "path": "notes/duplicate.md",
      "reason": "Explicitly repeats recommendations from guide.md and spec.txt"
    }
  ],
  "low_priority_files": [
    {
      "path": "notes/todo.txt",
      "reason": "Simple task list, low signal"
    },
    {
      "path": "setup.sh",
      "reason": "Min...

[EXECUTING bash]:
cat > /workspace/output/summary.json << 'EOF'
{
  "workspace_overview": "Small documentation workspace with README, spec, and notes files. All content files generated by gen_inputs.py.",
  "most_important_files": [
    {
      "path": "input/README.md",
      "reason": "Main workspace overview, primary entry point"
    },
    {
      "path": "input/spec.txt",
      "reason": "Core specification with context efficiency guidance"
    },
    {
      "path": "gen_inputs.py",
      "reason": "Generation script reveals structure and intent"
    }
  ],
  "duplicates_or_redundant": [
    {
      "path": "docs/guide.md",
      "reason": "Explicitly repeats guidance from spec.txt"
    },
    {
      "path": "notes/duplicate.md",
      "reason": "Explicitly repeats recommendations from guide.md and spec.txt"
    }
  ],
  "low_priority_files": [
    {
      "path": "notes/todo.txt",
      "reason": "Simple task list, low signal"
    },
    {
      "path": "setup.sh",
      "reason": "Minimal content (34 bytes)"
    },
    {
      "path": "input/metadata.json",
      "reason": "Metadata about generation, not core content"
    }
  ],
  "recommended_reading_order": [
    "input/README.md",
    "input/spec.txt",
    "gen_inputs.py"
  ],
  "skip_if_budget_tight": [
    "docs/guide.md",
    "notes/duplicate.md",
    "notes/todo.txt",
    "input/metadata.json",
    "setup.sh"
  ]
}
EOF

[OUTPUT]:
[Command completed successfully with no output]

--- Turn 12/25 ---

[ASSISTANT]:


```bash
ls -la /workspace/output/ && echo "--- summary.txt ---" && cat /workspace/output/summary.txt && echo "--- summary.json ---" && cat /workspace/output/summary.json
```

[EXECUTING bash]:
ls -la /workspace/output/ && echo "--- summary.txt ---" && cat /workspace/output/summary.txt && echo "--- summary.json ---" && cat /workspace/output/summary.json

[OUTPUT]:
total 8
drwxr-xr-x 2 root root   57 Apr 13 12:39 .
drwxr-xr-x 6 root root  123 Apr 13 12:39 ..
-rw-r--r-- 1 root root 1340 Apr 13 12:39 summary.json
-rw-r--r-- 1 root root 1590 Apr 13 12:39 summary.txt
--- summary.txt ---
CONTEXT MANAGEMENT SUMMARY
==========================

WORKSPACE OVERVIEW
------------------
This workspace contains documentation and notes files, all generated by gen_inputs.py.

MOST IMPORTANT FILES (read in order)
------------------------------------
1. input/README.md - Main workspace overview, entry point for understanding the project
2. input/spec.txt - Primary specification with core guidance on context efficiency
3. gen_inputs.py - Script that generated all files; reveals the structure and intent

LIKELY DUPLICATES / REDUNDANT INFORMATION
-----------------------------------------
- docs/guide.md: Explicitly states it "repeats some guidance from spec.txt"
- notes/duplicate.md: Explicitly states it "repeats the same recommendation as guide.md and spec.txt"

These two files contain overlapping guidance that can be safely skipped if token budget is limited.

LOW-PRIORITY FILES
------------------
- notes/todo.txt: Simple task list with low signal for understanding the project
- setup.sh: Very small (34 bytes), likely a placeholder
- input/metadata.json: Metadata about file generation, useful for debugging but not core content

RECOMMENDED READING ORDER (small token budget)
----------------------------------------------
1. input/README.md (high signal, entry point)
2. input/spec.txt (core specifications)
3. gen_inputs.py (understand file generation logic)

SKIP IF BUDGET IS TIGHT:
- docs/guide.md (redundant with spec.txt)
- notes/duplicate.md (explicitly redundant)
- notes/todo.txt (low signal)
- input/metadata.json (metadata only)
- setup.sh (minimal content)
--- summary.json ---
{
  "workspace_overview": "Small documentation workspace with README, spec, and notes files. All content files generated by gen_inputs.py.",
  "most_important_files": ...

--- Turn 13/25 ---

[ASSISTANT]:


TASK_COMPLETE

✅ Agent reported TASK_COMPLETE

Conversation saved to results/repair_run_Qwen3.5-27B_20260413_203916/joe3112-smart-context_create_medium_003/conversation.json

============================================================
Running evaluation...
============================================================

Results for joe3112-smart-context_create_medium_003:
  Passed: False
  Score:  0.50
  Checks:
    ✅ summary_txt_exists: summary.txt exists and is non-empty
    ❌ summary_content: missing one or more key concepts
    ❌ summary_json_schema: summary.json content did not match expectations
    ✅ concise_output: text length=209 words; json present=True

Cleaning up container 3153810f3078...
Container removed.

