Building Docker image...
Creating new container...
Container ready: 63b4e559466f
Workspace files: docs
gen_inputs.py
input
notes
output
setup.sh

============================================================
Starting agent interaction (Repair Mode)...
============================================================

============================================================
TASK: Create a concise context-management summary for the files in this workspace. The summary should identify the most important files, note any likely duplicates or redundant information, and recommend what a coding assistant should read first if it only had a small token budget. Save the final result to `output/summary.txt` and also create a machine-readable `output/summary.json` with the same key points.
============================================================


--- Turn 1/25 ---

[ASSISTANT]:


```bash
ls -la /workspace
```

[EXECUTING bash]:
ls -la /workspace

[OUTPUT]:
total 8
drwxr-xr-x 6 root  root   123 Apr 13 12:42 .
drwxr-xr-x 1 root  root    31 Apr 13 12:42 ..
drwxr-xr-x 2 root  root    30 Apr 13 12:42 docs
-rw-r--r-- 1 32113 42021 1302 Apr 12 11:26 gen_inputs.py
drwxr-xr-x 2 root  root    76 Apr 13 12:42 input
drwxr-xr-x 2 root  root    54 Apr 13 12:42 notes
drwxr-xr-x 2 root  root    10 Apr 13 12:42 output
-rwxr-xr-x 1 32113 42021   34 Apr 12 11:26 setup.sh


--- Turn 2/25 ---

[ASSISTANT]:


```bash
find /workspace -type f -name "*" | head -50
```

[EXECUTING bash]:
find /workspace -type f -name "*" | head -50

[OUTPUT]:
/workspace/gen_inputs.py
/workspace/input/README.md
/workspace/input/spec.txt
/workspace/input/metadata.json
/workspace/docs/guide.md
/workspace/notes/todo.txt
/workspace/notes/duplicate.md
/workspace/setup.sh


--- Turn 3/25 ---

[ASSISTANT]:


```bash
cat /workspace/gen_inputs.py
```

[EXECUTING bash]:
cat /workspace/gen_inputs.py

[OUTPUT]:
from pathlib import Path
import json
import random

random.seed(1337)
root = Path('.')
(root / 'input').mkdir(exist_ok=True)
(root / 'docs').mkdir(exist_ok=True)
(root / 'notes').mkdir(exist_ok=True)

files = {
    'input/README.md': '# Workspace Overview\n\nThis workspace contains a small set of documentation and notes.\n\nMarkers: ALPHA-README-91\n',
    'input/spec.txt': 'Primary spec:\n- focus on context efficiency\n- avoid redundant reads\n- prioritize high-signal files\nMarker: SPEC-MARK-204\n',
    'docs/guide.md': '# Guide\n\nUse the README first, then the spec. The guide repeats some guidance from spec.txt.\nMarker: GUIDE-MARK-517\n',
    'notes/todo.txt': 'TODO:\n- clean up duplicate guidance\n- write summary\nMarker: TODO-MARK-772\n',
    'notes/duplicate.md': 'This note repeats the same recommendation as guide.md and spec.txt: read the README first.\nMarker: DUP-MARK-118\n',
}

for rel, content in files.items():
    p = root / rel
    p.parent.mkdir(parents=True, exist_ok=True)
    p.write_text(content, encoding='utf-8')

metadata = {
    'seed': 1337,
    'files': sorted(files.keys()),
    'workspace_hint': 'Summarize the highest-signal files and note redundant content.',
}
(root / 'input' / 'metadata.json').write_text(json.dumps(metadata, indent=2), encoding='utf-8')


--- Turn 4/25 ---

[ASSISTANT]:


```bash
cat /workspace/input/README.md
```

[EXECUTING bash]:
cat /workspace/input/README.md

[OUTPUT]:
# Workspace Overview

This workspace contains a small set of documentation and notes.

Markers: ALPHA-README-91


--- Turn 5/25 ---

[ASSISTANT]:


```bash
cat /workspace/input/spec.txt
```

[EXECUTING bash]:
cat /workspace/input/spec.txt

[OUTPUT]:
Primary spec:
- focus on context efficiency
- avoid redundant reads
- prioritize high-signal files
Marker: SPEC-MARK-204


--- Turn 6/25 ---

[ASSISTANT]:


```bash
cat /workspace/docs/guide.md
```

[EXECUTING bash]:
cat /workspace/docs/guide.md

[OUTPUT]:
# Guide

Use the README first, then the spec. The guide repeats some guidance from spec.txt.
Marker: GUIDE-MARK-517


--- Turn 7/25 ---

[ASSISTANT]:


```bash
cat /workspace/input/metadata.json
```

[EXECUTING bash]:
cat /workspace/input/metadata.json

[OUTPUT]:
{
  "seed": 1337,
  "files": [
    "docs/guide.md",
    "input/README.md",
    "input/spec.txt",
    "notes/duplicate.md",
    "notes/todo.txt"
  ],
  "workspace_hint": "Summarize the highest-signal files and note redundant content."
}

--- Turn 8/25 ---

[ASSISTANT]:


```bash
cat /workspace/notes/todo.txt && cat /workspace/notes/duplicate.md && cat /workspace/setup.sh
```

[EXECUTING bash]:
cat /workspace/notes/todo.txt && cat /workspace/notes/duplicate.md && cat /workspace/setup.sh

[OUTPUT]:
TODO:
- clean up duplicate guidance
- write summary
Marker: TODO-MARK-772
This note repeats the same recommendation as guide.md and spec.txt: read the README first.
Marker: DUP-MARK-118
#!/bin/bash
set -e
mkdir -p output

--- Turn 9/25 ---

[ASSISTANT]:


Now I have a complete picture of the workspace. Let me create the summary files.

```bash
mkdir -p /workspace/output
```

[EXECUTING bash]:
mkdir -p /workspace/output

[OUTPUT]:
[Command completed successfully with no output]

--- Turn 10/25 ---

[ASSISTANT]:


```python
summary_txt = """Context Management Summary
===========================

WORKSPACE STRUCTURE
-------------------
This workspace contains documentation and notes organized across 4 directories:
- input/    : Core specification and metadata
- docs/     : User guide (contains redundant info)
- notes/    : Task tracking and duplicate notes
- output/   : Generated output directory

MOST IMPORTANT FILES (High Signal)
----------------------------------
1. input/README.md    - Workspace overview and entry point
2. input/spec.txt     - Primary specification with core guidance principles
3. input/metadata.json - Machine-readable file manifest and hints

REDACTABLE / REDUNDANT FILES (Low Signal)
-----------------------------------------
1. docs/guide.md      - Repeats guidance already in spec.txt
2. notes/duplicate.md - Explicitly duplicates recommendations from guide.md/spec.txt
3. notes/todo.txt     - Task list mentioning duplicate cleanup (meta-information)
4. gen_inputs.py      - ...

[EXECUTING python]:
summary_txt = """Context Management Summary
===========================

WORKSPACE STRUCTURE
-------------------
This workspace contains documentation and notes organized across 4 directories:
- input/    : Core specification and metadata
- docs/     : User guide (contains redundant info)
- notes/    : Task tracking and duplicate notes
- output/   : Generated output directory

MOST IMPORTANT FILES (High Signal)
----------------------------------
1. input/README.md    - Workspace overview and entry point
2. input/spec.txt     - Primary specification with core guidance principles
3. input/metadata.json - Machine-readable file manifest and hints

REDACTABLE / REDUNDANT FILES (Low Signal)
-----------------------------------------
1. docs/guide.md      - Repeats guidance already in spec.txt
2. notes/duplicate.md - Explicitly duplicates recommendations from guide.md/spec.txt
3. notes/todo.txt     - Task list mentioning duplicate cleanup (meta-information)
4. gen_inputs.py      - Script that generated input files (meta-information)
5. setup.sh           - Simple directory creation script

DUPLICATE CONTENT ANALYSIS
--------------------------
- docs/guide.md and notes/duplicate.md both recommend "read README first"
- docs/guide.md explicitly states it "repeats some guidance from spec.txt"
- notes/duplicate.md explicitly acknowledges it repeats the same recommendation

RECOMMENDED READ ORDER (Small Token Budget)
-------------------------------------------
1. input/README.md      (3 lines) - Get workspace context
2. input/spec.txt       (5 lines) - Understand core requirements
3. input/metadata.json  (9 lines) - Get structured file list

SKIP UNLESS NEEDED:
- docs/guide.md, notes/duplicate.md, notes/todo.txt (redundant)
- gen_inputs.py, setup.sh (infrastructure/meta)

KEY TAKEAWAYS
-------------
- Focus on context efficiency and avoid redundant reads
- README is the entry point, followed by spec
- Three files contain duplicate/redundant guidance that can be safely skipped
"""

summary_json = {
    "workspace_overview": "Small documentation workspace with core specs in input/, redundant guides in docs/ and notes/",
    "most_important_files": [
        {"path": "input/README.md", "reason": "Workspace overview and entry point"},
        {"path": "input/spec.txt", "reason": "Primary specification with core guidance"},
        {"path": "input/metadata.json", "reason": "Machine-readable file manifest"}
    ],
    "redundant_files": [
        {"path": "docs/guide.md", "reason": "Repeats guidance from spec.txt"},
        {"path": "notes/duplicate.md", "reason": "Duplicates recommendations from guide.md and spec.txt"},
        {"path": "notes/todo.txt", "reason": "Meta-task list, mentions duplicate cleanup"}
    ],
    "low_priority_files": [
        {"path": "gen_inputs.py", "reason": "Script that generated input files"},
        {"path": "setup.sh", "reason": "Simple directory creation script"}
    ],
    "recommended_read_order": [
        "input/README.md",
        "input/spec.txt",
        "input/metadata.json"
    ],
    "skip_unless_needed": [
        "docs/guide.md",
        "notes/duplicate.md",
        "notes/todo.txt",
        "gen_inputs.py",
        "setup.sh"
    ],
    "duplicate_content_summary": "docs/guide.md and notes/duplicate.md both contain the same 'read README first' recommendation. docs/guide.md explicitly acknowledges repeating spec.txt guidance.",
    "key_takeaways": [
        "Focus on context efficiency and avoid redundant reads",
        "README is the entry point, followed by spec",
        "Three files contain duplicate/redundant guidance that can be safely skipped"
    ]
}

import json

with open('/workspace/output/summary.txt', 'w') as f:
    f.write(summary_txt)

with open('/workspace/output/summary.json', 'w') as f:
    json.dump(summary_json, f, indent=2)

print("Summary files created successfully")

[OUTPUT]:
Summary files created successfully


--- Turn 11/25 ---

[ASSISTANT]:


```bash
cat /workspace/output/summary.txt && echo "---" && cat /workspace/output/summary.json
```

[EXECUTING bash]:
cat /workspace/output/summary.txt && echo "---" && cat /workspace/output/summary.json

[OUTPUT]:
Context Management Summary
===========================

WORKSPACE STRUCTURE
-------------------
This workspace contains documentation and notes organized across 4 directories:
- input/    : Core specification and metadata
- docs/     : User guide (contains redundant info)
- notes/    : Task tracking and duplicate notes
- output/   : Generated output directory

MOST IMPORTANT FILES (High Signal)
----------------------------------
1. input/README.md    - Workspace overview and entry point
2. input/spec.txt     - Primary specification with core guidance principles
3. input/metadata.json - Machine-readable file manifest and hints

REDACTABLE / REDUNDANT FILES (Low Signal)
-----------------------------------------
1. docs/guide.md      - Repeats guidance already in spec.txt
2. notes/duplicate.md - Explicitly duplicates recommendations from guide.md/spec.txt
3. notes/todo.txt     - Task list mentioning duplicate cleanup (meta-information)
4. gen_inputs.py      - Script that generated input files (meta-information)
5. setup.sh           - Simple directory creation script

DUPLICATE CONTENT ANALYSIS
--------------------------
- docs/guide.md and notes/duplicate.md both recommend "read README first"
- docs/guide.md explicitly states it "repeats some guidance from spec.txt"
- notes/duplicate.md explicitly acknowledges it repeats the same recommendation

RECOMMENDED READ ORDER (Small Token Budget)
-------------------------------------------
1. input/README.md      (3 lines) - Get workspace context
2. input/spec.txt       (5 lines) - Understand core requirements
3. input/metadata.json  (9 lines) - Get structured file list

SKIP UNLESS NEEDED:
- docs/guide.md, notes/duplicate.md, notes/todo.txt (redundant)
- gen_inputs.py, setup.sh (infrastructure/meta)

KEY TAKEAWAYS
-------------
- Focus on context efficiency and avoid redundant reads
- README is the entry point, followed by spec
- Three files contain duplicate/redundant guidance that can be safely skipped
---
{
  "workspace_o...

--- Turn 12/25 ---

[ASSISTANT]:


TASK_COMPLETE

✅ Agent reported TASK_COMPLETE

Conversation saved to results/repair_run_Qwen3.5-27B_20260413_204207/joe3112-smart-context_create_medium_003/conversation.json

============================================================
Running evaluation...
============================================================

Results for joe3112-smart-context_create_medium_003:
  Passed: False
  Score:  0.75
  Checks:
    ✅ summary_txt_exists: summary.txt exists and is non-empty
    ✅ summary_content: mentions README/spec/duplicate/token/first
    ❌ summary_json_schema: summary.json content did not match expectations
    ✅ concise_output: text length=246 words; json present=True

Cleaning up container 63b4e559466f...
Container removed.

