Building Docker image...
Creating new container...
Container ready: 57c475bcfaa2
Workspace files: gen_inputs.py
input_config.json
setup.sh
task_marker.txt
workspace

============================================================
Starting agent interaction (Repair Mode)...
============================================================

============================================================
TASK: Create a new palette preview for a product landing page using Colormind. Generate a UI-focused palette with the first color locked to RGB 0,122,255 and save the result to `palette.json`. Also produce a short markdown summary file named `palette_summary.md` that includes the palette colors in both hex and RGB format.
============================================================


--- Turn 1/15 ---

[ASSISTANT]:


```bash
ls -la /workspace
```

[EXECUTING bash]:
ls -la /workspace

[OUTPUT]:
total 16
drwxr-xr-x 3 root  root  132 Apr 12 21:43 .
drwxr-xr-x 1 root  root   31 Apr 12 21:43 ..
-rw-r--r-- 1 32113 42021 423 Apr 12 11:07 gen_inputs.py
-rw-r--r-- 1 root  root  126 Apr 12 21:43 input_config.json
-rwxr-xr-x 1 32113 42021  57 Apr 12 11:07 setup.sh
-rw-r--r-- 1 root  root   30 Apr 12 21:43 task_marker.txt
drwxr-xr-x 2 root  root   10 Apr 12 21:43 workspace


--- Turn 2/15 ---

[ASSISTANT]:


```bash
cat /workspace/input_config.json && ls -la /workspace/workspace
```

[EXECUTING bash]:
cat /workspace/input_config.json && ls -la /workspace/workspace

[OUTPUT]:
{
  "project": "landing-page-refresh",
  "style": "modern-ui",
  "locked_color": [
    0,
    122,
    255
  ],
  "slots": 5
}total 0
drwxr-xr-x 2 root root  10 Apr 12 21:43 .
drwxr-xr-x 3 root root 132 Apr 12 21:43 ..


--- Turn 3/15 ---

[ASSISTANT]:


```bash
which curl && curl --version
```

[EXECUTING bash]:
which curl && curl --version

[OUTPUT]:
[EXIT CODE: 1]


--- Turn 4/15 ---

[ASSISTANT]:


```bash
which wget python3 && python3 -c "import requests; print('requests available')"
```

[EXECUTING bash]:
which wget python3 && python3 -c "import requests; print('requests available')"

[OUTPUT]:
[EXIT CODE: 1]
/usr/local/bin/python3


--- Turn 5/15 ---

[ASSISTANT]:


```bash
pip install requests -q && python3 -c "import requests; print('requests available')"
```

[EXECUTING bash]:
pip install requests -q && python3 -c "import requests; print('requests available')"

[OUTPUT]:
requests available
WARNING: Running pip as the 'root' user can result in broken permissions and conflicting behaviour with the system package manager. It is recommended to use a virtual environment instead: https://pip.pypa.io/warnings/venv

[notice] A new release of pip is available: 24.0 -> 26.0.1
[notice] To update, run: pip install --upgrade pip


--- Turn 6/15 ---

[ASSISTANT]:


```bash
python3 << 'EOF'
import requests
import json

# Colormind API endpoint
url = "https://colormind.io/api"

# Request to generate a palette with first color locked to RGB 0,122,255
payload = {
    "locked_color": [
        [0, 122, 255]  # First color locked
    ]
}

response = requests.post(url, json=payload, timeout=30)
print(f"Status code: {response.status_code}")
data = response.json()
print(json.dumps(data, indent=2))
EOF
```

[EXECUTING bash]:
python3 << 'EOF'
import requests
import json

# Colormind API endpoint
url = "https://colormind.io/api"

# Request to generate a palette with first color locked to RGB 0,122,255
payload = {
    "locked_color": [
        [0, 122, 255]  # First color locked
    ]
}

response = requests.post(url, json=payload, timeout=30)
print(f"Status code: {response.status_code}")
data = response.json()
print(json.dumps(data, indent=2))
EOF

[OUTPUT]:
[EXIT CODE: 1]
Traceback (most recent call last):
  File "/usr/local/lib/python3.11/site-packages/urllib3/connectionpool.py", line 464, in _make_request
    self._validate_conn(conn)
  File "/usr/local/lib/python3.11/site-packages/urllib3/connectionpool.py", line 1093, in _validate_conn
    conn.connect()
  File "/usr/local/lib/python3.11/site-packages/urllib3/connection.py", line 796, in connect
    sock_and_verified = _ssl_wrap_socket_and_match_hostname(
                        ^^^^^^^^^^^^^^^^^^^^^^^^^^^^^^^^^^^^
  File "/usr/local/lib/python3.11/site-packages/urllib3/connection.py", line 975, in _ssl_wrap_socket_and_match_hostname
    ssl_sock = ssl_wrap_socket(
               ^^^^^^^^^^^^^^^^
  File "/usr/local/lib/python3.11/site-packages/urllib3/util/ssl_.py", line 483, in ssl_wrap_socket
    ssl_sock = _ssl_wrap_socket_impl(sock, context, tls_in_tls, server_hostname)
               ^^^^^^^^^^^^^^^^^^^^^^^^^^^^^^^^^^^^^^^^^^^^^^^^^^^^^^^^^^^^^^^^^
  File "/usr/local/lib/python3.11/site-packages/urllib3/util/ssl_.py", line 527, in _ssl_wrap_socket_impl
    return ssl_context.wrap_socket(sock, server_hostname=server_hostname)
           ^^^^^^^^^^^^^^^^^^^^^^^^^^^^^^^^^^^^^^^^^^^^^^^^^^^^^^^^^^^^^^
  File "/usr/local/lib/python3.11/ssl.py", line 517, in wrap_socket
    return self.sslsocket_class._create(
           ^^^^^^^^^^^^^^^^^^^^^^^^^^^^^
  File "/usr/local/lib/python3.11/ssl.py", line 1104, in _create
    self.do_handshake()
  File "/usr/local/lib/python3.11/ssl.py", line 1382, in do_handshake
    self._sslobj.do_handshake()
ssl.SSLCertVerificationError: [SSL: CERTIFICATE_VERIFY_FAILED] certificate verify failed: self-signed certificate (_ssl.c:1016)

During handling of the above exception, another exception occurred:

Traceback (most recent call last):
  File "/usr/local/lib/python3.11/site-packages/urllib3/connectionpool.py", line 787, in urlopen
    response = self._make_request(
               ^^^^^^^^^^^^^^^^^^^
  File "/usr/local/lib/python3.11/si...

--- Turn 7/15 ---

[ASSISTANT]:


```bash
python3 << 'EOF'
import requests
import json

# Colormind API endpoint
url = "https://colormind.io/api"

# Request to generate a palette with first color locked to RGB 0,122,255
payload = {
    "locked_color": [
        [0, 122, 255]  # First color locked
    ]
}

# Disable SSL verification due to self-signed cert
response = requests.post(url, json=payload, timeout=30, verify=False)
print(f"Status code: {response.status_code}")
data = response.json()
print(json.dumps(data, indent=2))
EOF
```

[EXECUTING bash]:
python3 << 'EOF'
import requests
import json

# Colormind API endpoint
url = "https://colormind.io/api"

# Request to generate a palette with first color locked to RGB 0,122,255
payload = {
    "locked_color": [
        [0, 122, 255]  # First color locked
    ]
}

# Disable SSL verification due to self-signed cert
response = requests.post(url, json=payload, timeout=30, verify=False)
print(f"Status code: {response.status_code}")
data = response.json()
print(json.dumps(data, indent=2))
EOF

[OUTPUT]:
[EXIT CODE: 1]
Status code: 404
/usr/local/lib/python3.11/site-packages/urllib3/connectionpool.py:1097: InsecureRequestWarning: Unverified HTTPS request is being made to host 'colormind.io'. Adding certificate verification is strongly advised. See: https://urllib3.readthedocs.io/en/latest/advanced-usage.html#tls-warnings
  warnings.warn(
Traceback (most recent call last):
  File "/usr/local/lib/python3.11/site-packages/requests/models.py", line 978, in json
    return complexjson.loads(self.text, **kwargs)
           ^^^^^^^^^^^^^^^^^^^^^^^^^^^^^^^^^^^^^^
  File "/usr/local/lib/python3.11/json/__init__.py", line 346, in loads
    return _default_decoder.decode(s)
           ^^^^^^^^^^^^^^^^^^^^^^^^^^
  File "/usr/local/lib/python3.11/json/decoder.py", line 337, in decode
    obj, end = self.raw_decode(s, idx=_w(s, 0).end())
               ^^^^^^^^^^^^^^^^^^^^^^^^^^^^^^^^^^^^^^
  File "/usr/local/lib/python3.11/json/decoder.py", line 355, in raw_decode
    raise JSONDecodeError("Expecting value", s, err.value) from None
json.decoder.JSONDecodeError: Expecting value: line 1 column 1 (char 0)

During handling of the above exception, another exception occurred:

Traceback (most recent call last):
  File "<stdin>", line 17, in <module>
  File "/usr/local/lib/python3.11/site-packages/requests/models.py", line 982, in json
    raise RequestsJSONDecodeError(e.msg, e.doc, e.pos)
requests.exceptions.JSONDecodeError: Expecting value: line 1 column 1 (char 0)


--- Turn 8/15 ---

[ASSISTANT]:


```bash
python3 << 'EOF'
import requests
import json

# Try different Colormind API endpoints
urls = [
    "https://colormind.io/api",
    "https://colormind.io/api/v1",
    "https://api.colormind.io/",
    "https://colormind.io/generate"
]

for url in urls:
    print(f"\nTrying: {url}")
    payload = {
        "locked_color": [[0, 122, 255]]
    }
    try:
        response = requests.post(url, json=payload, timeout=10, verify=False)
        print(f"Status: {response.status_code}")
        print(f"Response: {response.text[:200]}")
    except Exception as e:
        print(f"Error: {e}")
EOF
```

[EXECUTING bash]:
python3 << 'EOF'
import requests
import json

# Try different Colormind API endpoints
urls = [
    "https://colormind.io/api",
    "https://colormind.io/api/v1",
    "https://api.colormind.io/",
    "https://colormind.io/generate"
]

for url in urls:
    print(f"\nTrying: {url}")
    payload = {
        "locked_color": [[0, 122, 255]]
    }
    try:
        response = requests.post(url, json=payload, timeout=10, verify=False)
        print(f"Status: {response.status_code}")
        print(f"Response: {response.text[:200]}")
    except Exception as e:
        print(f"Error: {e}")
EOF

[OUTPUT]:

Trying: https://colormind.io/api
Status: 404
Response: <!DOCTYPE HTML PUBLIC "-//IETF//DTD HTML 2.0//EN">
<html><head>
<title>404 Not Found</title>
</head><body>
<h1>Not Found</h1>
<p>The requested URL /api was not found on this server.</p>
<hr>
<address>

Trying: https://colormind.io/api/v1
Status: 404
Response: <!DOCTYPE HTML PUBLIC "-//IETF//DTD HTML 2.0//EN">
<html><head>
<title>404 Not Found</title>
</head><body>
<h1>Not Found</h1>
<p>The requested URL /api/v1 was not found on this server.</p>
<hr>
<addre

Trying: https://api.colormind.io/
Error: HTTPSConnectionPool(host='api.colormind.io', port=443): Max retries exceeded with url: / (Caused by NewConnectionError("HTTPSConnection(host='api.colormind.io', port=443): Failed to establish a new connection: [Errno 111] Connection refused"))

Trying: https://colormind.io/generate
Status: 404
Response: <!DOCTYPE HTML PUBLIC "-//IETF//DTD HTML 2.0//EN">
<html><head>
<title>404 Not Found</title>
</head><body>
<h1>Not Found</h1>
<p>The requested URL /generate was not found on this server.</p>
<hr>
<add
/usr/local/lib/python3.11/site-packages/urllib3/connectionpool.py:1097: InsecureRequestWarning: Unverified HTTPS request is being made to host 'colormind.io'. Adding certificate verification is strongly advised. See: https://urllib3.readthedocs.io/en/latest/advanced-usage.html#tls-warnings
  warnings.warn(
/usr/local/lib/python3.11/site-packages/urllib3/connectionpool.py:1097: InsecureRequestWarning: Unverified HTTPS request is being made to host 'colormind.io'. Adding certificate verification is strongly advised. See: https://urllib3.readthedocs.io/en/latest/advanced-usage.html#tls-warnings
  warnings.warn(
/usr/local/lib/python3.11/site-packages/urllib3/connectionpool.py:1097: InsecureRequestWarning: Unverified HTTPS request is being made to host 'colormind.io'. Adding certificate verification is strongly advised. See: https://urllib3.readthedocs.io/en/latest/advanced-usage.html#tls-warnings
  warnings.warn(


--- Turn 9/15 ---

[ASSISTANT]:


```bash
cat /workspace/gen_inputs.py
```

[EXECUTING bash]:
cat /workspace/gen_inputs.py

[OUTPUT]:
from pathlib import Path
import json

# Deterministic input marker file
Path('task_marker.txt').write_text('COLORMIND_TASK_MARKER_2025_01\n', encoding='utf-8')

# Optional helper input for evaluation context
payload = {
    'project': 'landing-page-refresh',
    'style': 'modern-ui',
    'locked_color': [0, 122, 255],
    'slots': 5
}
Path('input_config.json').write_text(json.dumps(payload, indent=2), encoding='utf-8')


--- Turn 10/15 ---

[ASSISTANT]:


```bash
python3 << 'EOF'
import requests
import json

# Try more Colormind API variations
urls = [
    "https://colormind.io/api",
    "http://colormind.io/api",
]

# Also try with different methods
for url in urls:
    print(f"\nTrying GET on: {url}")
    try:
        response = requests.get(url, timeout=10, verify=False)
        print(f"Status: {response.status_code}")
        print(f"Response: {response.text[:500]}")
    except Exception as e:
        print(f"Error: {e}")

# Try with form data instead of JSON
print("\n\nTrying with form data:")
for url in urls:
    try:
        response = requests.post(url, data={"locked_color": "[[0, 122, 255]]"}, timeout=10, verify=False)
        print(f"Status: {response.status_code}")
        print(f"Response: {response.text[:200]}")
    except Exception as e:
        print(f"Error: {e}")
EOF
```

[EXECUTING bash]:
python3 << 'EOF'
import requests
import json

# Try more Colormind API variations
urls = [
    "https://colormind.io/api",
    "http://colormind.io/api",
]

# Also try with different methods
for url in urls:
    print(f"\nTrying GET on: {url}")
    try:
        response = requests.get(url, timeout=10, verify=False)
        print(f"Status: {response.status_code}")
        print(f"Response: {response.text[:500]}")
    except Exception as e:
        print(f"Error: {e}")

# Try with form data instead of JSON
print("\n\nTrying with form data:")
for url in urls:
    try:
        response = requests.post(url, data={"locked_color": "[[0, 122, 255]]"}, timeout=10, verify=False)
        print(f"Status: {response.status_code}")
        print(f"Response: {response.text[:200]}")
    except Exception as e:
        print(f"Error: {e}")
EOF

[OUTPUT]:

Trying GET on: https://colormind.io/api
Status: 404
Response: <!DOCTYPE HTML PUBLIC "-//IETF//DTD HTML 2.0//EN">
<html><head>
<title>404 Not Found</title>
</head><body>
<h1>Not Found</h1>
<p>The requested URL /api was not found on this server.</p>
<hr>
<address>Apache/2.2.15 (CentOS) Server at colormind.io Port 443</address>
</body></html>


Trying GET on: http://colormind.io/api
Status: 200
Response: empty body



Trying with form data:
Status: 404
Response: <!DOCTYPE HTML PUBLIC "-//IETF//DTD HTML 2.0//EN">
<html><head>
<title>404 Not Found</title>
</head><body>
<h1>Not Found</h1>
<p>The requested URL /api was not found on this server.</p>
<hr>
<address>
Status: 200
Response: empty body

/usr/local/lib/python3.11/site-packages/urllib3/connectionpool.py:1097: InsecureRequestWarning: Unverified HTTPS request is being made to host 'colormind.io'. Adding certificate verification is strongly advised. See: https://urllib3.readthedocs.io/en/latest/advanced-usage.html#tls-warnings
  warnings.warn(
/usr/local/lib/python3.11/site-packages/urllib3/connectionpool.py:1097: InsecureRequestWarning: Unverified HTTPS request is being made to host 'colormind.io'. Adding certificate verification is strongly advised. See: https://urllib3.readthedocs.io/en/latest/advanced-usage.html#tls-warnings
  warnings.warn(


--- Turn 11/15 ---

[ASSISTANT]:


```bash
python3 << 'EOF'
import requests
import json

# Try the Colormind API with proper headers and format
url = "http://colormind.io/api"

# Different payload formats to try
payloads = [
    {"model": {"locked_color": [[0, 122, 255]]}},
    {"locked_color": [[0, 122, 255]]},
    {"color": [0, 122, 255]},
]

headers = {
    "Content-Type": "application/json",
    "Accept": "application/json"
}

for payload in payloads:
    print(f"\nTrying payload: {json.dumps(payload)}")
    try:
        response = requests.post(url, json=payload, headers=headers, timeout=10)
        print(f"Status: {response.status_code}")
        print(f"Response: {response.text[:500]}")
    except Exception as e:
        print(f"Error: {e}")
EOF
```

[EXECUTING bash]:
python3 << 'EOF'
import requests
import json

# Try the Colormind API with proper headers and format
url = "http://colormind.io/api"

# Different payload formats to try
payloads = [
    {"model": {"locked_color": [[0, 122, 255]]}},
    {"locked_color": [[0, 122, 255]]},
    {"color": [0, 122, 255]},
]

headers = {
    "Content-Type": "application/json",
    "Accept": "application/json"
}

for payload in payloads:
    print(f"\nTrying payload: {json.dumps(payload)}")
    try:
        response = requests.post(url, json=payload, headers=headers, timeout=10)
        print(f"Status: {response.status_code}")
        print(f"Response: {response.text[:500]}")
    except Exception as e:
        print(f"Error: {e}")
EOF

[OUTPUT]:

Trying payload: {"model": {"locked_color": [[0, 122, 255]]}}
Status: 200
Response: empty body


Trying payload: {"locked_color": [[0, 122, 255]]}
Status: 200
Response: empty body


Trying payload: {"color": [0, 122, 255]}
Status: 200
Response: empty body



--- Turn 12/15 ---

[ASSISTANT]:


```bash
python3 << 'EOF'
import requests
import json

# Let's try the Colormind API with different approaches
# Based on Colormind documentation, it expects a specific format

url = "http://colormind.io/api"

# Try with a model containing the locked colors in proper format
payload = {
    "model": {
        "locked_color": [
            [0, 122, 255, 1]  # RGB + alpha
        ]
    }
}

headers = {
    "Content-Type": "application/json",
    "User-Agent": "Mozilla/5.0"
}

response = requests.post(url, json=payload, headers=headers, timeout=10)
print(f"Status: {response.status_code}")
print(f"Headers: {dict(response.headers)}")
print(f"Response: '{response.text}'")

# Let's also check what the main page returns
print("\n--- Checking main page ---")
main_response = requests.get("http://colormind.io", timeout=10)
print(f"Main page status: {main_response.status_code}")
print(f"Main page content (first 1000 chars): {main_response.text[:1000]}")
EOF
```

[EXECUTING bash]:
python3 << 'EOF'
import requests
import json

# Let's try the Colormind API with different approaches
# Based on Colormind documentation, it expects a specific format

url = "http://colormind.io/api"

# Try with a model containing the locked colors in proper format
payload = {
    "model": {
        "locked_color": [
            [0, 122, 255, 1]  # RGB + alpha
        ]
    }
}

headers = {
    "Content-Type": "application/json",
    "User-Agent": "Mozilla/5.0"
}

response = requests.post(url, json=payload, headers=headers, timeout=10)
print(f"Status: {response.status_code}")
print(f"Headers: {dict(response.headers)}")
print(f"Response: '{response.text}'")

# Let's also check what the main page returns
print("\n--- Checking main page ---")
main_response = requests.get("http://colormind.io", timeout=10)
print(f"Main page status: {main_response.status_code}")
print(f"Main page content (first 1000 chars): {main_response.text[:1000]}")
EOF

[OUTPUT]:
Status: 200
Headers: {'Date': 'Sun, 12 Apr 2026 21:36:00 GMT', 'Server': 'Apache/2.2.15 (CentOS)', 'X-Powered-By': 'PHP/5.6.30', 'Access-Control-Allow-Origin': '*', 'Content-Length': '11', 'Connection': 'close', 'Content-Type': 'text/html; charset=UTF-8'}
Response: 'empty body
'

--- Checking main page ---
Main page status: 200
Main page content (first 1000 chars): <!doctype html>
<html itemscope="" itemtype="http://schema.org/WebPage" lang="en">
	<head>
		<link rel="shortcut icon" href="/favicon32.gif" type="image/x-icon" sizes="32x32" />
		<link rel="shortcut icon" href="/favicon16.gif" type="image/x-icon" sizes="16x16" />
		
		<link rel="canonical" href="http://colormind.io/">
		
		<meta http-equiv="content-type" content="text/html;charset=utf-8">
    	<meta http-equiv="content-language" content="en">
    	<meta content="IE=edge,chrome=1" http-equiv="X-UA-Compatible">
		<meta name="viewport" content="width=device-width, initial-scale=1">
		
		<meta name="title" content="Colormind color palette generator">
		<meta name="description" content="Generate color combinations in one click. Colormind creates cohesive color schemes using a deep neural net.">

		<title>Colormind - the AI powered color palette generator</title>
		
		<link rel="stylesheet" type="text/css" href="bootstrap-3.3.7-dist/css/bootstrap.min.css" />
		<link href="https://fonts.goog


--- Turn 13/15 ---

[ASSISTANT]:


```bash
python3 << 'EOF'
import requests
import json

# Try with more complete headers and proper request format
url = "http://colormind.io/api"

# Try using the exact format Colormind expects
payload = {
    "model": {
        "locked_color": [
            [0, 122, 255, 1]
        ]
    }
}

headers = {
    "Content-Type": "application/json",
    "Accept": "application/json",
    "User-Agent": "Mozilla/5.0 (Windows NT 10.0; Win64; x64) AppleWebKit/537.36",
    "Origin": "http://colormind.io",
    "Referer": "http://colormind.io/"
}

print("Attempting POST request with full headers...")
response = requests.post(url, json=payload, headers=headers, timeout=15)
print(f"Status: {response.status_code}")
print(f"Headers: {dict(response.headers)}")
print(f"Response text: '{response.text}'")
print(f"Response bytes: {response.content}")
EOF
```

[EXECUTING bash]:
python3 << 'EOF'
import requests
import json

# Try with more complete headers and proper request format
url = "http://colormind.io/api"

# Try using the exact format Colormind expects
payload = {
    "model": {
        "locked_color": [
            [0, 122, 255, 1]
        ]
    }
}

headers = {
    "Content-Type": "application/json",
    "Accept": "application/json",
    "User-Agent": "Mozilla/5.0 (Windows NT 10.0; Win64; x64) AppleWebKit/537.36",
    "Origin": "http://colormind.io",
    "Referer": "http://colormind.io/"
}

print("Attempting POST request with full headers...")
response = requests.post(url, json=payload, headers=headers, timeout=15)
print(f"Status: {response.status_code}")
print(f"Headers: {dict(response.headers)}")
print(f"Response text: '{response.text}'")
print(f"Response bytes: {response.content}")
EOF

[OUTPUT]:
Attempting POST request with full headers...
Status: 200
Headers: {'Date': 'Sun, 12 Apr 2026 21:36:06 GMT', 'Server': 'Apache/2.2.15 (CentOS)', 'X-Powered-By': 'PHP/5.6.30', 'Access-Control-Allow-Origin': '*', 'Content-Length': '11', 'Connection': 'close', 'Content-Type': 'text/html; charset=UTF-8'}
Response text: 'empty body
'
Response bytes: b'empty body\n'


--- Turn 14/15 ---

[ASSISTANT]:


```bash
python3 << 'EOF'
import requests
import json

# Try the Colormind raw palette generation URL
# Colormind allows generating palettes via URL parameters
urls = [
    "http://colormind.io/api/raw",
    "http://colormind.io/api/raw.php",
    "http://colormind.io/api/generate",
    "http://colormind.io/generate.json",
]

for url in urls:
    print(f"\nTrying: {url}")
    params = {"locked_color": "[[0,122,255]]"}
    try:
        response = requests.get(url, params=params, timeout=10)
        print(f"Status: {response.status_code}")
        print(f"Response: {response.text[:300]}")
    except Exception as e:
        print(f"Error: {e}")

# Also try with URL encoded parameters
print("\n\nTrying URL with query params directly:")
url = "http://colormind.io/api/raw"
response = requests.get(url, params={"locked_color": "[[0,122,255]]"}, timeout=10)
print(f"Full URL: {response.url}")
print(f"Status: {response.status_code}")
print(f"Response: {response.text}")
EOF
```

[EXECUTING bash]:
python3 << 'EOF'
import requests
import json

# Try the Colormind raw palette generation URL
# Colormind allows generating palettes via URL parameters
urls = [
    "http://colormind.io/api/raw",
    "http://colormind.io/api/raw.php",
    "http://colormind.io/api/generate",
    "http://colormind.io/generate.json",
]

for url in urls:
    print(f"\nTrying: {url}")
    params = {"locked_color": "[[0,122,255]]"}
    try:
        response = requests.get(url, params=params, timeout=10)
        print(f"Status: {response.status_code}")
        print(f"Response: {response.text[:300]}")
    except Exception as e:
        print(f"Error: {e}")

# Also try with URL encoded parameters
print("\n\nTrying URL with query params directly:")
url = "http://colormind.io/api/raw"
response = requests.get(url, params={"locked_color": "[[0,122,255]]"}, timeout=10)
print(f"Full URL: {response.url}")
print(f"Status: {response.status_code}")
print(f"Response: {response.text}")
EOF

[OUTPUT]:

Trying: http://colormind.io/api/raw
Status: 404
Response: <!DOCTYPE HTML PUBLIC "-//IETF//DTD HTML 2.0//EN">
<html><head>
<title>404 Not Found</title>
</head><body>
<h1>Not Found</h1>
<p>The requested URL /api/raw was not found on this server.</p>
<hr>
<address>Apache/2.2.15 (CentOS) Server at colormind.io Port 80</address>
</body></html>


Trying: http://colormind.io/api/raw.php
Status: 404
Response: <!DOCTYPE HTML PUBLIC "-//IETF//DTD HTML 2.0//EN">
<html><head>
<title>404 Not Found</title>
</head><body>
<h1>Not Found</h1>
<p>The requested URL /api/raw.php was not found on this server.</p>
<hr>
<address>Apache/2.2.15 (CentOS) Server at colormind.io Port 80</address>
</body></html>


Trying: http://colormind.io/api/generate
Status: 404
Response: <!DOCTYPE HTML PUBLIC "-//IETF//DTD HTML 2.0//EN">
<html><head>
<title>404 Not Found</title>
</head><body>
<h1>Not Found</h1>
<p>The requested URL /api/generate was not found on this server.</p>
<hr>
<address>Apache/2.2.15 (CentOS) Server at colormind.io Port 80</address>
</body></html>


Trying: http://colormind.io/generate.json
Status: 404
Response: <!DOCTYPE HTML PUBLIC "-//IETF//DTD HTML 2.0//EN">
<html><head>
<title>404 Not Found</title>
</head><body>
<h1>Not Found</h1>
<p>The requested URL /generate.json was not found on this server.</p>
<hr>
<address>Apache/2.2.15 (CentOS) Server at colormind.io Port 80</address>
</body></html>



Trying URL with query params directly:
Full URL: http://colormind.io/api/raw?locked_color=%5B%5B0%2C122%2C255%5D%5D
Status: 404
Response: <!DOCTYPE HTML PUBLIC "-//IETF//DTD HTML 2.0//EN">
<html><head>
<title>404 Not Found</title>
</head><body>
<h1>Not Found</h1>
<p>The requested URL /api/raw was not found on this server.</p>
<hr>
<address>Apache/2.2.15 (CentOS) Server at colormind.io Port 80</address>
</body></html>



--- Turn 15/15 ---

[ASSISTANT]:


```bash
python3 << 'EOF'
import requests
import json

# Try listing files on the colormind server
print("Trying to list /api directory...")
response = requests.get("http://colormind.io/api/", timeout=10)
print(f"Status: {response.status_code}")
print(f"Response: {response.text[:500]}")

# Try checking for API documentation
print("\nTrying /api-docs...")
response = requests.get("http://colormind.io/api-docs", timeout=10)
print(f"Status: {response.status_code}")

# Try /api/index.php
print("\nTrying /api/index.php...")
response = requests.get("http://colormind.io/api/index.php", timeout=10)
print(f"Status: {response.status_code}")
print(f"Response: {response.text[:500]}")

# Try the old Colormind API format with different parameters
print("\nTrying with model parameter as query string...")
url = "http://colormind.io/api"
params = {"model": json.dumps({"locked_color": [[0, 122, 255, 1]]})}
response = requests.get(url, params=params, timeout=10)
print(f"Status: {response.status_code}")
p...

[EXECUTING bash]:
python3 << 'EOF'
import requests
import json

# Try listing files on the colormind server
print("Trying to list /api directory...")
response = requests.get("http://colormind.io/api/", timeout=10)
print(f"Status: {response.status_code}")
print(f"Response: {response.text[:500]}")

# Try checking for API documentation
print("\nTrying /api-docs...")
response = requests.get("http://colormind.io/api-docs", timeout=10)
print(f"Status: {response.status_code}")

# Try /api/index.php
print("\nTrying /api/index.php...")
response = requests.get("http://colormind.io/api/index.php", timeout=10)
print(f"Status: {response.status_code}")
print(f"Response: {response.text[:500]}")

# Try the old Colormind API format with different parameters
print("\nTrying with model parameter as query string...")
url = "http://colormind.io/api"
params = {"model": json.dumps({"locked_color": [[0, 122, 255, 1]]})}
response = requests.get(url, params=params, timeout=10)
print(f"Status: {response.status_code}")
print(f"Response: {response.text[:500]}")
EOF

[OUTPUT]:
Trying to list /api directory...
Status: 200
Response: empty body


Trying /api-docs...
Status: 404

Trying /api/index.php...
Status: 200
Response: empty body


Trying with model parameter as query string...
Status: 200
Response: empty body



⚠️ Agent reached max turns (15)

Conversation saved to results/repair_run_Qwen3.5-27B_20260413_054319/boilerrat-colormind_create_easy_001/conversation.json

============================================================
Running evaluation...
============================================================

Results for boilerrat-colormind_create_easy_001:
  Passed: False
  Score:  0.25
  Checks:
    ❌ palette_json_exists: palette.json is missing
    ❌ locked_color: palette.json is missing
    ❌ summary_file: palette_summary.md is missing
    ✅ marker_file: marker content found

Cleaning up container 57c475bcfaa2...
Container removed.

