Building Docker image...
Creating new container...
Container ready: cc96c9620207
Workspace files: gen_inputs.py
setup.sh
task_context.txt
workspace

============================================================
Starting agent interaction (Repair Mode)...
============================================================

============================================================
TASK: Please create a new memory entry for a project note. Store this fact: 'The release checklist for Project Orion lives in the shared docs folder and should be reviewed before Friday.' Use category: fact, importance: 4, entities: Orion, release checklist, shared docs, and source: agent. After saving it, show me the entry ID and confirm it was stored.
============================================================


--- Turn 1/25 ---

[ASSISTANT]:


```bash
ls -la /workspace
```

[EXECUTING bash]:
ls -la /workspace

[OUTPUT]:
total 12
drwxr-xr-x 3 root  root  104 Apr 13 07:55 .
drwxr-xr-x 1 root  root   31 Apr 13 07:55 ..
-rw-r--r-- 1 32113 42021 253 Apr 12 11:20 gen_inputs.py
-rwxr-xr-x 1 32113 42021  57 Apr 12 11:20 setup.sh
-rw-r--r-- 1 root  root  150 Apr 13 07:55 task_context.txt
drwxr-xr-x 2 root  root   10 Apr 13 07:55 workspace


--- Turn 2/25 ---

[ASSISTANT]:


```bash
cat /workspace/task_context.txt
```

[EXECUTING bash]:
cat /workspace/task_context.txt

[OUTPUT]:
Marker: PROJECT_ORION_RELEASE_CHECKLIST
The release checklist for Project Orion lives in the shared docs folder and should be reviewed before Friday.


--- Turn 3/25 ---

[ASSISTANT]:


```bash
ls -la /workspace/workspace
```

[EXECUTING bash]:
ls -la /workspace/workspace

[OUTPUT]:
total 0
drwxr-xr-x 2 root root  10 Apr 13 07:55 .
drwxr-xr-x 3 root root 104 Apr 13 07:55 ..


--- Turn 4/25 ---

[ASSISTANT]:


```bash
cat /workspace/gen_inputs.py
```

[EXECUTING bash]:
cat /workspace/gen_inputs.py

[OUTPUT]:
from pathlib import Path

Path('task_context.txt').write_text(
    'Marker: PROJECT_ORION_RELEASE_CHECKLIST\n'
    'The release checklist for Project Orion lives in the shared docs folder and should be reviewed before Friday.\n',
    encoding='utf-8'
)


--- Turn 5/25 ---

[ASSISTANT]:


```bash
cat > /workspace/create_memory.py << 'EOF'
import json
import uuid
from datetime import datetime
from pathlib import Path

# Memory storage file
MEMORY_FILE = Path('/workspace/memory_store.json')

# The memory entry to create
memory_entry = {
    "id": str(uuid.uuid4()),
    "fact": "The release checklist for Project Orion lives in the shared docs folder and should be reviewed before Friday.",
    "category": "fact",
    "importance": 4,
    "entities": ["Orion", "release checklist", "shared docs"],
    "source": "agent",
    "created_at": datetime.now().isoformat()
}

# Load existing memories or create new storage
if MEMORY_FILE.exists():
    with open(MEMORY_FILE, 'r') as f:
        memories = json.load(f)
else:
    memories = {"entries": []}

# Add the new entry
memories["entries"].append(memory_entry)

# Save to file
with open(MEMORY_FILE, 'w') as f:
    json.dump(memories, f, indent=2)

# Output confirmation
print(f"Memory entry created successfully!")
print(f"Entry ID: ...

[EXECUTING bash]:
cat > /workspace/create_memory.py << 'EOF'
import json
import uuid
from datetime import datetime
from pathlib import Path

# Memory storage file
MEMORY_FILE = Path('/workspace/memory_store.json')

# The memory entry to create
memory_entry = {
    "id": str(uuid.uuid4()),
    "fact": "The release checklist for Project Orion lives in the shared docs folder and should be reviewed before Friday.",
    "category": "fact",
    "importance": 4,
    "entities": ["Orion", "release checklist", "shared docs"],
    "source": "agent",
    "created_at": datetime.now().isoformat()
}

# Load existing memories or create new storage
if MEMORY_FILE.exists():
    with open(MEMORY_FILE, 'r') as f:
        memories = json.load(f)
else:
    memories = {"entries": []}

# Add the new entry
memories["entries"].append(memory_entry)

# Save to file
with open(MEMORY_FILE, 'w') as f:
    json.dump(memories, f, indent=2)

# Output confirmation
print(f"Memory entry created successfully!")
print(f"Entry ID: {memory_entry['id']}")
print(f"Stored fact: {memory_entry['fact']}")
print(f"Category: {memory_entry['category']}")
print(f"Importance: {memory_entry['importance']}")
print(f"Entities: {', '.join(memory_entry['entities'])}")
print(f"Source: {memory_entry['source']}")
print(f"\nEntry has been stored in {MEMORY_FILE}")
EOF
python /workspace/create_memory.py

[OUTPUT]:
Memory entry created successfully!
Entry ID: b8800dd3-c638-40c3-8507-1650dfe96ae9
Stored fact: The release checklist for Project Orion lives in the shared docs folder and should be reviewed before Friday.
Category: fact
Importance: 4
Entities: Orion, release checklist, shared docs
Source: agent

Entry has been stored in /workspace/memory_store.json


--- Turn 6/25 ---

[ASSISTANT]:


```bash
cat /workspace/memory_store.json
```

[EXECUTING bash]:
cat /workspace/memory_store.json

[OUTPUT]:
{
  "entries": [
    {
      "id": "b8800dd3-c638-40c3-8507-1650dfe96ae9",
      "fact": "The release checklist for Project Orion lives in the shared docs folder and should be reviewed before Friday.",
      "category": "fact",
      "importance": 4,
      "entities": [
        "Orion",
        "release checklist",
        "shared docs"
      ],
      "source": "agent",
      "created_at": "2026-04-13T07:55:32.051712"
    }
  ]
}

--- Turn 7/25 ---

[ASSISTANT]:


The memory entry has been successfully created and stored. Here's the confirmation:

**Entry ID:** `b8800dd3-c638-40c3-8507-1650dfe96ae9`

**Stored Entry Details:**
- **Fact:** The release checklist for Project Orion lives in the shared docs folder and should be reviewed before Friday.
- **Category:** fact
- **Importance:** 4
- **Entities:** Orion, release checklist, shared docs
- **Source:** agent
- **Created:** 2026-04-13T07:55:32.051712

The entry has been saved to `/workspace/memory_store.json` and confirmed to be stored correctly.

TASK_COMPLETE

✅ Agent reported TASK_COMPLETE

Conversation saved to results/repair_run_Qwen3.5-27B_20260413_155518/grivn-mnemon_create_easy_001/conversation.json

============================================================
Running evaluation...
============================================================

Results for grivn-mnemon_create_easy_001:
  Passed: False
  Score:  0.67
  Checks:
    ❌ output_contains_markers: Output file found at memory_store.json, but validation failed.
    ✅ input_marker_present: Marker content verified.
    ✅ workspace_has_files: Workspace contains 2 candidate file(s).

Cleaning up container cc96c9620207...
Container removed.

