Building Docker image...
Creating new container...
Container ready: 01833c6ff904
Workspace files: gen_inputs.py
setup.sh
task_context.txt
workspace

============================================================
Starting agent interaction (Repair Mode)...
============================================================

============================================================
TASK: Please create a new memory entry for a project note. Store this fact: 'The release checklist for Project Orion lives in the shared docs folder and should be reviewed before Friday.' Use category: fact, importance: 4, entities: Orion, release checklist, shared docs, and source: agent. After saving it, show me the entry ID and confirm it was stored.
============================================================


--- Turn 1/25 ---

[ASSISTANT]:


```bash
ls -la /workspace
```

[EXECUTING bash]:
ls -la /workspace

[OUTPUT]:
total 12
drwxr-xr-x 3 root  root  104 Apr 13 07:56 .
drwxr-xr-x 1 root  root   31 Apr 13 07:56 ..
-rw-r--r-- 1 32113 42021 253 Apr 12 11:20 gen_inputs.py
-rwxr-xr-x 1 32113 42021  57 Apr 12 11:20 setup.sh
-rw-r--r-- 1 root  root  150 Apr 13 07:56 task_context.txt
drwxr-xr-x 2 root  root   10 Apr 13 07:56 workspace


--- Turn 2/25 ---

[ASSISTANT]:


```bash
cat /workspace/task_context.txt
```

[EXECUTING bash]:
cat /workspace/task_context.txt

[OUTPUT]:
Marker: PROJECT_ORION_RELEASE_CHECKLIST
The release checklist for Project Orion lives in the shared docs folder and should be reviewed before Friday.


--- Turn 3/25 ---

[ASSISTANT]:


```bash
ls -la /workspace/workspace
```

[EXECUTING bash]:
ls -la /workspace/workspace

[OUTPUT]:
total 0
drwxr-xr-x 2 root root  10 Apr 13 07:56 .
drwxr-xr-x 3 root root 104 Apr 13 07:56 ..


--- Turn 4/25 ---

[ASSISTANT]:


```bash
cat /workspace/setup.sh
```

[EXECUTING bash]:
cat /workspace/setup.sh

[OUTPUT]:
#!/usr/bin/env bash
set -euo pipefail
mkdir -p workspace


--- Turn 5/25 ---

[ASSISTANT]:


```bash
cat /workspace/gen_inputs.py
```

[EXECUTING bash]:
cat /workspace/gen_inputs.py

[OUTPUT]:
from pathlib import Path

Path('task_context.txt').write_text(
    'Marker: PROJECT_ORION_RELEASE_CHECKLIST\n'
    'The release checklist for Project Orion lives in the shared docs folder and should be reviewed before Friday.\n',
    encoding='utf-8'
)


--- Turn 6/25 ---

[ASSISTANT]:


I can see the workspace structure. The task context contains the fact about Project Orion's release checklist. Now I need to create a memory entry with the specified attributes. Let me create a structured memory file in the workspace directory.

```python
import json
import uuid
from datetime import datetime

# Define the memory entry
memory_entry = {
    "entry_id": str(uuid.uuid4()),
    "fact": "The release checklist for Project Orion lives in the shared docs folder and should be reviewed before Friday.",
    "category": "fact",
    "importance": 4,
    "entities": ["Orion", "release checklist", "shared docs"],
    "source": "agent",
    "created_at": datetime.now().isoformat()
}

# Save to workspace directory
output_path = "/workspace/workspace/memory_entry.json"
with open(output_path, 'w', encoding='utf-8') as f:
    json.dump(memory_entry, f, indent=2)

# Display the entry ID and confirmation
print(f"Entry ID: {memory_entry['entry_id']}")
print(f"Memory entry saved to: {output_...

[EXECUTING python]:
import json
import uuid
from datetime import datetime

# Define the memory entry
memory_entry = {
    "entry_id": str(uuid.uuid4()),
    "fact": "The release checklist for Project Orion lives in the shared docs folder and should be reviewed before Friday.",
    "category": "fact",
    "importance": 4,
    "entities": ["Orion", "release checklist", "shared docs"],
    "source": "agent",
    "created_at": datetime.now().isoformat()
}

# Save to workspace directory
output_path = "/workspace/workspace/memory_entry.json"
with open(output_path, 'w', encoding='utf-8') as f:
    json.dump(memory_entry, f, indent=2)

# Display the entry ID and confirmation
print(f"Entry ID: {memory_entry['entry_id']}")
print(f"Memory entry saved to: {output_path}")
print("\nStored entry details:")
print(json.dumps(memory_entry, indent=2))

[OUTPUT]:
Entry ID: 9fa0a368-5732-422b-9f39-ab373581cc1a
Memory entry saved to: /workspace/workspace/memory_entry.json

Stored entry details:
{
  "entry_id": "9fa0a368-5732-422b-9f39-ab373581cc1a",
  "fact": "The release checklist for Project Orion lives in the shared docs folder and should be reviewed before Friday.",
  "category": "fact",
  "importance": 4,
  "entities": [
    "Orion",
    "release checklist",
    "shared docs"
  ],
  "source": "agent",
  "created_at": "2026-04-13T07:56:24.030895"
}


--- Turn 7/25 ---

[ASSISTANT]:


```bash
cat /workspace/workspace/memory_entry.json
```

[EXECUTING bash]:
cat /workspace/workspace/memory_entry.json

[OUTPUT]:
{
  "entry_id": "9fa0a368-5732-422b-9f39-ab373581cc1a",
  "fact": "The release checklist for Project Orion lives in the shared docs folder and should be reviewed before Friday.",
  "category": "fact",
  "importance": 4,
  "entities": [
    "Orion",
    "release checklist",
    "shared docs"
  ],
  "source": "agent",
  "created_at": "2026-04-13T07:56:24.030895"
}

--- Turn 8/25 ---

[ASSISTANT]:


The memory entry has been successfully created and stored. Here's the confirmation:

**Entry ID:** `9fa0a368-5732-422b-9f39-ab373581cc1a`

**Stored in:** `/workspace/workspace/memory_entry.json`

**Entry Details:**
- **Fact:** The release checklist for Project Orion lives in the shared docs folder and should be reviewed before Friday.
- **Category:** fact
- **Importance:** 4
- **Entities:** Orion, release checklist, shared docs
- **Source:** agent

The entry has been verified by reading the file back from disk. TASK_COMPLETE

✅ Agent reported TASK_COMPLETE

Conversation saved to results/repair_run_Qwen3.5-27B_20260413_155610/grivn-mnemon_create_easy_001/conversation.json

============================================================
Running evaluation...
============================================================

Results for grivn-mnemon_create_easy_001:
  Passed: True
  Score:  1.00
  Checks:
    ✅ output_contains_markers: Found output file and verified key phrases.
    ✅ input_marker_present: Marker content verified.
    ✅ workspace_has_files: Workspace contains 1 candidate file(s).

Cleaning up container 01833c6ff904...
Container removed.

