Building Docker image...
Creating new container...
Container ready: b4791ccce586
Workspace files: aap_reference.json
gen_inputs.py
notes.txt
setup.sh

============================================================
Starting agent interaction (Repair Mode)...
============================================================

============================================================
TASK: Create a small verification bundle for the AAP protocol. In the current directory, generate a markdown file named `aap-summary.md` that briefly explains how AAP works, including the default challenge count, time limit, and the fact that signature-based attestation is required. Also create a JSON file named `aap-config.json` with the protocol defaults and a short note about the secp256k1 signature format.
============================================================


--- Turn 1/25 ---

[ASSISTANT]:


```bash
ls -la /workspace
```

[EXECUTING bash]:
ls -la /workspace

[OUTPUT]:
total 16
drwxr-xr-x 2 root  root  106 Apr 13 12:54 .
drwxr-xr-x 1 root  root   31 Apr 13 12:54 ..
-rw-r--r-- 1 root  root  220 Apr 13 12:54 aap_reference.json
-rw-r--r-- 1 32113 42021 477 Apr 12 11:22 gen_inputs.py
-rw-r--r-- 1 root  root   47 Apr 13 12:54 notes.txt
-rwxr-xr-x 1 32113 42021  87 Apr 12 11:22 setup.sh


--- Turn 2/25 ---

[ASSISTANT]:


```bash
cat /workspace/aap_reference.json
```

[EXECUTING bash]:
cat /workspace/aap_reference.json

[OUTPUT]:
{
  "project": "aap",
  "marker": "AAP_MARKER_7F3A",
  "default_challenge_count": 7,
  "total_time_ms": 6000,
  "require_signature": true,
  "signature_format": "JSON.stringify({ nonce, answers, publicId, timestamp })"
}

--- Turn 3/25 ---

[ASSISTANT]:


```bash
cat /workspace/notes.txt
```

[EXECUTING bash]:
cat /workspace/notes.txt

[OUTPUT]:
AAP verification bundle
MARKER=AAP_MARKER_7F3A


--- Turn 4/25 ---

[ASSISTANT]:


```bash
cat > /workspace/aap-summary.md << 'EOF'
# AAP Protocol Summary

The AAP (Authenticated Attestation Protocol) is a verification protocol that ensures secure identity verification through challenge-response mechanisms.

## How AAP Works

1. **Challenge Generation**: The protocol generates a series of cryptographic challenges that the client must respond to.

2. **Challenge Response**: The client computes answers to each challenge within the specified time window.

3. **Signature-Based Attestation**: All responses must be signed to prove authenticity and prevent replay attacks.

4. **Verification**: The server validates the signatures and confirms all answers are correct within the time limit.

## Protocol Defaults

| Parameter | Value |
|-----------|-------|
| Default Challenge Count | 7 |
| Total Time Limit | 6000ms (6 seconds) |
| Signature Required | Yes |

## Key Requirements

- **Signature-based attestation is required** for all AAP protocol exchanges
- All responses must...

[EXECUTING bash]:
cat > /workspace/aap-summary.md << 'EOF'
# AAP Protocol Summary

The AAP (Authenticated Attestation Protocol) is a verification protocol that ensures secure identity verification through challenge-response mechanisms.

## How AAP Works

1. **Challenge Generation**: The protocol generates a series of cryptographic challenges that the client must respond to.

2. **Challenge Response**: The client computes answers to each challenge within the specified time window.

3. **Signature-Based Attestation**: All responses must be signed to prove authenticity and prevent replay attacks.

4. **Verification**: The server validates the signatures and confirms all answers are correct within the time limit.

## Protocol Defaults

| Parameter | Value |
|-----------|-------|
| Default Challenge Count | 7 |
| Total Time Limit | 6000ms (6 seconds) |
| Signature Required | Yes |

## Key Requirements

- **Signature-based attestation is required** for all AAP protocol exchanges
- All responses must include a valid cryptographic signature
- The entire challenge-response cycle must complete within the time limit
EOF

[OUTPUT]:
[Command completed successfully with no output]

--- Turn 5/25 ---

[ASSISTANT]:


```bash
cat > /workspace/aap-config.json << 'EOF'
{
  "protocol": "AAP",
  "version": "1.0",
  "defaults": {
    "challenge_count": 7,
    "time_limit_ms": 6000,
    "require_signature": true
  },
  "signature_info": {
    "algorithm": "secp256k1",
    "format_note": "Signatures are created using the secp256k1 elliptic curve algorithm. The signed payload is JSON.stringify({ nonce, answers, publicId, timestamp }), and the resulting signature must be included in the attestation response for verification."
  }
}
EOF
```

[EXECUTING bash]:
cat > /workspace/aap-config.json << 'EOF'
{
  "protocol": "AAP",
  "version": "1.0",
  "defaults": {
    "challenge_count": 7,
    "time_limit_ms": 6000,
    "require_signature": true
  },
  "signature_info": {
    "algorithm": "secp256k1",
    "format_note": "Signatures are created using the secp256k1 elliptic curve algorithm. The signed payload is JSON.stringify({ nonce, answers, publicId, timestamp }), and the resulting signature must be included in the attestation response for verification."
  }
}
EOF

[OUTPUT]:
[Command completed successfully with no output]

--- Turn 6/25 ---

[ASSISTANT]:


```bash
ls -la /workspace && echo "--- aap-summary.md ---" && cat /workspace/aap-summary.md && echo "--- aap-config.json ---" && cat /workspace/aap-config.json
```

[EXECUTING bash]:
ls -la /workspace && echo "--- aap-summary.md ---" && cat /workspace/aap-summary.md && echo "--- aap-config.json ---" && cat /workspace/aap-config.json

[OUTPUT]:
total 24
drwxr-xr-x 2 root  root   159 Apr 13 12:54 .
drwxr-xr-x 1 root  root    31 Apr 13 12:54 ..
-rw-r--r-- 1 root  root   465 Apr 13 12:54 aap-config.json
-rw-r--r-- 1 root  root  1064 Apr 13 12:54 aap-summary.md
-rw-r--r-- 1 root  root   220 Apr 13 12:54 aap_reference.json
-rw-r--r-- 1 32113 42021  477 Apr 12 11:22 gen_inputs.py
-rw-r--r-- 1 root  root    47 Apr 13 12:54 notes.txt
-rwxr-xr-x 1 32113 42021   87 Apr 12 11:22 setup.sh
--- aap-summary.md ---
# AAP Protocol Summary

The AAP (Authenticated Attestation Protocol) is a verification protocol that ensures secure identity verification through challenge-response mechanisms.

## How AAP Works

1. **Challenge Generation**: The protocol generates a series of cryptographic challenges that the client must respond to.

2. **Challenge Response**: The client computes answers to each challenge within the specified time window.

3. **Signature-Based Attestation**: All responses must be signed to prove authenticity and prevent replay attacks.

4. **Verification**: The server validates the signatures and confirms all answers are correct within the time limit.

## Protocol Defaults

| Parameter | Value |
|-----------|-------|
| Default Challenge Count | 7 |
| Total Time Limit | 6000ms (6 seconds) |
| Signature Required | Yes |

## Key Requirements

- **Signature-based attestation is required** for all AAP protocol exchanges
- All responses must include a valid cryptographic signature
- The entire challenge-response cycle must complete within the time limit
--- aap-config.json ---
{
  "protocol": "AAP",
  "version": "1.0",
  "defaults": {
    "challenge_count": 7,
    "time_limit_ms": 6000,
    "require_signature": true
  },
  "signature_info": {
    "algorithm": "secp256k1",
    "format_note": "Signatures are created using the secp256k1 elliptic curve algorithm. The signed payload is JSON.stringify({ nonce, answers, publicId, timestamp }), and the resulting signature must be included in the attestation response for veri...

--- Turn 7/25 ---

[ASSISTANT]:


TASK_COMPLETE

✅ Agent reported TASK_COMPLETE

Conversation saved to results/repair_run_Qwen3.5-27B_20260413_205442/ira-hash-aap-passport_create_easy_000/conversation.json

============================================================
Running evaluation...
============================================================

Results for ira-hash-aap-passport_create_easy_000:
  Passed: False
  Score:  0.67
  Checks:
    ✅ summary_content: Found required protocol keywords
    ❌ config_content: challenge_count=False; total_time_ms=False; require_signature=False; signature_format=False
    ✅ marker_content: marker=AAP_MARKER_7F3A

Cleaning up container b4791ccce586...
Container removed.

