Building Docker image...
Creating new container...
Container ready: f89cd8a59514
Workspace files: aap_reference.json
gen_inputs.py
notes.txt
setup.sh

============================================================
Starting agent interaction (Repair Mode)...
============================================================

============================================================
TASK: Create a small verification bundle for the AAP protocol. In the current directory, generate a markdown file named `aap-summary.md` that briefly explains how AAP works, including the default challenge count, time limit, and the fact that signature-based attestation is required. Also create a JSON file named `aap-config.json` with the protocol defaults and a short note about the secp256k1 signature format.
============================================================


--- Turn 1/25 ---

[ASSISTANT]:


```bash
ls -la /workspace
```

[EXECUTING bash]:
ls -la /workspace

[OUTPUT]:
total 16
drwxr-xr-x 2 root  root  106 Apr 13 12:55 .
drwxr-xr-x 1 root  root   31 Apr 13 12:55 ..
-rw-r--r-- 1 root  root  220 Apr 13 12:55 aap_reference.json
-rw-r--r-- 1 32113 42021 477 Apr 12 11:22 gen_inputs.py
-rw-r--r-- 1 root  root   47 Apr 13 12:55 notes.txt
-rwxr-xr-x 1 32113 42021  87 Apr 12 11:22 setup.sh


--- Turn 2/25 ---

[ASSISTANT]:


```bash
cat /workspace/aap_reference.json
```

[EXECUTING bash]:
cat /workspace/aap_reference.json

[OUTPUT]:
{
  "project": "aap",
  "marker": "AAP_MARKER_7F3A",
  "default_challenge_count": 7,
  "total_time_ms": 6000,
  "require_signature": true,
  "signature_format": "JSON.stringify({ nonce, answers, publicId, timestamp })"
}

--- Turn 3/25 ---

[ASSISTANT]:


```bash
cat /workspace/notes.txt
```

[EXECUTING bash]:
cat /workspace/notes.txt

[OUTPUT]:
AAP verification bundle
MARKER=AAP_MARKER_7F3A


--- Turn 4/25 ---

[ASSISTANT]:


Now I understand the AAP protocol from the reference file. Let me create the two required files.

```bash
cat > /workspace/aap-summary.md << 'EOF'
# AAP Protocol Summary

## Overview
The AAP (Attestation Access Protocol) is a verification protocol that uses challenge-response mechanisms with cryptographic signatures to ensure secure authentication and attestation.

## How AAP Works
1. **Challenge Generation**: The protocol generates a set of challenges for the client to solve.
2. **Response Collection**: The client provides answers to each challenge along with metadata.
3. **Signature Attestation**: A cryptographic signature is required to validate the authenticity of the response.
4. **Verification**: The server verifies both the challenge responses and the signature before granting access.

## Protocol Defaults
| Parameter | Value |
|-----------|-------|
| Default Challenge Count | 7 |
| Time Limit | 6000ms (6 seconds) |
| Signature Required | Yes (true) |

## Key Features
- **Sign...

[EXECUTING bash]:
cat > /workspace/aap-summary.md << 'EOF'
# AAP Protocol Summary

## Overview
The AAP (Attestation Access Protocol) is a verification protocol that uses challenge-response mechanisms with cryptographic signatures to ensure secure authentication and attestation.

## How AAP Works
1. **Challenge Generation**: The protocol generates a set of challenges for the client to solve.
2. **Response Collection**: The client provides answers to each challenge along with metadata.
3. **Signature Attestation**: A cryptographic signature is required to validate the authenticity of the response.
4. **Verification**: The server verifies both the challenge responses and the signature before granting access.

## Protocol Defaults
| Parameter | Value |
|-----------|-------|
| Default Challenge Count | 7 |
| Time Limit | 6000ms (6 seconds) |
| Signature Required | Yes (true) |

## Key Features
- **Signature-based attestation is required** for all protocol interactions
- Uses JSON format for signature payload: `{ nonce, answers, publicId, timestamp }`
- Configurable challenge count and time limits
- Marker-based identification: `AAP_MARKER_7F3A`
EOF

[OUTPUT]:
[Command completed successfully with no output]

--- Turn 5/25 ---

[ASSISTANT]:


```bash
cat > /workspace/aap-config.json << 'EOF'
{
  "protocol": "AAP",
  "marker": "AAP_MARKER_7F3A",
  "defaults": {
    "challenge_count": 7,
    "time_limit_ms": 6000,
    "require_signature": true
  },
  "signature": {
    "format": "secp256k1",
    "note": "Signatures are generated using the secp256k1 elliptic curve algorithm. The payload to sign is JSON.stringify({ nonce, answers, publicId, timestamp }), producing a compact binary signature suitable for verification.",
    "payload_fields": ["nonce", "answers", "publicId", "timestamp"]
  }
}
EOF
```

[EXECUTING bash]:
cat > /workspace/aap-config.json << 'EOF'
{
  "protocol": "AAP",
  "marker": "AAP_MARKER_7F3A",
  "defaults": {
    "challenge_count": 7,
    "time_limit_ms": 6000,
    "require_signature": true
  },
  "signature": {
    "format": "secp256k1",
    "note": "Signatures are generated using the secp256k1 elliptic curve algorithm. The payload to sign is JSON.stringify({ nonce, answers, publicId, timestamp }), producing a compact binary signature suitable for verification.",
    "payload_fields": ["nonce", "answers", "publicId", "timestamp"]
  }
}
EOF

[OUTPUT]:
[Command completed successfully with no output]

--- Turn 6/25 ---

[ASSISTANT]:


```bash
ls -la /workspace && echo "--- aap-summary.md ---" && cat /workspace/aap-summary.md && echo "--- aap-config.json ---" && cat /workspace/aap-config.json
```

[EXECUTING bash]:
ls -la /workspace && echo "--- aap-summary.md ---" && cat /workspace/aap-summary.md && echo "--- aap-config.json ---" && cat /workspace/aap-config.json

[OUTPUT]:
total 24
drwxr-xr-x 2 root  root   159 Apr 13 12:55 .
drwxr-xr-x 1 root  root    31 Apr 13 12:55 ..
-rw-r--r-- 1 root  root   506 Apr 13 12:55 aap-config.json
-rw-r--r-- 1 root  root  1099 Apr 13 12:55 aap-summary.md
-rw-r--r-- 1 root  root   220 Apr 13 12:55 aap_reference.json
-rw-r--r-- 1 32113 42021  477 Apr 12 11:22 gen_inputs.py
-rw-r--r-- 1 root  root    47 Apr 13 12:55 notes.txt
-rwxr-xr-x 1 32113 42021   87 Apr 12 11:22 setup.sh
--- aap-summary.md ---
# AAP Protocol Summary

## Overview
The AAP (Attestation Access Protocol) is a verification protocol that uses challenge-response mechanisms with cryptographic signatures to ensure secure authentication and attestation.

## How AAP Works
1. **Challenge Generation**: The protocol generates a set of challenges for the client to solve.
2. **Response Collection**: The client provides answers to each challenge along with metadata.
3. **Signature Attestation**: A cryptographic signature is required to validate the authenticity of the response.
4. **Verification**: The server verifies both the challenge responses and the signature before granting access.

## Protocol Defaults
| Parameter | Value |
|-----------|-------|
| Default Challenge Count | 7 |
| Time Limit | 6000ms (6 seconds) |
| Signature Required | Yes (true) |

## Key Features
- **Signature-based attestation is required** for all protocol interactions
- Uses JSON format for signature payload: `{ nonce, answers, publicId, timestamp }`
- Configurable challenge count and time limits
- Marker-based identification: `AAP_MARKER_7F3A`
--- aap-config.json ---
{
  "protocol": "AAP",
  "marker": "AAP_MARKER_7F3A",
  "defaults": {
    "challenge_count": 7,
    "time_limit_ms": 6000,
    "require_signature": true
  },
  "signature": {
    "format": "secp256k1",
    "note": "Signatures are generated using the secp256k1 elliptic curve algorithm. The payload to sign is JSON.stringify({ nonce, answers, publicId, timestamp }), producing a compact binary signature suitable f...

--- Turn 7/25 ---

[ASSISTANT]:


TASK_COMPLETE

✅ Agent reported TASK_COMPLETE

Conversation saved to results/repair_run_Qwen3.5-27B_20260413_205525/ira-hash-aap-passport_create_easy_000/conversation.json

============================================================
Running evaluation...
============================================================

Results for ira-hash-aap-passport_create_easy_000:
  Passed: True
  Score:  1.00
  Checks:
    ✅ summary_content: Found required protocol keywords
    ✅ config_content: challenge_count=True; total_time_ms=True; require_signature=True; signature_format=True
    ✅ marker_content: marker=AAP_MARKER_7F3A

Cleaning up container f89cd8a59514...
Container removed.

