Building Docker image...
Creating new container...
Container ready: 1dd25c647a11
Workspace files: aap_reference.json
gen_inputs.py
notes.txt
setup.sh

============================================================
Starting agent interaction (Repair Mode)...
============================================================

============================================================
TASK: Create a small verification bundle for the AAP protocol. In the current directory, generate a markdown file named `aap-summary.md` that briefly explains how AAP works, including the default challenge count, time limit, and the fact that signature-based attestation is required. Also create a JSON file named `aap-config.json` with the protocol defaults and a short note about the secp256k1 signature format.
============================================================


--- Turn 1/15 ---

[ASSISTANT]:


```bash
ls -la /workspace
```

[EXECUTING bash]:
ls -la /workspace

[OUTPUT]:
total 16
drwxr-xr-x 2 root  root  106 Apr 13 01:52 .
drwxr-xr-x 1 root  root   31 Apr 13 01:52 ..
-rw-r--r-- 1 root  root  220 Apr 13 01:52 aap_reference.json
-rw-r--r-- 1 32113 42021 477 Apr 12 11:22 gen_inputs.py
-rw-r--r-- 1 root  root   47 Apr 13 01:52 notes.txt
-rwxr-xr-x 1 32113 42021  87 Apr 12 11:22 setup.sh


--- Turn 2/15 ---

[ASSISTANT]:


```bash
cat /workspace/aap_reference.json
```

[EXECUTING bash]:
cat /workspace/aap_reference.json

[OUTPUT]:
{
  "project": "aap",
  "marker": "AAP_MARKER_7F3A",
  "default_challenge_count": 7,
  "total_time_ms": 6000,
  "require_signature": true,
  "signature_format": "JSON.stringify({ nonce, answers, publicId, timestamp })"
}

--- Turn 3/15 ---

[ASSISTANT]:


```bash
cat /workspace/notes.txt
```

[EXECUTING bash]:
cat /workspace/notes.txt

[OUTPUT]:
AAP verification bundle
MARKER=AAP_MARKER_7F3A


--- Turn 4/15 ---

[ASSISTANT]:


```bash
cat > /workspace/aap-summary.md << 'EOF'
# AAP Protocol Summary

## Overview

The AAP (Attestation Authentication Protocol) is a verification protocol that uses challenge-response mechanisms with cryptographic signatures to authenticate and verify entities.

## How AAP Works

1. **Challenge Generation**: The verifier generates a series of challenges that the prover must respond to.
2. **Response Collection**: The prover collects and processes the challenges, generating corresponding answers.
3. **Signature-Based Attestation**: The prover creates a signed attestation containing the nonce, answers, public ID, and timestamp.
4. **Verification**: The verifier validates the signature and checks that responses were generated within the allowed time limit.

## Protocol Defaults

| Parameter | Value | Description |
|-----------|-------|-------------|
| Default Challenge Count | 7 | Number of challenges issued per verification |
| Time Limit | 6000ms (6 seconds) | Maximum time allowed...

[EXECUTING bash]:
cat > /workspace/aap-summary.md << 'EOF'
# AAP Protocol Summary

## Overview

The AAP (Attestation Authentication Protocol) is a verification protocol that uses challenge-response mechanisms with cryptographic signatures to authenticate and verify entities.

## How AAP Works

1. **Challenge Generation**: The verifier generates a series of challenges that the prover must respond to.
2. **Response Collection**: The prover collects and processes the challenges, generating corresponding answers.
3. **Signature-Based Attestation**: The prover creates a signed attestation containing the nonce, answers, public ID, and timestamp.
4. **Verification**: The verifier validates the signature and checks that responses were generated within the allowed time limit.

## Protocol Defaults

| Parameter | Value | Description |
|-----------|-------|-------------|
| Default Challenge Count | 7 | Number of challenges issued per verification |
| Time Limit | 6000ms (6 seconds) | Maximum time allowed to complete verification |
| Signature Required | Yes | Signature-based attestation is mandatory |

## Signature Format

The protocol requires secp256k1 signatures. The data to be signed is a JSON stringification of an object containing:
- `nonce`: A unique random value for this verification session
- `answers`: The responses to the challenges
- `publicId`: The public identifier of the prover
- `timestamp`: The time when the attestation was created

The signature must be valid and verifiable using the prover's public key.
EOF

[OUTPUT]:
[Command completed successfully with no output]

--- Turn 5/15 ---

[ASSISTANT]:


```bash
cat > /workspace/aap-config.json << 'EOF'
{
  "protocol": "AAP",
  "version": "1.0",
  "defaults": {
    "challenge_count": 7,
    "time_limit_ms": 6000,
    "require_signature": true,
    "signature_algorithm": "secp256k1"
  },
  "signature_format_note": "Signatures use secp256k1 elliptic curve cryptography. The data to sign is a JSON stringified object containing: { nonce, answers, publicId, timestamp }. The resulting signature must be verified against the prover's public key."
}
EOF
```

[EXECUTING bash]:
cat > /workspace/aap-config.json << 'EOF'
{
  "protocol": "AAP",
  "version": "1.0",
  "defaults": {
    "challenge_count": 7,
    "time_limit_ms": 6000,
    "require_signature": true,
    "signature_algorithm": "secp256k1"
  },
  "signature_format_note": "Signatures use secp256k1 elliptic curve cryptography. The data to sign is a JSON stringified object containing: { nonce, answers, publicId, timestamp }. The resulting signature must be verified against the prover's public key."
}
EOF

[OUTPUT]:
[Command completed successfully with no output]

--- Turn 6/15 ---

[ASSISTANT]:


```bash
ls -la /workspace && echo "--- aap-summary.md ---" && cat /workspace/aap-summary.md && echo "--- aap-config.json ---" && cat /workspace/aap-config.json
```

[EXECUTING bash]:
ls -la /workspace && echo "--- aap-summary.md ---" && cat /workspace/aap-summary.md && echo "--- aap-config.json ---" && cat /workspace/aap-config.json

[OUTPUT]:
total 24
drwxr-xr-x 2 root  root   159 Apr 13 01:52 .
drwxr-xr-x 1 root  root    31 Apr 13 01:52 ..
-rw-r--r-- 1 root  root   445 Apr 13 01:52 aap-config.json
-rw-r--r-- 1 root  root  1478 Apr 13 01:52 aap-summary.md
-rw-r--r-- 1 root  root   220 Apr 13 01:52 aap_reference.json
-rw-r--r-- 1 32113 42021  477 Apr 12 11:22 gen_inputs.py
-rw-r--r-- 1 root  root    47 Apr 13 01:52 notes.txt
-rwxr-xr-x 1 32113 42021   87 Apr 12 11:22 setup.sh
--- aap-summary.md ---
# AAP Protocol Summary

## Overview

The AAP (Attestation Authentication Protocol) is a verification protocol that uses challenge-response mechanisms with cryptographic signatures to authenticate and verify entities.

## How AAP Works

1. **Challenge Generation**: The verifier generates a series of challenges that the prover must respond to.
2. **Response Collection**: The prover collects and processes the challenges, generating corresponding answers.
3. **Signature-Based Attestation**: The prover creates a signed attestation containing the nonce, answers, public ID, and timestamp.
4. **Verification**: The verifier validates the signature and checks that responses were generated within the allowed time limit.

## Protocol Defaults

| Parameter | Value | Description |
|-----------|-------|-------------|
| Default Challenge Count | 7 | Number of challenges issued per verification |
| Time Limit | 6000ms (6 seconds) | Maximum time allowed to complete verification |
| Signature Required | Yes | Signature-based attestation is mandatory |

## Signature Format

The protocol requires secp256k1 signatures. The data to be signed is a JSON stringification of an object containing:
- `nonce`: A unique random value for this verification session
- `answers`: The responses to the challenges
- `publicId`: The public identifier of the prover
- `timestamp`: The time when the attestation was created

The signature must be valid and verifiable using the prover's public key.
--- aap-config.json ---
{
  "protocol": "AAP",
  "version"...

--- Turn 7/15 ---

[ASSISTANT]:


Both files have been created successfully:

1. **`aap-summary.md`** - A markdown file explaining:
   - How AAP (Attestation Authentication Protocol) works
   - Default challenge count: 7
   - Time limit: 6000ms (6 seconds)
   - Signature-based attestation is required
   - secp256k1 signature format details

2. **`aap-config.json`** - A JSON file containing:
   - Protocol defaults matching the reference
   - A note about the secp256k1 signature format

TASK_COMPLETE

✅ Agent reported TASK_COMPLETE

Conversation saved to results/repair_run_Qwen3.5-27B_20260413_095214/ira-hash-aap-passport_create_easy_000/conversation.json

============================================================
Running evaluation...
============================================================

Results for ira-hash-aap-passport_create_easy_000:
  Passed: False
  Score:  0.67
  Checks:
    ✅ summary_content: Found required protocol keywords
    ❌ config_content: challenge_count=True; total_time_ms=True; require_signature=True; signature_format=False
    ✅ marker_content: marker=AAP_MARKER_7F3A

Cleaning up container 1dd25c647a11...
Container removed.

