Building Docker image...
Creating new container...
Container ready: 7dc52c87c780
Workspace files: gen_inputs.py
input_context.txt
notes.json
setup.sh
workspace

============================================================
Starting agent interaction (Repair Mode)...
============================================================

============================================================
TASK: Convert the technical discussion into a full TED-style talk. Use the main insight from the conversation, keep it concrete, and include an opening hook plus a Q&A section. Save the final talk as output.txt in the workspace.
============================================================


--- Turn 1/25 ---

[ASSISTANT]:


```bash
ls -la /workspace
```

[EXECUTING bash]:
ls -la /workspace

[OUTPUT]:
total 16
drwxr-xr-x 3 root  root  127 Apr 13 08:55 .
drwxr-xr-x 1 root  root   31 Apr 13 08:55 ..
-rw-r--r-- 1 32113 42021 989 Apr 12 11:29 gen_inputs.py
-rw-r--r-- 1 root  root  534 Apr 13 08:55 input_context.txt
-rw-r--r-- 1 root  root  165 Apr 13 08:55 notes.json
-rwxr-xr-x 1 32113 42021  46 Apr 12 11:29 setup.sh
drwxr-xr-x 2 root  root    6 Apr 13 08:55 workspace


--- Turn 2/25 ---

[ASSISTANT]:


```bash
cat /workspace/input_context.txt
```

[EXECUTING bash]:
cat /workspace/input_context.txt

[OUTPUT]:
Marker: TED_TALK_TASK_2025
Context: The team discovered that a system designed for fast experimentation kept failing because people were optimizing for local speed instead of shared learning.
Insight: The real bottleneck was not code generation, but decision latency.
Details: They introduced a three-stage rhythm: capture uncertainty, validate assumptions, then codify the pattern.
Examples: release reviews, incident retrospectives, and small-scale pilots.
Concerns: people worried this would slow them down, but it reduced rework.


--- Turn 3/25 ---

[ASSISTANT]:


```bash
cat /workspace/notes.json
```

[EXECUTING bash]:
cat /workspace/notes.json

[OUTPUT]:
{
  "marker": "TED_TALK_TASK_2025_JSON",
  "topic": "decision latency and learning loops",
  "audience": "engineering leaders",
  "tone": "inspiring but practical"
}

--- Turn 4/25 ---

[ASSISTANT]:


Now I have all the information I need. Let me create a TED-style talk based on this technical discussion. The main insight is that "the real bottleneck was not code generation, but decision latency."

```python
talk = """THE REAL SPEED KILLER IN YOUR TECH STACK (IT'S NOT CODE)

[Opening Hook]

Imagine this: You're standing at the finish line of a marathon. Your team has sprinted for months—burning midnight oil, shipping features, writing brilliant code. But when you finally cross that line, you realize you've been running the wrong race.

This is exactly what happened to a high-performing engineering team I worked with. They had everything going for them: top talent, cutting-edge tools, a culture of "move fast." And yet, their experiments kept failing. Not because the code was bad. Not because the ideas were weak. But because of something invisible.

Something that, once revealed, changed everything.

[The Core Problem]

Here's what we discovered: The team was optimizing for local sp...

[EXECUTING python]:
talk = """THE REAL SPEED KILLER IN YOUR TECH STACK (IT'S NOT CODE)

[Opening Hook]

Imagine this: You're standing at the finish line of a marathon. Your team has sprinted for months—burning midnight oil, shipping features, writing brilliant code. But when you finally cross that line, you realize you've been running the wrong race.

This is exactly what happened to a high-performing engineering team I worked with. They had everything going for them: top talent, cutting-edge tools, a culture of "move fast." And yet, their experiments kept failing. Not because the code was bad. Not because the ideas were weak. But because of something invisible.

Something that, once revealed, changed everything.

[The Core Problem]

Here's what we discovered: The team was optimizing for local speed, not shared learning.

Individual engineers were racing to ship. They'd write code, deploy, and move on. When something broke, they'd fix it and move on. The problem? No one was capturing what they'd learned. Every new engineer had to rediscover the same lessons. Every team was reinventing the same wheels.

We call this "decision latency"—the time it takes for a lesson learned to become an action taken. And this, not code generation, was the real bottleneck.

[The Three-Stage Rhythm]

So what did we do? We introduced a simple three-stage rhythm:

First: Capture Uncertainty. Before you write a single line of code, ask: What don't I know? Write down your assumptions. Make them explicit.

Second: Validate Assumptions. Run small-scale pilots. Do release reviews. Hold incident retrospectives. Test your guesses before you bet the farm.

Third: Codify the Pattern. Once you've learned something, don't just remember it—document it, automate it, share it. Turn lessons into systems.

[The Results]

People worried this would slow them down. "We already don't have enough time!" they said.

But here's the twist: It made them faster.

By spending time upfront to capture uncertainty and validate assumptions, they dramatically reduced rework. They stopped building the wrong things. They stopped fixing the same bugs twice. Decision latency dropped. Learning velocity soared.

[Closing]

So here's my challenge to you: Stop measuring speed by how fast you ship. Start measuring it by how fast you learn.

Because in a world of constant change, the only sustainable advantage is a learning loop that gets faster with every iteration.

The bottleneck isn't your code. It's your decisions. And decisions get better when we slow down enough to learn.

Thank you.

—

[Q&A Section]

Q: How do you convince engineering teams to slow down when everything is urgent?

A: Great question. I frame it as "speed through learning" rather than "slowing down." Show them the data: how much time they're spending on rework, how many incidents repeat the same root cause. When they see that 30 minutes of upfront validation saves 30 hours of debugging, the math speaks for itself.

Q: What if we're already doing retrospectives and they don't seem to help?

A: Retrospectives only work if they lead to action. The key is the third stage: codify the pattern. Don't just discuss what went wrong—update your checklists, add automated tests, change your deployment process. If a lesson isn't captured in a system, it's not really a lesson yet.

Q: How do you measure decision latency?

A: Start simple. Track the time between when a team learns something and when that learning affects future work. Are you still making the same mistakes three months later? That's high decision latency. Are new team members hitting the same roadblocks you solved last year? That's also high decision latency.

Q: What's the biggest mistake you see teams make with this approach?

A: Treating it as bureaucracy. The three-stage rhythm isn't about more meetings or more documentation. It's about intentional learning. If you're filling out forms instead of having real conversations about uncertainty, you've missed the point.

—

END OF TALK
"""

with open('/workspace/output.txt', 'w') as f:
    f.write(talk)

print("Talk saved to /workspace/output.txt")

[OUTPUT]:
Talk saved to /workspace/output.txt


--- Turn 5/25 ---

[ASSISTANT]:


```bash
cat /workspace/output.txt
```

[EXECUTING bash]:
cat /workspace/output.txt

[OUTPUT]:
THE REAL SPEED KILLER IN YOUR TECH STACK (IT'S NOT CODE)

[Opening Hook]

Imagine this: You're standing at the finish line of a marathon. Your team has sprinted for months—burning midnight oil, shipping features, writing brilliant code. But when you finally cross that line, you realize you've been running the wrong race.

This is exactly what happened to a high-performing engineering team I worked with. They had everything going for them: top talent, cutting-edge tools, a culture of "move fast." And yet, their experiments kept failing. Not because the code was bad. Not because the ideas were weak. But because of something invisible.

Something that, once revealed, changed everything.

[The Core Problem]

Here's what we discovered: The team was optimizing for local speed, not shared learning.

Individual engineers were racing to ship. They'd write code, deploy, and move on. When something broke, they'd fix it and move on. The problem? No one was capturing what they'd learned. Every new engineer had to rediscover the same lessons. Every team was reinventing the same wheels.

We call this "decision latency"—the time it takes for a lesson learned to become an action taken. And this, not code generation, was the real bottleneck.

[The Three-Stage Rhythm]

So what did we do? We introduced a simple three-stage rhythm:

First: Capture Uncertainty. Before you write a single line of code, ask: What don't I know? Write down your assumptions. Make them explicit.

Second: Validate Assumptions. Run small-scale pilots. Do release reviews. Hold incident retrospectives. Test your guesses before you bet the farm.

Third: Codify the Pattern. Once you've learned something, don't just remember it—document it, automate it, share it. Turn lessons into systems.

[The Results]

People worried this would slow them down. "We already don't have enough time!" they said.

But here's the twist: It made them faster.

By spending time upfront to capture uncertainty and validate assumptions, they dr...

--- Turn 6/25 ---

[ASSISTANT]:


TASK_COMPLETE

✅ Agent reported TASK_COMPLETE

Conversation saved to results/repair_run_Qwen3.5-27B_20260413_165541/leegitw-ted-talk_create_medium_003/conversation.json

============================================================
Running evaluation...
============================================================

Results for leegitw-ted-talk_create_medium_003:
  Passed: False
  Score:  0.73
  Checks:
    ✅ output_exists: output.txt found and readable
    ❌ has_ted_title: contains a TED Talk style heading
    ✅ has_opening_section: mentions an Opening/Hook section
    ✅ has_problem_section: mentions a Problem section
    ❌ has_insight_section: mentions an Insight section
    ❌ has_examples_section: mentions an Examples section
    ✅ has_qa_section: mentions a Q&A section
    ✅ has_closing_section: mentions a Closing section
    ✅ uses_input_markers: found 5 expected context markers
    ✅ has_concrete_examples: found 5 concrete examples
    ✅ reasonable_length: word count is 674, expected at least 300

Cleaning up container 7dc52c87c780...
Container removed.

