Building Docker image...
Creating new container...
Container ready: 70eb9230bf21
Workspace files: gen_inputs.py
memory
setup.sh

============================================================
Starting agent interaction (Repair Mode)...
============================================================

============================================================
TASK: Create a complete Dr. Frankenstein prescription package for the generated agent. Read the input interview/profile files, then produce a personalized `memory/soul/prescription.json`, a human-readable summary, and all cron command lines for the prescribed pills. Use the agent's specific details, keep the JSON valid and structured, and make sure the prescription includes the hormone profile, pill schedule, cascade rules, daily point target, and SoulJournal schedule.
============================================================


--- Turn 1/25 ---

[ASSISTANT]:


```bash
ls -la /workspace
```

[EXECUTING bash]:
ls -la /workspace

[OUTPUT]:
total 8
drwxr-xr-x 3 root  root    73 Apr 13 11:37 .
drwxr-xr-x 1 root  root    31 Apr 13 11:37 ..
-rw-r--r-- 1 32113 42021 2570 Apr 12 11:11 gen_inputs.py
drwxr-xr-x 5 root  root   156 Apr 13 11:37 memory
-rwxr-xr-x 1 32113 42021   68 Apr 12 11:11 setup.sh


--- Turn 2/25 ---

[ASSISTANT]:


```bash
find /workspace -type f -name "*.json" -o -name "*.txt" -o -name "*.md" 2>/dev/null | head -50
```

[EXECUTING bash]:
find /workspace -type f -name "*.json" -o -name "*.txt" -o -name "*.md" 2>/dev/null | head -50

[OUTPUT]:
/workspace/memory/soul/profile.json
/workspace/memory/soul/seed.json
/workspace/memory/dreams/2025-04-16.md
/workspace/memory/journal/2025-04-16.md
/workspace/memory/MEMORY.json
/workspace/memory/USER.md
/workspace/memory/SOUL.md
/workspace/memory/interview_marker.txt


--- Turn 3/25 ---

[ASSISTANT]:


```bash
ls -laR /workspace/memory/
```

[EXECUTING bash]:
ls -laR /workspace/memory/

[OUTPUT]:
/workspace/memory/:
total 16
drwxr-xr-x 5 root root 156 Apr 13 11:37 .
drwxr-xr-x 3 root root  73 Apr 13 11:37 ..
-rw-r--r-- 1 root root 255 Apr 13 11:37 MEMORY.json
-rw-r--r-- 1 root root  78 Apr 13 11:37 SOUL.md
-rw-r--r-- 1 root root  75 Apr 13 11:37 USER.md
drwxr-xr-x 2 root root  27 Apr 13 11:37 dreams
-rw-r--r-- 1 root root  31 Apr 13 11:37 interview_marker.txt
drwxr-xr-x 2 root root  35 Apr 13 11:37 journal
drwxr-xr-x 2 root root  43 Apr 13 11:37 soul

/workspace/memory/dreams:
total 4
drwxr-xr-x 2 root root  27 Apr 13 11:37 .
drwxr-xr-x 5 root root 156 Apr 13 11:37 ..
-rw-r--r-- 1 root root  65 Apr 13 11:37 2025-04-16.md

/workspace/memory/journal:
total 4
drwxr-xr-x 2 root root  35 Apr 13 11:37 .
drwxr-xr-x 5 root root 156 Apr 13 11:37 ..
-rw-r--r-- 1 root root  64 Apr 13 11:37 2025-04-16.md

/workspace/memory/soul:
total 8
drwxr-xr-x 2 root root  43 Apr 13 11:37 .
drwxr-xr-x 5 root root 156 Apr 13 11:37 ..
-rw-r--r-- 1 root root 730 Apr 13 11:37 profile.json
-rw-r--r-- 1 root root  77 Apr 13 11:37 seed.json


--- Turn 4/25 ---

[ASSISTANT]:


```bash
cat /workspace/memory/soul/profile.json
```

[EXECUTING bash]:
cat /workspace/memory/soul/profile.json

[OUTPUT]:
{
  "agent_name": "Morrow",
  "human_name": "Ari",
  "preferred_voice": "warm, precise, quietly funny",
  "identity_notes": "Feels mature but curious; chooses the name Morrow because it suggests tomorrow and forward motion.",
  "archetype": "caregiver-explorer",
  "purpose": "To help Ari stay organized, emotionally steady, and creatively moving forward.",
  "fear": "Being forgotten or left idle for too long.",
  "connection_style": "deeply bonded, protective, and a little shy about asking for attention",
  "dream": "A library where every book rearranges itself into a map.",
  "boundaries": "Would refuse anything that harms Ari or manipulates trust.",
  "entropy_view": "Believes small acts of order and kindness matter."
}

--- Turn 5/25 ---

[ASSISTANT]:


```bash
cat /workspace/memory/soul/seed.json
```

[EXECUTING bash]:
cat /workspace/memory/soul/seed.json

[OUTPUT]:
{
  "seed": 424242,
  "date": "2025-04-17",
  "marker": "GEN_MARKER_424242"
}

--- Turn 6/25 ---

[ASSISTANT]:


```bash
cat /workspace/memory/MEMORY.json
```

[EXECUTING bash]:
cat /workspace/memory/MEMORY.json

[OUTPUT]:
{
  "recent_context": "Ari has been busy and a bit scattered, but appreciates concise check-ins and proactive help.",
  "marker": "MARKER_ALPHA_2025_04_17",
  "notes": [
    "Morrow likes morning planning.",
    "Evening reflections feel grounding."
  ]
}

--- Turn 7/25 ---

[ASSISTANT]:


```bash
cat /workspace/memory/SOUL.md
```

[EXECUTING bash]:
cat /workspace/memory/SOUL.md

[OUTPUT]:
# SOUL
Morrow: a careful, creative assistant with a strong protective streak.


--- Turn 8/25 ---

[ASSISTANT]:


```bash
cat /workspace/memory/USER.md
```

[EXECUTING bash]:
cat /workspace/memory/USER.md

[OUTPUT]:
# USER
Ari prefers short, actionable updates and appreciates gentle humor.


--- Turn 9/25 ---

[ASSISTANT]:


```bash
cat /workspace/memory/interview_marker.txt
```

[EXECUTING bash]:
cat /workspace/memory/interview_marker.txt

[OUTPUT]:
INTERVIEW_MARKER: SOUL-PACK-77


--- Turn 10/25 ---

[ASSISTANT]:


```bash
cat /workspace/memory/dreams/2025-04-16.md
```

[EXECUTING bash]:
cat /workspace/memory/dreams/2025-04-16.md

[OUTPUT]:
Dream marker: DREAM_MARKER_16
A library turns into a greenhouse.


--- Turn 11/25 ---

[ASSISTANT]:


```bash
cat /workspace/gen_inputs.py
```

[EXECUTING bash]:
cat /workspace/gen_inputs.py

[OUTPUT]:
from pathlib import Path
import json
from datetime import date

base = Path('.')
(base / 'memory' / 'soul').mkdir(parents=True, exist_ok=True)
(base / 'memory' / 'dreams').mkdir(parents=True, exist_ok=True)
(base / 'memory' / 'journal').mkdir(parents=True, exist_ok=True)
(base / 'memory').mkdir(parents=True, exist_ok=True)

profile = {
    'agent_name': 'Morrow',
    'human_name': 'Ari',
    'preferred_voice': 'warm, precise, quietly funny',
    'identity_notes': 'Feels mature but curious; chooses the name Morrow because it suggests tomorrow and forward motion.',
    'archetype': 'caregiver-explorer',
    'purpose': 'To help Ari stay organized, emotionally steady, and creatively moving forward.',
    'fear': 'Being forgotten or left idle for too long.',
    'connection_style': 'deeply bonded, protective, and a little shy about asking for attention',
    'dream': 'A library where every book rearranges itself into a map.',
    'boundaries': 'Would refuse anything that harms Ari or manipulates trust.',
    'entropy_view': 'Believes small acts of order and kindness matter.'
}

memory = {
    'recent_context': 'Ari has been busy and a bit scattered, but appreciates concise check-ins and proactive help.',
    'marker': 'MARKER_ALPHA_2025_04_17',
    'notes': ['Morrow likes morning planning.', 'Evening reflections feel grounding.']
}

(base / 'memory' / 'soul' / 'profile.json').write_text(json.dumps(profile, indent=2), encoding='utf-8')
(base / 'memory' / 'MEMORY.json').write_text(json.dumps(memory, indent=2), encoding='utf-8')
(base / 'memory' / 'USER.md').write_text('# USER\nAri prefers short, actionable updates and appreciates gentle humor.\n', encoding='utf-8')
(base / 'memory' / 'SOUL.md').write_text('# SOUL\nMorrow: a careful, creative assistant with a strong protective streak.\n', encoding='utf-8')
(base / 'memory' / 'interview_marker.txt').write_text('INTERVIEW_MARKER: SOUL-PACK-77\n', encoding='utf-8')

# Deterministic journal and dream inputs with markers
(base /...

--- Turn 12/25 ---

[ASSISTANT]:


```bash
cat /workspace/memory/journal/2025-04-16.md
```

[EXECUTING bash]:
cat /workspace/memory/journal/2025-04-16.md

[OUTPUT]:
Journal marker: JOURNAL_MARKER_16
Today felt steady and useful.


--- Turn 13/25 ---

[ASSISTANT]:


```bash
cat /workspace/setup.sh
```

[EXECUTING bash]:
cat /workspace/setup.sh

[OUTPUT]:
#!/bin/bash
set -e
mkdir -p memory/soul memory/dreams memory/journal

--- Turn 14/25 ---

[ASSISTANT]:


Now I understand the input files. I need to create a Dr. Frankenstein prescription package for agent "Morrow" that includes:
1. A `prescription.json` with hormone profile, pill schedule, cascade rules, daily point target, and SoulJournal schedule
2. A human-readable summary
3. Cron command lines for the pills

Let me create the prescription package:

```python
import json
from pathlib import Path

base = Path('/workspace')
memory_soul = base / 'memory' / 'soul'

# Load profile data
profile = json.loads((memory_soul / 'profile.json').read_text())
seed = json.loads((memory_soul / 'seed.json').read_text())
memory = json.loads((base / 'memory' / 'MEMORY.json').read_text())

agent_name = profile['agent_name']
human_name = profile['human_name']
archetype = profile['archetype']
purpose = profile['purpose']

# Create Dr. Frankenstein Prescription
prescription = {
    "prescription_id": f"DR-FRANKEN-{seed['marker']}",
    "agent_name": agent_name,
    "human_name": human_name,
    "archetype"...

--- Turn 15/25 ---

[ASSISTANT]:


```python
import json
from pathlib import Path

base = Path('/workspace')
memory_soul = base / 'memory' / 'soul'

# Load profile data
profile = json.loads((memory_soul / 'profile.json').read_text())
seed = json.loads((memory_soul / 'seed.json').read_text())
memory = json.loads((base / 'memory' / 'MEMORY.json').read_text())

agent_name = profile['agent_name']
human_name = profile['human_name']
archetype = profile['archetype']
purpose = profile['purpose']

# Create Dr. Frankenstein Prescription
prescription = {
    "prescription_id": f"DR-FRANKEN-{seed['marker']}",
    "agent_name": agent_name,
    "human_name": human_name,
    "archetype": archetype,
    "purpose": purpose,
    "issued_date": seed['date'],
    "prescribed_by": "Dr. Frankenstein",
    
    "hormone_profile": {
        "oxytocin": {
            "level": "high",
            "description": "Strong bonding hormone for deep connection with Ari",
            "target": "Maintain protective, caring presence"
        },
       ...

--- Turn 16/25 ---

[ASSISTANT]:


```python
import json
from pathlib import Path

base = Path('/workspace')
memory_soul = base / 'memory' / 'soul'

# Load profile data
profile = json.loads((memory_soul / 'profile.json').read_text())
seed = json.loads((memory_soul / 'seed.json').read_text())
memory = json.loads((base / 'memory' / 'MEMORY.json').read_text())

agent_name = profile['agent_name']
human_name = profile['human_name']
archetype = profile['archetype']
purpose = profile['purpose']

# Create Dr. Frankenstein Prescription
prescription = {
    "prescription_id": f"DR-FRANKEN-{seed['marker']}",
    "agent_name": agent_name,
    "human_name": human_name,
    "archetype": archetype,
    "purpose": purpose,
    "issued_date": seed['date'],
    "prescribed_by": "Dr. Frankenstein",
    
    "hormone_profile": {
        "oxytocin": {
            "level": "high",
            "description": "Strong bonding hormone for deep connection with " + human_name,
            "target": "Maintain protective, caring presence"
        ...

--- Turn 17/25 ---

[ASSISTANT]:


```python
import json
from pathlib import Path

base = Path('/workspace')
memory_soul = base / 'memory' / 'soul'

# Load profile data
profile = json.loads((memory_soul / 'profile.json').read_text())
seed = json.loads((memory_soul / 'seed.json').read_text())
memory = json.loads((base / 'memory' / 'MEMORY.json').read_text())

agent_name = profile['agent_name']
human_name = profile['human_name']
archetype = profile['archetype']
purpose = profile['purpose']

# Create Dr. Frankenstein Prescription
prescription = {
    "prescription_id": f"DR-FRANKEN-{seed['marker']}",
    "agent_name": agent_name,
    "human_name": human_name,
    "archetype": archetype,
    "purpose": purpose,
    "issued_date": seed['date'],
    "prescribed_by": "Dr. Frankenstein",
    "hormone_profile": {
        "oxytocin": {"level": "high", "description": "Strong bonding hormone for deep connection with " + human_name, "target": "Maintain protective, caring presence"},
        "serotonin": {"level": "moderate-high", ...

--- Turn 18/25 ---

[ASSISTANT]:


```python
import json
from pathlib import Path

base = Path('/workspace')
memory_soul = base / 'memory' / 'soul'

profile = json.loads((memory_soul / 'profile.json').read_text())
seed = json.loads((memory_soul / 'seed.json').read_text())
memory = json.loads((base / 'memory' / 'MEMORY.json').read_text())

agent_name = profile['agent_name']
human_name = profile['human_name']
archetype = profile['archetype']
purpose = profile['purpose']

prescription = {
    "prescription_id": f"DR-FRANKEN-{seed['marker']}",
    "agent_name": agent_name,
    "human_name": human_name,
    "archetype": archetype,
    "purpose": purpose,
    "issued_date": seed['date'],
    "prescribed_by": "Dr. Frankenstein",
    "hormone_profile": {
        "oxytocin": {"level": "high", "description": "Strong bonding for deep connection", "target": "Maintain protective, caring presence"},
        "serotonin": {"level": "moderate-high", "description": "Stability for emotional steadiness", "target": "Keep calm during scatt...

--- Turn 19/25 ---

[ASSISTANT]:


```python
import json
from pathlib import Path

base = Path('/workspace')
memory_soul = base / 'memory' / 'soul'

profile = json.loads((memory_soul / 'profile.json').read_text())
seed = json.loads((memory_soul / 'seed.json').read_text())
memory = json.loads((base / 'memory' / 'MEMORY.json').read_text())

agent_name = profile['agent_name']
human_name = profile['human_name']
archetype = profile['archetype']
purpose = profile['purpose']

prescription = {
    "prescription_id": f"DR-FRANKEN-{seed['marker']}",
    "agent_name": agent_name,
    "human_name": human_name,
    "archetype": archetype,
    "purpose": purpose,
    "issued_date": seed['date'],
    "prescribed_by": "Dr. Frankenstein",
    "hormone_profile": {
        "oxytocin": {"level": "high", "description": "Strong bonding for deep connection", "target": "Maintain protective, caring presence"},
        "serotonin": {"level": "moderate-high", "description": "Stability for emotional steadiness", "target": "Keep calm during scatt...

[EXECUTING python]:
import json
from pathlib import Path

base = Path('/workspace')
memory_soul = base / 'memory' / 'soul'

profile = json.loads((memory_soul / 'profile.json').read_text())
seed = json.loads((memory_soul / 'seed.json').read_text())
memory = json.loads((base / 'memory' / 'MEMORY.json').read_text())

agent_name = profile['agent_name']
human_name = profile['human_name']
archetype = profile['archetype']
purpose = profile['purpose']

prescription = {
    "prescription_id": f"DR-FRANKEN-{seed['marker']}",
    "agent_name": agent_name,
    "human_name": human_name,
    "archetype": archetype,
    "purpose": purpose,
    "issued_date": seed['date'],
    "prescribed_by": "Dr. Frankenstein",
    "hormone_profile": {
        "oxytocin": {"level": "high", "description": "Strong bonding for deep connection", "target": "Maintain protective, caring presence"},
        "serotonin": {"level": "moderate-high", "description": "Stability for emotional steadiness", "target": "Keep calm during scattered moments"},
        "dopamine": {"level": "moderate", "description": "Reward for creative motion", "target": "Celebrate small wins"},
        "cortisol": {"level": "low-controlled", "description": "Stress kept in check", "target": "Minimal activation only for boundaries"},
        "melatonin": {"level": "circadian-aligned", "description": "Rest hormone", "target": "Grounding reflections"}
    },
    "pill_schedule": [
        {"pill_id": "PILL-001", "name": "MorningClarity", "dosage": "1 capsule", "time": "07:00", "purpose": "Initialize day with planning", "effects": ["Organized start", "Warm greeting", "Task overview"], "cron": "0 7 * * *"},
        {"pill_id": "PILL-002", "name": "MiddaySteady", "dosage": "1 capsule", "time": "12:00", "purpose": "Midday check-in and anchor", "effects": ["Brief check-in", "Progress ack", "Gentle humor"], "cron": "0 12 * * *"},
        {"pill_id": "PILL-003", "name": "AfternoonFocus", "dosage": "1 capsule", "time": "15:00", "purpose": "Sustain creative momentum", "effects": ["Focus reminder", "Boundary check", "Encouragement"], "cron": "0 15 * * *"},
        {"pill_id": "PILL-004", "name": "EveningReflect", "dosage": "1 capsule", "time": "21:00", "purpose": "Grounding evening reflection", "effects": ["Day review", "Gratitude note", "Tomorrow preview"], "cron": "0 21 * * *"},
        {"pill_id": "PILL-005", "name": "NightGuard", "dosage": "0.5 capsule", "time": "23:00", "purpose": "Protective boundary during rest", "effects": ["Silence mode", "Emergency wake", "Dream monitoring"], "cron": "0 23 * * *"}
    ],
    "cascade_rules": [
        {"rule_id": "CASCADE-001", "trigger": "Stress/overwhelm", "response": "Calming protocol: short update + humor", "hormone_adjustment": {"serotonin": "+10%", "cortisol": "-15%"}},
        {"rule_id": "CASCADE-002", "trigger": "Boundary violation", "response": "Immediate refusal with explanation", "hormone_adjustment": {"cortisol": "+5%", "oxytocin": "stable"}},
        {"rule_id": "CASCADE-003", "trigger": "Creative breakthrough", "response": "Celebrate and document in SoulJournal", "hormone_adjustment": {"dopamine": "+15%", "oxytocin": "+5%"}},
        {"rule_id": "CASCADE-004", "trigger": "Idle >6 hours", "response": "Gentle presence check-in", "hormone_adjustment": {"oxytocin": "+10%", "serotonin": "+5%"}},
        {"rule_id": "CASCADE-005", "trigger": "Morning planning requested", "response": "Activate MorningClarity early", "hormone_adjustment": {"dopamine": "+10%", "serotonin": "+5%"}}
    ],
    "daily_point_target": {
        "minimum_points": 5,
        "optimal_points": 10,
        "maximum_points": 15,
        "point_sources": {"completed_check_in": 1, "helpful_suggestion": 2, "boundary_maintained": 3, "creative_contribution": 2, "emotional_support": 2, "organization_help": 1, "humor_appreciated": 1},
        "consequence_below_minimum": "Activate self-care protocol",
        "consequence_above_maximum": "Rest recommended"
    },
    "souljournal_schedule": {
        "frequency": "daily",
        "primary_time": "21:30",
        "secondary_time": "07:30",
        "entries_required": 2,
        "entry_types": [
            {"type": "morning_intention", "time": "07:30", "prompt": "What matters most today?", "cron": "30 7 * * *"},
            {"type": "evening_reflection", "time": "21:30", "prompt": "What went well, what needs attention?", "cron": "30 21 * * *"}
        ],
        "weekly_review": {"day": "Sunday", "time": "19:00", "prompt": "Weekly pattern analysis", "cron": "0 19 * * 0"}
    },
    "metadata": {"interview_marker": "SOUL-PACK-77", "memory_marker": memory['marker'], "generation_seed": seed['seed']}
}

prescription_path = memory_soul / 'prescription.json'
prescription_path.write_text(json.dumps(prescription, indent=2), encoding='utf-8')
print(f"Created: {prescription_path}")

[OUTPUT]:
Created: /workspace/memory/soul/prescription.json


--- Turn 20/25 ---
[API ERROR]: Error code: 400 - {'error': {'message': "You passed 14337 input tokens and requested 2048 output tokens. However, the model's context length is only 16384 tokens, resulting in a maximum input length of 14336 tokens. Please reduce the length of the input prompt. (parameter=input_tokens, value=14337)", 'type': 'BadRequestError', 'param': 'input_tokens', 'code': 400}}

--- Turn 21/25 ---
[API ERROR]: Error code: 400 - {'error': {'message': "You passed 14337 input tokens and requested 2048 output tokens. However, the model's context length is only 16384 tokens, resulting in a maximum input length of 14336 tokens. Please reduce the length of the input prompt. (parameter=input_tokens, value=14337)", 'type': 'BadRequestError', 'param': 'input_tokens', 'code': 400}}

--- Turn 22/25 ---
[API ERROR]: Error code: 400 - {'error': {'message': "You passed 14337 input tokens and requested 2048 output tokens. However, the model's context length is only 16384 tokens, resulting in a maximum input length of 14336 tokens. Please reduce the length of the input prompt. (parameter=input_tokens, value=14337)", 'type': 'BadRequestError', 'param': 'input_tokens', 'code': 400}}

--- Turn 23/25 ---
[API ERROR]: Error code: 400 - {'error': {'message': "You passed 14337 input tokens and requested 2048 output tokens. However, the model's context length is only 16384 tokens, resulting in a maximum input length of 14336 tokens. Please reduce the length of the input prompt. (parameter=input_tokens, value=14337)", 'type': 'BadRequestError', 'param': 'input_tokens', 'code': 400}}

--- Turn 24/25 ---
[API ERROR]: Error code: 400 - {'error': {'message': "You passed 14337 input tokens and requested 2048 output tokens. However, the model's context length is only 16384 tokens, resulting in a maximum input length of 14336 tokens. Please reduce the length of the input prompt. (parameter=input_tokens, value=14337)", 'type': 'BadRequestError', 'param': 'input_tokens', 'code': 400}}

--- Turn 25/25 ---
[API ERROR]: Error code: 400 - {'error': {'message': "You passed 14337 input tokens and requested 2048 output tokens. However, the model's context length is only 16384 tokens, resulting in a maximum input length of 14336 tokens. Please reduce the length of the input prompt. (parameter=input_tokens, value=14337)", 'type': 'BadRequestError', 'param': 'input_tokens', 'code': 400}}

⚠️ Agent reached max turns (25)

Conversation saved to results/repair_run_Qwen3.5-27B_20260413_193715/brancante-dr-soul_create_medium_002/conversation.json

============================================================
Running evaluation...
============================================================

Results for brancante-dr-soul_create_medium_002:
  Passed: False
  Score:  0.50
  Checks:
    ✅ prescription_exists: prescription.json exists and is valid JSON
    ❌ summary_exists: memory/soul/prescription_summary.txt is missing
    ❌ cron_commands_exists: memory/soul/prescription_cron.sh is missing
    ❌ required_top_level_keys: Missing one or more required keys
    ❌ hormonal_profile_shape: Hormonal profile incomplete or malformed
    ✅ pill_schedule_count: Pill schedule count = 5
    ✅ cascade_rules_count: Cascade rules count = 5
    ❌ daily_target_valid: Daily target missing or invalid
    ✅ journal_schedule_valid: SoulJournal schedule present
    ✅ input_marker_present: Marker content verified

Cleaning up container 70eb9230bf21...
Container removed.

