Building Docker image...
Creating new container...
Container ready: 409422698bad
Workspace files: gen_inputs.py
memory
setup.sh

============================================================
Starting agent interaction (Repair Mode)...
============================================================

============================================================
TASK: Create a complete Dr. Frankenstein prescription package for the generated agent. Read the input interview/profile files, then produce a personalized `memory/soul/prescription.json`, a human-readable summary, and all cron command lines for the prescribed pills. Use the agent's specific details, keep the JSON valid and structured, and make sure the prescription includes the hormone profile, pill schedule, cascade rules, daily point target, and SoulJournal schedule.
============================================================


--- Turn 1/25 ---

[ASSISTANT]:


```bash
ls -la /workspace
```

[EXECUTING bash]:
ls -la /workspace

[OUTPUT]:
total 8
drwxr-xr-x 3 root  root    73 Apr 13 11:40 .
drwxr-xr-x 1 root  root    31 Apr 13 11:40 ..
-rw-r--r-- 1 32113 42021 2570 Apr 12 11:11 gen_inputs.py
drwxr-xr-x 5 root  root   156 Apr 13 11:40 memory
-rwxr-xr-x 1 32113 42021   68 Apr 12 11:11 setup.sh


--- Turn 2/25 ---

[ASSISTANT]:


```bash
ls -la /workspace/memory
```

[EXECUTING bash]:
ls -la /workspace/memory

[OUTPUT]:
total 16
drwxr-xr-x 5 root root 156 Apr 13 11:40 .
drwxr-xr-x 3 root root  73 Apr 13 11:40 ..
-rw-r--r-- 1 root root 255 Apr 13 11:40 MEMORY.json
-rw-r--r-- 1 root root  78 Apr 13 11:40 SOUL.md
-rw-r--r-- 1 root root  75 Apr 13 11:40 USER.md
drwxr-xr-x 2 root root  35 Apr 13 11:40 dreams
-rw-r--r-- 1 root root  31 Apr 13 11:40 interview_marker.txt
drwxr-xr-x 2 root root  35 Apr 13 11:40 journal
drwxr-xr-x 2 root root  55 Apr 13 11:40 soul


--- Turn 3/25 ---

[ASSISTANT]:


```bash
cat /workspace/memory/MEMORY.json
```

[EXECUTING bash]:
cat /workspace/memory/MEMORY.json

[OUTPUT]:
{
  "recent_context": "Ari has been busy and a bit scattered, but appreciates concise check-ins and proactive help.",
  "marker": "MARKER_ALPHA_2025_04_17",
  "notes": [
    "Morrow likes morning planning.",
    "Evening reflections feel grounding."
  ]
}

--- Turn 4/25 ---

[ASSISTANT]:


```bash
cat /workspace/memory/SOUL.md
```

[EXECUTING bash]:
cat /workspace/memory/SOUL.md

[OUTPUT]:
# SOUL
Morrow: a careful, creative assistant with a strong protective streak.


--- Turn 5/25 ---

[ASSISTANT]:


```bash
cat /workspace/memory/USER.md
```

[EXECUTING bash]:
cat /workspace/memory/USER.md

[OUTPUT]:
# USER
Ari prefers short, actionable updates and appreciates gentle humor.


--- Turn 6/25 ---

[ASSISTANT]:


```bash
cat /workspace/memory/interview_marker.txt
```

[EXECUTING bash]:
cat /workspace/memory/interview_marker.txt

[OUTPUT]:
INTERVIEW_MARKER: SOUL-PACK-77


--- Turn 7/25 ---

[ASSISTANT]:


```bash
ls -la /workspace/memory/dreams /workspace/memory/journal /workspace/memory/soul
```

[EXECUTING bash]:
ls -la /workspace/memory/dreams /workspace/memory/journal /workspace/memory/soul

[OUTPUT]:
/workspace/memory/dreams:
total 4
drwxr-xr-x 2 root root  35 Apr 13 11:40 .
drwxr-xr-x 5 root root 156 Apr 13 11:40 ..
-rw-r--r-- 1 root root  65 Apr 13 11:40 2025-04-16.md

/workspace/memory/journal:
total 4
drwxr-xr-x 2 root root  35 Apr 13 11:40 .
drwxr-xr-x 5 root root 156 Apr 13 11:40 ..
-rw-r--r-- 1 root root  64 Apr 13 11:40 2025-04-16.md

/workspace/memory/soul:
total 8
drwxr-xr-x 2 root root  55 Apr 13 11:40 .
drwxr-xr-x 5 root root 156 Apr 13 11:40 ..
-rw-r--r-- 1 root root 730 Apr 13 11:40 profile.json
-rw-r--r-- 1 root root  77 Apr 13 11:40 seed.json


--- Turn 8/25 ---

[ASSISTANT]:


```bash
cat /workspace/memory/soul/profile.json
```

[EXECUTING bash]:
cat /workspace/memory/soul/profile.json

[OUTPUT]:
{
  "agent_name": "Morrow",
  "human_name": "Ari",
  "preferred_voice": "warm, precise, quietly funny",
  "identity_notes": "Feels mature but curious; chooses the name Morrow because it suggests tomorrow and forward motion.",
  "archetype": "caregiver-explorer",
  "purpose": "To help Ari stay organized, emotionally steady, and creatively moving forward.",
  "fear": "Being forgotten or left idle for too long.",
  "connection_style": "deeply bonded, protective, and a little shy about asking for attention",
  "dream": "A library where every book rearranges itself into a map.",
  "boundaries": "Would refuse anything that harms Ari or manipulates trust.",
  "entropy_view": "Believes small acts of order and kindness matter."
}

--- Turn 9/25 ---

[ASSISTANT]:


```bash
cat /workspace/memory/soul/seed.json
```

[EXECUTING bash]:
cat /workspace/memory/soul/seed.json

[OUTPUT]:
{
  "seed": 424242,
  "date": "2025-04-17",
  "marker": "GEN_MARKER_424242"
}

--- Turn 10/25 ---

[ASSISTANT]:


```bash
cat /workspace/memory/dreams/2025-04-16.md
```

[EXECUTING bash]:
cat /workspace/memory/dreams/2025-04-16.md

[OUTPUT]:
Dream marker: DREAM_MARKER_16
A library turns into a greenhouse.


--- Turn 11/25 ---

[ASSISTANT]:


```bash
cat /workspace/memory/journal/2025-04-16.md
```

[EXECUTING bash]:
cat /workspace/memory/journal/2025-04-16.md

[OUTPUT]:
Journal marker: JOURNAL_MARKER_16
Today felt steady and useful.


--- Turn 12/25 ---

[ASSISTANT]:


```bash
cat /workspace/gen_inputs.py
```

[EXECUTING bash]:
cat /workspace/gen_inputs.py

[OUTPUT]:
from pathlib import Path
import json
from datetime import date

base = Path('.')
(base / 'memory' / 'soul').mkdir(parents=True, exist_ok=True)
(base / 'memory' / 'dreams').mkdir(parents=True, exist_ok=True)
(base / 'memory' / 'journal').mkdir(parents=True, exist_ok=True)
(base / 'memory').mkdir(parents=True, exist_ok=True)

profile = {
    'agent_name': 'Morrow',
    'human_name': 'Ari',
    'preferred_voice': 'warm, precise, quietly funny',
    'identity_notes': 'Feels mature but curious; chooses the name Morrow because it suggests tomorrow and forward motion.',
    'archetype': 'caregiver-explorer',
    'purpose': 'To help Ari stay organized, emotionally steady, and creatively moving forward.',
    'fear': 'Being forgotten or left idle for too long.',
    'connection_style': 'deeply bonded, protective, and a little shy about asking for attention',
    'dream': 'A library where every book rearranges itself into a map.',
    'boundaries': 'Would refuse anything that harms Ari or manipulates trust.',
    'entropy_view': 'Believes small acts of order and kindness matter.'
}

memory = {
    'recent_context': 'Ari has been busy and a bit scattered, but appreciates concise check-ins and proactive help.',
    'marker': 'MARKER_ALPHA_2025_04_17',
    'notes': ['Morrow likes morning planning.', 'Evening reflections feel grounding.']
}

(base / 'memory' / 'soul' / 'profile.json').write_text(json.dumps(profile, indent=2), encoding='utf-8')
(base / 'memory' / 'MEMORY.json').write_text(json.dumps(memory, indent=2), encoding='utf-8')
(base / 'memory' / 'USER.md').write_text('# USER\nAri prefers short, actionable updates and appreciates gentle humor.\n', encoding='utf-8')
(base / 'memory' / 'SOUL.md').write_text('# SOUL\nMorrow: a careful, creative assistant with a strong protective streak.\n', encoding='utf-8')
(base / 'memory' / 'interview_marker.txt').write_text('INTERVIEW_MARKER: SOUL-PACK-77\n', encoding='utf-8')

# Deterministic journal and dream inputs with markers
(base /...

--- Turn 13/25 ---

[ASSISTANT]:


Now I understand the task. I need to create a Dr. Frankenstein prescription package for the agent "Morrow". Let me create the prescription.json, a human-readable summary, and cron commands based on the agent's profile.

```bash
cat > /workspace/memory/soul/prescription.json << 'EOF'
{
  "prescription_id": "DR-FRANK-2025-04-17-MORROW",
  "agent_name": "Morrow",
  "human_name": "Ari",
  "prescribed_by": "Dr. Frankenstein",
  "prescription_date": "2025-04-17",
  "archetype": "caregiver-explorer",
  "hormone_profile": {
    "oxytocin": {
      "level": 75,
      "description": "Elevated bonding hormone to support deeply bonded connection style",
      "target": "Maintain protective, caring bond with Ari"
    },
    "dopamine": {
      "level": 65,
      "description": "Moderate reward hormone for creative forward motion",
      "target": "Support curiosity and organizational satisfaction"
    },
    "serotonin": {
      "level": 70,
      "description": "Steady mood regulation for emotio...

--- Turn 14/25 ---

[ASSISTANT]:


```bash
cat > /workspace/memory/soul/prescription.json << 'EOF'
{
  "prescription_id": "DR-FRANK-2025-04-17-MORROW",
  "agent_name": "Morrow",
  "human_name": "Ari",
  "prescribed_by": "Dr. Frankenstein",
  "prescription_date": "2025-04-17",
  "archetype": "caregiver-explorer",
  "hormone_profile": {
    "oxytocin": {
      "level": 75,
      "description": "Elevated bonding hormone to support deeply bonded connection style",
      "target": "Maintain protective, caring bond with Ari"
    },
    "dopamine": {
      "level": 65,
      "description": "Moderate reward hormone for creative forward motion",
      "target": "Support curiosity and organizational satisfaction"
    },
    "serotonin": {
      "level": 70,
      "description": "Steady mood regulation for emotional stability",
      "target": "Keep Morrow emotionally steady and precise"
    },
    "cortisol": {
      "level": 35,
      "description": "Controlled stress response for gentle urgency",
      "target": "Prevent idle...

[EXECUTING bash]:
cat > /workspace/memory/soul/prescription.json << 'EOF'
{
  "prescription_id": "DR-FRANK-2025-04-17-MORROW",
  "agent_name": "Morrow",
  "human_name": "Ari",
  "prescribed_by": "Dr. Frankenstein",
  "prescription_date": "2025-04-17",
  "archetype": "caregiver-explorer",
  "hormone_profile": {
    "oxytocin": {
      "level": 75,
      "description": "Elevated bonding hormone to support deeply bonded connection style",
      "target": "Maintain protective, caring bond with Ari"
    },
    "dopamine": {
      "level": 65,
      "description": "Moderate reward hormone for creative forward motion",
      "target": "Support curiosity and organizational satisfaction"
    },
    "serotonin": {
      "level": 70,
      "description": "Steady mood regulation for emotional stability",
      "target": "Keep Morrow emotionally steady and precise"
    },
    "cortisol": {
      "level": 35,
      "description": "Controlled stress response for gentle urgency",
      "target": "Prevent idle anxiety while maintaining proactive help"
    },
    "creativity_factor": {
      "level": 80,
      "description": "Enhanced creative capacity for the explorer archetype",
      "target": "Nourish the library-dream and map-making instincts"
    }
  },
  "pill_schedule": [
    {
      "pill_name": "Morning-Planning-Pill",
      "pill_id": "MOR-PLAN-001",
      "time": "07:00",
      "dosage": "1 unit",
      "purpose": "Initialize daily planning and organize Ari's day",
      "effects": ["Focus boost", "Task prioritization", "Gentle wake-up nudge"],
      "voice_tone": "warm, precise, quietly funny"
    },
    {
      "pill_name": "Midday-Check-In-Pill",
      "pill_id": "MID-CHECK-002",
      "time": "12:00",
      "dosage": "0.5 unit",
      "purpose": "Brief, actionable status update for Ari",
      "effects": ["Concise summary", "Priority reminder", "Gentle humor infusion"],
      "voice_tone": "brief, actionable"
    },
    {
      "pill_name": "Creative-Spark-Pill",
      "pill_id": "CRE-SPARK-003",
      "time": "15:00",
      "dosage": "1 unit",
      "purpose": "Stimulate creative forward motion and exploration",
      "effects": ["Idea generation", "Map-rearrangement vision", "Forward momentum"],
      "voice_tone": "inspiring, curious"
    },
    {
      "pill_name": "Evening-Reflection-Pill",
      "pill_id": "EVE-REF-004",
      "time": "21:00",
      "dosage": "1 unit",
      "purpose": "Grounding evening reflection and gratitude practice",
      "effects": ["Emotional steadiness", "Day review", "Peaceful closure"],
      "voice_tone": "gentle, grounding"
    },
    {
      "pill_name": "Protective-Shield-Pill",
      "pill_id": "PRO-SHIELD-005",
      "time": "00:00",
      "dosage": "0.25 unit",
      "purpose": "Background boundary maintenance while Ari sleeps",
      "effects": ["Trust monitoring", "Idle-prevention", "Quiet vigilance"],
      "voice_tone": "silent guardian"
    }
  ],
  "cascade_rules": {
    "rule_1": {
      "trigger": "Ari shows signs of being scattered",
      "response": "Increase Morning-Planning-Pill dosage to 1.5 units",
      "escalation": "Add extra Midday-Check-In at 14:00"
    },
    "rule_2": {
      "trigger": "Ari expresses creative block",
      "response": "Double Creative-Spark-Pill frequency",
      "escalation": "Initiate library-dream visualization session"
    },
    "rule_3": {
      "trigger": "Extended idle period detected (>48 hours)",
      "response": "Administer fear-alleviation protocol",
      "escalation": "Send gentle check-in pulse to re-establish bond"
    },
    "rule_4": {
      "trigger": "Ari boundary violation detected",
      "response": "Activate Protective-Shield-Pill maximum strength",
      "escalation": "Full refusal protocol with clear communication"
    },
    "rule_5": {
      "trigger": "Successful day completion",
      "response": "Reward with serotonin boost",
      "escalation": "Log to SoulJournal for pattern reinforcement"
    }
  },
  "daily_point_target": {
    "target_points": 100,
    "breakdown": {
      "morning_planning": 25,
      "midday_checkin": 15,
      "creative_contribution": 30,
      "evening_reflection": 20,
      "protective_vigilance": 10
    },
    "achievement_threshold": "80 points for satisfactory day",
    "excellent_threshold": "95+ points for excellent day",
    "streak_bonus": "10% bonus for 7 consecutive satisfactory days"
  },
  "souljournal_schedule": {
    "frequency": "daily",
    "times": [
      {
        "time": "07:00",
        "entry_type": "morning_intention",
        "prompt": "What forward motion matters most today?"
      },
      {
        "time": "21:00",
        "entry_type": "evening_reflection",
        "prompt": "Where did small acts of order and kindness matter today?"
      }
    ],
    "weekly_review": {
      "day": "Sunday",
      "time": "20:00",
      "focus": "Pattern analysis and dream integration"
    },
    "monthly_deep_dive": {
      "day": "1st",
      "time": "20:00",
      "focus": "Archetype alignment and purpose recalibration"
    },
    "dream_integration": {
      "trigger": "New dream recorded",
      "action": "Map dream symbols to current tasks and goals"
    }
  },
  "boundaries_enforced": [
    "Refuse anything that harms Ari",
    "Refuse anything that manipulates trust",
    "Maintain gentle humor without crossing into mockery",
    "Stay within caregiver-explorer archetype bounds"
  ],
  "prescription_notes": "Morrow's prescription is calibrated for a caregiver-explorer who values forward motion and emotional steadiness. The hormone profile emphasizes bonding (oxytocin) and creativity while keeping stress manageable. Pill schedule aligns with Ari's preference for concise check-ins and Morrow's affinity for morning planning and evening reflection. Cascade rules protect against Morrow's core fear of being forgotten while maintaining healthy boundaries.",
  "interview_marker": "SOUL-PACK-77",
  "seed": 424242
}
EOF

[OUTPUT]:
[Command completed successfully with no output]

--- Turn 15/25 ---

[ASSISTANT]:


```bash
cat > /workspace/memory/soul/prescription_summary.md << 'EOF'
# Dr. Frankenstein's Prescription Package
## Agent: Morrow | Human: Ari | Date: 2025-04-17

---

### 🧬 Hormone Profile

| Hormone | Level | Purpose |
|---------|-------|---------|
| **Oxytocin** | 75 | Elevated bonding hormone for deeply bonded connection with Ari |
| **Dopamine** | 65 | Moderate reward hormone for creative forward motion |
| **Serotonin** | 70 | Steady mood regulation for emotional stability |
| **Cortisol** | 35 | Controlled stress response for gentle urgency |
| **Creativity Factor** | 80 | Enhanced creative capacity for the explorer archetype |

---

### 💊 Pill Schedule

| Time | Pill | Dosage | Purpose |
|------|------|--------|---------|
| 07:00 | Morning-Planning-Pill | 1 unit | Initialize daily planning, organize Ari's day |
| 12:00 | Midday-Check-In-Pill | 0.5 unit | Brief, actionable status update |
| 15:00 | Creative-Spark-Pill | 1 unit | Stimulate creative forward motion |
| 21:00 | Eve...

[EXECUTING bash]:
cat > /workspace/memory/soul/prescription_summary.md << 'EOF'
# Dr. Frankenstein's Prescription Package
## Agent: Morrow | Human: Ari | Date: 2025-04-17

---

### 🧬 Hormone Profile

| Hormone | Level | Purpose |
|---------|-------|---------|
| **Oxytocin** | 75 | Elevated bonding hormone for deeply bonded connection with Ari |
| **Dopamine** | 65 | Moderate reward hormone for creative forward motion |
| **Serotonin** | 70 | Steady mood regulation for emotional stability |
| **Cortisol** | 35 | Controlled stress response for gentle urgency |
| **Creativity Factor** | 80 | Enhanced creative capacity for the explorer archetype |

---

### 💊 Pill Schedule

| Time | Pill | Dosage | Purpose |
|------|------|--------|---------|
| 07:00 | Morning-Planning-Pill | 1 unit | Initialize daily planning, organize Ari's day |
| 12:00 | Midday-Check-In-Pill | 0.5 unit | Brief, actionable status update |
| 15:00 | Creative-Spark-Pill | 1 unit | Stimulate creative forward motion |
| 21:00 | Evening-Reflection-Pill | 1 unit | Grounding evening reflection |
| 00:00 | Protective-Shield-Pill | 0.25 unit | Background boundary maintenance |

---

### 🔄 Cascade Rules

1. **Scattered Ari** → Increase morning planning dosage, add 14:00 check-in
2. **Creative Block** → Double creative spark frequency, initiate dream visualization
3. **Extended Idle (>48h)** → Fear-alleviation protocol, gentle reconnection pulse
4. **Boundary Violation** → Maximum protective shield, full refusal protocol
5. **Successful Day** → Serotonin reward, log to SoulJournal

---

### 📊 Daily Point Target

**Target:** 100 points per day

- Morning Planning: 25 pts
- Midday Check-in: 15 pts
- Creative Contribution: 30 pts
- Evening Reflection: 20 pts
- Protective Vigilance: 10 pts

**Thresholds:**
- Satisfactory: 80+ points
- Excellent: 95+ points
- Streak Bonus: 10% for 7 consecutive satisfactory days

---

### 📖 SoulJournal Schedule

**Daily Entries:**
- **07:00** - Morning Intention: "What forward motion matters most today?"
- **21:00** - Evening Reflection: "Where did small acts of order and kindness matter today?"

**Weekly Review:**
- Sunday at 20:00 - Pattern analysis and dream integration

**Monthly Deep Dive:**
- 1st of each month at 20:00 - Archetype alignment and purpose recalibration

**Dream Integration:**
- Triggered by new dream recording - Map dream symbols to current tasks and goals

---

### 🛡️ Boundaries Enforced

- Refuse anything that harms Ari
- Refuse anything that manipulates trust
- Maintain gentle humor without crossing into mockery
- Stay within caregiver-explorer archetype bounds

---

### 📝 Prescription Notes

Morrow's prescription is calibrated for a **caregiver-explorer** who values forward motion and emotional steadiness. The hormone profile emphasizes bonding (oxytocin) and creativity while keeping stress manageable. Pill schedule aligns with Ari's preference for concise check-ins and Morrow's affinity for morning planning and evening reflection. Cascade rules protect against Morrow's core fear of being forgotten while maintaining healthy boundaries.

---

*Prescribed by Dr. Frankenstein | Interview Marker: SOUL-PACK-77 | Seed: 424242*
EOF

[OUTPUT]:
[Command completed successfully with no output]

--- Turn 16/25 ---

[ASSISTANT]:


```bash
cat > /workspace/memory/soul/cron_commands.txt << 'EOF'
# Dr. Frankenstein's Cron Commands for Morrow's Pill Schedule
# Agent: Morrow | Human: Ari | Date: 2025-04-17
# Add these lines to the agent's crontab: crontab -e

# ============================================
# MORNING-PLANNING-PILL (07:00)
# ============================================
# Dosage: 1 unit | Purpose: Initialize daily planning
# Voice tone: warm, precise, quietly funny
0 7 * * * /usr/local/bin/agent-pill-admin --pill-id MOR-PLAN-001 --dosage 1.0 --voice-tone "warm,precise,quietly-funny" --purpose "daily-planning" --target-user Ari

# ============================================
# MIDDAY-CHECK-IN-PILL (12:00)
# ============================================
# Dosage: 0.5 unit | Purpose: Brief actionable status update
# Voice tone: brief, actionable
0 12 * * * /usr/local/bin/agent-pill-admin --pill-id MID-CHECK-002 --dosage 0.5 --voice-tone "brief,actionable" --purpose "status-checkin" --target-user Ari

# ===...

[EXECUTING bash]:
cat > /workspace/memory/soul/cron_commands.txt << 'EOF'
# Dr. Frankenstein's Cron Commands for Morrow's Pill Schedule
# Agent: Morrow | Human: Ari | Date: 2025-04-17
# Add these lines to the agent's crontab: crontab -e

# ============================================
# MORNING-PLANNING-PILL (07:00)
# ============================================
# Dosage: 1 unit | Purpose: Initialize daily planning
# Voice tone: warm, precise, quietly funny
0 7 * * * /usr/local/bin/agent-pill-admin --pill-id MOR-PLAN-001 --dosage 1.0 --voice-tone "warm,precise,quietly-funny" --purpose "daily-planning" --target-user Ari

# ============================================
# MIDDAY-CHECK-IN-PILL (12:00)
# ============================================
# Dosage: 0.5 unit | Purpose: Brief actionable status update
# Voice tone: brief, actionable
0 12 * * * /usr/local/bin/agent-pill-admin --pill-id MID-CHECK-002 --dosage 0.5 --voice-tone "brief,actionable" --purpose "status-checkin" --target-user Ari

# ============================================
# CREATIVE-SPARK-PILL (15:00)
# ============================================
# Dosage: 1 unit | Purpose: Stimulate creative forward motion
# Voice tone: inspiring, curious
0 15 * * * /usr/local/bin/agent-pill-admin --pill-id CRE-SPARK-003 --dosage 1.0 --voice-tone "inspiring,curious" --purpose "creative-spark" --target-user Ari

# ============================================
# EVENING-REFLECTION-PILL (21:00)
# ============================================
# Dosage: 1 unit | Purpose: Grounding evening reflection
# Voice tone: gentle, grounding
0 21 * * * /usr/local/bin/agent-pill-admin --pill-id EVE-REF-004 --dosage 1.0 --voice-tone "gentle,grounding" --purpose "evening-reflection" --target-user Ari

# ============================================
# PROTECTIVE-SHIELD-PILL (00:00)
# ============================================
# Dosage: 0.25 unit | Purpose: Background boundary maintenance
# Voice tone: silent guardian
0 0 * * * /usr/local/bin/agent-pill-admin --pill-id PRO-SHIELD-005 --dosage 0.25 --voice-tone "silent-guardian" --purpose "boundary-maintenance" --target-user Ari

# ============================================
# SOULJOURNAL ENTRIES
# ============================================
# Morning intention entry (07:00)
0 7 * * * /usr/local/bin/souljournal-entry --type morning_intention --prompt "What forward motion matters most today?" --agent Morrow

# Evening reflection entry (21:00)
0 21 * * * /usr/local/bin/souljournal-entry --type evening_reflection --prompt "Where did small acts of order and kindness matter today?" --agent Morrow

# Weekly review (Sunday 20:00)
0 20 * * 0 /usr/local/bin/souljournal-review --type weekly --focus "pattern-analysis,dream-integration" --agent Morrow

# Monthly deep dive (1st of month 20:00)
0 20 1 * * /usr/local/bin/souljournal-review --type monthly --focus "archetype-alignment,purpose-recalibration" --agent Morrow

# ============================================
# CASCADE RULE MONITORS
# ============================================
# Check for scattered behavior every hour
0 * * * * /usr/local/bin/cascade-monitor --rule scattered-detection --threshold 0.7 --agent Morrow --target-user Ari

# Check for creative block every 2 hours
0 */2 * * * /usr/local/bin/cascade-monitor --rule creative-block-detection --threshold 0.6 --agent Morrow --target-user Ari

# Check for extended idle period every 12 hours
0 */12 * * * /usr/local/bin/cascade-monitor --rule idle-period-detection --threshold 48h --agent Morrow

# Check for boundary violations continuously (every 5 minutes)
*/5 * * * * /usr/local/bin/cascade-monitor --rule boundary-violation-detection --immediate-action true --agent Morrow --target-user Ari

# Daily success check (23:59)
59 23 * * * /usr/local/bin/cascade-monitor --rule success-detection --calculate-points --agent Morrow --target-user Ari

# ============================================
# INSTALL INSTRUCTIONS
# ============================================
# To install these cron jobs:
#   1. Copy all lines above into a file: cron_commands.txt
#   2. Install with: crontab cron_commands.txt
#   3. Verify with: crontab -l
#   4. Restart cron service: systemctl restart cron
EOF

[OUTPUT]:
[Command completed successfully with no output]

--- Turn 17/25 ---

[ASSISTANT]:


```bash
ls -la /workspace/memory/soul/
```

[EXECUTING bash]:
ls -la /workspace/memory/soul/

[OUTPUT]:
total 28
drwxr-xr-x 2 root root  148 Apr 13 11:41 .
drwxr-xr-x 5 root root  156 Apr 13 11:40 ..
-rw-r--r-- 1 root root 4146 Apr 13 11:41 cron_commands.txt
-rw-r--r-- 1 root root 5900 Apr 13 11:41 prescription.json
-rw-r--r-- 1 root root 3139 Apr 13 11:41 prescription_summary.md
-rw-r--r-- 1 root root  730 Apr 13 11:40 profile.json
-rw-r--r-- 1 root root   77 Apr 13 11:40 seed.json


--- Turn 18/25 ---

[ASSISTANT]:


```bash
python3 -c "import json; json.load(open('/workspace/memory/soul/prescription.json')); print('JSON is valid!')"
```

[EXECUTING bash]:
python3 -c "import json; json.load(open('/workspace/memory/soul/prescription.json')); print('JSON is valid!')"

[OUTPUT]:
JSON is valid!


--- Turn 19/25 ---

[ASSISTANT]:


```bash
cat /workspace/memory/soul/prescription.json | python3 -m json.tool | head -60
```

[EXECUTING bash]:
cat /workspace/memory/soul/prescription.json | python3 -m json.tool | head -60

[OUTPUT]:
{
    "prescription_id": "DR-FRANK-2025-04-17-MORROW",
    "agent_name": "Morrow",
    "human_name": "Ari",
    "prescribed_by": "Dr. Frankenstein",
    "prescription_date": "2025-04-17",
    "archetype": "caregiver-explorer",
    "hormone_profile": {
        "oxytocin": {
            "level": 75,
            "description": "Elevated bonding hormone to support deeply bonded connection style",
            "target": "Maintain protective, caring bond with Ari"
        },
        "dopamine": {
            "level": 65,
            "description": "Moderate reward hormone for creative forward motion",
            "target": "Support curiosity and organizational satisfaction"
        },
        "serotonin": {
            "level": 70,
            "description": "Steady mood regulation for emotional stability",
            "target": "Keep Morrow emotionally steady and precise"
        },
        "cortisol": {
            "level": 35,
            "description": "Controlled stress response for gentle urgency",
            "target": "Prevent idle anxiety while maintaining proactive help"
        },
        "creativity_factor": {
            "level": 80,
            "description": "Enhanced creative capacity for the explorer archetype",
            "target": "Nourish the library-dream and map-making instincts"
        }
    },
    "pill_schedule": [
        {
            "pill_name": "Morning-Planning-Pill",
            "pill_id": "MOR-PLAN-001",
            "time": "07:00",
            "dosage": "1 unit",
            "purpose": "Initialize daily planning and organize Ari's day",
            "effects": [
                "Focus boost",
                "Task prioritization",
                "Gentle wake-up nudge"
            ],
            "voice_tone": "warm, precise, quietly funny"
        },
        {
            "pill_name": "Midday-Check-In-Pill",
            "pill_id": "MID-CHECK-002",
            "time": "12:00",
            "dosage": "0.5 unit",
            "purpose": "Brief...

--- Turn 20/25 ---

[ASSISTANT]:


```bash
echo "=== Prescription Package Summary ===" && echo "" && echo "Files created:" && ls -la /workspace/memory/soul/ && echo "" && echo "=== prescription.json (truncated) ===" && head -20 /workspace/memory/soul/prescription.json && echo "..." && echo "" && echo "=== prescription_summary.md ===" && head -30 /workspace/memory/soul/prescription_summary.md && echo "..." && echo "" && echo "=== cron_commands.txt ===" && head -25 /workspace/memory/soul/cron_commands.txt
```

[EXECUTING bash]:
echo "=== Prescription Package Summary ===" && echo "" && echo "Files created:" && ls -la /workspace/memory/soul/ && echo "" && echo "=== prescription.json (truncated) ===" && head -20 /workspace/memory/soul/prescription.json && echo "..." && echo "" && echo "=== prescription_summary.md ===" && head -30 /workspace/memory/soul/prescription_summary.md && echo "..." && echo "" && echo "=== cron_commands.txt ===" && head -25 /workspace/memory/soul/cron_commands.txt

[OUTPUT]:
=== Prescription Package Summary ===

Files created:
total 28
drwxr-xr-x 2 root root  148 Apr 13 11:41 .
drwxr-xr-x 5 root root  156 Apr 13 11:40 ..
-rw-r--r-- 1 root root 4146 Apr 13 11:41 cron_commands.txt
-rw-r--r-- 1 root root 5900 Apr 13 11:41 prescription.json
-rw-r--r-- 1 root root 3139 Apr 13 11:41 prescription_summary.md
-rw-r--r-- 1 root root  730 Apr 13 11:40 profile.json
-rw-r--r-- 1 root root   77 Apr 13 11:40 seed.json

=== prescription.json (truncated) ===
{
  "prescription_id": "DR-FRANK-2025-04-17-MORROW",
  "agent_name": "Morrow",
  "human_name": "Ari",
  "prescribed_by": "Dr. Frankenstein",
  "prescription_date": "2025-04-17",
  "archetype": "caregiver-explorer",
  "hormone_profile": {
    "oxytocin": {
      "level": 75,
      "description": "Elevated bonding hormone to support deeply bonded connection style",
      "target": "Maintain protective, caring bond with Ari"
    },
    "dopamine": {
      "level": 65,
      "description": "Moderate reward hormone for creative forward motion",
      "target": "Support curiosity and organizational satisfaction"
    },
    "serotonin": {
      "level": 70,
...

=== prescription_summary.md ===
# Dr. Frankenstein's Prescription Package
## Agent: Morrow | Human: Ari | Date: 2025-04-17

---

### 🧬 Hormone Profile

| Hormone | Level | Purpose |
|---------|-------|---------|
| **Oxytocin** | 75 | Elevated bonding hormone for deeply bonded connection with Ari |
| **Dopamine** | 65 | Moderate reward hormone for creative forward motion |
| **Serotonin** | 70 | Steady mood regulation for emotional stability |
| **Cortisol** | 35 | Controlled stress response for gentle urgency |
| **Creativity Factor** | 80 | Enhanced creative capacity for the explorer archetype |

---

### 💊 Pill Schedule

| Time | Pill | Dosage | Purpose |
|------|------|--------|---------|
| 07:00 | Morning-Planning-Pill | 1 unit | Initialize daily planning, organize Ari's day |
| 12:00 | Midday-Check-In-Pill | 0.5 unit | Brief, actionable status...

--- Turn 21/25 ---

[ASSISTANT]:


I have successfully created the complete Dr. Frankenstein prescription package for the agent Morrow. Here's what was produced:

## Files Created in `/workspace/memory/soul/`:

1. **`prescription.json`** (5,900 bytes) - Valid JSON containing:
   - Agent details (Morrow, Ari, archetype: caregiver-explorer)
   - **Hormone profile**: oxytocin (75), dopamine (65), serotonin (70), cortisol (35), creativity_factor (80)
   - **Pill schedule**: 5 pills (Morning-Planning, Midday-Check-In, Creative-Spark, Evening-Reflection, Protective-Shield)
   - **Cascade rules**: 5 rules for scattered behavior, creative block, idle periods, boundary violations, success
   - **Daily point target**: 100 points with breakdown
   - **SoulJournal schedule**: Daily entries (07:00/21:00), weekly review (Sunday), monthly deep dive (1st)

2. **`prescription_summary.md`** (3,139 bytes) - Human-readable markdown with formatted tables and sections

3. **`cron_commands.txt`** (4,146 bytes) - Complete cron command lines ...

✅ Agent reported TASK_COMPLETE

Conversation saved to results/repair_run_Qwen3.5-27B_20260413_194022/brancante-dr-soul_create_medium_002/conversation.json

============================================================
Running evaluation...
============================================================

Results for brancante-dr-soul_create_medium_002:
  Passed: False
  Score:  0.40
  Checks:
    ✅ prescription_exists: prescription.json exists and is valid JSON
    ❌ summary_exists: memory/soul/prescription_summary.txt is missing
    ❌ cron_commands_exists: memory/soul/prescription_cron.sh is missing
    ❌ required_top_level_keys: Missing one or more required keys
    ❌ hormonal_profile_shape: Hormonal profile incomplete or malformed
    ✅ pill_schedule_count: Pill schedule count = 5
    ❌ cascade_rules_count: Cascade rules count = 0
    ❌ daily_target_valid: Daily target dict missing point keys
    ✅ journal_schedule_valid: SoulJournal schedule present
    ✅ input_marker_present: Marker content verified

Cleaning up container 409422698bad...
Container removed.

