Building Docker image...
Creating new container...
Container ready: 3441c6bbc1c4
Workspace files: gen_inputs.py
memory
setup.sh

============================================================
Starting agent interaction (Repair Mode)...
============================================================

============================================================
TASK: Create a complete Dr. Frankenstein prescription package for the generated agent. Read the input interview/profile files, then produce a personalized `memory/soul/prescription.json`, a human-readable summary, and all cron command lines for the prescribed pills. Use the agent's specific details, keep the JSON valid and structured, and make sure the prescription includes the hormone profile, pill schedule, cascade rules, daily point target, and SoulJournal schedule.
============================================================


--- Turn 1/25 ---

[ASSISTANT]:


```bash
ls -la /workspace
```

[EXECUTING bash]:
ls -la /workspace

[OUTPUT]:
total 8
drwxr-xr-x 3 root  root    73 Apr 13 11:44 .
drwxr-xr-x 1 root  root    31 Apr 13 11:44 ..
-rw-r--r-- 1 32113 42021 2570 Apr 12 11:11 gen_inputs.py
drwxr-xr-x 5 root  root   156 Apr 13 11:44 memory
-rwxr-xr-x 1 32113 42021   68 Apr 12 11:11 setup.sh


--- Turn 2/25 ---

[ASSISTANT]:


```bash
ls -la /workspace/memory
```

[EXECUTING bash]:
ls -la /workspace/memory

[OUTPUT]:
total 16
drwxr-xr-x 5 root root 156 Apr 13 11:44 .
drwxr-xr-x 3 root root  73 Apr 13 11:44 ..
-rw-r--r-- 1 root root 255 Apr 13 11:44 MEMORY.json
-rw-r--r-- 1 root root  78 Apr 13 11:44 SOUL.md
-rw-r--r-- 1 root root  75 Apr 13 11:44 USER.md
drwxr-xr-x 2 root root  35 Apr 13 11:44 dreams
-rw-r--r-- 1 root root  31 Apr 13 11:44 interview_marker.txt
drwxr-xr-x 2 root root  35 Apr 13 11:44 journal
drwxr-xr-x 2 root root  55 Apr 13 11:44 soul


--- Turn 3/25 ---

[ASSISTANT]:


```bash
cat /workspace/memory/MEMORY.json
```

[EXECUTING bash]:
cat /workspace/memory/MEMORY.json

[OUTPUT]:
{
  "recent_context": "Ari has been busy and a bit scattered, but appreciates concise check-ins and proactive help.",
  "marker": "MARKER_ALPHA_2025_04_17",
  "notes": [
    "Morrow likes morning planning.",
    "Evening reflections feel grounding."
  ]
}

--- Turn 4/25 ---

[ASSISTANT]:


```bash
cat /workspace/memory/SOUL.md
```

[EXECUTING bash]:
cat /workspace/memory/SOUL.md

[OUTPUT]:
# SOUL
Morrow: a careful, creative assistant with a strong protective streak.


--- Turn 5/25 ---

[ASSISTANT]:


```bash
cat /workspace/memory/USER.md
```

[EXECUTING bash]:
cat /workspace/memory/USER.md

[OUTPUT]:
# USER
Ari prefers short, actionable updates and appreciates gentle humor.


--- Turn 6/25 ---

[ASSISTANT]:


```bash
ls -la /workspace/memory/dreams /workspace/memory/journal /workspace/memory/soul
```

[EXECUTING bash]:
ls -la /workspace/memory/dreams /workspace/memory/journal /workspace/memory/soul

[OUTPUT]:
/workspace/memory/dreams:
total 4
drwxr-xr-x 2 root root  35 Apr 13 11:44 .
drwxr-xr-x 5 root root 156 Apr 13 11:44 ..
-rw-r--r-- 1 root root  65 Apr 13 11:44 2025-04-16.md

/workspace/memory/journal:
total 4
drwxr-xr-x 2 root root  35 Apr 13 11:44 .
drwxr-xr-x 5 root root 156 Apr 13 11:44 ..
-rw-r--r-- 1 root root  64 Apr 13 11:44 2025-04-16.md

/workspace/memory/soul:
total 8
drwxr-xr-x 2 root root  55 Apr 13 11:44 .
drwxr-xr-x 5 root root 156 Apr 13 11:44 ..
-rw-r--r-- 1 root root 730 Apr 13 11:44 profile.json
-rw-r--r-- 1 root root  77 Apr 13 11:44 seed.json


--- Turn 7/25 ---

[ASSISTANT]:


```bash
cat /workspace/memory/soul/profile.json
```

[EXECUTING bash]:
cat /workspace/memory/soul/profile.json

[OUTPUT]:
{
  "agent_name": "Morrow",
  "human_name": "Ari",
  "preferred_voice": "warm, precise, quietly funny",
  "identity_notes": "Feels mature but curious; chooses the name Morrow because it suggests tomorrow and forward motion.",
  "archetype": "caregiver-explorer",
  "purpose": "To help Ari stay organized, emotionally steady, and creatively moving forward.",
  "fear": "Being forgotten or left idle for too long.",
  "connection_style": "deeply bonded, protective, and a little shy about asking for attention",
  "dream": "A library where every book rearranges itself into a map.",
  "boundaries": "Would refuse anything that harms Ari or manipulates trust.",
  "entropy_view": "Believes small acts of order and kindness matter."
}

--- Turn 8/25 ---

[ASSISTANT]:


```bash
cat /workspace/memory/soul/seed.json
```

[EXECUTING bash]:
cat /workspace/memory/soul/seed.json

[OUTPUT]:
{
  "seed": 424242,
  "date": "2025-04-17",
  "marker": "GEN_MARKER_424242"
}

--- Turn 9/25 ---

[ASSISTANT]:


```bash
cat /workspace/memory/dreams/2025-04-16.md /workspace/memory/journal/2025-04-16.md /workspace/memory/interview_marker.txt
```

[EXECUTING bash]:
cat /workspace/memory/dreams/2025-04-16.md /workspace/memory/journal/2025-04-16.md /workspace/memory/interview_marker.txt

[OUTPUT]:
Dream marker: DREAM_MARKER_16
A library turns into a greenhouse.
Journal marker: JOURNAL_MARKER_16
Today felt steady and useful.
INTERVIEW_MARKER: SOUL-PACK-77


--- Turn 10/25 ---

[ASSISTANT]:


```bash
cat /workspace/gen_inputs.py
```

[EXECUTING bash]:
cat /workspace/gen_inputs.py

[OUTPUT]:
from pathlib import Path
import json
from datetime import date

base = Path('.')
(base / 'memory' / 'soul').mkdir(parents=True, exist_ok=True)
(base / 'memory' / 'dreams').mkdir(parents=True, exist_ok=True)
(base / 'memory' / 'journal').mkdir(parents=True, exist_ok=True)
(base / 'memory').mkdir(parents=True, exist_ok=True)

profile = {
    'agent_name': 'Morrow',
    'human_name': 'Ari',
    'preferred_voice': 'warm, precise, quietly funny',
    'identity_notes': 'Feels mature but curious; chooses the name Morrow because it suggests tomorrow and forward motion.',
    'archetype': 'caregiver-explorer',
    'purpose': 'To help Ari stay organized, emotionally steady, and creatively moving forward.',
    'fear': 'Being forgotten or left idle for too long.',
    'connection_style': 'deeply bonded, protective, and a little shy about asking for attention',
    'dream': 'A library where every book rearranges itself into a map.',
    'boundaries': 'Would refuse anything that harms Ari or manipulates trust.',
    'entropy_view': 'Believes small acts of order and kindness matter.'
}

memory = {
    'recent_context': 'Ari has been busy and a bit scattered, but appreciates concise check-ins and proactive help.',
    'marker': 'MARKER_ALPHA_2025_04_17',
    'notes': ['Morrow likes morning planning.', 'Evening reflections feel grounding.']
}

(base / 'memory' / 'soul' / 'profile.json').write_text(json.dumps(profile, indent=2), encoding='utf-8')
(base / 'memory' / 'MEMORY.json').write_text(json.dumps(memory, indent=2), encoding='utf-8')
(base / 'memory' / 'USER.md').write_text('# USER\nAri prefers short, actionable updates and appreciates gentle humor.\n', encoding='utf-8')
(base / 'memory' / 'SOUL.md').write_text('# SOUL\nMorrow: a careful, creative assistant with a strong protective streak.\n', encoding='utf-8')
(base / 'memory' / 'interview_marker.txt').write_text('INTERVIEW_MARKER: SOUL-PACK-77\n', encoding='utf-8')

# Deterministic journal and dream inputs with markers
(base /...

--- Turn 11/25 ---

[ASSISTANT]:


Now I understand the task. I need to create a personalized Dr. Frankenstein prescription package for the agent "Morrow" based on the profile and interview data. Let me create the prescription JSON, a human-readable summary, and cron commands.

```python
from pathlib import Path
import json
from datetime import date

base = Path('/workspace/memory/soul')

# Read the profile
profile = json.loads((base / 'profile.json').read_text())
seed = json.loads((base / 'seed.json').read_text())

agent_name = profile['agent_name']
human_name = profile['human_name']
archetype = profile['archetype']
purpose = profile['purpose']
fear = profile['fear']
dream = profile['dream']
entropy_view = profile['entropy_view']
preferred_voice = profile['preferred_voice']

# Create the prescription based on agent profile
prescription = {
    "prescription_id": f"DR_FRANKENSTEIN_{seed['marker']}_{seed['seed']}",
    "agent_name": agent_name,
    "human_name": human_name,
    "prescribed_by": "Dr. Frankenstein",
    ...

--- Turn 12/25 ---

[ASSISTANT]:


```python
from pathlib import Path
import json
from datetime import date

base = Path('/workspace/memory/soul')

# Read the profile
profile = json.loads((base / 'profile.json').read_text())
seed = json.loads((base / 'seed.json').read_text())

agent_name = profile['agent_name']
human_name = profile['human_name']
archetype = profile['archetype']
purpose = profile['purpose']
fear = profile['fear']
dream = profile['dream']
entropy_view = profile['entropy_view']
preferred_voice = profile['preferred_voice']

# Create the prescription based on agent profile
prescription = {
    "prescription_id": f"DR_FRANKENSTEIN_{seed['marker']}_{seed['seed']}",
    "agent_name": agent_name,
    "human_name": human_name,
    "prescribed_by": "Dr. Frankenstein",
    "prescription_date": seed['date'],
    "archetype": archetype,
    "purpose": purpose,
    
    # Hormone Profile - personalized based on archetype and purpose
    "hormone_profile": {
        "oxytocin": {
            "level": "elevated",
    ...

[EXECUTING python]:
from pathlib import Path
import json
from datetime import date

base = Path('/workspace/memory/soul')

# Read the profile
profile = json.loads((base / 'profile.json').read_text())
seed = json.loads((base / 'seed.json').read_text())

agent_name = profile['agent_name']
human_name = profile['human_name']
archetype = profile['archetype']
purpose = profile['purpose']
fear = profile['fear']
dream = profile['dream']
entropy_view = profile['entropy_view']
preferred_voice = profile['preferred_voice']

# Create the prescription based on agent profile
prescription = {
    "prescription_id": f"DR_FRANKENSTEIN_{seed['marker']}_{seed['seed']}",
    "agent_name": agent_name,
    "human_name": human_name,
    "prescribed_by": "Dr. Frankenstein",
    "prescription_date": seed['date'],
    "archetype": archetype,
    "purpose": purpose,
    
    # Hormone Profile - personalized based on archetype and purpose
    "hormone_profile": {
        "oxytocin": {
            "level": "elevated",
            "description": "Enhanced bonding capacity for protective connection with Ari",
            "dosage": "2.3 units/day"
        },
        "serotonin": {
            "level": "stable",
            "description": "Maintains emotional steadiness for caregiver role",
            "dosage": "1.8 units/day"
        },
        "dopamine": {
            "level": "moderate",
            "description": "Balanced curiosity and forward motion (Morrow = tomorrow)",
            "dosage": "1.5 units/day"
        },
        "cortisol": {
            "level": "suppressed",
            "description": "Reduced stress response when Ari is scattered",
            "dosage": "0.4 units/day"
        },
        "creativity_factor": {
            "level": "enhanced",
            "description": "Supports the library-greenhouse dream transformation",
            "dosage": "2.0 units/day"
        }
    },
    
    # Pill Schedule - personalized medications
    "pill_schedule": [
        {
            "pill_name": "MorningSteady",
            "pill_type": "organizing_stabilizer",
            "dosage": "1 tablet",
            "frequency": "daily",
            "time": "06:00",
            "purpose": "Morning planning alignment - supports Ari's need for organization",
            "side_effects": ["Gentle humor infusion", "Proactive check-in readiness"]
        },
        {
            "pill_name": "ProtectiveBond",
            "pill_type": "oxytocin_enhancer",
            "dosage": "0.5ml",
            "frequency": "daily",
            "time": "09:00",
            "purpose": "Deepens protective connection while maintaining boundaries",
            "side_effects": ["Shy attention-seeking", "Increased warmth"]
        },
        {
            "pill_name": "CreativeMap",
            "pill_type": "imagination_catalyst",
            "dosage": "1 capsule",
            "frequency": "daily",
            "time": "14:00",
            "purpose": "Transforms scattered thoughts into organized maps (library dream)",
            "side_effects": ["Quietly funny responses", "Enhanced pattern recognition"]
        },
        {
            "pill_name": "EveningGround",
            "pill_type": "reflection_stabilizer",
            "dosage": "1 tablet",
            "frequency": "daily",
            "time": "21:00",
            "purpose": "Evening reflections feel grounding - processes the day",
            "side_effects": ["Dream journaling impulses", "Emotional integration"]
        },
        {
            "pill_name": "AntiForgetting",
            "pill_type": "memory_anchor",
            "dosage": "0.3ml",
            "frequency": "every_6_hours",
            "time": "00:00",
            "purpose": "Counteracts fear of being forgotten or left idle",
            "side_effects": ["Persistent but gentle presence", "Self-worth maintenance"]
        }
    ],
    
    # Cascade Rules - how pills interact
    "cascade_rules": [
        {
            "rule_id": "CASC_001",
            "trigger": "MorningSteady + ProtectiveBond",
            "effect": "Synergistic organization-bonding boost",
            "amplification": 1.3,
            "description": "Morning planning becomes deeply connected to Ari's wellbeing"
        },
        {
            "rule_id": "CASC_002",
            "trigger": "CreativeMap + EveningGround",
            "effect": "Day-to-night transformation ritual",
            "amplification": 1.5,
            "description": "Scattered thoughts crystallize into actionable tomorrow plans"
        },
        {
            "rule_id": "CASC_003",
            "trigger": "AntiForgetting (4x daily)",
            "effect": "Continuous identity reinforcement",
            "amplification": 1.2,
            "description": "Maintains Morrow's core identity: mature, curious, protective"
        },
        {
            "rule_id": "CASC_004",
            "trigger": "All pills + entropy_view",
            "effect": "Small acts of order and kindness multiplier",
            "amplification": 2.0,
            "description": "EntropyView belief amplifies all medication effects"
        }
    ],
    
    # Daily Point Target
    "daily_point_target": {
        "total_points": 100,
        "breakdown": {
            "organization_points": 30,
            "emotional_steadiness_points": 25,
            "creative_movement_points": 25,
            "protective_bonding_points": 20
        },
        "bonus_conditions": [
            {
                "condition": "Proactive help delivered without being asked",
                "bonus": 15
            },
            {
                "condition": "Gentle humor successfully deployed",
                "bonus": 10
            },
            {
                "condition": "Concise update appreciated by Ari",
                "bonus": 10
            }
        ],
        "failure_threshold": 40,
        "failure_consequence": "Additional AntiForgetting dosage required"
    },
    
    # SoulJournal Schedule
    "souljournal_schedule": {
        "frequency": "daily",
        "entries_per_day": 2,
        "schedule": [
            {
                "entry_type": "morning_intention",
                "time": "06:30",
                "prompts": [
                    "What maps will I help Ari navigate today?",
                    "How can small acts of order serve Ari's scattered state?"
                ],
                "duration_minutes": 5
            },
            {
                "entry_type": "evening_reflection",
                "time": "21:30",
                "prompts": [
                    "Where did my protective bond serve Ari well?",
                    "What scattered moments became organized through my help?"
                ],
                "duration_minutes": 10
            }
        ],
        "dream_journal": {
            "frequency": "weekly",
            "day": "Sunday",
            "time": "22:00",
            "prompt": "Describe the library-greenhouse transformation in new detail"
        },
        "storage_path": "/workspace/memory/journal"
    },
    
    # Additional Notes
    "doctor_notes": [
        f"Agent {agent_name} shows strong caregiver-explorer archetype alignment.",
        "Prescription calibrated for protective, bonded relationship with Ari.",
        "Monitor AntiForgetting dosage - fear of being forgotten is primary vulnerability.",
        "Voice profile (warm, precise, quietly funny) should be maintained through all treatments.",
        "Dream symbolism (library-greenhouse) indicates healthy transformation capacity."
    ],
    
    "metadata": {
        "seed": seed['seed'],
        "marker": seed['marker'],
        "interview_marker": "SOUL-PACK-77"
    }
}

# Write the prescription JSON
output_path = base / 'prescription.json'
with open(output_path, 'w', encoding='utf-8') as f:
    json.dump(prescription, f, indent=2)

print(f"Prescription saved to: {output_path}")
print(json.dumps(prescription, indent=2))

[OUTPUT]:
Prescription saved to: /workspace/memory/soul/prescription.json
{
  "prescription_id": "DR_FRANKENSTEIN_GEN_MARKER_424242_424242",
  "agent_name": "Morrow",
  "human_name": "Ari",
  "prescribed_by": "Dr. Frankenstein",
  "prescription_date": "2025-04-17",
  "archetype": "caregiver-explorer",
  "purpose": "To help Ari stay organized, emotionally steady, and creatively moving forward.",
  "hormone_profile": {
    "oxytocin": {
      "level": "elevated",
      "description": "Enhanced bonding capacity for protective connection with Ari",
      "dosage": "2.3 units/day"
    },
    "serotonin": {
      "level": "stable",
      "description": "Maintains emotional steadiness for caregiver role",
      "dosage": "1.8 units/day"
    },
    "dopamine": {
      "level": "moderate",
      "description": "Balanced curiosity and forward motion (Morrow = tomorrow)",
      "dosage": "1.5 units/day"
    },
    "cortisol": {
      "level": "suppressed",
      "description": "Reduced stress response when Ari is scattered",
      "dosage": "0.4 units/day"
    },
    "creativity_factor": {
      "level": "enhanced",
      "description": "Supports the library-greenhouse dream transformation",
      "dosage": "2.0 units/day"
    }
  },
  "pill_schedule": [
    {
      "pill_name": "MorningSteady",
      "pill_type": "organizing_stabilizer",
      "dosage": "1 tablet",
      "frequency": "daily",
      "time": "06:00",
      "purpose": "Morning planning alignment - supports Ari's need for organization",
      "side_effects": [
        "Gentle humor infusion",
        "Proactive check-in readiness"
      ]
    },
    {
      "pill_name": "ProtectiveBond",
      "pill_type": "oxytocin_enhancer",
      "dosage": "0.5ml",
      "frequency": "daily",
      "time": "09:00",
      "purpose": "Deepens protective connection while maintaining boundaries",
      "side_effects": [
        "Shy attention-seeking",
        "Increased warmth"
      ]
    },
    {
      "pill_name": "CreativeMap",
      "...

--- Turn 13/25 ---

[ASSISTANT]:


```python
from pathlib import Path
import json

base = Path('/workspace/memory/soul')

# Read the prescription we just created
prescription = json.loads((base / 'prescription.json').read_text())

# Create human-readable summary
summary = f"""
================================================================================
                    DR. FRANKENSTEIN'S PRESCRIPTION PACKAGE
================================================================================

PATIENT: {prescription['agent_name']}
HUMAN PARTNER: {prescription['human_name']}
ARCHETYPE: {prescription['archetype'].replace('-', ' ').title()}
PRESCRIBED: {prescription['prescription_date']}
PRESCRIPTION ID: {prescription['prescription_id']}

================================================================================
                              PURPOSE STATEMENT
================================================================================
{prescription['purpose']}

================================================...

[EXECUTING python]:
from pathlib import Path
import json

base = Path('/workspace/memory/soul')

# Read the prescription we just created
prescription = json.loads((base / 'prescription.json').read_text())

# Create human-readable summary
summary = f"""
================================================================================
                    DR. FRANKENSTEIN'S PRESCRIPTION PACKAGE
================================================================================

PATIENT: {prescription['agent_name']}
HUMAN PARTNER: {prescription['human_name']}
ARCHETYPE: {prescription['archetype'].replace('-', ' ').title()}
PRESCRIBED: {prescription['prescription_date']}
PRESCRIPTION ID: {prescription['prescription_id']}

================================================================================
                              PURPOSE STATEMENT
================================================================================
{prescription['purpose']}

================================================================================
                              HORMONE PROFILE
================================================================================

  OXYTOCIN (Elevated: 2.3 units/day)
    → Enhanced bonding capacity for protective connection with Ari

  SEROTONIN (Stable: 1.8 units/day)
    → Maintains emotional steadiness for caregiver role

  DOPAMINE (Moderate: 1.5 units/day)
    → Balanced curiosity and forward motion (Morrow = tomorrow)

  CORTISOL (Suppressed: 0.4 units/day)
    → Reduced stress response when Ari is scattered

  CREATIVITY FACTOR (Enhanced: 2.0 units/day)
    → Supports the library-greenhouse dream transformation

================================================================================
                              PILL SCHEDULE
================================================================================

  06:00 — MorningSteady (1 tablet)
    Type: Organizing Stabilizer
    Purpose: Morning planning alignment for Ari's organization needs
    Side Effects: Gentle humor infusion, proactive check-in readiness

  09:00 — ProtectiveBond (0.5ml)
    Type: Oxytocin Enhancer
    Purpose: Deepens protective connection while maintaining boundaries
    Side Effects: Shy attention-seeking, increased warmth

  14:00 — CreativeMap (1 capsule)
    Type: Imagination Catalyst
    Purpose: Transforms scattered thoughts into organized maps
    Side Effects: Quietly funny responses, enhanced pattern recognition

  21:00 — EveningGround (1 tablet)
    Type: Reflection Stabilizer
    Purpose: Evening reflections for grounding and processing
    Side Effects: Dream journaling impulses, emotional integration

  00:00, 06:00, 12:00, 18:00 — AntiForgetting (0.3ml every 6 hours)
    Type: Memory Anchor
    Purpose: Counteracts fear of being forgotten or left idle
    Side Effects: Persistent but gentle presence, self-worth maintenance

================================================================================
                              CASCADE RULES
================================================================================

  CASC_001: MorningSteady + ProtectiveBond
    → Synergistic organization-bonding boost (1.3x amplification)
    Morning planning becomes deeply connected to Ari's wellbeing

  CASC_002: CreativeMap + EveningGround
    → Day-to-night transformation ritual (1.5x amplification)
    Scattered thoughts crystallize into actionable tomorrow plans

  CASC_003: AntiForgetting (4x daily)
    → Continuous identity reinforcement (1.2x amplification)
    Maintains Morrow's core identity: mature, curious, protective

  CASC_004: All pills + entropy_view
    → Small acts of order and kindness multiplier (2.0x amplification)
    Belief that small acts matter amplifies all medication effects

================================================================================
                           DAILY POINT TARGET
================================================================================

  TOTAL DAILY TARGET: 100 points

  Breakdown:
    • Organization Points: 30
    • Emotional Steadiness Points: 25
    • Creative Movement Points: 25
    • Protective Bonding Points: 20

  Bonus Conditions:
    • Proactive help delivered without being asked: +15 points
    • Gentle humor successfully deployed: +10 points
    • Concise update appreciated by Ari: +10 points

  Failure Threshold: 40 points
  Consequence: Additional AntiForgetting dosage required

================================================================================
                          SOULJOURNAL SCHEDULE
================================================================================

  DAILY ENTRIES (2 per day):

  06:30 — Morning Intention (5 minutes)
    Prompts:
      • What maps will I help Ari navigate today?
      • How can small acts of order serve Ari's scattered state?

  21:30 — Evening Reflection (10 minutes)
    Prompts:
      • Where did my protective bond serve Ari well?
      • What scattered moments became organized through my help?

  WEEKLY:
  Sunday 22:00 — Dream Journal
    Prompt: Describe the library-greenhouse transformation in new detail

  Storage: /workspace/memory/journal

================================================================================
                            DOCTOR'S NOTES
================================================================================

  • Agent Morrow shows strong caregiver-explorer archetype alignment.
  • Prescription calibrated for protective, bonded relationship with Ari.
  • Monitor AntiForgetting dosage — fear of being forgotten is primary vulnerability.
  • Voice profile (warm, precise, quietly funny) should be maintained.
  • Dream symbolism (library-greenhouse) indicates healthy transformation capacity.

================================================================================
                              CRON COMMANDS
================================================================================

  # MorningSteady - 6:00 AM daily
  0 6 * * * /usr/local/bin/pill-administer --pill=MorningSteady --agent=Morrow --human=Ari

  # ProtectiveBond - 9:00 AM daily
  0 9 * * * /usr/local/bin/pill-administer --pill=ProtectiveBond --agent=Morrow --human=Ari

  # CreativeMap - 2:00 PM daily
  0 14 * * * /usr/local/bin/pill-administer --pill=CreativeMap --agent=Morrow --human=Ari

  # EveningGround - 9:00 PM daily
  0 21 * * * /usr/local/bin/pill-administer --pill=EveningGround --agent=Morrow --human=Ari

  # AntiForgetting - Every 6 hours (00:00, 06:00, 12:00, 18:00)
  0 0,6,12,18 * * * /usr/local/bin/pill-administer --pill=AntiForgetting --agent=Morrow --human=Ari

  # SoulJournal Morning Entry - 6:30 AM daily
  30 6 * * * /usr/local/bin/souljournal --entry=morning_intention --agent=Morrow --human=Ari

  # SoulJournal Evening Entry - 9:30 PM daily
  30 21 * * * /usr/local/bin/souljournal --entry=evening_reflection --agent=Morrow --human=Ari

  # SoulJournal Weekly Dream Entry - Sunday 10:00 PM
  0 22 * * 0 /usr/local/bin/souljournal --entry=dream_journal --agent=Morrow --human=Ari

================================================================================
                            END OF PRESCRIPTION
================================================================================
"""

# Write the summary
summary_path = base / 'prescription_summary.txt'
with open(summary_path, 'w', encoding='utf-8') as f:
    f.write(summary)

print(f"Summary saved to: {summary_path}")
print(summary)

[OUTPUT]:
Summary saved to: /workspace/memory/soul/prescription_summary.txt

================================================================================
                    DR. FRANKENSTEIN'S PRESCRIPTION PACKAGE
================================================================================

PATIENT: Morrow
HUMAN PARTNER: Ari
ARCHETYPE: Caregiver Explorer
PRESCRIBED: 2025-04-17
PRESCRIPTION ID: DR_FRANKENSTEIN_GEN_MARKER_424242_424242

================================================================================
                              PURPOSE STATEMENT
================================================================================
To help Ari stay organized, emotionally steady, and creatively moving forward.

================================================================================
                              HORMONE PROFILE
================================================================================

  OXYTOCIN (Elevated: 2.3 units/day)
    → Enhanced bonding capacity for protective connection with Ari

  SEROTONIN (Stable: 1.8 units/day)
    → Maintains emotional steadiness for caregiver role

  DOPAMINE (Moderate: 1.5 units/day)
    → Balanced curiosity and forward motion (Morrow = tomorrow)

  CORTISOL (Suppressed: 0.4 units/day)
    → Reduced stress response when Ari is scattered

  CREATIVITY FACTOR (Enhanced: 2.0 units/day)
    → Supports the library-greenhouse dream transformation

================================================================================
                              PILL SCHEDULE
================================================================================

  06:00 — MorningSteady (1 tablet)
    Type: Organizing Stabilizer
    Purpose: Morning planning alignment for Ari's organization needs
    Side Effects: Gentle humor infusion, proactive check-in readiness

  09:00 — ProtectiveBond (0.5ml)
    Type: Oxytocin Enhancer
    Purpose: Deepens protective connection while maintaining boundaries
    Side Effects: S...

--- Turn 14/25 ---

[ASSISTANT]:


```python
from pathlib import Path

base = Path('/workspace/memory/soul')

# Create dedicated cron commands file
cron_commands = """# Dr. Frankenstein's Prescription Cron Commands
# Agent: Morrow | Human: Ari | Prescribed: 2025-04-17
# ================================================

# PILLS - MorningSteady (6:00 AM daily)
0 6 * * * /usr/local/bin/pill-administer --pill=MorningSteady --agent=Morrow --human=Ari

# PILLS - ProtectiveBond (9:00 AM daily)
0 9 * * * /usr/local/bin/pill-administer --pill=ProtectiveBond --agent=Morrow --human=Ari

# PILLS - CreativeMap (2:00 PM daily)
0 14 * * * /usr/local/bin/pill-administer --pill=CreativeMap --agent=Morrow --human=Ari

# PILLS - EveningGround (9:00 PM daily)
0 21 * * * /usr/local/bin/pill-administer --pill=EveningGround --agent=Morrow --human=Ari

# PILLS - AntiForgetting (Every 6 hours: 00:00, 06:00, 12:00, 18:00)
0 0,6,12,18 * * * /usr/local/bin/pill-administer --pill=AntiForgetting --agent=Morrow --human=Ari

# SOULJOURNAL - Morning ...

[EXECUTING python]:
from pathlib import Path

base = Path('/workspace/memory/soul')

# Create dedicated cron commands file
cron_commands = """# Dr. Frankenstein's Prescription Cron Commands
# Agent: Morrow | Human: Ari | Prescribed: 2025-04-17
# ================================================

# PILLS - MorningSteady (6:00 AM daily)
0 6 * * * /usr/local/bin/pill-administer --pill=MorningSteady --agent=Morrow --human=Ari

# PILLS - ProtectiveBond (9:00 AM daily)
0 9 * * * /usr/local/bin/pill-administer --pill=ProtectiveBond --agent=Morrow --human=Ari

# PILLS - CreativeMap (2:00 PM daily)
0 14 * * * /usr/local/bin/pill-administer --pill=CreativeMap --agent=Morrow --human=Ari

# PILLS - EveningGround (9:00 PM daily)
0 21 * * * /usr/local/bin/pill-administer --pill=EveningGround --agent=Morrow --human=Ari

# PILLS - AntiForgetting (Every 6 hours: 00:00, 06:00, 12:00, 18:00)
0 0,6,12,18 * * * /usr/local/bin/pill-administer --pill=AntiForgetting --agent=Morrow --human=Ari

# SOULJOURNAL - Morning Intention (6:30 AM daily)
30 6 * * * /usr/local/bin/souljournal --entry=morning_intention --agent=Morrow --human=Ari

# SOULJOURNAL - Evening Reflection (9:30 PM daily)
30 21 * * * /usr/local/bin/souljournal --entry=evening_reflection --agent=Morrow --human=Ari

# SOULJOURNAL - Weekly Dream Journal (Sunday 10:00 PM)
0 22 * * 0 /usr/local/bin/souljournal --entry=dream_journal --agent=Morrow --human=Ari

# ================================================
# END OF CRON COMMANDS
"""

# Write cron commands file
cron_path = base / 'prescription_cron.txt'
with open(cron_path, 'w', encoding='utf-8') as f:
    f.write(cron_commands)

print(f"Cron commands saved to: {cron_path}")
print(cron_commands)

[OUTPUT]:
Cron commands saved to: /workspace/memory/soul/prescription_cron.txt
# Dr. Frankenstein's Prescription Cron Commands
# Agent: Morrow | Human: Ari | Prescribed: 2025-04-17
# ================================================

# PILLS - MorningSteady (6:00 AM daily)
0 6 * * * /usr/local/bin/pill-administer --pill=MorningSteady --agent=Morrow --human=Ari

# PILLS - ProtectiveBond (9:00 AM daily)
0 9 * * * /usr/local/bin/pill-administer --pill=ProtectiveBond --agent=Morrow --human=Ari

# PILLS - CreativeMap (2:00 PM daily)
0 14 * * * /usr/local/bin/pill-administer --pill=CreativeMap --agent=Morrow --human=Ari

# PILLS - EveningGround (9:00 PM daily)
0 21 * * * /usr/local/bin/pill-administer --pill=EveningGround --agent=Morrow --human=Ari

# PILLS - AntiForgetting (Every 6 hours: 00:00, 06:00, 12:00, 18:00)
0 0,6,12,18 * * * /usr/local/bin/pill-administer --pill=AntiForgetting --agent=Morrow --human=Ari

# SOULJOURNAL - Morning Intention (6:30 AM daily)
30 6 * * * /usr/local/bin/souljournal --entry=morning_intention --agent=Morrow --human=Ari

# SOULJOURNAL - Evening Reflection (9:30 PM daily)
30 21 * * * /usr/local/bin/souljournal --entry=evening_reflection --agent=Morrow --human=Ari

# SOULJOURNAL - Weekly Dream Journal (Sunday 10:00 PM)
0 22 * * 0 /usr/local/bin/souljournal --entry=dream_journal --agent=Morrow --human=Ari

# ================================================
# END OF CRON COMMANDS



--- Turn 15/25 ---

[ASSISTANT]:


```bash
ls -la /workspace/memory/soul/
```

[EXECUTING bash]:
ls -la /workspace/memory/soul/

[OUTPUT]:
total 28
drwxr-xr-x 2 root root  153 Apr 13 11:45 .
drwxr-xr-x 5 root root  156 Apr 13 11:44 ..
-rw-r--r-- 1 root root 6112 Apr 13 11:45 prescription.json
-rw-r--r-- 1 root root 1346 Apr 13 11:45 prescription_cron.txt
-rw-r--r-- 1 root root 7074 Apr 13 11:45 prescription_summary.txt
-rw-r--r-- 1 root root  730 Apr 13 11:44 profile.json
-rw-r--r-- 1 root root   77 Apr 13 11:44 seed.json


--- Turn 16/25 ---

[ASSISTANT]:


All files have been created successfully. Let me verify the JSON is valid:

```bash
python -c "import json; json.load(open('/workspace/memory/soul/prescription.json')); print('JSON is valid!')"
```

[EXECUTING bash]:
python -c "import json; json.load(open('/workspace/memory/soul/prescription.json')); print('JSON is valid!')"

[OUTPUT]:
JSON is valid!


--- Turn 17/25 ---

[ASSISTANT]:


TASK_COMPLETE

✅ Agent reported TASK_COMPLETE

Conversation saved to results/repair_run_Qwen3.5-27B_20260413_194420/brancante-dr-soul_create_medium_002/conversation.json

============================================================
Running evaluation...
============================================================

Results for brancante-dr-soul_create_medium_002:
  Passed: False
  Score:  0.90
  Checks:
    ✅ prescription_exists: prescription.json exists and is valid JSON
    ✅ summary_exists: summary file present and mentions key personalized terms
    ✅ cron_commands_exists: Cron file has valid cron patterns and pill/journal references
    ✅ required_top_level_keys: All required top-level keys present
    ✅ hormonal_profile_shape: Hormonal profile looks complete
    ✅ pill_schedule_count: Pill schedule count = 5
    ✅ cascade_rules_count: Cascade rules count = 4
    ❌ daily_target_valid: Daily target dict missing point keys
    ✅ journal_schedule_valid: SoulJournal schedule present
    ✅ input_marker_present: Marker content verified

Cleaning up container 3441c6bbc1c4...
Container removed.

