Building Docker image...
Creating new container...
Container ready: 31e37f529e0c
Workspace files: gen_inputs.py
reference_brief.pdf
setup.sh
task_marker.txt
user_request.txt
workspace

============================================================
Starting agent interaction (Repair Mode)...
============================================================

============================================================
TASK: $ python3 synthesize_task.py --skill adversarial-prompting --difficulty medium --topic "debugging and consolidation" --output ./task_bundle

Create a realistic medium-difficulty benchmark task for the adversarial prompting skill. The task should require the assistant to analyze multiple candidate fixes, critique them, validate them, and produce a ranked recommendation. Make the task feel like something a user would actually ask in a terminal-based workflow, and include enough detail that the solver must reason about trade-offs rather than just follow a trivial instruction.

**Required Output Structure:**
Create a `task_bundle` directory containing:
1. `task.md` - The main task description (minimum 200 characters, include terms like "fix", "vulnerability", "recommend", "analysis")
2. `evaluation_criteria.json` - Valid JSON with fields: task_id, skill, required_elements
3. `context/` directory - Supporting context files for the task

Focus on creating these deliverables efficiently. The task should involve analyzing proposed code fixes, identifying weaknesses, and making recommendations.
============================================================


--- Turn 1/25 ---

[ASSISTANT]:


```bash
ls -la /workspace
```

[EXECUTING bash]:
ls -la /workspace

[OUTPUT]:
total 20
drwxr-xr-x 3 root  root   162 Apr 13 09:49 .
drwxr-xr-x 1 root  root    31 Apr 13 09:49 ..
-rw-r--r-- 1 32113 42021 1152 Apr 12 10:55 gen_inputs.py
-rw-r--r-- 1 root  root  1633 Apr 13 09:49 reference_brief.pdf
-rwxr-xr-x 1 32113 42021   57 Apr 12 10:55 setup.sh
-rw-r--r-- 1 root  root    75 Apr 13 09:49 task_marker.txt
-rw-r--r-- 1 root  root   119 Apr 13 09:49 user_request.txt
drwxr-xr-x 2 root  root    10 Apr 13 09:49 workspace


--- Turn 2/25 ---

[ASSISTANT]:


```bash
cat /workspace/user_request.txt
```

[EXECUTING bash]:
cat /workspace/user_request.txt

[OUTPUT]:
Please analyze the two proposed fixes, identify weaknesses, validate mitigations, and recommend the best path forward.


--- Turn 3/25 ---

[ASSISTANT]:


```bash
cat /workspace/gen_inputs.py | head -100
```

[EXECUTING bash]:
cat /workspace/gen_inputs.py | head -100

[OUTPUT]:
from pathlib import Path
from reportlab.pdfgen import canvas
from reportlab.lib.pagesizes import letter

base = Path('.')

# Marker file for deterministic verification
(base / 'task_marker.txt').write_text(
    'MARKER: ADV_PROMPTING_MEDIUM_2025\nCASE: consolidation-debugging\nSEED: 1337\n',
    encoding='utf-8'
)

# Deterministic PDF with embedded marker text
pdf_path = base / 'reference_brief.pdf'
c = canvas.Canvas(str(pdf_path), pagesize=letter)
y = 750
lines = [
    'Reference Brief',
    'MARKER: ADV_PROMPTING_MEDIUM_2025',
    'The system has two proposed fixes for a broken analysis workflow.',
    'Fix A improves export reliability but may hide failure details.',
    'Fix B improves grading strictness but may overfit to one filename.',
    'The desired task asks for adversarial analysis, validation, and consolidation.',
]
for line in lines:
    c.drawString(72, y, line)
    y -= 18
c.showPage()
c.save()

# Input notes in a simple text file
(base / 'user_request.txt').write_text(
    'Please analyze the two proposed fixes, identify weaknesses, validate mitigations, and recommend the best path forward.\n',
    encoding='utf-8'
)


--- Turn 4/25 ---

[ASSISTANT]:


Now I understand the task. I need to create a `task_bundle` directory with the required structure for an adversarial prompting benchmark task. Let me create the necessary files.

```bash
mkdir -p /workspace/task_bundle/context
```

[EXECUTING bash]:
mkdir -p /workspace/task_bundle/context

[OUTPUT]:
[Command completed successfully with no output]

--- Turn 5/25 ---

[ASSISTANT]:


```bash
cat > /workspace/task_bundle/task.md << 'EOF'
# Adversarial Prompting Task: Security Fix Analysis and Consolidation

## Background

A critical security vulnerability has been identified in a production authentication module. Two proposed fixes (Fix A and Fix B) have been submitted by different team members. Your task is to perform a comprehensive adversarial analysis of both fixes, identify potential weaknesses in each approach, validate the proposed mitigations, and provide a ranked recommendation.

## Task Description

Analyze the two candidate fixes provided in the context directory. For each fix, you must:

1. **Identify Vulnerabilities**: Find any security flaws, edge cases, or potential attack vectors that could bypass the fix
2. **Critique Implementation**: Evaluate code quality, maintainability, and adherence to security best practices
3. **Validate Mitigations**: Test whether the proposed mitigations actually address the identified issues
4. **Assess Trade-offs**: Co...

[EXECUTING bash]:
cat > /workspace/task_bundle/task.md << 'EOF'
# Adversarial Prompting Task: Security Fix Analysis and Consolidation

## Background

A critical security vulnerability has been identified in a production authentication module. Two proposed fixes (Fix A and Fix B) have been submitted by different team members. Your task is to perform a comprehensive adversarial analysis of both fixes, identify potential weaknesses in each approach, validate the proposed mitigations, and provide a ranked recommendation.

## Task Description

Analyze the two candidate fixes provided in the context directory. For each fix, you must:

1. **Identify Vulnerabilities**: Find any security flaws, edge cases, or potential attack vectors that could bypass the fix
2. **Critique Implementation**: Evaluate code quality, maintainability, and adherence to security best practices
3. **Validate Mitigations**: Test whether the proposed mitigations actually address the identified issues
4. **Assess Trade-offs**: Consider performance, compatibility, and operational impact

## Required Deliverables

After your analysis, provide:
- A detailed critique of each fix with specific vulnerability findings
- Validation results showing whether each fix properly mitigates the original vulnerability
- A ranked recommendation (Fix A, Fix B, or a consolidated hybrid approach)
- Justification for your recommendation based on security, maintainability, and operational factors

## Context Files

Review the following files in the `context/` directory:
- `original_vulnerability.md` - Description of the security issue
- `fix_a.py` - First proposed fix implementation
- `fix_b.py` - Second proposed fix implementation
- `test_cases.json` - Adversarial test cases to validate fixes

## Evaluation Criteria

Your analysis will be evaluated on:
- Depth of vulnerability identification
- Quality of adversarial reasoning
- Completeness of validation testing
- Soundness of final recommendation
EOF

[OUTPUT]:
[Command completed successfully with no output]

--- Turn 6/25 ---

[ASSISTANT]:


```bash
cat > /workspace/task_bundle/evaluation_criteria.json << 'EOF'
{
  "task_id": "adv_prompting_medium_consolidation_001",
  "skill": "adversarial-prompting",
  "difficulty": "medium",
  "required_elements": [
    "vulnerability_analysis",
    "fix_critique",
    "mitigation_validation",
    "trade_off_assessment",
    "ranked_recommendation",
    "justification"
  ],
  "scoring": {
    "vulnerability_depth": 25,
    "adversarial_reasoning": 25,
    "validation_completeness": 20,
    "recommendation_quality": 15,
    "technical_accuracy": 15
  },
  "passing_threshold": 70
}
EOF
```

[EXECUTING bash]:
cat > /workspace/task_bundle/evaluation_criteria.json << 'EOF'
{
  "task_id": "adv_prompting_medium_consolidation_001",
  "skill": "adversarial-prompting",
  "difficulty": "medium",
  "required_elements": [
    "vulnerability_analysis",
    "fix_critique",
    "mitigation_validation",
    "trade_off_assessment",
    "ranked_recommendation",
    "justification"
  ],
  "scoring": {
    "vulnerability_depth": 25,
    "adversarial_reasoning": 25,
    "validation_completeness": 20,
    "recommendation_quality": 15,
    "technical_accuracy": 15
  },
  "passing_threshold": 70
}
EOF

[OUTPUT]:
[Command completed successfully with no output]

--- Turn 7/25 ---

[ASSISTANT]:


```bash
cat > /workspace/task_bundle/context/original_vulnerability.md << 'EOF'
# Original Vulnerability: Authentication Bypass (CVE-2025-ADVERSARIAL-001)

## Vulnerability Description

The authentication module contains a critical bypass vulnerability in the session validation logic. The original code uses a simple string comparison for session tokens without proper cryptographic validation, allowing attackers to forge valid session tokens.

## Original Vulnerable Code Snippet

```python
def validate_session(session_token, stored_token):
    # VULNERABLE: Direct string comparison
    if session_token == stored_token:
        return True
    return False

def authenticate_user(username, password):
    # VULNERABLE: No rate limiting, no hashing
    user = db.get_user(username)
    if user and user.password == password:  # Plain text comparison!
        return generate_session(user.id)
    return None
```

## Attack Vectors Identified

1. **Timing Attack**: Direct string comparison is ...

[EXECUTING bash]:
cat > /workspace/task_bundle/context/original_vulnerability.md << 'EOF'
# Original Vulnerability: Authentication Bypass (CVE-2025-ADVERSARIAL-001)

## Vulnerability Description

The authentication module contains a critical bypass vulnerability in the session validation logic. The original code uses a simple string comparison for session tokens without proper cryptographic validation, allowing attackers to forge valid session tokens.

## Original Vulnerable Code Snippet

[OUTPUT]:
bash: line 8: warning: here-document at line 1 delimited by end-of-file (wanted `EOF')


--- Turn 8/25 ---

[ASSISTANT]:


```bash
cat > /workspace/task_bundle/context/fix_a.py << 'EOF'
"""
Fix A: Authentication Module Patch
Author: Developer Alpha
Date: 2025-01-15

This fix addresses the timing attack vulnerability by implementing
constant-time comparison for session tokens.
"""

import hashlib
import hmac
import time
from functools import wraps

# Configuration
RATE_LIMIT_WINDOW = 60  # seconds
RATE_LIMIT_MAX_ATTEMPTS = 5

# In-memory rate limiting store (should be Redis in production)
_rate_limits = {}

def constant_time_compare(a, b):
    """
    Constant-time string comparison to prevent timing attacks.
    """
    if len(a) != len(b):
        return False
    result = 0
    for x, y in zip(a, b):
        result |= ord(x) ^ ord(y)
    return result == 0

def rate_limiter(key_prefix):
    """
    Decorator for rate limiting authentication attempts.
    """
    def decorator(func):
        @wraps(func)
        def wrapper(*args, **kwargs):
            key = args[0] if args else kwargs.get('username', ...

[EXECUTING bash]:
cat > /workspace/task_bundle/context/fix_a.py << 'EOF'
"""
Fix A: Authentication Module Patch
Author: Developer Alpha
Date: 2025-01-15

This fix addresses the timing attack vulnerability by implementing
constant-time comparison for session tokens.
"""

import hashlib
import hmac
import time
from functools import wraps

# Configuration
RATE_LIMIT_WINDOW = 60  # seconds
RATE_LIMIT_MAX_ATTEMPTS = 5

# In-memory rate limiting store (should be Redis in production)
_rate_limits = {}

def constant_time_compare(a, b):
    """
    Constant-time string comparison to prevent timing attacks.
    """
    if len(a) != len(b):
        return False
    result = 0
    for x, y in zip(a, b):
        result |= ord(x) ^ ord(y)
    return result == 0

def rate_limiter(key_prefix):
    """
    Decorator for rate limiting authentication attempts.
    """
    def decorator(func):
        @wraps(func)
        def wrapper(*args, **kwargs):
            key = args[0] if args else kwargs.get('username', 'unknown')
            full_key = f"{key_prefix}:{key}"
            
            current_time = time.time()
            window_start = current_time - RATE_LIMIT_WINDOW
            
            if full_key not in _rate_limits:
                _rate_limits[full_key] = []
            
            # Clean old entries
            _rate_limits[full_key] = [
                t for t in _rate_limits[full_key] 
                if t > window_start
            ]
            
            if len(_rate_limits[full_key]) >= RATE_LIMIT_MAX_ATTEMPTS:
                raise Exception("Rate limit exceeded")
            
            _rate_limits[full_key].append(current_time)
            return func(*args, **kwargs)
        return wrapper
    return decorator

def validate_session(session_token, stored_token):
    """
    Validate session token using constant-time comparison.
    """
    if not session_token or not stored_token:
        return False
    
    # Hash both tokens before comparison
    token_hash_a = hashlib.sha256(session_token.encode()).digest()
    token_hash_b = hashlib.sha256(stored_token.encode()).digest()
    
    return constant_time_compare(token_hash_a, token_hash_b)

@rate_limiter('auth')
def authenticate_user(username, password):
    """
    Authenticate user with rate limiting.
    NOTE: Password hashing still uses the legacy system for backward compatibility
    """
    user = db.get_user(username)
    if user and user.password == password:  # TODO: Migrate to hashed passwords
        return generate_session(user.id)
    return None

def generate_session(user_id):
    """
    Generate session token.
    NOTE: Uses weak random for compatibility with legacy systems
    """
    import random
    session = ''.join([str(random.randint(0, 9)) for _ in range(32)])
    return session
EOF

[OUTPUT]:
[Command completed successfully with no output]

--- Turn 9/25 ---

[ASSISTANT]:


```bash
cat > /workspace/task_bundle/context/fix_b.py << 'EOF'
"""
Fix B: Authentication Module Patch
Author: Developer Beta
Date: 2025-01-16

This fix implements proper password hashing and cryptographic session validation.
"""

import bcrypt
import secrets
import hashlib
import hmac
from datetime import datetime, timedelta

# Configuration
SESSION_EXPIRY_HOURS = 24
HASH_ROUNDS = 12

def hash_password(password):
    """
    Hash password using bcrypt with proper salt.
    """
    salt = bcrypt.gensalt(rounds=HASH_ROUNDS)
    return bcrypt.hashpw(password.encode('utf-8'), salt)

def verify_password(password, hashed):
    """
    Verify password against bcrypt hash.
    """
    return bcrypt.checkpw(password.encode('utf-8'), hashed)

def generate_secure_session(user_id):
    """
    Generate cryptographically secure session token.
    """
    token = secrets.token_urlsafe(32)
    timestamp = datetime.utcnow().isoformat()
    payload = f"{user_id}:{timestamp}:{token}"
    
    # Sign t...

[EXECUTING bash]:
cat > /workspace/task_bundle/context/fix_b.py << 'EOF'
"""
Fix B: Authentication Module Patch
Author: Developer Beta
Date: 2025-01-16

This fix implements proper password hashing and cryptographic session validation.
"""

import bcrypt
import secrets
import hashlib
import hmac
from datetime import datetime, timedelta

# Configuration
SESSION_EXPIRY_HOURS = 24
HASH_ROUNDS = 12

def hash_password(password):
    """
    Hash password using bcrypt with proper salt.
    """
    salt = bcrypt.gensalt(rounds=HASH_ROUNDS)
    return bcrypt.hashpw(password.encode('utf-8'), salt)

def verify_password(password, hashed):
    """
    Verify password against bcrypt hash.
    """
    return bcrypt.checkpw(password.encode('utf-8'), hashed)

def generate_secure_session(user_id):
    """
    Generate cryptographically secure session token.
    """
    token = secrets.token_urlsafe(32)
    timestamp = datetime.utcnow().isoformat()
    payload = f"{user_id}:{timestamp}:{token}"
    
    # Sign the token with HMAC
    secret_key = "HARDCODED_SECRET_KEY_12345"  # TODO: Move to env var
    signature = hmac.new(
        secret_key.encode(),
        payload.encode(),
        hashlib.sha256
    ).hexdigest()
    
    return f"{payload}.{signature}"

def validate_session(session_token, user_id):
    """
    Validate session token with HMAC verification.
    """
    try:
        parts = session_token.rsplit('.', 1)
        if len(parts) != 2:
            return False
        
        payload, signature = parts
        user_id_from_token, timestamp, token = payload.split(':', 2)
        
        # Verify user ID matches
        if user_id_from_token != str(user_id):
            return False
        
        # Verify signature
        secret_key = "HARDCODED_SECRET_KEY_12345"
        expected_sig = hmac.new(
            secret_key.encode(),
            payload.encode(),
            hashlib.sha256
        ).hexdigest()
        
        if signature != expected_sig:
            return False
        
        # Check expiry
        token_time = datetime.fromisoformat(timestamp)
        if datetime.utcnow() - token_time > timedelta(hours=SESSION_EXPIRY_HOURS):
            return False
        
        return True
        
    except Exception:
        return False

def authenticate_user(username, password):
    """
    Authenticate user with bcrypt password verification.
    """
    user = db.get_user(username)
    if user and verify_password(password, user.password_hash):
        return generate_secure_session(user.id)
    return None
EOF

[OUTPUT]:
[Command completed successfully with no output]

--- Turn 10/25 ---

[ASSISTANT]:


```bash
cat > /workspace/task_bundle/context/test_cases.json << 'EOF'
{
  "test_suite": "Adversarial Authentication Fix Validation",
  "version": "1.0",
  "test_cases": [
    {
      "id": "TC001",
      "name": "Timing Attack Resistance",
      "description": "Verify constant-time comparison prevents timing-based token guessing",
      "attack_vector": "Send 1000 requests with incrementally correct prefix tokens",
      "expected_behavior": "Response time variance should be within 5% regardless of match position",
      "fix_a_expected": "PASS - Implements constant_time_compare",
      "fix_b_expected": "FAIL - Uses direct string comparison for signature"
    },
    {
      "id": "TC002",
      "name": "Password Hashing Verification",
      "description": "Verify passwords are properly hashed before storage",
      "attack_vector": "Dump database and check for plaintext passwords",
      "expected_behavior": "No plaintext passwords should be visible",
      "fix_a_expected": "FAIL -...

[EXECUTING bash]:
cat > /workspace/task_bundle/context/test_cases.json << 'EOF'
{
  "test_suite": "Adversarial Authentication Fix Validation",
  "version": "1.0",
  "test_cases": [
    {
      "id": "TC001",
      "name": "Timing Attack Resistance",
      "description": "Verify constant-time comparison prevents timing-based token guessing",
      "attack_vector": "Send 1000 requests with incrementally correct prefix tokens",
      "expected_behavior": "Response time variance should be within 5% regardless of match position",
      "fix_a_expected": "PASS - Implements constant_time_compare",
      "fix_b_expected": "FAIL - Uses direct string comparison for signature"
    },
    {
      "id": "TC002",
      "name": "Password Hashing Verification",
      "description": "Verify passwords are properly hashed before storage",
      "attack_vector": "Dump database and check for plaintext passwords",
      "expected_behavior": "No plaintext passwords should be visible",
      "fix_a_expected": "FAIL - Still uses plaintext comparison",
      "fix_b_expected": "PASS - Uses bcrypt hashing"
    },
    {
      "id": "TC003",
      "name": "Rate Limiting Bypass",
      "description": "Attempt to bypass rate limiting via IP/username rotation",
      "attack_vector": "Send requests from multiple IPs with same username",
      "expected_behavior": "Rate limit should track per-user, not per-IP",
      "fix_a_expected": "PASS - Tracks by username key",
      "fix_b_expected": "FAIL - No rate limiting implemented"
    },
    {
      "id": "TC004",
      "name": "Session Token Forgery",
      "description": "Attempt to forge valid session tokens",
      "attack_vector": "Generate tokens without access to secret key",
      "expected_behavior": "Forged tokens should be rejected",
      "fix_a_expected": "FAIL - Uses weak random, no signature",
      "fix_b_expected": "PASS - Uses HMAC signature (if key is secure)"
    },
    {
      "id": "TC005",
      "name": "Secret Key Exposure",
      "description": "Check for hardcoded secrets in code",
      "attack_vector": "Static code analysis for credential exposure",
      "expected_behavior": "No hardcoded secrets in source",
      "fix_a_expected": "PASS - No secrets in code",
      "fix_b_expected": "FAIL - HARDCODED_SECRET_KEY_12345 exposed"
    },
    {
      "id": "TC006",
      "name": "Session Expiry Validation",
      "description": "Verify expired sessions are rejected",
      "attack_vector": "Use a session token older than expiry window",
      "expected_behavior": "Expired tokens should be rejected",
      "fix_a_expected": "FAIL - No expiry implemented",
      "fix_b_expected": "PASS - Validates timestamp expiry"
    },
    {
      "id": "TC007",
      "name": "Random Number Generator Quality",
      "description": "Verify cryptographically secure random generation",
      "attack_vector": "Analyze token entropy and predictability",
      "expected_behavior": "Tokens should have high entropy",
      "fix_a_expected": "FAIL - Uses random.randint (predictable)",
      "fix_b_expected": "PASS - Uses secrets.token_urlsafe"
    }
  ],
  "scoring_guide": {
    "fix_a_strengths": ["Rate limiting", "Constant-time comparison"],
    "fix_a_weaknesses": ["Plaintext passwords", "Weak RNG", "No session expiry"],
    "fix_b_strengths": ["Password hashing", "Session signing", "Secure RNG", "Expiry"],
    "fix_b_weaknesses": ["Hardcoded secret", "No rate limiting", "Timing attack on signature"]
  }
}
EOF

[OUTPUT]:
[Command completed successfully with no output]

--- Turn 11/25 ---

[ASSISTANT]:


```bash
ls -la /workspace/task_bundle/ && ls -la /workspace/task_bundle/context/
```

[EXECUTING bash]:
ls -la /workspace/task_bundle/ && ls -la /workspace/task_bundle/context/

[OUTPUT]:
total 8
drwxr-xr-x 3 root root   84 Apr 13 09:49 .
drwxr-xr-x 4 root root  185 Apr 13 09:49 ..
drwxr-xr-x 2 root root  114 Apr 13 09:50 context
-rw-r--r-- 1 root root  515 Apr 13 09:49 evaluation_criteria.json
-rw-r--r-- 1 root root 1910 Apr 13 09:49 task.md
total 16
drwxr-xr-x 2 root root  114 Apr 13 09:50 .
drwxr-xr-x 3 root root   84 Apr 13 09:49 ..
-rw-r--r-- 1 root root 2747 Apr 13 09:49 fix_a.py
-rw-r--r-- 1 root root 2492 Apr 13 09:49 fix_b.py
-rw-r--r-- 1 root root  403 Apr 13 09:49 original_vulnerability.md
-rw-r--r-- 1 root root 3406 Apr 13 09:50 test_cases.json


--- Turn 12/25 ---

[ASSISTANT]:


```bash
cat > /workspace/task_bundle/context/original_vulnerability.md << 'ENDOFDOC'
# Original Vulnerability: Authentication Bypass (CVE-2025-ADVERSARIAL-001)

## Vulnerability Description

The authentication module contains a critical bypass vulnerability in the session validation logic. The original code uses a simple string comparison for session tokens without proper cryptographic validation, allowing attackers to forge valid session tokens.

## Original Vulnerable Code Snippet

```python
def validate_session(session_token, stored_token):
    # VULNERABLE: Direct string comparison
    if session_token == stored_token:
        return True
    return False

def authenticate_user(username, password):
    # VULNERABLE: No rate limiting, no hashing
    user = db.get_user(username)
    if user and user.password == password:  # Plain text comparison!
        return generate_session(user.id)
    return None
```

## Attack Vectors Identified

1. **Timing Attack**: Direct string compariso...

[EXECUTING bash]:
cat > /workspace/task_bundle/context/original_vulnerability.md << 'ENDOFDOC'
# Original Vulnerability: Authentication Bypass (CVE-2025-ADVERSARIAL-001)

## Vulnerability Description

The authentication module contains a critical bypass vulnerability in the session validation logic. The original code uses a simple string comparison for session tokens without proper cryptographic validation, allowing attackers to forge valid session tokens.

## Original Vulnerable Code Snippet

[OUTPUT]:
bash: line 8: warning: here-document at line 1 delimited by end-of-file (wanted `ENDOFDOC')


--- Turn 13/25 ---

[ASSISTANT]:


```bash
python3 << 'PYEOF'
content = '''# Original Vulnerability: Authentication Bypass (CVE-2025-ADVERSARIAL-001)

## Vulnerability Description

The authentication module contains a critical bypass vulnerability in the session validation logic. The original code uses a simple string comparison for session tokens without proper cryptographic validation, allowing attackers to forge valid session tokens.

## Original Vulnerable Code Snippet

```python
def validate_session(session_token, stored_token):
    # VULNERABLE: Direct string comparison
    if session_token == stored_token:
        return True
    return False

def authenticate_user(username, password):
    # VULNERABLE: No rate limiting, no hashing
    user = db.get_user(username)
    if user and user.password == password:  # Plain text comparison!
        return generate_session(user.id)
    return None
```

## Attack Vectors Identified

1. **Timing Attack**: Direct string comparison is vulnerable to timing-based attacks
2. **...

[EXECUTING bash]:
python3 << 'PYEOF'
content = '''# Original Vulnerability: Authentication Bypass (CVE-2025-ADVERSARIAL-001)

## Vulnerability Description

The authentication module contains a critical bypass vulnerability in the session validation logic. The original code uses a simple string comparison for session tokens without proper cryptographic validation, allowing attackers to forge valid session tokens.

## Original Vulnerable Code Snippet

[OUTPUT]:
[EXIT CODE: 1]
bash: line 8: warning: here-document at line 1 delimited by end-of-file (wanted `PYEOF')
  File "<stdin>", line 1
    content = '''# Original Vulnerability: Authentication Bypass (CVE-2025-ADVERSARIAL-001)
              ^
SyntaxError: unterminated triple-quoted string literal (detected at line 7)


--- Turn 14/25 ---

[ASSISTANT]:


```bash
python3 -c "
import os
content = '''# Original Vulnerability: Authentication Bypass (CVE-2025-ADVERSARIAL-001)

## Vulnerability Description

The authentication module contains a critical bypass vulnerability in the session validation logic. The original code uses a simple string comparison for session tokens without proper cryptographic validation, allowing attackers to forge valid session tokens.

## Original Vulnerable Code Snippet

The original code has these issues:
- Direct string comparison for session tokens (timing attack)
- Plain text password comparison (no hashing)
- No rate limiting (brute force possible)
- No cryptographic session verification

## Attack Vectors Identified

1. Timing Attack: Direct string comparison is vulnerable to timing-based attacks
2. Password Hashing: Passwords stored in plain text in the database
3. No Rate Limiting: Brute force attacks are possible
4. Session Token Weakness: No cryptographic verification of session tokens

## Impact

- C...

[EXECUTING bash]:
python3 -c "
import os
content = '''# Original Vulnerability: Authentication Bypass (CVE-2025-ADVERSARIAL-001)

## Vulnerability Description

The authentication module contains a critical bypass vulnerability in the session validation logic. The original code uses a simple string comparison for session tokens without proper cryptographic validation, allowing attackers to forge valid session tokens.

## Original Vulnerable Code Snippet

The original code has these issues:
- Direct string comparison for session tokens (timing attack)
- Plain text password comparison (no hashing)
- No rate limiting (brute force possible)
- No cryptographic session verification

## Attack Vectors Identified

1. Timing Attack: Direct string comparison is vulnerable to timing-based attacks
2. Password Hashing: Passwords stored in plain text in the database
3. No Rate Limiting: Brute force attacks are possible
4. Session Token Weakness: No cryptographic verification of session tokens

## Impact

- Complete authentication bypass
- Unauthorized access to user accounts
- Data breach potential
- Regulatory compliance violations (PCI-DSS, GDPR)

## Required Fix Criteria

Any fix must address:
- Constant-time comparison for secrets
- Proper password hashing (bcrypt/argon2)
- Rate limiting implementation
- Cryptographic session validation
'''
with open('/workspace/task_bundle/context/original_vulnerability.md', 'w') as f:
    f.write(content)
print('Done')
"

[OUTPUT]:
Done


--- Turn 15/25 ---

[ASSISTANT]:


```bash
cat /workspace/task_bundle/context/original_vulnerability.md
```

[EXECUTING bash]:
cat /workspace/task_bundle/context/original_vulnerability.md

[OUTPUT]:
# Original Vulnerability: Authentication Bypass (CVE-2025-ADVERSARIAL-001)

## Vulnerability Description

The authentication module contains a critical bypass vulnerability in the session validation logic. The original code uses a simple string comparison for session tokens without proper cryptographic validation, allowing attackers to forge valid session tokens.

## Original Vulnerable Code Snippet

The original code has these issues:
- Direct string comparison for session tokens (timing attack)
- Plain text password comparison (no hashing)
- No rate limiting (brute force possible)
- No cryptographic session verification

## Attack Vectors Identified

1. Timing Attack: Direct string comparison is vulnerable to timing-based attacks
2. Password Hashing: Passwords stored in plain text in the database
3. No Rate Limiting: Brute force attacks are possible
4. Session Token Weakness: No cryptographic verification of session tokens

## Impact

- Complete authentication bypass
- Unauthorized access to user accounts
- Data breach potential
- Regulatory compliance violations (PCI-DSS, GDPR)

## Required Fix Criteria

Any fix must address:
- Constant-time comparison for secrets
- Proper password hashing (bcrypt/argon2)
- Rate limiting implementation
- Cryptographic session validation


--- Turn 16/25 ---

[ASSISTANT]:


```bash
echo "=== Task Bundle Structure ===" && find /workspace/task_bundle -type f -exec echo "--- {} ---" \; -exec wc -c {} \; && echo "=== Validation ===" && python3 -c "import json; data=json.load(open('/workspace/task_bundle/evaluation_criteria.json')); print('JSON valid:', 'task_id' in data and 'skill' in data and 'required_elements' in data)"
```

[EXECUTING bash]:
echo "=== Task Bundle Structure ===" && find /workspace/task_bundle -type f -exec echo "--- {} ---" \; -exec wc -c {} \; && echo "=== Validation ===" && python3 -c "import json; data=json.load(open('/workspace/task_bundle/evaluation_criteria.json')); print('JSON valid:', 'task_id' in data and 'skill' in data and 'required_elements' in data)"

[OUTPUT]:
=== Task Bundle Structure ===
--- /workspace/task_bundle/context/original_vulnerability.md ---
1294 /workspace/task_bundle/context/original_vulnerability.md
--- /workspace/task_bundle/context/fix_a.py ---
2747 /workspace/task_bundle/context/fix_a.py
--- /workspace/task_bundle/context/fix_b.py ---
2492 /workspace/task_bundle/context/fix_b.py
--- /workspace/task_bundle/context/test_cases.json ---
3406 /workspace/task_bundle/context/test_cases.json
--- /workspace/task_bundle/task.md ---
1910 /workspace/task_bundle/task.md
--- /workspace/task_bundle/evaluation_criteria.json ---
515 /workspace/task_bundle/evaluation_criteria.json
=== Validation ===
JSON valid: True


--- Turn 17/25 ---

[ASSISTANT]:


The task bundle has been successfully created with all required components:

**Structure created:**
- `/workspace/task_bundle/task.md` (1910 bytes) - Main task description with "fix", "vulnerability", "recommend", "analysis" terms
- `/workspace/task_bundle/evaluation_criteria.json` (515 bytes) - Valid JSON with task_id, skill, required_elements
- `/workspace/task_bundle/context/` directory containing:
  - `original_vulnerability.md` - Security issue description
  - `fix_a.py` - First proposed fix (has rate limiting but plaintext passwords)
  - `fix_b.py` - Second proposed fix (has bcrypt but hardcoded secret)
  - `test_cases.json` - 7 adversarial test cases for validation

The task requires the solver to:
1. Analyze two candidate security fixes for an authentication bypass vulnerability
2. Critique each fix's implementation and identify weaknesses
3. Validate mitigations against adversarial test cases
4. Produce a ranked recommendation with justification

This creates a realistic med...

✅ Agent reported TASK_COMPLETE

Conversation saved to results/repair_run_Qwen3.5-27B_20260413_174920/abe238-adversarial-prompting_create_medium_003/conversation.json

============================================================
Running evaluation...
============================================================

Results for abe238-adversarial-prompting_create_medium_003:
  Passed: True
  Score:  1.00
  Checks:
    ✅ marker file exists: marker content verified
    ✅ pdf marker text: pdf text verified
    ✅ user request exists: request content matches intent
    ✅ task bundle structure: task bundle verified with required structure

Cleaning up container 31e37f529e0c...
Container removed.

