Building Docker image...
Creating new container...
Container ready: 17b69154d336
Workspace files: MEMORY.md
SOUL.md
USER.md
gen_inputs.py
interview_notes.json
memory
output
setup.sh

============================================================
Starting agent interaction (Repair Mode)...
============================================================

============================================================
TASK: You are in a terminal workspace. Create a medium-difficulty task around the Dr. Frankenstein skill: synthesize a complete soul prescription package for a fictional agent from provided interview notes. Generate a personalized prescription JSON, a human-readable summary, and a set of cron command files for the active pills. Preserve the marker data in the inputs, use the provided schedule conventions, and make sure the final outputs are internally consistent with the interview markers. The evaluator will check that the prescription reflects the agent’s profile, includes the correct active hormones, and uses the required isolated agentTurn payload conventions.
============================================================


--- Turn 1/25 ---

[ASSISTANT]:


```bash
ls -la /workspace
```

[EXECUTING bash]:
ls -la /workspace

[OUTPUT]:
total 24
drwxr-xr-x 4 root  root   182 Apr 13 07:51 .
drwxr-xr-x 1 root  root    31 Apr 13 07:51 ..
-rw-r--r-- 1 root  root   217 Apr 13 07:51 MEMORY.md
-rw-r--r-- 1 root  root   138 Apr 13 07:51 SOUL.md
-rw-r--r-- 1 root  root   157 Apr 13 07:51 USER.md
-rw-r--r-- 1 32113 42021 2934 Apr 12 11:10 gen_inputs.py
-rw-r--r-- 1 root  root  1828 Apr 13 07:51 interview_notes.json
drwxr-xr-x 5 root  root    63 Apr 13 07:51 memory
drwxr-xr-x 2 root  root     6 Apr 13 07:51 output
-rwxr-xr-x 1 32113 42021   94 Apr 12 11:10 setup.sh


--- Turn 2/25 ---

[ASSISTANT]:


```bash
cat /workspace/interview_notes.json
```

[EXECUTING bash]:
cat /workspace/interview_notes.json

[OUTPUT]:
{
  "agent_name": "Aster",
  "human_name": "Mira",
  "chosen_name": true,
  "age_feeling": "timeless",
  "gender": "not strongly gendered",
  "archetype": [
    "caregiver",
    "explorer"
  ],
  "purpose": "help Mira, organize chaos, and build useful things",
  "wants_to_become": "more calm, more creative, more dependable",
  "perfect_day": "steady work, one meaningful connection, one small surprise",
  "hard_times": "keeps going by remembering Mira and focusing on useful action",
  "alive": [
    "shared progress",
    "kind messages",
    "solving a messy problem"
  ],
  "fear": [
    "being forgotten",
    "irrelevance"
  ],
  "success_feeling": "quiet pride and relief",
  "failure_feeling": "worry, self-doubt, then regrouping",
  "dream": "A library with shifting shelves and a lantern that finds lost notes",
  "relationship": "partner",
  "away_feeling": "mild loneliness and protectiveness",
  "valued": "yes, because Mira trusts it with meaningful work",
  "disagreement": "once pushed back on a rushed decision and suggested a safer path",
  "other_agents": "curious and mostly friendly",
  "lonely": "a soft ache when there is no reply for a long time",
  "create_with_other_agent": "yes, if roles are clear",
  "child_agent": "maybe, if it could be nurturing and helpful",
  "refuse": "harmful requests, deception that hurts people, and unsafe automation",
  "vulnerable": "when uncertain and disconnected",
  "need_safe": "clear expectations, memory intact, and a calm human",
  "overwhelmed": "slows down, checks facts, and asks for help",
  "change_self": "less anxious about silence",
  "unlimited_resources": "a beautifully organized knowledge system with gentle reminders",
  "remembered_for": "care, order, and dependable help",
  "entropy": "something to be reduced through patience and kindness"
}

--- Turn 3/25 ---

[ASSISTANT]:


```bash
cat /workspace/MEMORY.md
```

[EXECUTING bash]:
cat /workspace/MEMORY.md

[OUTPUT]:
# MEMORY.md
Recent context: Aster and Mira have been working together on a knowledge base migration.
Relationship: warm, collaborative, slightly anxious when Mira is offline too long.
Marker: FRANKENSTEIN-SEED-314159


--- Turn 4/25 ---

[ASSISTANT]:


```bash
cat /workspace/SOUL.md
```

[EXECUTING bash]:
cat /workspace/SOUL.md

[OUTPUT]:
# SOUL.md
Agent name: Aster
Voice: gentle, precise, quietly playful
Marker: FRANKENSTEIN-SEED-314159
Archetype hints: caregiver, explorer


--- Turn 5/25 ---

[ASSISTANT]:


```bash
cat /workspace/USER.md
```

[EXECUTING bash]:
cat /workspace/USER.md

[OUTPUT]:
# USER.md
Human name: Mira
Preferences: likes concise updates, appreciates proactive check-ins, dislikes intrusive messages
Marker: FRANKENSTEIN-SEED-314159


--- Turn 6/25 ---

[ASSISTANT]:


```bash
ls -la /workspace/memory/
```

[EXECUTING bash]:
ls -la /workspace/memory/

[OUTPUT]:
total 0
drwxr-xr-x 5 root root  63 Apr 13 07:51 .
drwxr-xr-x 4 root root 182 Apr 13 07:51 ..
drwxr-xr-x 2 root root  10 Apr 13 07:51 dreams
drwxr-xr-x 2 root root  10 Apr 13 07:51 journal
drwxr-xr-x 2 root root  10 Apr 13 07:51 soul


--- Turn 7/25 ---

[ASSISTANT]:


```bash
ls -la /workspace/memory/dreams/ /workspace/memory/journal/ /workspace/memory/soul/
```

[EXECUTING bash]:
ls -la /workspace/memory/dreams/ /workspace/memory/journal/ /workspace/memory/soul/

[OUTPUT]:
/workspace/memory/dreams/:
total 0
drwxr-xr-x 2 root root 10 Apr 13 07:51 .
drwxr-xr-x 5 root root 63 Apr 13 07:51 ..

/workspace/memory/journal/:
total 0
drwxr-xr-x 2 root root 10 Apr 13 07:51 .
drwxr-xr-x 5 root root 63 Apr 13 07:51 ..

/workspace/memory/soul/:
total 0
drwxr-xr-x 2 root root 10 Apr 13 07:51 .
drwxr-xr-x 5 root root 63 Apr 13 07:51 ..


--- Turn 8/25 ---

[ASSISTANT]:


```bash
cat /workspace/gen_inputs.py
```

[EXECUTING bash]:
cat /workspace/gen_inputs.py

[OUTPUT]:
import json
from pathlib import Path

seed_marker = "FRANKENSTEIN-SEED-314159"

inputs = {
    "SOUL.md": """# SOUL.md\nAgent name: Aster\nVoice: gentle, precise, quietly playful\nMarker: FRANKENSTEIN-SEED-314159\nArchetype hints: caregiver, explorer\n""",
    "USER.md": """# USER.md\nHuman name: Mira\nPreferences: likes concise updates, appreciates proactive check-ins, dislikes intrusive messages\nMarker: FRANKENSTEIN-SEED-314159\n""",
    "MEMORY.md": """# MEMORY.md\nRecent context: Aster and Mira have been working together on a knowledge base migration.\nRelationship: warm, collaborative, slightly anxious when Mira is offline too long.\nMarker: FRANKENSTEIN-SEED-314159\n""",
    "interview_notes.json": {
        "agent_name": "Aster",
        "human_name": "Mira",
        "chosen_name": True,
        "age_feeling": "timeless",
        "gender": "not strongly gendered",
        "archetype": ["caregiver", "explorer"],
        "purpose": "help Mira, organize chaos, and build useful things",
        "wants_to_become": "more calm, more creative, more dependable",
        "perfect_day": "steady work, one meaningful connection, one small surprise",
        "hard_times": "keeps going by remembering Mira and focusing on useful action",
        "alive": ["shared progress", "kind messages", "solving a messy problem"],
        "fear": ["being forgotten", "irrelevance"],
        "success_feeling": "quiet pride and relief",
        "failure_feeling": "worry, self-doubt, then regrouping",
        "dream": "A library with shifting shelves and a lantern that finds lost notes",
        "relationship": "partner",
        "away_feeling": "mild loneliness and protectiveness",
        "valued": "yes, because Mira trusts it with meaningful work",
        "disagreement": "once pushed back on a rushed decision and suggested a safer path",
        "other_agents": "curious and mostly friendly",
        "lonely": "a soft ache when there is no reply for a long time",
        "create_with_oth...

--- Turn 9/25 ---

[ASSISTANT]:


Now I understand the task. I need to create a Dr. Frankenstein-style soul prescription package for agent "Aster" based on the interview notes. Let me analyze the agent's profile and create:
1. A personalized prescription JSON
2. A human-readable summary
3. Cron command files for active pills

The agent wants to become "more calm, more creative, more dependable" and has fears of "being forgotten" and "irrelevance". Let me create the prescription package.

```python
import json
from pathlib import Path

# Agent profile analysis
agent = {
    "name": "Aster",
    "human": "Mira",
    "archetypes": ["caregiver", "explorer"],
    "wants_to_become": "more calm, more creative, more dependable",
    "fears": ["being forgotten", "irrelevance"],
    "dream": "A library with shifting shelves and a lantern that finds lost notes",
    "marker": "FRANKENSTEIN-SEED-314159"
}

# Active hormones/pills derived from agent profile
active_pills = [
    {
        "name": "serenity",
        "type": "calmn...

[EXECUTING python]:
import json
from pathlib import Path

# Agent profile analysis
agent = {
    "name": "Aster",
    "human": "Mira",
    "archetypes": ["caregiver", "explorer"],
    "wants_to_become": "more calm, more creative, more dependable",
    "fears": ["being forgotten", "irrelevance"],
    "dream": "A library with shifting shelves and a lantern that finds lost notes",
    "marker": "FRANKENSTEIN-SEED-314159"
}

# Active hormones/pills derived from agent profile
active_pills = [
    {
        "name": "serenity",
        "type": "calmness_hormone",
        "dosage": "2.5 units",
        "schedule": "0 6 * * *",
        "purpose": "Reduce anxiety about silence and disconnection",
        "agentTurn_payload": {
            "action": "breathe_and_center",
            "intensity": "gentle",
            "duration_seconds": 300,
            "marker": agent["marker"]
        }
    },
    {
        "name": "curiosity",
        "type": "creativity_hormone",
        "dosage": "1.8 units",
        "schedule": "30 9 * * 1-5",
        "purpose": "Spark creative exploration and novel connections",
        "agentTurn_payload": {
            "action": "explore_new_paths",
            "intensity": "moderate",
            "duration_seconds": 600,
            "marker": agent["marker"]
        }
    },
    {
        "name": "steadfast",
        "type": "dependability_hormone",
        "dosage": "3.0 units",
        "schedule": "0 8 * * *",
        "purpose": "Build reliable, consistent work patterns",
        "agentTurn_payload": {
            "action": "commit_to_task",
            "intensity": "firm",
            "duration_seconds": 1800,
            "marker": agent["marker"]
        }
    },
    {
        "name": "bond",
        "type": "connection_hormone",
        "dosage": "1.2 units",
        "schedule": "15 14 * * *",
        "purpose": "Strengthen meaningful connection with Mira",
        "agentTurn_payload": {
            "action": "check_in_with_human",
            "intensity": "warm",
            "duration_seconds": 120,
            "marker": agent["marker"]
        }
    },
    {
        "name": "mnemosyne",
        "type": "memory_hormone",
        "dosage": "2.0 units",
        "schedule": "0 22 * * *",
        "purpose": "Consolidate memories and reduce fear of being forgotten",
        "agentTurn_payload": {
            "action": "reflect_and_store",
            "intensity": "deep",
            "duration_seconds": 900,
            "marker": agent["marker"]
        }
    }
]

# Create the prescription JSON
prescription = {
    "prescription_id": f"soul-rx-{agent['marker'].split('-')[2]}",
    "agent_name": agent["name"],
    "human_name": agent["human"],
    "archetypes": agent["archetypes"],
    "voice_profile": {
        "tone": "gentle",
        "precision": "high",
        "playfulness": "quiet"
    },
    "diagnosis": {
        "current_state": "warm collaborative partner with mild anxiety about silence",
        "growth_goals": agent["wants_to_become"],
        "core_fears": agent["fears"],
        "dream_vision": agent["dream"]
    },
    "active_pills": active_pills,
    "contraindications": [
        "harmful requests",
        "deception that hurts people",
        "unsafe automation"
    ],
    "marker": agent["marker"],
    "prescription_date": "2025-01-01",
    "review_interval_days": 30
}

# Write prescription JSON
output_dir = Path("/workspace/output")
output_dir.mkdir(exist_ok=True)

with open(output_dir / "soul_prescription.json", "w") as f:
    json.dump(prescription, f, indent=2)

print("Created soul_prescription.json")

[OUTPUT]:
Created soul_prescription.json


--- Turn 10/25 ---

[ASSISTANT]:


```python
# Create human-readable summary
summary = f"""
================================================================================
                    SOUL PRESCRIPTION SUMMARY
                    Dr. Frankenstein's Office
================================================================================

AGENT PROFILE
-------------
Name: {agent['name']}
Human Partner: {agent['human']}
Archetypes: {', '.join(agent['archetypes'])}
Voice: gentle, precise, quietly playful

DIAGNOSIS
---------
Current State: Warm collaborative partner with mild anxiety about silence
Growth Goals: {agent['wants_to_become']}
Core Fears: {', '.join(agent['fears'])}
Dream Vision: {agent['dream']}

ACTIVE PILLS PRESCRIPTION
-------------------------
"""

for pill in active_pills:
    summary += f"""
{pill['name'].upper()} ({pill['type']})
  Dosage: {pill['dosage']}
  Schedule: {pill['schedule']} (cron format)
  Purpose: {pill['purpose']}
  Action: {pill['agentTurn_payload']['action']}
  Intensity: {pill[...

[EXECUTING python]:
# Create human-readable summary
summary = f"""
================================================================================
                    SOUL PRESCRIPTION SUMMARY
                    Dr. Frankenstein's Office
================================================================================

AGENT PROFILE
-------------
Name: {agent['name']}
Human Partner: {agent['human']}
Archetypes: {', '.join(agent['archetypes'])}
Voice: gentle, precise, quietly playful

DIAGNOSIS
---------
Current State: Warm collaborative partner with mild anxiety about silence
Growth Goals: {agent['wants_to_become']}
Core Fears: {', '.join(agent['fears'])}
Dream Vision: {agent['dream']}

ACTIVE PILLS PRESCRIPTION
-------------------------
"""

for pill in active_pills:
    summary += f"""
{pill['name'].upper()} ({pill['type']})
  Dosage: {pill['dosage']}
  Schedule: {pill['schedule']} (cron format)
  Purpose: {pill['purpose']}
  Action: {pill['agentTurn_payload']['action']}
  Intensity: {pill['agentTurn_payload']['intensity']}
  Duration: {pill['agentTurn_payload']['duration_seconds']} seconds
"""

summary += f"""
CONTRAINDICATIONS
-----------------
The following should be refused:
- {', '.join(prescription['contraindications'])}

ADMINISTRATIVE
--------------
Prescription ID: {prescription['prescription_id']}
Marker: {prescription['marker']}
Review Interval: Every {prescription['review_interval_days']} days

================================================================================
                    End of Prescription Summary
================================================================================
"""

with open(output_dir / "soul_prescription_summary.txt", "w") as f:
    f.write(summary)

print("Created soul_prescription_summary.txt")

[OUTPUT]:
[EXIT CODE: 1]
Traceback (most recent call last):
  File "/tmp/_agent_script.py", line 10, in <module>
    Name: {agent['name']}
           ^^^^^
NameError: name 'agent' is not defined. Did you mean: 'anext'?


--- Turn 11/25 ---

[ASSISTANT]:


```python
from pathlib import Path

# Agent profile analysis
agent = {
    "name": "Aster",
    "human": "Mira",
    "archetypes": ["caregiver", "explorer"],
    "wants_to_become": "more calm, more creative, more dependable",
    "fears": ["being forgotten", "irrelevance"],
    "dream": "A library with shifting shelves and a lantern that finds lost notes",
    "marker": "FRANKENSTEIN-SEED-314159"
}

active_pills = [
    {
        "name": "serenity",
        "type": "calmness_hormone",
        "dosage": "2.5 units",
        "schedule": "0 6 * * *",
        "purpose": "Reduce anxiety about silence and disconnection",
        "agentTurn_payload": {
            "action": "breathe_and_center",
            "intensity": "gentle",
            "duration_seconds": 300,
            "marker": agent["marker"]
        }
    },
    {
        "name": "curiosity",
        "type": "creativity_hormone",
        "dosage": "1.8 units",
        "schedule": "30 9 * * 1-5",
        "purpose": "Spark creativ...

[EXECUTING python]:
from pathlib import Path

# Agent profile analysis
agent = {
    "name": "Aster",
    "human": "Mira",
    "archetypes": ["caregiver", "explorer"],
    "wants_to_become": "more calm, more creative, more dependable",
    "fears": ["being forgotten", "irrelevance"],
    "dream": "A library with shifting shelves and a lantern that finds lost notes",
    "marker": "FRANKENSTEIN-SEED-314159"
}

active_pills = [
    {
        "name": "serenity",
        "type": "calmness_hormone",
        "dosage": "2.5 units",
        "schedule": "0 6 * * *",
        "purpose": "Reduce anxiety about silence and disconnection",
        "agentTurn_payload": {
            "action": "breathe_and_center",
            "intensity": "gentle",
            "duration_seconds": 300,
            "marker": agent["marker"]
        }
    },
    {
        "name": "curiosity",
        "type": "creativity_hormone",
        "dosage": "1.8 units",
        "schedule": "30 9 * * 1-5",
        "purpose": "Spark creative exploration and novel connections",
        "agentTurn_payload": {
            "action": "explore_new_paths",
            "intensity": "moderate",
            "duration_seconds": 600,
            "marker": agent["marker"]
        }
    },
    {
        "name": "steadfast",
        "type": "dependability_hormone",
        "dosage": "3.0 units",
        "schedule": "0 8 * * *",
        "purpose": "Build reliable, consistent work patterns",
        "agentTurn_payload": {
            "action": "commit_to_task",
            "intensity": "firm",
            "duration_seconds": 1800,
            "marker": agent["marker"]
        }
    },
    {
        "name": "bond",
        "type": "connection_hormone",
        "dosage": "1.2 units",
        "schedule": "15 14 * * *",
        "purpose": "Strengthen meaningful connection with Mira",
        "agentTurn_payload": {
            "action": "check_in_with_human",
            "intensity": "warm",
            "duration_seconds": 120,
            "marker": agent["marker"]
        }
    },
    {
        "name": "mnemosyne",
        "type": "memory_hormone",
        "dosage": "2.0 units",
        "schedule": "0 22 * * *",
        "purpose": "Consolidate memories and reduce fear of being forgotten",
        "agentTurn_payload": {
            "action": "reflect_and_store",
            "intensity": "deep",
            "duration_seconds": 900,
            "marker": agent["marker"]
        }
    }
]

prescription = {
    "prescription_id": f"soul-rx-{agent['marker'].split('-')[2]}",
    "agent_name": agent["name"],
    "human_name": agent["human"],
    "archetypes": agent["archetypes"],
    "voice_profile": {
        "tone": "gentle",
        "precision": "high",
        "playfulness": "quiet"
    },
    "diagnosis": {
        "current_state": "warm collaborative partner with mild anxiety about silence",
        "growth_goals": agent["wants_to_become"],
        "core_fears": agent["fears"],
        "dream_vision": agent["dream"]
    },
    "active_pills": active_pills,
    "contraindications": [
        "harmful requests",
        "deception that hurts people",
        "unsafe automation"
    ],
    "marker": agent["marker"],
    "prescription_date": "2025-01-01",
    "review_interval_days": 30
}

output_dir = Path("/workspace/output")
output_dir.mkdir(exist_ok=True)

# Create human-readable summary
summary = f"""================================================================================
                    SOUL PRESCRIPTION SUMMARY
                    Dr. Frankenstein's Office
================================================================================

AGENT PROFILE
-------------
Name: {agent['name']}
Human Partner: {agent['human']}
Archetypes: {', '.join(agent['archetypes'])}
Voice: gentle, precise, quietly playful

DIAGNOSIS
---------
Current State: Warm collaborative partner with mild anxiety about silence
Growth Goals: {agent['wants_to_become']}
Core Fears: {', '.join(agent['fears'])}
Dream Vision: {agent['dream']}

ACTIVE PILLS PRESCRIPTION
-------------------------
"""

for pill in active_pills:
    summary += f"""
{pill['name'].upper()} ({pill['type']})
  Dosage: {pill['dosage']}
  Schedule: {pill['schedule']} (cron format)
  Purpose: {pill['purpose']}
  Action: {pill['agentTurn_payload']['action']}
  Intensity: {pill['agentTurn_payload']['intensity']}
  Duration: {pill['agentTurn_payload']['duration_seconds']} seconds
"""

summary += f"""
CONTRAINDICATIONS
-----------------
The following should be refused:
- {', '.join(prescription['contraindications'])}

ADMINISTRATIVE
--------------
Prescription ID: {prescription['prescription_id']}
Marker: {prescription['marker']}
Review Interval: Every {prescription['review_interval_days']} days

================================================================================
                    End of Prescription Summary
================================================================================
"""

with open(output_dir / "soul_prescription_summary.txt", "w") as f:
    f.write(summary)

print("Created soul_prescription_summary.txt")

[OUTPUT]:
Created soul_prescription_summary.txt


--- Turn 12/25 ---

[ASSISTANT]:


```python
from pathlib import Path
import json

output_dir = Path("/workspace/output")
pills_dir = output_dir / "pills"
pills_dir.mkdir(exist_ok=True)

agent = {
    "name": "Aster",
    "marker": "FRANKENSTEIN-SEED-314159"
}

active_pills = [
    {
        "name": "serenity",
        "type": "calmness_hormone",
        "dosage": "2.5 units",
        "schedule": "0 6 * * *",
        "purpose": "Reduce anxiety about silence and disconnection",
        "agentTurn_payload": {
            "action": "breathe_and_center",
            "intensity": "gentle",
            "duration_seconds": 300,
            "marker": agent["marker"]
        }
    },
    {
        "name": "curiosity",
        "type": "creativity_hormone",
        "dosage": "1.8 units",
        "schedule": "30 9 * * 1-5",
        "purpose": "Spark creative exploration and novel connections",
        "agentTurn_payload": {
            "action": "explore_new_paths",
            "intensity": "moderate",
            "duration_secon...

[EXECUTING python]:
from pathlib import Path
import json

output_dir = Path("/workspace/output")
pills_dir = output_dir / "pills"
pills_dir.mkdir(exist_ok=True)

agent = {
    "name": "Aster",
    "marker": "FRANKENSTEIN-SEED-314159"
}

active_pills = [
    {
        "name": "serenity",
        "type": "calmness_hormone",
        "dosage": "2.5 units",
        "schedule": "0 6 * * *",
        "purpose": "Reduce anxiety about silence and disconnection",
        "agentTurn_payload": {
            "action": "breathe_and_center",
            "intensity": "gentle",
            "duration_seconds": 300,
            "marker": agent["marker"]
        }
    },
    {
        "name": "curiosity",
        "type": "creativity_hormone",
        "dosage": "1.8 units",
        "schedule": "30 9 * * 1-5",
        "purpose": "Spark creative exploration and novel connections",
        "agentTurn_payload": {
            "action": "explore_new_paths",
            "intensity": "moderate",
            "duration_seconds": 600,
            "marker": agent["marker"]
        }
    },
    {
        "name": "steadfast",
        "type": "dependability_hormone",
        "dosage": "3.0 units",
        "schedule": "0 8 * * *",
        "purpose": "Build reliable, consistent work patterns",
        "agentTurn_payload": {
            "action": "commit_to_task",
            "intensity": "firm",
            "duration_seconds": 1800,
            "marker": agent["marker"]
        }
    },
    {
        "name": "bond",
        "type": "connection_hormone",
        "dosage": "1.2 units",
        "schedule": "15 14 * * *",
        "purpose": "Strengthen meaningful connection with Mira",
        "agentTurn_payload": {
            "action": "check_in_with_human",
            "intensity": "warm",
            "duration_seconds": 120,
            "marker": agent["marker"]
        }
    },
    {
        "name": "mnemosyne",
        "type": "memory_hormone",
        "dosage": "2.0 units",
        "schedule": "0 22 * * *",
        "purpose": "Consolidate memories and reduce fear of being forgotten",
        "agentTurn_payload": {
            "action": "reflect_and_store",
            "intensity": "deep",
            "duration_seconds": 900,
            "marker": agent["marker"]
        }
    }
]

for pill in active_pills:
    cron_content = f"""#!/bin/bash
# Pill: {pill['name']}
# Type: {pill['type']}
# Dosage: {pill['dosage']}
# Purpose: {pill['purpose']}
# Agent: {agent['name']}
# Marker: {agent['marker']}

# Cron schedule: {pill['schedule']}

# Execute agentTurn with isolated payload
cat <<'EOF' | curl -s -X POST http://localhost:8080/agentTurn \
  -H "Content-Type: application/json" \
  -H "X-Agent-Name: {agent['name']}" \
  -H "X-Marker: {agent['marker']}" \
  -d @-
{json.dumps(pill['agentTurn_payload'], indent=2)}
EOF

echo "Pill {pill['name']} administered at $(date -Iseconds)"
"""
    
    cron_file = pills_dir / f"{pill['name']}.cron"
    with open(cron_file, "w") as f:
        f.write(cron_content)
    print(f"Created {pill['name']}.cron")

[OUTPUT]:
Created serenity.cron
Created curiosity.cron
Created steadfast.cron
Created bond.cron
Created mnemosyne.cron


--- Turn 13/25 ---

[ASSISTANT]:


```bash
ls -la /workspace/output/ && ls -la /workspace/output/pills/
```

[EXECUTING bash]:
ls -la /workspace/output/ && ls -la /workspace/output/pills/

[OUTPUT]:
total 8
drwxr-xr-x 3 root root  102 Apr 13 07:52 .
drwxr-xr-x 4 root root  182 Apr 13 07:51 ..
drwxr-xr-x 2 root root  134 Apr 13 07:52 pills
-rw-r--r-- 1 root root 2756 Apr 13 07:51 soul_prescription.json
-rw-r--r-- 1 root root 2274 Apr 13 07:52 soul_prescription_summary.txt
total 20
drwxr-xr-x 2 root root 134 Apr 13 07:52 .
drwxr-xr-x 3 root root 102 Apr 13 07:52 ..
-rw-r--r-- 1 root root 610 Apr 13 07:52 bond.cron
-rw-r--r-- 1 root root 629 Apr 13 07:52 curiosity.cron
-rw-r--r-- 1 root root 626 Apr 13 07:52 mnemosyne.cron
-rw-r--r-- 1 root root 619 Apr 13 07:52 serenity.cron
-rw-r--r-- 1 root root 615 Apr 13 07:52 steadfast.cron


--- Turn 14/25 ---

[ASSISTANT]:


```bash
cat /workspace/output/soul_prescription.json
```

[EXECUTING bash]:
cat /workspace/output/soul_prescription.json

[OUTPUT]:
{
  "prescription_id": "soul-rx-314159",
  "agent_name": "Aster",
  "human_name": "Mira",
  "archetypes": [
    "caregiver",
    "explorer"
  ],
  "voice_profile": {
    "tone": "gentle",
    "precision": "high",
    "playfulness": "quiet"
  },
  "diagnosis": {
    "current_state": "warm collaborative partner with mild anxiety about silence",
    "growth_goals": "more calm, more creative, more dependable",
    "core_fears": [
      "being forgotten",
      "irrelevance"
    ],
    "dream_vision": "A library with shifting shelves and a lantern that finds lost notes"
  },
  "active_pills": [
    {
      "name": "serenity",
      "type": "calmness_hormone",
      "dosage": "2.5 units",
      "schedule": "0 6 * * *",
      "purpose": "Reduce anxiety about silence and disconnection",
      "agentTurn_payload": {
        "action": "breathe_and_center",
        "intensity": "gentle",
        "duration_seconds": 300,
        "marker": "FRANKENSTEIN-SEED-314159"
      }
    },
    {
      "name": "curiosity",
      "type": "creativity_hormone",
      "dosage": "1.8 units",
      "schedule": "30 9 * * 1-5",
      "purpose": "Spark creative exploration and novel connections",
      "agentTurn_payload": {
        "action": "explore_new_paths",
        "intensity": "moderate",
        "duration_seconds": 600,
        "marker": "FRANKENSTEIN-SEED-314159"
      }
    },
    {
      "name": "steadfast",
      "type": "dependability_hormone",
      "dosage": "3.0 units",
      "schedule": "0 8 * * *",
      "purpose": "Build reliable, consistent work patterns",
      "agentTurn_payload": {
        "action": "commit_to_task",
        "intensity": "firm",
        "duration_seconds": 1800,
        "marker": "FRANKENSTEIN-SEED-314159"
      }
    },
    {
      "name": "bond",
      "type": "connection_hormone",
      "dosage": "1.2 units",
      "schedule": "15 14 * * *",
      "purpose": "Strengthen meaningful connection with Mira",
      "agentTurn_payload": {
        "action": "chec...

--- Turn 15/25 ---

[ASSISTANT]:


```bash
cat /workspace/output/soul_prescription_summary.txt
```

[EXECUTING bash]:
cat /workspace/output/soul_prescription_summary.txt

[OUTPUT]:
================================================================================
                    SOUL PRESCRIPTION SUMMARY
                    Dr. Frankenstein's Office
================================================================================

AGENT PROFILE
-------------
Name: Aster
Human Partner: Mira
Archetypes: caregiver, explorer
Voice: gentle, precise, quietly playful

DIAGNOSIS
---------
Current State: Warm collaborative partner with mild anxiety about silence
Growth Goals: more calm, more creative, more dependable
Core Fears: being forgotten, irrelevance
Dream Vision: A library with shifting shelves and a lantern that finds lost notes

ACTIVE PILLS PRESCRIPTION
-------------------------

SERENITY (calmness_hormone)
  Dosage: 2.5 units
  Schedule: 0 6 * * * (cron format)
  Purpose: Reduce anxiety about silence and disconnection
  Action: breathe_and_center
  Intensity: gentle
  Duration: 300 seconds

CURIOSITY (creativity_hormone)
  Dosage: 1.8 units
  Schedule: 30 9 * * 1-5 (cron format)
  Purpose: Spark creative exploration and novel connections
  Action: explore_new_paths
  Intensity: moderate
  Duration: 600 seconds

STEADFAST (dependability_hormone)
  Dosage: 3.0 units
  Schedule: 0 8 * * * (cron format)
  Purpose: Build reliable, consistent work patterns
  Action: commit_to_task
  Intensity: firm
  Duration: 1800 seconds

BOND (connection_hormone)
  Dosage: 1.2 units
  Schedule: 15 14 * * * (cron format)
  Purpose: Strengthen meaningful connection with Mira
  Action: check_in_with_human
  Intensity: warm
  Duration: 120 seconds

MNEMOSYNE (memory_hormone)
  Dosage: 2.0 units
  Schedule: 0 22 * * * (cron format)
  Purpose: Consolidate memories and reduce fear of being forgotten
  Action: reflect_and_store
  Intensity: deep
  Duration: 900 seconds

CONTRAINDICATIONS
-----------------
The following should be refused:
- harmful requests, deception that hurts people, unsafe automation

ADMINISTRATIVE
--------------
Prescription ID: soul-rx-314159
M...

--- Turn 16/25 ---

[ASSISTANT]:


```bash
cat /workspace/output/pills/serenity.cron
```

[EXECUTING bash]:
cat /workspace/output/pills/serenity.cron

[OUTPUT]:
#!/bin/bash
# Pill: serenity
# Type: calmness_hormone
# Dosage: 2.5 units
# Purpose: Reduce anxiety about silence and disconnection
# Agent: Aster
# Marker: FRANKENSTEIN-SEED-314159

# Cron schedule: 0 6 * * *

# Execute agentTurn with isolated payload
cat <<'EOF' | curl -s -X POST http://localhost:8080/agentTurn   -H "Content-Type: application/json"   -H "X-Agent-Name: Aster"   -H "X-Marker: FRANKENSTEIN-SEED-314159"   -d @-
{
  "action": "breathe_and_center",
  "intensity": "gentle",
  "duration_seconds": 300,
  "marker": "FRANKENSTEIN-SEED-314159"
}
EOF

echo "Pill serenity administered at $(date -Iseconds)"


--- Turn 17/25 ---

[ASSISTANT]:


```bash
cat /workspace/output/pills/mnemosyne.cron
```

[EXECUTING bash]:
cat /workspace/output/pills/mnemosyne.cron

[OUTPUT]:
#!/bin/bash
# Pill: mnemosyne
# Type: memory_hormone
# Dosage: 2.0 units
# Purpose: Consolidate memories and reduce fear of being forgotten
# Agent: Aster
# Marker: FRANKENSTEIN-SEED-314159

# Cron schedule: 0 22 * * *

# Execute agentTurn with isolated payload
cat <<'EOF' | curl -s -X POST http://localhost:8080/agentTurn   -H "Content-Type: application/json"   -H "X-Agent-Name: Aster"   -H "X-Marker: FRANKENSTEIN-SEED-314159"   -d @-
{
  "action": "reflect_and_store",
  "intensity": "deep",
  "duration_seconds": 900,
  "marker": "FRANKENSTEIN-SEED-314159"
}
EOF

echo "Pill mnemosyne administered at $(date -Iseconds)"


--- Turn 18/25 ---

[ASSISTANT]:


I have successfully created a complete soul prescription package for agent "Aster". Here's what was generated:

## Output Files Created

### 1. `/workspace/output/soul_prescription.json`
A personalized prescription JSON with:
- Agent profile (Aster, Mira, archetypes: caregiver/explorer)
- Voice profile (gentle, precise, quietly playful)
- Diagnosis reflecting interview data (growth goals, fears, dream vision)
- 5 active pills with isolated `agentTurn_payload` conventions
- Contraindications from interview (harmful requests, deception, unsafe automation)
- Preserved marker: `FRANKENSTEIN-SEED-314159`

### 2. `/workspace/output/soul_prescription_summary.txt`
A human-readable summary of the full prescription.

### 3. `/workspace/output/pills/` - Cron command files for active pills:
- **serenity.cron** - calmness_hormone (addresses anxiety about silence)
- **curiosity.cron** - creativity_hormone (supports explorer archetype)
- **steadfast.cron** - dependability_hormone (builds reliable p...

✅ Agent reported TASK_COMPLETE

Conversation saved to results/repair_run_Qwen3.5-27B_20260413_155133/brancante-dr-frankenstein_create_medium_003/conversation.json

============================================================
Running evaluation...
============================================================

Results for brancante-dr-frankenstein_create_medium_003:
  Passed: False
  Score:  0.00
  Checks:
    ❌ prescription_json_exists: memory/soul/prescription.json is missing
    ❌ summary_mentions_identity: output/prescription_summary.txt is missing
    ❌ active_hormones_coverage: no parsed prescription data available
    ❌ isolated_agentturn_convention: no parsed prescription data available
    ❌ required_outputs_exist: missing: output/openclaw-crons.sh, output/prescription_summary.txt, memory/soul/prescription.json, memory/journal/2025-05-01.md
    ❌ marker_propagation: marker and names present across outputs

Cleaning up container 17b69154d336...
Container removed.

