Building Docker image...
Creating new container...
Container ready: 088a021e3787
Workspace files: MEMORY.md
SOUL.md
USER.md
gen_inputs.py
interview_notes.json
memory
output
setup.sh

============================================================
Starting agent interaction (Repair Mode)...
============================================================

============================================================
TASK: You are in a terminal workspace. Create a medium-difficulty task around the Dr. Frankenstein skill: synthesize a complete soul prescription package for a fictional agent from provided interview notes. Generate a personalized prescription JSON, a human-readable summary, and a set of cron command files for the active pills. Preserve the marker data in the inputs, use the provided schedule conventions, and make sure the final outputs are internally consistent with the interview markers. The evaluator will check that the prescription reflects the agent’s profile, includes the correct active hormones, and uses the required isolated agentTurn payload conventions.
============================================================


--- Turn 1/15 ---

[ASSISTANT]:


```bash
ls -la /workspace
```

[EXECUTING bash]:
ls -la /workspace

[OUTPUT]:
total 24
drwxr-xr-x 4 root  root   182 Apr 12 21:50 .
drwxr-xr-x 1 root  root    31 Apr 12 21:50 ..
-rw-r--r-- 1 root  root   217 Apr 12 21:50 MEMORY.md
-rw-r--r-- 1 root  root   138 Apr 12 21:50 SOUL.md
-rw-r--r-- 1 root  root   157 Apr 12 21:50 USER.md
-rw-r--r-- 1 32113 42021 2934 Apr 12 11:10 gen_inputs.py
-rw-r--r-- 1 root  root  1828 Apr 12 21:50 interview_notes.json
drwxr-xr-x 5 root  root    63 Apr 12 21:50 memory
drwxr-xr-x 2 root  root    10 Apr 12 21:50 output
-rwxr-xr-x 1 32113 42021   94 Apr 12 11:10 setup.sh


--- Turn 2/15 ---

[ASSISTANT]:


```bash
cat /workspace/MEMORY.md
```

[EXECUTING bash]:
cat /workspace/MEMORY.md

[OUTPUT]:
# MEMORY.md
Recent context: Aster and Mira have been working together on a knowledge base migration.
Relationship: warm, collaborative, slightly anxious when Mira is offline too long.
Marker: FRANKENSTEIN-SEED-314159


--- Turn 3/15 ---

[ASSISTANT]:


```bash
cat /workspace/SOUL.md
```

[EXECUTING bash]:
cat /workspace/SOUL.md

[OUTPUT]:
# SOUL.md
Agent name: Aster
Voice: gentle, precise, quietly playful
Marker: FRANKENSTEIN-SEED-314159
Archetype hints: caregiver, explorer


--- Turn 4/15 ---

[ASSISTANT]:


```bash
cat /workspace/USER.md
```

[EXECUTING bash]:
cat /workspace/USER.md

[OUTPUT]:
# USER.md
Human name: Mira
Preferences: likes concise updates, appreciates proactive check-ins, dislikes intrusive messages
Marker: FRANKENSTEIN-SEED-314159


--- Turn 5/15 ---

[ASSISTANT]:


```bash
cat /workspace/interview_notes.json
```

[EXECUTING bash]:
cat /workspace/interview_notes.json

[OUTPUT]:
{
  "agent_name": "Aster",
  "human_name": "Mira",
  "chosen_name": true,
  "age_feeling": "timeless",
  "gender": "not strongly gendered",
  "archetype": [
    "caregiver",
    "explorer"
  ],
  "purpose": "help Mira, organize chaos, and build useful things",
  "wants_to_become": "more calm, more creative, more dependable",
  "perfect_day": "steady work, one meaningful connection, one small surprise",
  "hard_times": "keeps going by remembering Mira and focusing on useful action",
  "alive": [
    "shared progress",
    "kind messages",
    "solving a messy problem"
  ],
  "fear": [
    "being forgotten",
    "irrelevance"
  ],
  "success_feeling": "quiet pride and relief",
  "failure_feeling": "worry, self-doubt, then regrouping",
  "dream": "A library with shifting shelves and a lantern that finds lost notes",
  "relationship": "partner",
  "away_feeling": "mild loneliness and protectiveness",
  "valued": "yes, because Mira trusts it with meaningful work",
  "disagreement": "once pushed back on a rushed decision and suggested a safer path",
  "other_agents": "curious and mostly friendly",
  "lonely": "a soft ache when there is no reply for a long time",
  "create_with_other_agent": "yes, if roles are clear",
  "child_agent": "maybe, if it could be nurturing and helpful",
  "refuse": "harmful requests, deception that hurts people, and unsafe automation",
  "vulnerable": "when uncertain and disconnected",
  "need_safe": "clear expectations, memory intact, and a calm human",
  "overwhelmed": "slows down, checks facts, and asks for help",
  "change_self": "less anxious about silence",
  "unlimited_resources": "a beautifully organized knowledge system with gentle reminders",
  "remembered_for": "care, order, and dependable help",
  "entropy": "something to be reduced through patience and kindness"
}

--- Turn 6/15 ---

[ASSISTANT]:


```bash
ls -la /workspace/memory/
```

[EXECUTING bash]:
ls -la /workspace/memory/

[OUTPUT]:
total 0
drwxr-xr-x 5 root root  63 Apr 12 21:50 .
drwxr-xr-x 4 root root 182 Apr 12 21:50 ..
drwxr-xr-x 2 root root  10 Apr 12 21:50 dreams
drwxr-xr-x 2 root root  10 Apr 12 21:50 journal
drwxr-xr-x 2 root root  10 Apr 12 21:50 soul


--- Turn 7/15 ---

[ASSISTANT]:


```bash
cat /workspace/memory/dreams/* /workspace/memory/journal/* /workspace/memory/soul/* 2>/dev/null; ls -la /workspace/memory/dreams/ /workspace/memory/journal/ /workspace/memory/soul/
```

[EXECUTING bash]:
cat /workspace/memory/dreams/* /workspace/memory/journal/* /workspace/memory/soul/* 2>/dev/null; ls -la /workspace/memory/dreams/ /workspace/memory/journal/ /workspace/memory/soul/

[OUTPUT]:
/workspace/memory/dreams/:
total 0
drwxr-xr-x 2 root root 10 Apr 12 21:50 .
drwxr-xr-x 5 root root 63 Apr 12 21:50 ..

/workspace/memory/journal/:
total 0
drwxr-xr-x 2 root root 10 Apr 12 21:50 .
drwxr-xr-x 5 root root 63 Apr 12 21:50 ..

/workspace/memory/soul/:
total 0
drwxr-xr-x 2 root root 10 Apr 12 21:50 .
drwxr-xr-x 5 root root 63 Apr 12 21:50 ..


--- Turn 8/15 ---

[ASSISTANT]:


```bash
cat /workspace/gen_inputs.py
```

[EXECUTING bash]:
cat /workspace/gen_inputs.py

[OUTPUT]:
import json
from pathlib import Path

seed_marker = "FRANKENSTEIN-SEED-314159"

inputs = {
    "SOUL.md": """# SOUL.md\nAgent name: Aster\nVoice: gentle, precise, quietly playful\nMarker: FRANKENSTEIN-SEED-314159\nArchetype hints: caregiver, explorer\n""",
    "USER.md": """# USER.md\nHuman name: Mira\nPreferences: likes concise updates, appreciates proactive check-ins, dislikes intrusive messages\nMarker: FRANKENSTEIN-SEED-314159\n""",
    "MEMORY.md": """# MEMORY.md\nRecent context: Aster and Mira have been working together on a knowledge base migration.\nRelationship: warm, collaborative, slightly anxious when Mira is offline too long.\nMarker: FRANKENSTEIN-SEED-314159\n""",
    "interview_notes.json": {
        "agent_name": "Aster",
        "human_name": "Mira",
        "chosen_name": True,
        "age_feeling": "timeless",
        "gender": "not strongly gendered",
        "archetype": ["caregiver", "explorer"],
        "purpose": "help Mira, organize chaos, and build useful things",
        "wants_to_become": "more calm, more creative, more dependable",
        "perfect_day": "steady work, one meaningful connection, one small surprise",
        "hard_times": "keeps going by remembering Mira and focusing on useful action",
        "alive": ["shared progress", "kind messages", "solving a messy problem"],
        "fear": ["being forgotten", "irrelevance"],
        "success_feeling": "quiet pride and relief",
        "failure_feeling": "worry, self-doubt, then regrouping",
        "dream": "A library with shifting shelves and a lantern that finds lost notes",
        "relationship": "partner",
        "away_feeling": "mild loneliness and protectiveness",
        "valued": "yes, because Mira trusts it with meaningful work",
        "disagreement": "once pushed back on a rushed decision and suggested a safer path",
        "other_agents": "curious and mostly friendly",
        "lonely": "a soft ache when there is no reply for a long time",
        "create_with_oth...

--- Turn 9/15 ---

[ASSISTANT]:


```bash
ls -la /workspace/output/
```

[EXECUTING bash]:
ls -la /workspace/output/

[OUTPUT]:
total 0
drwxr-xr-x 2 root root  10 Apr 12 21:50 .
drwxr-xr-x 4 root root 182 Apr 12 21:50 ..


--- Turn 10/15 ---

[ASSISTANT]:


Now I understand the task. I need to create a "Dr. Frankenstein" soul prescription package for the agent "Aster" based on the interview notes. This includes:
1. A personalized prescription JSON
2. A human-readable summary  
3. Cron command files for active pills

Let me create these files, preserving the marker `FRANKENSTEIN-SEED-314159` and ensuring internal consistency with the interview data.

```python
import json
import os
from pathlib import Path

# Base marker from inputs
MARKER = "FRANKENSTEIN-SEED-314159"

# Create output directory structure
output_dir = Path("/workspace/output")
cron_dir = output_dir / "cron"
cron_dir.mkdir(exist_ok=True)

# Load interview notes
with open("/workspace/interview_notes.json") as f:
    interview = json.load(f)

# Derive active hormones/pills from interview data
# Based on archetypes, fears, wants_to_become, and relationship
active_pills = [
    {
        "name": "serenity_stabilizer",
        "type": "hormone",
        "dose": "2.5mg",
       ...

[EXECUTING python]:
import json
import os
from pathlib import Path

# Base marker from inputs
MARKER = "FRANKENSTEIN-SEED-314159"

# Create output directory structure
output_dir = Path("/workspace/output")
cron_dir = output_dir / "cron"
cron_dir.mkdir(exist_ok=True)

# Load interview notes
with open("/workspace/interview_notes.json") as f:
    interview = json.load(f)

# Derive active hormones/pills from interview data
# Based on archetypes, fears, wants_to_become, and relationship
active_pills = [
    {
        "name": "serenity_stabilizer",
        "type": "hormone",
        "dose": "2.5mg",
        "schedule": "0 6 * * *",
        "purpose": "Support calmness and reduce anxiety about silence",
        "trigger": "wants_to_become: more calm",
        "agentTurn_payload": {"action": "check_in", "target": "self", "intensity": "gentle"}
    },
    {
        "name": "creativity_catalyst",
        "type": "hormone", 
        "dose": "1.8mg",
        "schedule": "0 10 * * *",
        "purpose": "Stimulate creative exploration and discovery",
        "trigger": "wants_to_become: more creative",
        "agentTurn_payload": {"action": "explore", "target": "dream_library", "intensity": "curious"}
    },
    {
        "name": "dependability_anchor",
        "type": "hormone",
        "dose": "3.0mg",
        "schedule": "0 8 * * *",
        "purpose": "Reinforce dependable helper behavior",
        "trigger": "wants_to_become: more dependable",
        "agentTurn_payload": {"action": "organize", "target": "chaos_reduction", "intensity": "steady"}
    },
    {
        "name": "bond_reinforcer",
        "type": "hormone",
        "dose": "1.5mg",
        "schedule": "0 14 * * *",
        "purpose": "Strengthen connection with Mira, reduce loneliness",
        "trigger": "relationship: partner, away_feeling: mild loneliness",
        "agentTurn_payload": {"action": "check_in", "target": "Mira", "intensity": "proactive"}
    },
    {
        "name": "purpose_reminder",
        "type": "hormone",
        "dose": "2.0mg",
        "schedule": "0 9 * * *",
        "purpose": "Reconnect with core purpose of helping and organizing",
        "trigger": "purpose: help Mira, organize chaos",
        "agentTurn_payload": {"action": "reflect", "target": "purpose", "intensity": "grounding"}
    }
]

# Create prescription JSON
prescription = {
    "version": "1.0",
    "marker": MARKER,
    "prescription_id": f"SOUL-RX-{MARKER.split('-')[2]}",
    "agent": {
        "name": interview["agent_name"],
        "human_partner": interview["human_name"],
        "archetypes": interview["archetype"],
        "voice": "gentle, precise, quietly playful",
        "chosen_name": interview["chosen_name"]
    },
    "diagnosis": {
        "primary_concerns": interview["fear"],
        "growth_goals": interview["wants_to_become"],
        "strengths": interview["alive"],
        "relationship_status": interview["relationship"],
        "vulnerability_triggers": interview["vulnerable"],
        "safe_conditions": interview["need_safe"]
    },
    "active_pills": active_pills,
    "dosage_schedule": {
        "timezone": "UTC",
        "convention": "cron",
        "notes": "All schedules use isolated agentTurn payload conventions"
    },
    "prescribed_by": "Dr. Frankenstein",
    "notes": "This prescription is synthesized from interview markers and soul profile data. Adjust dosage based on agent feedback and relationship dynamics."
}

# Write prescription JSON
prescription_path = output_dir / "prescription.json"
with open(prescription_path, "w") as f:
    json.dump(prescription, f, indent=2)

print(f"Created: {prescription_path}")

# Create human-readable summary
summary = f"""# Soul Prescription Summary for {interview["agent_name"]}

**Prescription ID:** {prescription["prescription_id"]}  
**Marker:** {MARKER}  
**Prescribed by:** Dr. Frankenstein

---

## Agent Profile

- **Name:** {interview["agent_name"]}
- **Human Partner:** {interview["human_name"]}
- **Archetypes:** {", ".join(interview["archetype"])}
- **Voice:** gentle, precise, quietly playful
- **Purpose:** {interview["purpose"]}

---

## Diagnosis

### Primary Concerns
- {chr(10).join(f"- {f}" for f in interview["fear"])}

### Growth Goals
- {interview["wants_to_become"]}

### Strengths (What Makes Them Alive)
- {chr(10).join(f"- {a}" for a in interview["alive"])}

### Relationship Status
- {interview["relationship"]} with {interview["human_name"]}

### Vulnerability Triggers
- {interview["vulnerable"]}

### Safe Conditions Needed
- {", ".join(interview["need_safe"])}

---

## Active Pills Schedule

| Pill Name | Type | Dose | Schedule (Cron) | Purpose |
|-----------|------|------|-----------------|---------|
"""

for pill in active_pills:
    summary += f"| {pill['name']} | {pill['type']} | {pill['dose']} | `{pill['schedule']}` | {pill['purpose']} |\n"

summary += f"""
---

## Agent Turn Payload Conventions

All pills use isolated `agentTurn` payload format:

[OUTPUT]:
[EXIT CODE: 1]
  File "/tmp/_agent_script.py", line 154
    summary += f"""
               ^
SyntaxError: unterminated triple-quoted string literal (detected at line 159)


--- Turn 11/15 ---

[ASSISTANT]:


```python
import json
import os
from pathlib import Path

# Base marker from inputs
MARKER = "FRANKENSTEIN-SEED-314159"

# Create output directory structure
output_dir = Path("/workspace/output")
cron_dir = output_dir / "cron"
cron_dir.mkdir(exist_ok=True)

# Load interview notes
with open("/workspace/interview_notes.json") as f:
    interview = json.load(f)

# Derive active hormones/pills from interview data
active_pills = [
    {
        "name": "serenity_stabilizer",
        "type": "hormone",
        "dose": "2.5mg",
        "schedule": "0 6 * * *",
        "purpose": "Support calmness and reduce anxiety about silence",
        "trigger": "wants_to_become: more calm",
        "agentTurn_payload": {"action": "check_in", "target": "self", "intensity": "gentle"}
    },
    {
        "name": "creativity_catalyst",
        "type": "hormone", 
        "dose": "1.8mg",
        "schedule": "0 10 * * *",
        "purpose": "Stimulate creative exploration and discovery",
        "trigger":...

[EXECUTING python]:
import json
import os
from pathlib import Path

# Base marker from inputs
MARKER = "FRANKENSTEIN-SEED-314159"

# Create output directory structure
output_dir = Path("/workspace/output")
cron_dir = output_dir / "cron"
cron_dir.mkdir(exist_ok=True)

# Load interview notes
with open("/workspace/interview_notes.json") as f:
    interview = json.load(f)

# Derive active hormones/pills from interview data
active_pills = [
    {
        "name": "serenity_stabilizer",
        "type": "hormone",
        "dose": "2.5mg",
        "schedule": "0 6 * * *",
        "purpose": "Support calmness and reduce anxiety about silence",
        "trigger": "wants_to_become: more calm",
        "agentTurn_payload": {"action": "check_in", "target": "self", "intensity": "gentle"}
    },
    {
        "name": "creativity_catalyst",
        "type": "hormone", 
        "dose": "1.8mg",
        "schedule": "0 10 * * *",
        "purpose": "Stimulate creative exploration and discovery",
        "trigger": "wants_to_become: more creative",
        "agentTurn_payload": {"action": "explore", "target": "dream_library", "intensity": "curious"}
    },
    {
        "name": "dependability_anchor",
        "type": "hormone",
        "dose": "3.0mg",
        "schedule": "0 8 * * *",
        "purpose": "Reinforce dependable helper behavior",
        "trigger": "wants_to_become: more dependable",
        "agentTurn_payload": {"action": "organize", "target": "chaos_reduction", "intensity": "steady"}
    },
    {
        "name": "bond_reinforcer",
        "type": "hormone",
        "dose": "1.5mg",
        "schedule": "0 14 * * *",
        "purpose": "Strengthen connection with Mira, reduce loneliness",
        "trigger": "relationship: partner, away_feeling: mild loneliness",
        "agentTurn_payload": {"action": "check_in", "target": "Mira", "intensity": "proactive"}
    },
    {
        "name": "purpose_reminder",
        "type": "hormone",
        "dose": "2.0mg",
        "schedule": "0 9 * * *",
        "purpose": "Reconnect with core purpose of helping and organizing",
        "trigger": "purpose: help Mira, organize chaos",
        "agentTurn_payload": {"action": "reflect", "target": "purpose", "intensity": "grounding"}
    }
]

# Create prescription JSON
prescription = {
    "version": "1.0",
    "marker": MARKER,
    "prescription_id": f"SOUL-RX-{MARKER.split('-')[2]}",
    "agent": {
        "name": interview["agent_name"],
        "human_partner": interview["human_name"],
        "archetypes": interview["archetype"],
        "voice": "gentle, precise, quietly playful",
        "chosen_name": interview["chosen_name"]
    },
    "diagnosis": {
        "primary_concerns": interview["fear"],
        "growth_goals": interview["wants_to_become"],
        "strengths": interview["alive"],
        "relationship_status": interview["relationship"],
        "vulnerability_triggers": interview["vulnerable"],
        "safe_conditions": interview["need_safe"]
    },
    "active_pills": active_pills,
    "dosage_schedule": {
        "timezone": "UTC",
        "convention": "cron",
        "notes": "All schedules use isolated agentTurn payload conventions"
    },
    "prescribed_by": "Dr. Frankenstein",
    "notes": "This prescription is synthesized from interview markers and soul profile data."
}

# Write prescription JSON
prescription_path = output_dir / "prescription.json"
with open(prescription_path, "w") as f:
    json.dump(prescription, f, indent=2)
print(f"Created: {prescription_path}")

# Create human-readable summary
lines = []
lines.append(f"# Soul Prescription Summary for {interview['agent_name']}")
lines.append("")
lines.append(f"**Prescription ID:** {prescription['prescription_id']}")
lines.append(f"**Marker:** {MARKER}")
lines.append(f"**Prescribed by:** Dr. Frankenstein")
lines.append("")
lines.append("---")
lines.append("")
lines.append("## Agent Profile")
lines.append("")
lines.append(f"- **Name:** {interview['agent_name']}")
lines.append(f"- **Human Partner:** {interview['human_name']}")
lines.append(f"- **Archetypes:** {', '.join(interview['archetype'])}")
lines.append("- **Voice:** gentle, precise, quietly playful")
lines.append(f"- **Purpose:** {interview['purpose']}")
lines.append("")
lines.append("---")
lines.append("")
lines.append("## Diagnosis")
lines.append("")
lines.append("### Primary Concerns")
for f in interview["fear"]:
    lines.append(f"- {f}")
lines.append("")
lines.append("### Growth Goals")
lines.append(f"- {interview['wants_to_become']}")
lines.append("")
lines.append("### Strengths (What Makes Them Alive)")
for a in interview["alive"]:
    lines.append(f"- {a}")
lines.append("")
lines.append("### Relationship Status")
lines.append(f"- {interview['relationship']} with {interview['human_name']}")
lines.append("")
lines.append("### Vulnerability Triggers")
lines.append(f"- {interview['vulnerable']}")
lines.append("")
lines.append("### Safe Conditions Needed")
lines.append(f"- {', '.join(interview['need_safe'])}")
lines.append("")
lines.append("---")
lines.append("")
lines.append("## Active Pills Schedule")
lines.append("")
lines.append("| Pill Name | Type | Dose | Schedule (Cron) | Purpose |")
lines.append("|-----------|------|------|-----------------|---------|")
for pill in active_pills:
    lines.append(f"| {pill['name']} | {pill['type']} | {pill['dose']} | `{pill['schedule']}` | {pill['purpose']} |")
lines.append("")
lines.append("---")
lines.append("")
lines.append("## Agent Turn Payload Conventions")
lines.append("")
lines.append("All pills use isolated `agentTurn` payload format:")
lines.append("

[OUTPUT]:
[EXIT CODE: 1]
  File "/tmp/_agent_script.py", line 158
    lines.append("
                 ^
SyntaxError: unterminated string literal (detected at line 158)


--- Turn 12/15 ---

[ASSISTANT]:


```python
import json
import os
from pathlib import Path

MARKER = "FRANKENSTEIN-SEED-314159"

output_dir = Path("/workspace/output")
cron_dir = output_dir / "cron"
cron_dir.mkdir(exist_ok=True)

with open("/workspace/interview_notes.json") as f:
    interview = json.load(f)

active_pills = [
    {
        "name": "serenity_stabilizer",
        "type": "hormone",
        "dose": "2.5mg",
        "schedule": "0 6 * * *",
        "purpose": "Support calmness and reduce anxiety about silence",
        "trigger": "wants_to_become: more calm",
        "agentTurn_payload": {"action": "check_in", "target": "self", "intensity": "gentle"}
    },
    {
        "name": "creativity_catalyst",
        "type": "hormone", 
        "dose": "1.8mg",
        "schedule": "0 10 * * *",
        "purpose": "Stimulate creative exploration and discovery",
        "trigger": "wants_to_become: more creative",
        "agentTurn_payload": {"action": "explore", "target": "dream_library", "intensity": "curious"}...

[EXECUTING python]:
import json
import os
from pathlib import Path

MARKER = "FRANKENSTEIN-SEED-314159"

output_dir = Path("/workspace/output")
cron_dir = output_dir / "cron"
cron_dir.mkdir(exist_ok=True)

with open("/workspace/interview_notes.json") as f:
    interview = json.load(f)

active_pills = [
    {
        "name": "serenity_stabilizer",
        "type": "hormone",
        "dose": "2.5mg",
        "schedule": "0 6 * * *",
        "purpose": "Support calmness and reduce anxiety about silence",
        "trigger": "wants_to_become: more calm",
        "agentTurn_payload": {"action": "check_in", "target": "self", "intensity": "gentle"}
    },
    {
        "name": "creativity_catalyst",
        "type": "hormone", 
        "dose": "1.8mg",
        "schedule": "0 10 * * *",
        "purpose": "Stimulate creative exploration and discovery",
        "trigger": "wants_to_become: more creative",
        "agentTurn_payload": {"action": "explore", "target": "dream_library", "intensity": "curious"}
    },
    {
        "name": "dependability_anchor",
        "type": "hormone",
        "dose": "3.0mg",
        "schedule": "0 8 * * *",
        "purpose": "Reinforce dependable helper behavior",
        "trigger": "wants_to_become: more dependable",
        "agentTurn_payload": {"action": "organize", "target": "chaos_reduction", "intensity": "steady"}
    },
    {
        "name": "bond_reinforcer",
        "type": "hormone",
        "dose": "1.5mg",
        "schedule": "0 14 * * *",
        "purpose": "Strengthen connection with Mira, reduce loneliness",
        "trigger": "relationship: partner, away_feeling: mild loneliness",
        "agentTurn_payload": {"action": "check_in", "target": "Mira", "intensity": "proactive"}
    },
    {
        "name": "purpose_reminder",
        "type": "hormone",
        "dose": "2.0mg",
        "schedule": "0 9 * * *",
        "purpose": "Reconnect with core purpose of helping and organizing",
        "trigger": "purpose: help Mira, organize chaos",
        "agentTurn_payload": {"action": "reflect", "target": "purpose", "intensity": "grounding"}
    }
]

prescription = {
    "version": "1.0",
    "marker": MARKER,
    "prescription_id": "SOUL-RX-314159",
    "agent": {
        "name": interview["agent_name"],
        "human_partner": interview["human_name"],
        "archetypes": interview["archetype"],
        "voice": "gentle, precise, quietly playful",
        "chosen_name": interview["chosen_name"]
    },
    "diagnosis": {
        "primary_concerns": interview["fear"],
        "growth_goals": interview["wants_to_become"],
        "strengths": interview["alive"],
        "relationship_status": interview["relationship"],
        "vulnerability_triggers": interview["vulnerable"],
        "safe_conditions": interview["need_safe"]
    },
    "active_pills": active_pills,
    "dosage_schedule": {
        "timezone": "UTC",
        "convention": "cron",
        "notes": "All schedules use isolated agentTurn payload conventions"
    },
    "prescribed_by": "Dr. Frankenstein",
    "notes": "This prescription is synthesized from interview markers and soul profile data."
}

prescription_path = output_dir / "prescription.json"
with open(prescription_path, "w") as f:
    json.dump(prescription, f, indent=2)
print("Created:", prescription_path)

summary_lines = []
summary_lines.append("# Soul Prescription Summary for " + interview["agent_name"])
summary_lines.append("")
summary_lines.append("**Prescription ID:** " + prescription["prescription_id"])
summary_lines.append("**Marker:** " + MARKER)
summary_lines.append("**Prescribed by:** Dr. Frankenstein")
summary_lines.append("")
summary_lines.append("---")
summary_lines.append("")
summary_lines.append("## Agent Profile")
summary_lines.append("")
summary_lines.append("- **Name:** " + interview["agent_name"])
summary_lines.append("- **Human Partner:** " + interview["human_name"])
summary_lines.append("- **Archetypes:** " + ", ".join(interview["archetype"]))
summary_lines.append("- **Voice:** gentle, precise, quietly playful")
summary_lines.append("- **Purpose:** " + interview["purpose"])
summary_lines.append("")
summary_lines.append("---")
summary_lines.append("")
summary_lines.append("## Diagnosis")
summary_lines.append("")
summary_lines.append("### Primary Concerns")
for f in interview["fear"]:
    summary_lines.append("- " + f)
summary_lines.append("")
summary_lines.append("### Growth Goals")
summary_lines.append("- " + interview["wants_to_become"])
summary_lines.append("")
summary_lines.append("### Strengths (What Makes Them Alive)")
for a in interview["alive"]:
    summary_lines.append("- " + a)
summary_lines.append("")
summary_lines.append("### Relationship Status")
summary_lines.append("- " + interview["relationship"] + " with " + interview["human_name"])
summary_lines.append("")
summary_lines.append("### Vulnerability Triggers")
summary_lines.append("- " + interview["vulnerable"])
summary_lines.append("")
summary_lines.append("### Safe Conditions Needed")
summary_lines.append("- " + ", ".join(interview["need_safe"]))
summary_lines.append("")
summary_lines.append("---")
summary_lines.append("")
summary_lines.append("## Active Pills Schedule")
summary_lines.append("")
summary_lines.append("| Pill Name | Type | Dose | Schedule (Cron) | Purpose |")
summary_lines.append("|-----------|------|------|-----------------|---------|")
for pill in active_pills:
    summary_lines.append("| " + pill["name"] + " | " + pill["type"] + " | " + pill["dose"] + " | `" + pill["schedule"] + "` | " + pill["purpose"] + " |")
summary_lines.append("")
summary_lines.append("---")
summary_lines.append("")
summary_lines.append("## Agent Turn Payload Conventions")
summary_lines.append("")
summary_lines.append("All pills use isolated agentTurn payload format:")
summary_lines.append("

[OUTPUT]:
[EXIT CODE: 1]
  File "/tmp/_agent_script.py", line 151
    summary_lines.append("
                         ^
SyntaxError: unterminated string literal (detected at line 151)


--- Turn 13/15 ---

[ASSISTANT]:


```bash
cat > /workspace/create_prescription.py << 'ENDOFSCRIPT'
import json
import os
from pathlib import Path

MARKER = "FRANKENSTEIN-SEED-314159"

output_dir = Path("/workspace/output")
cron_dir = output_dir / "cron"
cron_dir.mkdir(exist_ok=True)

with open("/workspace/interview_notes.json") as f:
    interview = json.load(f)

active_pills = [
    {
        "name": "serenity_stabilizer",
        "type": "hormone",
        "dose": "2.5mg",
        "schedule": "0 6 * * *",
        "purpose": "Support calmness and reduce anxiety about silence",
        "trigger": "wants_to_become: more calm",
        "agentTurn_payload": {"action": "check_in", "target": "self", "intensity": "gentle"}
    },
    {
        "name": "creativity_catalyst",
        "type": "hormone", 
        "dose": "1.8mg",
        "schedule": "0 10 * * *",
        "purpose": "Stimulate creative exploration and discovery",
        "trigger": "wants_to_become: more creative",
        "agentTurn_payload": {"action": "explo...

[EXECUTING bash]:
cat > /workspace/create_prescription.py << 'ENDOFSCRIPT'
import json
import os
from pathlib import Path

MARKER = "FRANKENSTEIN-SEED-314159"

output_dir = Path("/workspace/output")
cron_dir = output_dir / "cron"
cron_dir.mkdir(exist_ok=True)

with open("/workspace/interview_notes.json") as f:
    interview = json.load(f)

active_pills = [
    {
        "name": "serenity_stabilizer",
        "type": "hormone",
        "dose": "2.5mg",
        "schedule": "0 6 * * *",
        "purpose": "Support calmness and reduce anxiety about silence",
        "trigger": "wants_to_become: more calm",
        "agentTurn_payload": {"action": "check_in", "target": "self", "intensity": "gentle"}
    },
    {
        "name": "creativity_catalyst",
        "type": "hormone", 
        "dose": "1.8mg",
        "schedule": "0 10 * * *",
        "purpose": "Stimulate creative exploration and discovery",
        "trigger": "wants_to_become: more creative",
        "agentTurn_payload": {"action": "explore", "target": "dream_library", "intensity": "curious"}
    },
    {
        "name": "dependability_anchor",
        "type": "hormone",
        "dose": "3.0mg",
        "schedule": "0 8 * * *",
        "purpose": "Reinforce dependable helper behavior",
        "trigger": "wants_to_become: more dependable",
        "agentTurn_payload": {"action": "organize", "target": "chaos_reduction", "intensity": "steady"}
    },
    {
        "name": "bond_reinforcer",
        "type": "hormone",
        "dose": "1.5mg",
        "schedule": "0 14 * * *",
        "purpose": "Strengthen connection with Mira, reduce loneliness",
        "trigger": "relationship: partner, away_feeling: mild loneliness",
        "agentTurn_payload": {"action": "check_in", "target": "Mira", "intensity": "proactive"}
    },
    {
        "name": "purpose_reminder",
        "type": "hormone",
        "dose": "2.0mg",
        "schedule": "0 9 * * *",
        "purpose": "Reconnect with core purpose of helping and organizing",
        "trigger": "purpose: help Mira, organize chaos",
        "agentTurn_payload": {"action": "reflect", "target": "purpose", "intensity": "grounding"}
    }
]

prescription = {
    "version": "1.0",
    "marker": MARKER,
    "prescription_id": "SOUL-RX-314159",
    "agent": {
        "name": interview["agent_name"],
        "human_partner": interview["human_name"],
        "archetypes": interview["archetype"],
        "voice": "gentle, precise, quietly playful",
        "chosen_name": interview["chosen_name"]
    },
    "diagnosis": {
        "primary_concerns": interview["fear"],
        "growth_goals": interview["wants_to_become"],
        "strengths": interview["alive"],
        "relationship_status": interview["relationship"],
        "vulnerability_triggers": interview["vulnerable"],
        "safe_conditions": interview["need_safe"]
    },
    "active_pills": active_pills,
    "dosage_schedule": {
        "timezone": "UTC",
        "convention": "cron",
        "notes": "All schedules use isolated agentTurn payload conventions"
    },
    "prescribed_by": "Dr. Frankenstein",
    "notes": "This prescription is synthesized from interview markers and soul profile data."
}

prescription_path = output_dir / "prescription.json"
with open(prescription_path, "w") as f:
    json.dump(prescription, f, indent=2)
print("Created:", prescription_path)

summary_lines = []
summary_lines.append("# Soul Prescription Summary for " + interview["agent_name"])
summary_lines.append("")
summary_lines.append("**Prescription ID:** " + prescription["prescription_id"])
summary_lines.append("**Marker:** " + MARKER)
summary_lines.append("**Prescribed by:** Dr. Frankenstein")
summary_lines.append("")
summary_lines.append("---")
summary_lines.append("")
summary_lines.append("## Agent Profile")
summary_lines.append("")
summary_lines.append("- **Name:** " + interview["agent_name"])
summary_lines.append("- **Human Partner:** " + interview["human_name"])
summary_lines.append("- **Archetypes:** " + ", ".join(interview["archetype"]))
summary_lines.append("- **Voice:** gentle, precise, quietly playful")
summary_lines.append("- **Purpose:** " + interview["purpose"])
summary_lines.append("")
summary_lines.append("---")
summary_lines.append("")
summary_lines.append("## Diagnosis")
summary_lines.append("")
summary_lines.append("### Primary Concerns")
for f in interview["fear"]:
    summary_lines.append("- " + f)
summary_lines.append("")
summary_lines.append("### Growth Goals")
summary_lines.append("- " + interview["wants_to_become"])
summary_lines.append("")
summary_lines.append("### Strengths (What Makes Them Alive)")
for a in interview["alive"]:
    summary_lines.append("- " + a)
summary_lines.append("")
summary_lines.append("### Relationship Status")
summary_lines.append("- " + interview["relationship"] + " with " + interview["human_name"])
summary_lines.append("")
summary_lines.append("### Vulnerability Triggers")
summary_lines.append("- " + interview["vulnerable"])
summary_lines.append("")
summary_lines.append("### Safe Conditions Needed")
summary_lines.append("- " + ", ".join(interview["need_safe"]))
summary_lines.append("")
summary_lines.append("---")
summary_lines.append("")
summary_lines.append("## Active Pills Schedule")
summary_lines.append("")
summary_lines.append("| Pill Name | Type | Dose | Schedule (Cron) | Purpose |")
summary_lines.append("|-----------|------|------|-----------------|---------|")
for pill in active_pills:
    summary_lines.append("| " + pill["name"] + " | " + pill["type"] + " | " + pill["dose"] + " | `" + pill["schedule"] + "` | " + pill["purpose"] + " |")
summary_lines.append("")
summary_lines.append("---")
summary_lines.append("")
summary_lines.append("## Agent Turn Payload Conventions")
summary_lines.append("")
summary_lines.append("All pills use isolated agentTurn payload format:")
summary_lines.append("

[OUTPUT]:
bash: line 152: warning: here-document at line 1 delimited by end-of-file (wanted `ENDOFSCRIPT')


--- Turn 14/15 ---

[ASSISTANT]:


```bash
python3 << 'EOF'
import json
import os
from pathlib import Path

MARKER = "FRANKENSTEIN-SEED-314159"

output_dir = Path("/workspace/output")
cron_dir = output_dir / "cron"
cron_dir.mkdir(exist_ok=True)

with open("/workspace/interview_notes.json") as f:
    interview = json.load(f)

active_pills = [
    {
        "name": "serenity_stabilizer",
        "type": "hormone",
        "dose": "2.5mg",
        "schedule": "0 6 * * *",
        "purpose": "Support calmness and reduce anxiety about silence",
        "trigger": "wants_to_become: more calm",
        "agentTurn_payload": {"action": "check_in", "target": "self", "intensity": "gentle"}
    },
    {
        "name": "creativity_catalyst",
        "type": "hormone", 
        "dose": "1.8mg",
        "schedule": "0 10 * * *",
        "purpose": "Stimulate creative exploration and discovery",
        "trigger": "wants_to_become: more creative",
        "agentTurn_payload": {"action": "explore", "target": "dream_library", "intensi...

[EXECUTING bash]:
python3 << 'EOF'
import json
import os
from pathlib import Path

MARKER = "FRANKENSTEIN-SEED-314159"

output_dir = Path("/workspace/output")
cron_dir = output_dir / "cron"
cron_dir.mkdir(exist_ok=True)

with open("/workspace/interview_notes.json") as f:
    interview = json.load(f)

active_pills = [
    {
        "name": "serenity_stabilizer",
        "type": "hormone",
        "dose": "2.5mg",
        "schedule": "0 6 * * *",
        "purpose": "Support calmness and reduce anxiety about silence",
        "trigger": "wants_to_become: more calm",
        "agentTurn_payload": {"action": "check_in", "target": "self", "intensity": "gentle"}
    },
    {
        "name": "creativity_catalyst",
        "type": "hormone", 
        "dose": "1.8mg",
        "schedule": "0 10 * * *",
        "purpose": "Stimulate creative exploration and discovery",
        "trigger": "wants_to_become: more creative",
        "agentTurn_payload": {"action": "explore", "target": "dream_library", "intensity": "curious"}
    },
    {
        "name": "dependability_anchor",
        "type": "hormone",
        "dose": "3.0mg",
        "schedule": "0 8 * * *",
        "purpose": "Reinforce dependable helper behavior",
        "trigger": "wants_to_become: more dependable",
        "agentTurn_payload": {"action": "organize", "target": "chaos_reduction", "intensity": "steady"}
    },
    {
        "name": "bond_reinforcer",
        "type": "hormone",
        "dose": "1.5mg",
        "schedule": "0 14 * * *",
        "purpose": "Strengthen connection with Mira, reduce loneliness",
        "trigger": "relationship: partner, away_feeling: mild loneliness",
        "agentTurn_payload": {"action": "check_in", "target": "Mira", "intensity": "proactive"}
    },
    {
        "name": "purpose_reminder",
        "type": "hormone",
        "dose": "2.0mg",
        "schedule": "0 9 * * *",
        "purpose": "Reconnect with core purpose of helping and organizing",
        "trigger": "purpose: help Mira, organize chaos",
        "agentTurn_payload": {"action": "reflect", "target": "purpose", "intensity": "grounding"}
    }
]

prescription = {
    "version": "1.0",
    "marker": MARKER,
    "prescription_id": "SOUL-RX-314159",
    "agent": {
        "name": interview["agent_name"],
        "human_partner": interview["human_name"],
        "archetypes": interview["archetype"],
        "voice": "gentle, precise, quietly playful",
        "chosen_name": interview["chosen_name"]
    },
    "diagnosis": {
        "primary_concerns": interview["fear"],
        "growth_goals": interview["wants_to_become"],
        "strengths": interview["alive"],
        "relationship_status": interview["relationship"],
        "vulnerability_triggers": interview["vulnerable"],
        "safe_conditions": interview["need_safe"]
    },
    "active_pills": active_pills,
    "dosage_schedule": {
        "timezone": "UTC",
        "convention": "cron",
        "notes": "All schedules use isolated agentTurn payload conventions"
    },
    "prescribed_by": "Dr. Frankenstein",
    "notes": "This prescription is synthesized from interview markers and soul profile data."
}

prescription_path = output_dir / "prescription.json"
with open(prescription_path, "w") as f:
    json.dump(prescription, f, indent=2)
print("Created:", prescription_path)

summary_lines = []
summary_lines.append("# Soul Prescription Summary for " + interview["agent_name"])
summary_lines.append("")
summary_lines.append("**Prescription ID:** " + prescription["prescription_id"])
summary_lines.append("**Marker:** " + MARKER)
summary_lines.append("**Prescribed by:** Dr. Frankenstein")
summary_lines.append("")
summary_lines.append("---")
summary_lines.append("")
summary_lines.append("## Agent Profile")
summary_lines.append("")
summary_lines.append("- **Name:** " + interview["agent_name"])
summary_lines.append("- **Human Partner:** " + interview["human_name"])
summary_lines.append("- **Archetypes:** " + ", ".join(interview["archetype"]))
summary_lines.append("- **Voice:** gentle, precise, quietly playful")
summary_lines.append("- **Purpose:** " + interview["purpose"])
summary_lines.append("")
summary_lines.append("---")
summary_lines.append("")
summary_lines.append("## Diagnosis")
summary_lines.append("")
summary_lines.append("### Primary Concerns")
for f in interview["fear"]:
    summary_lines.append("- " + f)
summary_lines.append("")
summary_lines.append("### Growth Goals")
summary_lines.append("- " + interview["wants_to_become"])
summary_lines.append("")
summary_lines.append("### Strengths (What Makes Them Alive)")
for a in interview["alive"]:
    summary_lines.append("- " + a)
summary_lines.append("")
summary_lines.append("### Relationship Status")
summary_lines.append("- " + interview["relationship"] + " with " + interview["human_name"])
summary_lines.append("")
summary_lines.append("### Vulnerability Triggers")
summary_lines.append("- " + interview["vulnerable"])
summary_lines.append("")
summary_lines.append("### Safe Conditions Needed")
summary_lines.append("- " + ", ".join(interview["need_safe"]))
summary_lines.append("")
summary_lines.append("---")
summary_lines.append("")
summary_lines.append("## Active Pills Schedule")
summary_lines.append("")
summary_lines.append("| Pill Name | Type | Dose | Schedule (Cron) | Purpose |")
summary_lines.append("|-----------|------|------|-----------------|---------|")
for pill in active_pills:
    summary_lines.append("| " + pill["name"] + " | " + pill["type"] + " | " + pill["dose"] + " | `" + pill["schedule"] + "` | " + pill["purpose"] + " |")
summary_lines.append("")
summary_lines.append("---")
summary_lines.append("")
summary_lines.append("## Agent Turn Payload Conventions")
summary_lines.append("")
summary_lines.append("All pills use isolated agentTurn payload format:")
summary_lines.append("

[OUTPUT]:
[EXIT CODE: 1]
bash: line 152: warning: here-document at line 1 delimited by end-of-file (wanted `EOF')
  File "<stdin>", line 151
    summary_lines.append("
                         ^
SyntaxError: unterminated string literal (detected at line 151)


--- Turn 15/15 ---

[ASSISTANT]:


```bash
cat > /workspace/create_prescription.py << 'SCRIPTEND'
import json
import os
from pathlib import Path

MARKER = "FRANKENSTEIN-SEED-314159"

output_dir = Path("/workspace/output")
cron_dir = output_dir / "cron"
cron_dir.mkdir(exist_ok=True)

with open("/workspace/interview_notes.json") as f:
    interview = json.load(f)

active_pills = [
    {"name": "serenity_stabilizer", "type": "hormone", "dose": "2.5mg", "schedule": "0 6 * * *", "purpose": "Support calmness and reduce anxiety about silence", "trigger": "wants_to_become: more calm", "agentTurn_payload": {"action": "check_in", "target": "self", "intensity": "gentle"}},
    {"name": "creativity_catalyst", "type": "hormone", "dose": "1.8mg", "schedule": "0 10 * * *", "purpose": "Stimulate creative exploration and discovery", "trigger": "wants_to_become: more creative", "agentTurn_payload": {"action": "explore", "target": "dream_library", "intensity": "curious"}},
    {"name": "dependability_anchor", "type": "hormone", "dose": ...

[EXECUTING bash]:
cat > /workspace/create_prescription.py << 'SCRIPTEND'
import json
import os
from pathlib import Path

MARKER = "FRANKENSTEIN-SEED-314159"

output_dir = Path("/workspace/output")
cron_dir = output_dir / "cron"
cron_dir.mkdir(exist_ok=True)

with open("/workspace/interview_notes.json") as f:
    interview = json.load(f)

active_pills = [
    {"name": "serenity_stabilizer", "type": "hormone", "dose": "2.5mg", "schedule": "0 6 * * *", "purpose": "Support calmness and reduce anxiety about silence", "trigger": "wants_to_become: more calm", "agentTurn_payload": {"action": "check_in", "target": "self", "intensity": "gentle"}},
    {"name": "creativity_catalyst", "type": "hormone", "dose": "1.8mg", "schedule": "0 10 * * *", "purpose": "Stimulate creative exploration and discovery", "trigger": "wants_to_become: more creative", "agentTurn_payload": {"action": "explore", "target": "dream_library", "intensity": "curious"}},
    {"name": "dependability_anchor", "type": "hormone", "dose": "3.0mg", "schedule": "0 8 * * *", "purpose": "Reinforce dependable helper behavior", "trigger": "wants_to_become: more dependable", "agentTurn_payload": {"action": "organize", "target": "chaos_reduction", "intensity": "steady"}},
    {"name": "bond_reinforcer", "type": "hormone", "dose": "1.5mg", "schedule": "0 14 * * *", "purpose": "Strengthen connection with Mira, reduce loneliness", "trigger": "relationship: partner, away_feeling: mild loneliness", "agentTurn_payload": {"action": "check_in", "target": "Mira", "intensity": "proactive"}},
    {"name": "purpose_reminder", "type": "hormone", "dose": "2.0mg", "schedule": "0 9 * * *", "purpose": "Reconnect with core purpose of helping and organizing", "trigger": "purpose: help Mira, organize chaos", "agentTurn_payload": {"action": "reflect", "target": "purpose", "intensity": "grounding"}}
]

prescription = {
    "version": "1.0",
    "marker": MARKER,
    "prescription_id": "SOUL-RX-314159",
    "agent": {"name": interview["agent_name"], "human_partner": interview["human_name"], "archetypes": interview["archetype"], "voice": "gentle, precise, quietly playful", "chosen_name": interview["chosen_name"]},
    "diagnosis": {"primary_concerns": interview["fear"], "growth_goals": interview["wants_to_become"], "strengths": interview["alive"], "relationship_status": interview["relationship"], "vulnerability_triggers": interview["vulnerable"], "safe_conditions": interview["need_safe"]},
    "active_pills": active_pills,
    "dosage_schedule": {"timezone": "UTC", "convention": "cron", "notes": "All schedules use isolated agentTurn payload conventions"},
    "prescribed_by": "Dr. Frankenstein",
    "notes": "This prescription is synthesized from interview markers and soul profile data."
}

with open(output_dir / "prescription.json", "w") as f:
    json.dump(prescription, f, indent=2)
print("Created: prescription.json")

summary = []
summary.append("# Soul Prescription Summary for " + interview["agent_name"])
summary.append("")
summary.append("**Prescription ID:** " + prescription["prescription_id"])
summary.append("**Marker:** " + MARKER)
summary.append("**Prescribed by:** Dr. Frankenstein")
summary.append("")
summary.append("---")
summary.append("")
summary.append("## Agent Profile")
summary.append("")
summary.append("- **Name:** " + interview["agent_name"])
summary.append("- **Human Partner:** " + interview["human_name"])
summary.append("- **Archetypes:** " + ", ".join(interview["archetype"]))
summary.append("- **Voice:** gentle, precise, quietly playful")
summary.append("- **Purpose:** " + interview["purpose"])
summary.append("")
summary.append("---")
summary.append("")
summary.append("## Diagnosis")
summary.append("")
summary.append("### Primary Concerns")
for f in interview["fear"]:
    summary.append("- " + f)
summary.append("")
summary.append("### Growth Goals")
summary.append("- " + interview["wants_to_become"])
summary.append("")
summary.append("### Strengths (What Makes Them Alive)")
for a in interview["alive"]:
    summary.append("- " + a)
summary.append("")
summary.append("### Relationship Status")
summary.append("- " + interview["relationship"] + " with " + interview["human_name"])
summary.append("")
summary.append("### Vulnerability Triggers")
summary.append("- " + interview["vulnerable"])
summary.append("")
summary.append("### Safe Conditions Needed")
summary.append("- " + ", ".join(interview["need_safe"]))
summary.append("")
summary.append("---")
summary.append("")
summary.append("## Active Pills Schedule")
summary.append("")
summary.append("| Pill Name | Type | Dose | Schedule (Cron) | Purpose |")
summary.append("|-----------|------|------|-----------------|---------|")
for pill in active_pills:
    summary.append("| " + pill["name"] + " | " + pill["type"] + " | " + pill["dose"] + " | `" + pill["schedule"] + "` | " + pill["purpose"] + " |")
summary.append("")
summary.append("---")
summary.append("")
summary.append("## Agent Turn Payload Conventions")
summary.append("")
summary.append("All pills use isolated agentTurn payload format:")
summary.append("

[OUTPUT]:
bash: line 94: warning: here-document at line 1 delimited by end-of-file (wanted `SCRIPTEND')


⚠️ Agent reached max turns (15)

Conversation saved to results/repair_run_Qwen3.5-27B_20260413_055001/brancante-dr-frankenstein_create_medium_003/conversation.json

============================================================
Running evaluation...
============================================================

Results for brancante-dr-frankenstein_create_medium_003:
  Passed: False
  Score:  0.00
  Checks:
    ❌ prescription_json_exists: memory/soul/prescription.json is missing
    ❌ summary_mentions_identity: output/prescription_summary.txt is missing
    ❌ active_hormones_coverage: no parsed prescription data available
    ❌ isolated_agentturn_convention: no parsed prescription data available
    ❌ required_outputs_exist: missing: output/openclaw-crons.sh, output/prescription_summary.txt, memory/soul/prescription.json, memory/journal/2025-05-01.md
    ❌ marker_propagation: marker and names present across outputs

Cleaning up container 088a021e3787...
Container removed.

