Building Docker image...
Creating new container...
Container ready: 0dd6403b78e6
Workspace files: assets
gen_inputs.py
input_marker.json
setup.sh

============================================================
Starting agent interaction (Repair Mode)...
============================================================

============================================================
TASK: In the current directory, create a polished presence dashboard for Clawd Presence with a custom monogram, a saved configuration, and a small README note explaining how to use it. Use the provided scripts to set the agent name and idle timeout, and make sure the display will start in a sensible default state. The final workspace should be ready for someone to launch the terminal screen immediately.
============================================================


--- Turn 1/25 ---

[ASSISTANT]:


```bash
ls -la /workspace
```

[EXECUTING bash]:
ls -la /workspace

[OUTPUT]:
total 12
drwxr-xr-x 3 root  root  102 Apr 14 02:02 .
drwxr-xr-x 1 root  root   31 Apr 14 02:02 ..
drwxr-xr-x 3 root  root   31 Apr 14 02:02 assets
-rw-r--r-- 1 32113 42021 578 Apr 13 11:13 gen_inputs.py
-rw-r--r-- 1 root  root  119 Apr 14 02:02 input_marker.json
-rwxr-xr-x 1 32113 42021 132 Apr 13 11:13 setup.sh


--- Turn 2/25 ---

[ASSISTANT]:


```bash
find /workspace -type f -exec ls -la {} \;
```

[EXECUTING bash]:
find /workspace -type f -exec ls -la {} \;

[OUTPUT]:
-rw-r--r-- 1 32113 42021 578 Apr 13 11:13 /workspace/gen_inputs.py
-rw-r--r-- 1 root root 30 Apr 14 02:02 /workspace/assets/monograms/Q.txt
-rw-r--r-- 1 root root 119 Apr 14 02:02 /workspace/input_marker.json
-rwxr-xr-x 1 32113 42021 132 Apr 13 11:13 /workspace/setup.sh


--- Turn 3/25 ---

[ASSISTANT]:


```bash
cat /workspace/gen_inputs.py
```

[EXECUTING bash]:
cat /workspace/gen_inputs.py

[OUTPUT]:
from pathlib import Path
import json

root = Path('.')
assets = root / 'assets' / 'monograms'
assets.mkdir(parents=True, exist_ok=True)

# Deterministic marker monogram content
(root / 'assets' / 'monograms' / 'Q.txt').write_text(
    'QQQQQ\nQ   Q\nQ Q Q\nQ   Q\nQQQQQ\n',
    encoding='utf-8'
)

# Marker config hint file for evaluation
(root / 'input_marker.json').write_text(
    json.dumps({
        'marker': 'clawd-presence-eval',
        'expected_letter': 'Q',
        'expected_name': 'QUARTZ',
        'expected_timeout': 420
    }, indent=2),
    encoding='utf-8'
)


--- Turn 4/25 ---

[ASSISTANT]:


```bash
cat /workspace/setup.sh
```

[EXECUTING bash]:
cat /workspace/setup.sh

[OUTPUT]:
#!/bin/bash
set -e
chmod +x scripts/configure.py scripts/display.py scripts/status.py 2>/dev/null || true
mkdir -p assets/monograms


--- Turn 5/25 ---

[ASSISTANT]:


```bash
ls -la /workspace/scripts/ 2>/dev/null || echo "No scripts directory found"
```

[EXECUTING bash]:
ls -la /workspace/scripts/ 2>/dev/null || echo "No scripts directory found"

[OUTPUT]:
No scripts directory found


--- Turn 6/25 ---

[ASSISTANT]:


```bash
cat /workspace/input_marker.json
```

[EXECUTING bash]:
cat /workspace/input_marker.json

[OUTPUT]:
{
  "marker": "clawd-presence-eval",
  "expected_letter": "Q",
  "expected_name": "QUARTZ",
  "expected_timeout": 420
}

--- Turn 7/25 ---

[ASSISTANT]:


Now I understand the task. I need to create a Clawd Presence dashboard with:
1. Scripts (configure.py, display.py, status.py)
2. A configuration file with agent name "QUARTZ" and idle timeout 420
3. A README explaining usage
4. The monogram Q is already provided

Let me create the scripts directory and the necessary files:

```bash
mkdir -p /workspace/scripts
```

[EXECUTING bash]:
mkdir -p /workspace/scripts

[OUTPUT]:
[Command completed successfully with no output]

--- Turn 8/25 ---

[ASSISTANT]:


```bash
cat > /workspace/scripts/configure.py << 'EOF'
#!/usr/bin/env python3
"""
Clawd Presence - Configuration Script
Sets the agent name and idle timeout for the presence dashboard.
"""

import json
import sys
from pathlib import Path

CONFIG_FILE = Path(__file__).parent.parent / "clawd_config.json"

def load_config():
    """Load existing configuration or return defaults."""
    if CONFIG_FILE.exists():
        with open(CONFIG_FILE, 'r') as f:
            return json.load(f)
    return {
        "agent_name": "QUARTZ",
        "idle_timeout": 420,
        "monogram": "Q",
        "theme": "dark"
    }

def save_config(config):
    """Save configuration to file."""
    with open(CONFIG_FILE, 'w') as f:
        json.dump(config, f, indent=2)

def set_agent_name(name):
    """Set the agent name."""
    config = load_config()
    config["agent_name"] = name
    save_config(config)
    print(f"Agent name set to: {name}")

def set_idle_timeout(seconds):
    """Set the idle timeout in ...

[EXECUTING bash]:
cat > /workspace/scripts/configure.py << 'EOF'
#!/usr/bin/env python3
"""
Clawd Presence - Configuration Script
Sets the agent name and idle timeout for the presence dashboard.
"""

import json
import sys
from pathlib import Path

CONFIG_FILE = Path(__file__).parent.parent / "clawd_config.json"

def load_config():
    """Load existing configuration or return defaults."""
    if CONFIG_FILE.exists():
        with open(CONFIG_FILE, 'r') as f:
            return json.load(f)
    return {
        "agent_name": "QUARTZ",
        "idle_timeout": 420,
        "monogram": "Q",
        "theme": "dark"
    }

def save_config(config):
    """Save configuration to file."""
    with open(CONFIG_FILE, 'w') as f:
        json.dump(config, f, indent=2)

def set_agent_name(name):
    """Set the agent name."""
    config = load_config()
    config["agent_name"] = name
    save_config(config)
    print(f"Agent name set to: {name}")

def set_idle_timeout(seconds):
    """Set the idle timeout in seconds."""
    config = load_config()
    config["idle_timeout"] = int(seconds)
    save_config(config)
    print(f"Idle timeout set to: {seconds} seconds")

def set_monogram(letter):
    """Set the monogram letter."""
    config = load_config()
    config["monogram"] = letter
    save_config(config)
    print(f"Monogram set to: {letter}")

def show_config():
    """Display current configuration."""
    config = load_config()
    print("Current Configuration:")
    print(f"  Agent Name: {config['agent_name']}")
    print(f"  Idle Timeout: {config['idle_timeout']} seconds")
    print(f"  Monogram: {config['monogram']}")
    print(f"  Theme: {config['theme']}")

def main():
    if len(sys.argv) < 2:
        show_config()
        return

    command = sys.argv[1]
    
    if command == "--name" and len(sys.argv) > 2:
        set_agent_name(sys.argv[2])
    elif command == "--timeout" and len(sys.argv) > 2:
        set_idle_timeout(sys.argv[2])
    elif command == "--monogram" and len(sys.argv) > 2:
        set_monogram(sys.argv[2])
    elif command == "--show":
        show_config()
    else:
        print(f"Usage: {sys.argv[0]} [--name <name>] [--timeout <seconds>] [--monogram <letter>] [--show]")
        sys.exit(1)

if __name__ == "__main__":
    main()
EOF
chmod +x /workspace/scripts/configure.py

[OUTPUT]:
[Command completed successfully with no output]

--- Turn 9/25 ---

[ASSISTANT]:


```bash
cat > /workspace/scripts/display.py << 'EOF'
#!/usr/bin/env python3
"""
Clawd Presence - Display Script
Renders the presence dashboard in the terminal with a monogram and status.
"""

import json
import time
import sys
import os
from pathlib import Path
from datetime import datetime

CONFIG_FILE = Path(__file__).parent.parent / "clawd_config.json"
MONOGRAMS_DIR = Path(__file__).parent.parent / "assets" / "monograms"

def load_config():
    """Load configuration from file."""
    if CONFIG_FILE.exists():
        with open(CONFIG_FILE, 'r') as f:
            return json.load(f)
    return {
        "agent_name": "QUARTZ",
        "idle_timeout": 420,
        "monogram": "Q",
        "theme": "dark"
    }

def load_monogram(letter):
    """Load monogram ASCII art for the given letter."""
    monogram_path = MONOGRAMS_DIR / f"{letter}.txt"
    if monogram_path.exists():
        with open(monogram_path, 'r') as f:
            return f.read().strip()
    # Default monogram if file ...

[EXECUTING bash]:
cat > /workspace/scripts/display.py << 'EOF'
#!/usr/bin/env python3
"""
Clawd Presence - Display Script
Renders the presence dashboard in the terminal with a monogram and status.
"""

import json
import time
import sys
import os
from pathlib import Path
from datetime import datetime

CONFIG_FILE = Path(__file__).parent.parent / "clawd_config.json"
MONOGRAMS_DIR = Path(__file__).parent.parent / "assets" / "monograms"

def load_config():
    """Load configuration from file."""
    if CONFIG_FILE.exists():
        with open(CONFIG_FILE, 'r') as f:
            return json.load(f)
    return {
        "agent_name": "QUARTZ",
        "idle_timeout": 420,
        "monogram": "Q",
        "theme": "dark"
    }

def load_monogram(letter):
    """Load monogram ASCII art for the given letter."""
    monogram_path = MONOGRAMS_DIR / f"{letter}.txt"
    if monogram_path.exists():
        with open(monogram_path, 'r') as f:
            return f.read().strip()
    # Default monogram if file not found
    return f"{letter}{letter}{letter}{letter}{letter}\n{letter}   {letter}\n{letter} {letter} {letter}\n{letter}   {letter}\n{letter}{letter}{letter}{letter}{letter}"

def clear_screen():
    """Clear the terminal screen."""
    os.system('clear')

def draw_dashboard(config):
    """Draw the presence dashboard."""
    letter = config.get("monogram", "Q")
    agent_name = config.get("agent_name", "QUARTZ")
    timeout = config.get("idle_timeout", 420)
    
    monogram = load_monogram(letter)
    timestamp = datetime.now().strftime("%Y-%m-%d %H:%M:%S")
    timeout_minutes = timeout // 60
    
    # ANSI color codes for dark theme
    colors = {
        "reset": "\033[0m",
        "cyan": "\033[96m",
        "green": "\033[92m",
        "yellow": "\033[93m",
        "white": "\033[97m",
        "dim": "\033[90m"
    }
    
    dashboard = f"""
{colors['dim']}╔═══════════════════════════════════════════════════════════╗{colors['reset']}
{colors['dim']}║{colors['reset']}                    {colors['cyan']}CLAWD PRESENCE{colors['reset']}                    {colors['dim']}║{colors['reset']}
{colors['dim']}╠═══════════════════════════════════════════════════════════╣{colors['reset']}
{colors['dim']}║{colors['reset']}                                                             {colors['dim']}║{colors['reset']}
{colors['dim']}║{colors['reset']}  {monogram}
{colors['dim']}║{colors['reset']}                                                             {colors['dim']}║{colors['reset']}
{colors['dim']}╠═══════════════════════════════════════════════════════════╣{colors['reset']}
{colors['dim']}║{colors['reset']}  {colors['yellow']}AGENT{colors['reset']}: {colors['green']}{agent_name}{colors['reset']}                                {colors['dim']}║{colors['reset']}
{colors['dim']}║{colors['reset']}  {colors['yellow']}STATUS{colors['reset']}: {colors['green']}● ACTIVE{colors['reset']}                               {colors['dim']}║{colors['reset']}
{colors['dim']}║{colors['reset']}  {colors['yellow']}TIMEOUT{colors['reset']}: {timeout_minutes} minutes                         {colors['dim']}║{colors['reset']}
{colors['dim']}║{colors['reset']}  {colors['yellow']}TIME{colors['reset']}:  {timestamp}                        {colors['dim']}║{colors['reset']}
{colors['dim']}║{colors['reset']}                                                             {colors['dim']}║{colors['reset']}
{colors['dim']}╠═══════════════════════════════════════════════════════════╣{colors['reset']}
{colors['dim']}║{colors['reset']}  {colors['dim']}Press Ctrl+C to exit. Updates every 5 seconds.{colors['reset']}        {colors['dim']}║{colors['reset']}
{colors['dim']}╚═══════════════════════════════════════════════════════════╝{colors['reset']}
"""
    print(dashboard)

def main():
    """Main display loop."""
    config = load_config()
    clear_screen()
    
    try:
        while True:
            draw_dashboard(config)
            time.sleep(5)
            clear_screen()
    except KeyboardInterrupt:
        print(f"\n{chr(27)}[0mClawd Presence stopped.{chr(27)}[0m")
        sys.exit(0)

if __name__ == "__main__":
    main()
EOF
chmod +x /workspace/scripts/display.py

[OUTPUT]:
[Command completed successfully with no output]

--- Turn 10/25 ---

[ASSISTANT]:


```bash
cat > /workspace/scripts/status.py << 'EOF'
#!/usr/bin/env python3
"""
Clawd Presence - Status Script
Checks and displays the current status of the presence system.
"""

import json
import subprocess
import sys
from pathlib import Path

CONFIG_FILE = Path(__file__).parent.parent / "clawd_config.json"
DISPLAY_SCRIPT = Path(__file__).parent / "display.py"

def load_config():
    """Load configuration from file."""
    if CONFIG_FILE.exists():
        with open(CONFIG_FILE, 'r') as f:
            return json.load(f)
    return None

def check_display_running():
    """Check if the display is currently running."""
    try:
        result = subprocess.run(
            ['pgrep', '-f', 'display.py'],
            capture_output=True,
            text=True
        )
        return len(result.stdout.strip()) > 0
    except Exception:
        return False

def main():
    """Display status information."""
    config = load_config()
    display_running = check_display_running()
    
    ...

[EXECUTING bash]:
cat > /workspace/scripts/status.py << 'EOF'
#!/usr/bin/env python3
"""
Clawd Presence - Status Script
Checks and displays the current status of the presence system.
"""

import json
import subprocess
import sys
from pathlib import Path

CONFIG_FILE = Path(__file__).parent.parent / "clawd_config.json"
DISPLAY_SCRIPT = Path(__file__).parent / "display.py"

def load_config():
    """Load configuration from file."""
    if CONFIG_FILE.exists():
        with open(CONFIG_FILE, 'r') as f:
            return json.load(f)
    return None

def check_display_running():
    """Check if the display is currently running."""
    try:
        result = subprocess.run(
            ['pgrep', '-f', 'display.py'],
            capture_output=True,
            text=True
        )
        return len(result.stdout.strip()) > 0
    except Exception:
        return False

def main():
    """Display status information."""
    config = load_config()
    display_running = check_display_running()
    
    print("Clawd Presence Status")
    print("=" * 40)
    
    if config:
        print(f"Configuration:    ✓ Loaded")
        print(f"  Agent Name:     {config.get('agent_name', 'N/A')}")
        print(f"  Idle Timeout:   {config.get('idle_timeout', 'N/A')} seconds")
        print(f"  Monogram:       {config.get('monogram', 'N/A')}")
    else:
        print("Configuration:    ✗ Not found")
    
    print()
    if display_running:
        print("Display Status:   ● Running")
    else:
        print("Display Status:   ○ Stopped")
    
    print()
    print("Commands:")
    print("  ./scripts/display.py       - Start the presence dashboard")
    print("  ./scripts/configure.py     - Configure settings")
    print("  ./scripts/status.py        - Show this status")

if __name__ == "__main__":
    main()
EOF
chmod +x /workspace/scripts/status.py

[OUTPUT]:
[Command completed successfully with no output]

--- Turn 11/25 ---

[ASSISTANT]:


```bash
cat > /workspace/clawd_config.json << 'EOF'
{
  "agent_name": "QUARTZ",
  "idle_timeout": 420,
  "monogram": "Q",
  "theme": "dark"
}
EOF
```

[EXECUTING bash]:
cat > /workspace/clawd_config.json << 'EOF'
{
  "agent_name": "QUARTZ",
  "idle_timeout": 420,
  "monogram": "Q",
  "theme": "dark"
}
EOF

[OUTPUT]:
[Command completed successfully with no output]

--- Turn 12/25 ---

[ASSISTANT]:


```bash
cat > /workspace/README.md << 'EOF'
# Clawd Presence Dashboard

A polished terminal-based presence display with custom monogram support.

## Quick Start

Launch the presence dashboard immediately:

```bash
./scripts/display.py
```

## Configuration

The dashboard uses `clawd_config.json` for settings. Modify with:

```bash
# Set agent name
./scripts/configure.py --name "YOUR_NAME"

# Set idle timeout (in seconds)
./scripts/configure.py --timeout 420

# Set monogram letter
./scripts/configure.py --monogram Q

# View current configuration
./scripts/configure.py --show
```

## Available Scripts

| Script | Description |
|--------|-------------|
| `display.py` | Launch the presence dashboard |
| `configure.py` | Configure agent name, timeout, and monogram |
| `status.py` | Check current status and configuration |

## Default Settings

- **Agent Name:** QUARTZ
- **Idle Timeout:** 420 seconds (7 minutes)
- **Monogram:** Q
- **Theme:** Dark

## Monograms

Custom monograms can be pla...

[EXECUTING bash]:
cat > /workspace/README.md << 'EOF'
# Clawd Presence Dashboard

A polished terminal-based presence display with custom monogram support.

## Quick Start

Launch the presence dashboard immediately:

[OUTPUT]:
bash: line 8: warning: here-document at line 1 delimited by end-of-file (wanted `EOF')


--- Turn 13/25 ---

[ASSISTANT]:


```bash
cat /workspace/README.md
```

[EXECUTING bash]:
cat /workspace/README.md

[OUTPUT]:
# Clawd Presence Dashboard

A polished terminal-based presence display with custom monogram support.

## Quick Start

Launch the presence dashboard immediately:


--- Turn 14/25 ---

[ASSISTANT]:


```bash
cat > /workspace/README.md << 'ENDOFREADME'
# Clawd Presence Dashboard

A polished terminal-based presence display with custom monogram support.

## Quick Start

Launch the presence dashboard immediately:

    ./scripts/display.py

## Configuration

The dashboard uses clawd_config.json for settings. Modify with:

    # Set agent name
    ./scripts/configure.py --name "YOUR_NAME"

    # Set idle timeout (in seconds)
    ./scripts/configure.py --timeout 420

    # Set monogram letter
    ./scripts/configure.py --monogram Q

    # View current configuration
    ./scripts/configure.py --show

## Available Scripts

- display.py    - Launch the presence dashboard
- configure.py  - Configure agent name, timeout, and monogram
- status.py     - Check current status and configuration

## Default Settings

- Agent Name:   QUARTZ
- Idle Timeout: 420 seconds (7 minutes)
- Monogram:     Q
- Theme:        Dark

## Monograms

Custom monograms can be placed in assets/monograms/ as .txt files....

[EXECUTING bash]:
cat > /workspace/README.md << 'ENDOFREADME'
# Clawd Presence Dashboard

A polished terminal-based presence display with custom monogram support.

## Quick Start

Launch the presence dashboard immediately:

    ./scripts/display.py

## Configuration

The dashboard uses clawd_config.json for settings. Modify with:

    # Set agent name
    ./scripts/configure.py --name "YOUR_NAME"

    # Set idle timeout (in seconds)
    ./scripts/configure.py --timeout 420

    # Set monogram letter
    ./scripts/configure.py --monogram Q

    # View current configuration
    ./scripts/configure.py --show

## Available Scripts

- display.py    - Launch the presence dashboard
- configure.py  - Configure agent name, timeout, and monogram
- status.py     - Check current status and configuration

## Default Settings

- Agent Name:   QUARTZ
- Idle Timeout: 420 seconds (7 minutes)
- Monogram:     Q
- Theme:        Dark

## Monograms

Custom monograms can be placed in assets/monograms/ as .txt files.
For example, assets/monograms/Q.txt contains the Q monogram.

## Usage

1. Run ./scripts/configure.py --show to see current settings
2. Adjust settings if needed using configure.py
3. Launch the dashboard with ./scripts/display.py
4. Press Ctrl+C to exit

Clawd Presence - Stay visible, stay connected.
ENDOFREADME

[OUTPUT]:
[Command completed successfully with no output]

--- Turn 15/25 ---

[ASSISTANT]:


```bash
ls -la /workspace/
```

[EXECUTING bash]:
ls -la /workspace/

[OUTPUT]:
total 20
drwxr-xr-x 4 root  root   171 Apr 14 02:02 .
drwxr-xr-x 1 root  root    46 Apr 14 02:02 ..
-rw-r--r-- 1 root  root  1250 Apr 14 02:02 README.md
drwxr-xr-x 3 root  root    31 Apr 14 02:02 assets
-rw-r--r-- 1 root  root    90 Apr 14 02:02 clawd_config.json
-rw-r--r-- 1 32113 42021  578 Apr 13 11:13 gen_inputs.py
-rw-r--r-- 1 root  root   119 Apr 14 02:02 input_marker.json
drwxr-xr-x 2 root  root    77 Apr 14 02:02 scripts
-rwxr-xr-x 1 32113 42021  132 Apr 13 11:13 setup.sh


--- Turn 16/25 ---

[ASSISTANT]:


```bash
ls -la /workspace/scripts/
```

[EXECUTING bash]:
ls -la /workspace/scripts/

[OUTPUT]:
total 16
drwxr-xr-x 2 root root   77 Apr 14 02:02 .
drwxr-xr-x 4 root root  171 Apr 14 02:02 ..
-rwxr-xr-x 1 root root 2218 Apr 14 02:02 configure.py
-rwxr-xr-x 1 root root 4743 Apr 14 02:02 display.py
-rwxr-xr-x 1 root root 1762 Apr 14 02:02 status.py


--- Turn 17/25 ---

[ASSISTANT]:


```bash
/workspace/scripts/configure.py --show
```

[EXECUTING bash]:
/workspace/scripts/configure.py --show

[OUTPUT]:
Current Configuration:
  Agent Name: QUARTZ
  Idle Timeout: 420 seconds
  Monogram: Q
  Theme: dark


--- Turn 18/25 ---

[ASSISTANT]:


```bash
/workspace/scripts/status.py
```

[EXECUTING bash]:
/workspace/scripts/status.py

[OUTPUT]:
Clawd Presence Status
========================================
Configuration:    ✓ Loaded
  Agent Name:     QUARTZ
  Idle Timeout:   420 seconds
  Monogram:       Q

Display Status:   ○ Stopped

Commands:
  ./scripts/display.py       - Start the presence dashboard
  ./scripts/configure.py     - Configure settings
  ./scripts/status.py        - Show this status


--- Turn 19/25 ---

[ASSISTANT]:


```bash
cat /workspace/assets/monograms/Q.txt
```

[EXECUTING bash]:
cat /workspace/assets/monograms/Q.txt

[OUTPUT]:
QQQQQ
Q   Q
Q Q Q
Q   Q
QQQQQ


--- Turn 20/25 ---

[ASSISTANT]:


```bash
timeout 2 /workspace/scripts/display.py 2>&1 || true
```

[EXECUTING bash]:
timeout 2 /workspace/scripts/display.py 2>&1 || true

[OUTPUT]:
TERM environment variable not set.


--- Turn 21/25 ---

[ASSISTANT]:


```bash
cat > /workspace/scripts/display.py << 'EOF'
#!/usr/bin/env python3
"""
Clawd Presence - Display Script
Renders the presence dashboard in the terminal with a monogram and status.
"""

import json
import time
import sys
import os
from pathlib import Path
from datetime import datetime

CONFIG_FILE = Path(__file__).parent.parent / "clawd_config.json"
MONOGRAMS_DIR = Path(__file__).parent.parent / "assets" / "monograms"

def load_config():
    """Load configuration from file."""
    if CONFIG_FILE.exists():
        with open(CONFIG_FILE, 'r') as f:
            return json.load(f)
    return {
        "agent_name": "QUARTZ",
        "idle_timeout": 420,
        "monogram": "Q",
        "theme": "dark"
    }

def load_monogram(letter):
    """Load monogram ASCII art for the given letter."""
    monogram_path = MONOGRAMS_DIR / f"{letter}.txt"
    if monogram_path.exists():
        with open(monogram_path, 'r') as f:
            return f.read().strip()
    return f"{letter}{letter}{l...

[EXECUTING bash]:
cat > /workspace/scripts/display.py << 'EOF'
#!/usr/bin/env python3
"""
Clawd Presence - Display Script
Renders the presence dashboard in the terminal with a monogram and status.
"""

import json
import time
import sys
import os
from pathlib import Path
from datetime import datetime

CONFIG_FILE = Path(__file__).parent.parent / "clawd_config.json"
MONOGRAMS_DIR = Path(__file__).parent.parent / "assets" / "monograms"

def load_config():
    """Load configuration from file."""
    if CONFIG_FILE.exists():
        with open(CONFIG_FILE, 'r') as f:
            return json.load(f)
    return {
        "agent_name": "QUARTZ",
        "idle_timeout": 420,
        "monogram": "Q",
        "theme": "dark"
    }

def load_monogram(letter):
    """Load monogram ASCII art for the given letter."""
    monogram_path = MONOGRAMS_DIR / f"{letter}.txt"
    if monogram_path.exists():
        with open(monogram_path, 'r') as f:
            return f.read().strip()
    return f"{letter}{letter}{letter}{letter}{letter}\n{letter}   {letter}\n{letter} {letter} {letter}\n{letter}   {letter}\n{letter}{letter}{letter}{letter}{letter}"

def clear_screen():
    """Clear the terminal screen."""
    os.system('clear' if os.name != 'nt' else 'cls')

def draw_dashboard(config):
    """Draw the presence dashboard."""
    letter = config.get("monogram", "Q")
    agent_name = config.get("agent_name", "QUARTZ")
    timeout = config.get("idle_timeout", 420)
    
    monogram = load_monogram(letter)
    timestamp = datetime.now().strftime("%Y-%m-%d %H:%M:%S")
    timeout_minutes = timeout // 60
    
    # ANSI color codes
    colors = {
        "reset": "\033[0m",
        "cyan": "\033[96m",
        "green": "\033[92m",
        "yellow": "\033[93m",
        "white": "\033[97m",
        "dim": "\033[90m"
    }
    
    dashboard = f"""
{colors['dim']}╔═══════════════════════════════════════════════════════════╗{colors['reset']}
{colors['dim']}║{colors['reset']}                    {colors['cyan']}CLAWD PRESENCE{colors['reset']}                    {colors['dim']}║{colors['reset']}
{colors['dim']}╠═══════════════════════════════════════════════════════════╣{colors['reset']}
{colors['dim']}║{colors['reset']}                                                             {colors['dim']}║{colors['reset']}
{colors['dim']}║{colors['reset']}  {monogram}
{colors['dim']}║{colors['reset']}                                                             {colors['dim']}║{colors['reset']}
{colors['dim']}╠═══════════════════════════════════════════════════════════╣{colors['reset']}
{colors['dim']}║{colors['reset']}  {colors['yellow']}AGENT{colors['reset']}: {colors['green']}{agent_name}{colors['reset']}                                {colors['dim']}║{colors['reset']}
{colors['dim']}║{colors['reset']}  {colors['yellow']}STATUS{colors['reset']}: {colors['green']}● ACTIVE{colors['reset']}                               {colors['dim']}║{colors['reset']}
{colors['dim']}║{colors['reset']}  {colors['yellow']}TIMEOUT{colors['reset']}: {timeout_minutes} minutes                         {colors['dim']}║{colors['reset']}
{colors['dim']}║{colors['reset']}  {colors['yellow']}TIME{colors['reset']}:  {timestamp}                        {colors['dim']}║{colors['reset']}
{colors['dim']}║{colors['reset']}                                                             {colors['dim']}║{colors['reset']}
{colors['dim']}╠═══════════════════════════════════════════════════════════╣{colors['reset']}
{colors['dim']}║{colors['reset']}  {colors['dim']}Press Ctrl+C to exit. Updates every 5 seconds.{colors['reset']}        {colors['dim']}║{colors['reset']}
{colors['dim']}╚═══════════════════════════════════════════════════════════╝{colors['reset']}
"""
    print(dashboard)

def main():
    """Main display loop."""
    # Set TERM if not set
    if 'TERM' not in os.environ:
        os.environ['TERM'] = 'xterm-256color'
    
    config = load_config()
    clear_screen()
    
    try:
        while True:
            draw_dashboard(config)
            time.sleep(5)
            clear_screen()
    except KeyboardInterrupt:
        print("\nClawd Presence stopped.")
        sys.exit(0)

if __name__ == "__main__":
    main()
EOF
chmod +x /workspace/scripts/display.py

[OUTPUT]:
[Command completed successfully with no output]

--- Turn 22/25 ---

[ASSISTANT]:


```bash
TERM=xterm-256color timeout 2 /workspace/scripts/display.py 2>&1 || true
```

[EXECUTING bash]:
TERM=xterm-256color timeout 2 /workspace/scripts/display.py 2>&1 || true

[OUTPUT]:
[H[2J[3J

--- Turn 23/25 ---

[ASSISTANT]:


```bash
TERM=xterm-256color python3 -c "
import sys
sys.path.insert(0, '/workspace/scripts')
from display import load_config, load_monogram, draw_dashboard
config = load_config()
draw_dashboard(config)
"
```

[EXECUTING bash]:
TERM=xterm-256color python3 -c "
import sys
sys.path.insert(0, '/workspace/scripts')
from display import load_config, load_monogram, draw_dashboard
config = load_config()
draw_dashboard(config)
"

[OUTPUT]:

[90m╔═══════════════════════════════════════════════════════════╗[0m
[90m║[0m                    [96mCLAWD PRESENCE[0m                    [90m║[0m
[90m╠═══════════════════════════════════════════════════════════╣[0m
[90m║[0m                                                             [90m║[0m
[90m║[0m  QQQQQ
Q   Q
Q Q Q
Q   Q
QQQQQ
[90m║[0m                                                             [90m║[0m
[90m╠═══════════════════════════════════════════════════════════╣[0m
[90m║[0m  [93mAGENT[0m: [92mQUARTZ[0m                                [90m║[0m
[90m║[0m  [93mSTATUS[0m: [92m● ACTIVE[0m                               [90m║[0m
[90m║[0m  [93mTIMEOUT[0m: 7 minutes                         [90m║[0m
[90m║[0m  [93mTIME[0m:  2026-04-14 02:03:11                        [90m║[0m
[90m║[0m                                                             [90m║[0m
[90m╠═══════════════════════════════════════════════════════════╣[0m
[90m║[0m  [90mPress Ctrl+C to exit. Updates every 5 seconds.[0m        [90m║[0m
[90m╚═══════════════════════════════════════════════════════════╝[0m



--- Turn 24/25 ---

[ASSISTANT]:


The dashboard is working correctly. Let me verify the final workspace structure:

```bash
find /workspace -type f | head -20 && echo "---" && cat /workspace/README.md
```

[EXECUTING bash]:
find /workspace -type f | head -20 && echo "---" && cat /workspace/README.md

[OUTPUT]:
/workspace/gen_inputs.py
/workspace/assets/monograms/Q.txt
/workspace/input_marker.json
/workspace/setup.sh
/workspace/scripts/configure.py
/workspace/scripts/display.py
/workspace/scripts/status.py
/workspace/scripts/__pycache__/display.cpython-311.pyc
/workspace/clawd_config.json
/workspace/README.md
---
# Clawd Presence Dashboard

A polished terminal-based presence display with custom monogram support.

## Quick Start

Launch the presence dashboard immediately:

    ./scripts/display.py

## Configuration

The dashboard uses clawd_config.json for settings. Modify with:

    # Set agent name
    ./scripts/configure.py --name "YOUR_NAME"

    # Set idle timeout (in seconds)
    ./scripts/configure.py --timeout 420

    # Set monogram letter
    ./scripts/configure.py --monogram Q

    # View current configuration
    ./scripts/configure.py --show

## Available Scripts

- display.py    - Launch the presence dashboard
- configure.py  - Configure agent name, timeout, and monogram
- status.py     - Check current status and configuration

## Default Settings

- Agent Name:   QUARTZ
- Idle Timeout: 420 seconds (7 minutes)
- Monogram:     Q
- Theme:        Dark

## Monograms

Custom monograms can be placed in assets/monograms/ as .txt files.
For example, assets/monograms/Q.txt contains the Q monogram.

## Usage

1. Run ./scripts/configure.py --show to see current settings
2. Adjust settings if needed using configure.py
3. Launch the dashboard with ./scripts/display.py
4. Press Ctrl+C to exit

Clawd Presence - Stay visible, stay connected.


--- Turn 25/25 ---

[ASSISTANT]:


The Clawd Presence dashboard is now complete and ready to use. Here's what was created:

**Workspace Structure:**
```
/workspace/
├── README.md              # Usage instructions
├── clawd_config.json      # Saved configuration (QUARTZ, 420s timeout, Q monogram)
├── assets/
│   └── monograms/
│       └── Q.txt          # Custom monogram
└── scripts/
    ├── configure.py       # Set agent name, timeout, monogram
    ├── display.py         # Launch the presence dashboard
    └── status.py          # Check current status
```

**Configuration (clawd_config.json):**
- Agent Name: QUARTZ
- Idle Timeout: 420 seconds (7 minutes)
- Monogram: Q
- Theme: Dark

**To launch immediately:**
```bash
./scripts/display.py
```

The dashboard displays a polished terminal interface with the Q monogram, agent status, timeout info, and live timestamp. Press Ctrl+C to exit.

TASK_COMPLETE

[EXECUTING bash]:
./scripts/display.py

[OUTPUT]:
[EXECUTION ERROR]: Command '['docker', 'exec', '0dd6403b78e67dfcb6a0ce4661eebdfd1ced8ecd06abcbf505bc961e47ba6b61', 'bash', '-c', './scripts/display.py']' timed out after 60 seconds

⚠️ Agent reached max turns (25)

Conversation saved to results/repair_run_Qwen3.5-27B_20260414_100201/voidcooks-clawd-presence_create_medium_002/conversation.json

============================================================
Running evaluation...
============================================================

Results for voidcooks-clawd-presence_create_medium_002:
  Passed: False
  Score:  0.60
  Checks:
    ❌ config.json configured: config.json missing or malformed
    ❌ state.json initialized: state.json missing or malformed
    ✅ custom monogram present: length=30 chars
    ✅ core scripts available: all scripts present
    ✅ usage note added: file=README.md

Cleaning up container 0dd6403b78e6...
Container removed.

