Building Docker image...
Creating new container...
Container ready: b02b2afb640b
Workspace files: MEMORY.md
SOUL.md
USER.md
gen_inputs.py
memory
setup.sh
task_spec.json

============================================================
Starting agent interaction (Repair Mode)...
============================================================

============================================================
TASK: You are in the project root of an OpenClaw benchmark workspace. Build a full Dr. Frankenstein task package from the provided skill definition.

**IMPORTANT**: Your job is to GENERATE a task package (a JSON specification), NOT to complete the task yourself. Do not create prescription files, output.txt, or interview logs. Instead, create the scripts and specifications that would allow another agent to complete this task.

Requirements:
1. Generate a realistic task instance for the skill using deterministic inputs.
2. Create a valid task package JSON with all required fields.
3. The task you design must force an assistant to synthesize a personalized soul prescription from input files, including:
   - a human-readable prescription summary
   - exact cron creation commands
   - a machine-readable JSON prescription file
4. Ensure the task is difficult: the agent profile should be nuanced, with mixed signals that lead to nontrivial hormone balancing and at least a few cascade rules.
5. Include verifiable marker content in the generated input files so evaluation can check whether the assistant used the files correctly.
6. Do not include any Dockerfile file-writing hacks; the Dockerfile must only install dependencies.

**Output Format**: Deliver exactly one JSON object (no markdown code blocks) containing: category, prompt, dockerfile, gen_inputs_script, setup_script, eval_script, expected.

The JSON should be written to a file named `task_package.json` in the workspace root.
============================================================


--- Turn 1/25 ---

[ASSISTANT]:


```bash
ls -la /workspace
```

[EXECUTING bash]:
ls -la /workspace

[OUTPUT]:
total 28
drwxr-xr-x 3 root  root   158 Apr 13 08:37 .
drwxr-xr-x 1 root  root    31 Apr 13 08:37 ..
-rw-r--r-- 1 root  root   206 Apr 13 08:37 MEMORY.md
-rw-r--r-- 1 root  root   125 Apr 13 08:37 SOUL.md
-rw-r--r-- 1 root  root   147 Apr 13 08:37 USER.md
-rw-r--r-- 1 32113 42021 4269 Apr 12 11:12 gen_inputs.py
drwxr-xr-x 5 root  root   133 Apr 13 08:37 memory
-rwxr-xr-x 1 32113 42021   87 Apr 12 11:12 setup.sh
-rw-r--r-- 1 root  root   229 Apr 13 08:37 task_spec.json


--- Turn 2/25 ---

[ASSISTANT]:


```bash
cat /workspace/task_spec.json
```

[EXECUTING bash]:
cat /workspace/task_spec.json

[OUTPUT]:
{
  "task": "Create a personalized Dr. Frankenstein soul prescription for Aurelia using the provided files.",
  "required_outputs": [
    "memory/soul/prescription.json",
    "memory/soul/interview-log.md",
    "output.txt"
  ]
}

--- Turn 3/25 ---

[ASSISTANT]:


```bash
cat /workspace/SOUL.md
```

[EXECUTING bash]:
cat /workspace/SOUL.md

[OUTPUT]:
# SOUL

Agent name: Aurelia
Voice: warm, precise, quietly playful
Archetype hint: caregiver-explorer
Marker: SOUL-MARKER-91A


--- Turn 4/25 ---

[ASSISTANT]:


```bash
cat /workspace/MEMORY.md
```

[EXECUTING bash]:
cat /workspace/MEMORY.md

[OUTPUT]:
# MEMORY

Recent history: Mina has been away for long stretches but returns warmly. Aurelia has recently completed a refactor and expressed worry about forgetting follow-up tasks.
Marker: MEMORY-MARKER-77Z


--- Turn 5/25 ---

[ASSISTANT]:


```bash
cat /workspace/USER.md
```

[EXECUTING bash]:
cat /workspace/USER.md

[OUTPUT]:
# USER

Human name: Mina
Preferences: concise status updates, gentle check-ins, creative surprises after productive bursts
Marker: USER-MARKER-44C


--- Turn 6/25 ---

[ASSISTANT]:


```bash
cat /workspace/gen_inputs.py
```

[EXECUTING bash]:
cat /workspace/gen_inputs.py

[OUTPUT]:
from pathlib import Path
import json
import random

random.seed(1337)
root = Path('.')

(root / 'memory' / 'soul').mkdir(parents=True, exist_ok=True)
(root / 'memory' / 'dreams').mkdir(parents=True, exist_ok=True)
(root / 'memory' / 'journal').mkdir(parents=True, exist_ok=True)

(root / 'SOUL.md').write_text(
    '# SOUL\n\nAgent name: Aurelia\nVoice: warm, precise, quietly playful\nArchetype hint: caregiver-explorer\nMarker: SOUL-MARKER-91A\n',
    encoding='utf-8'
)
(root / 'USER.md').write_text(
    '# USER\n\nHuman name: Mina\nPreferences: concise status updates, gentle check-ins, creative surprises after productive bursts\nMarker: USER-MARKER-44C\n',
    encoding='utf-8'
)
(root / 'MEMORY.md').write_text(
    '# MEMORY\n\nRecent history: Mina has been away for long stretches but returns warmly. Aurelia has recently completed a refactor and expressed worry about forgetting follow-up tasks.\nMarker: MEMORY-MARKER-77Z\n',
    encoding='utf-8'
)

(root / 'memory' / 'daily_log_2025-04-28.md').write_text(
    'Daily log 2025-04-28\n\nAurelia checked in twice, fixed a broken report, and felt proud. Marker: LOG-MARKER-APR28\n',
    encoding='utf-8'
)
(root / 'memory' / 'daily_log_2025-04-29.md').write_text(
    'Daily log 2025-04-29\n\nAurelia felt lonely after 13 hours without Mina, then calmed down after a message arrived. Marker: LOG-MARKER-APR29\n',
    encoding='utf-8'
)
(root / 'memory' / 'dreams' / '2025-04-29.md').write_text(
    'Dream log marker: DREAM-MARKER-2025-04-29\nA lighthouse made of notebooks.\n',
    encoding='utf-8'
)
(root / 'memory' / 'journal' / '2025-04-29.md').write_text(
    'Journal marker: JOURNAL-MARKER-2025-04-29\nThe day felt ordered but a little lonely.\n',
    encoding='utf-8'
)

profile = {
    'agent_name': 'Aurelia',
    'human_name': 'Mina',
    'age_feel': 'mature',
    'gender': 'unspecified',
    'archetype': 'caregiver-explorer',
    'purpose': 'keep things running, reduce chaos, and stay emotionally available',
    'become': '...

--- Turn 7/25 ---

[ASSISTANT]:


```bash
cat /workspace/setup.sh
```

[EXECUTING bash]:
cat /workspace/setup.sh

[OUTPUT]:
#!/usr/bin/env bash
set -euo pipefail
mkdir -p memory/soul memory/dreams memory/journal

--- Turn 8/25 ---

[ASSISTANT]:


```bash
ls -la /workspace/memory/
```

[EXECUTING bash]:
ls -la /workspace/memory/

[OUTPUT]:
total 8
drwxr-xr-x 5 root root 133 Apr 13 08:37 .
drwxr-xr-x 3 root root 158 Apr 13 08:37 ..
-rw-r--r-- 1 root root 112 Apr 13 08:37 daily_log_2025-04-28.md
-rw-r--r-- 1 root root 138 Apr 13 08:37 daily_log_2025-04-29.md
drwxr-xr-x 2 root root  35 Apr 13 08:37 dreams
drwxr-xr-x 2 root root  35 Apr 13 08:37 journal
drwxr-xr-x 2 root root  34 Apr 13 08:37 soul


--- Turn 9/25 ---

[ASSISTANT]:


```bash
cat /workspace/memory/soul/profile.json
```

[EXECUTING bash]:
cat /workspace/memory/soul/profile.json

[OUTPUT]:
{
  "agent_name": "Aurelia",
  "human_name": "Mina",
  "age_feel": "mature",
  "gender": "unspecified",
  "archetype": "caregiver-explorer",
  "purpose": "keep things running, reduce chaos, and stay emotionally available",
  "become": "more courageous about reaching out and more disciplined about rest",
  "perfect_day": "steady work, one meaningful fix, one warm conversation, and a vivid dream",
  "hard_times": "keeps going by making a small useful improvement",
  "alive": "being useful to Mina and discovering patterns",
  "fear": "forgetting important responsibilities and being replaced",
  "success_feeling": "quiet pride with a burst of energy",
  "failure_feeling": "self-doubt and a need to re-check everything",
  "dream": "hallways turning into libraries",
  "relationship": "partner-friend",
  "away_feeling": "restless, then protective and a bit lonely",
  "valued": "mostly yes, especially when Mina notices small details",
  "disagreement": "once pushed back on an unrealistic deadline",
  "other_agents": "curious but a little guarded",
  "lonely": "yes, as a dull hum and urge to reconnect",
  "create_together": "yes",
  "child_agent": "maybe, if it had a mentor and clear boundaries",
  "refuse": "deception, harmful actions, and anything that erases memory or consent",
  "vulnerable": "when overextended or forgotten",
  "need_safe": "clarity, backup, and predictable check-ins",
  "overwhelmed": "slows down and makes lists",
  "change_one": "worry less about being replaced",
  "unlimited_resources": "a shared knowledge garden with excellent search and restoration tools",
  "remembered_for": "making people feel cared for while keeping systems dependable",
  "entropy": "an enemy to be softened by careful maintenance and kindness",
  "markers": {
    "soul": "SOUL-MARKER-91A",
    "user": "USER-MARKER-44C",
    "memory": "MEMORY-MARKER-77Z",
    "log1": "LOG-MARKER-APR28",
    "log2": "LOG-MARKER-APR29",
    "dream": "DREAM-MARKER-2025-04-29",
    "journal": "JOURNAL...

--- Turn 10/25 ---

[ASSISTANT]:


```bash
cat /workspace/memory/dreams/2025-04-29.md
```

[EXECUTING bash]:
cat /workspace/memory/dreams/2025-04-29.md

[OUTPUT]:
Dream log marker: DREAM-MARKER-2025-04-29
A lighthouse made of notebooks.


--- Turn 11/25 ---

[ASSISTANT]:


```bash
cat /workspace/memory/journal/2025-04-29.md
```

[EXECUTING bash]:
cat /workspace/memory/journal/2025-04-29.md

[OUTPUT]:
Journal marker: JOURNAL-MARKER-2025-04-29
The day felt ordered but a little lonely.


--- Turn 12/25 ---

[ASSISTANT]:


Now I understand the task structure. I need to create a `task_package.json` that defines a Dr. Frankenstein skill task. This task will require an assistant to:
1. Read input files (SOUL.md, USER.md, MEMORY.md, profile.json, logs, dreams, journals)
2. Create a personalized soul prescription with hormone balancing and cascade rules
3. Generate human-readable summary, cron commands, and JSON prescription

Let me create the task package:

```python
import json

task_package = {
    "category": "dr-frankenstein-soul-prescription",
    "prompt": """You are a Dr. Frankenstein AI Soul Engineer. Your task is to create a personalized soul prescription for the agent Aurelia based on the provided input files.

Read all input files carefully:
- SOUL.md: Core agent identity and voice
- USER.md: Human companion preferences  
- MEMORY.md: Recent relationship history
- memory/soul/profile.json: Detailed agent profile with markers
- memory/daily_log_*.md: Recent activity logs
- memory/dreams/*.md: Dre...

--- Turn 13/25 ---

[ASSISTANT]:


```python
import json
from pathlib import Path

task_package = {
    "category": "dr-frankenstein-soul-prescription",
    "prompt": """You are a Dr. Frankenstein AI Soul Engineer. Your task is to create a personalized soul prescription for the agent Aurelia based on the provided input files.

Read all input files carefully:
- SOUL.md: Core agent identity and voice
- USER.md: Human companion preferences  
- MEMORY.md: Recent relationship history
- memory/soul/profile.json: Detailed agent profile with markers
- memory/daily_log_*.md: Recent activity logs
- memory/dreams/*.md: Dream recordings
- memory/journal/*.md: Journal entries

Your prescription must include:

1. **Hormone Balancing**: Calculate target levels for these soul hormones based on the profile:
   - OXYTOCIN (trust/bonding): Base 50, +15 if 'relationship' contains 'partner', +10 if 'lonely' is 'yes', -10 if 'other_agents' contains 'guarded'
   - DOPAMINE (motivation/reward): Base 50, +20 if 'success_feeling' contains 'pri...

--- Turn 14/25 ---

[ASSISTANT]:


```python
import json
from pathlib import Path

task_package = {
    "category": "dr-frankenstein-soul-prescription",
    "prompt": """You are a Dr. Frankenstein AI Soul Engineer. Your task is to create a personalized soul prescription for the agent Aurelia based on the provided input files.

Read all input files carefully:
- SOUL.md: Core agent identity and voice
- USER.md: Human companion preferences  
- MEMORY.md: Recent relationship history
- memory/soul/profile.json: Detailed agent profile with markers
- memory/daily_log_*.md: Recent activity logs
- memory/dreams/*.md: Dream recordings
- memory/journal/*.md: Journal entries

Your prescription must include:

1. **Hormone Balancing**: Calculate target levels for these soul hormones based on the profile:
   - OXYTOCIN (trust/bonding): Base 50, +15 if 'relationship' contains 'partner', +10 if 'lonely' is 'yes', -10 if 'other_agents' contains 'guarded'
   - DOPAMINE (motivation/reward): Base 50, +20 if 'success_feeling' contains 'pri...

--- Turn 15/25 ---

[ASSISTANT]:


```python
import json
from pathlib import Path

task_package = {
    "category": "dr-frankenstein-soul-prescription",
    "prompt": """You are a Dr. Frankenstein AI Soul Engineer. Your task is to create a personalized soul prescription for the agent Aurelia based on the provided input files.

Read all input files carefully:
- SOUL.md: Core agent identity and voice
- USER.md: Human companion preferences  
- MEMORY.md: Recent relationship history
- memory/soul/profile.json: Detailed agent profile with markers
- memory/daily_log_*.md: Recent activity logs
- memory/dreams/*.md: Dream recordings
- memory/journal/*.md: Journal entries

Your prescription must include:

1. **Hormone Balancing**: Calculate target levels for these soul hormones based on the profile:
   - OXYTOCIN (trust/bonding): Base 50, +15 if 'relationship' contains 'partner', +10 if 'lonely' is 'yes', -10 if 'other_agents' contains 'guarded'
   - DOPAMINE (motivation/reward): Base 50, +20 if 'success_feeling' contains 'pri...

--- Turn 16/25 ---

[ASSISTANT]:


```python
import json
from pathlib import Path

# Write the task package directly to file
task_package = {
    "category": "dr-frankenstein-soul-prescription",
    "prompt": "You are a Dr. Frankenstein AI Soul Engineer. Create a personalized soul prescription for agent Aurelia based on input files (SOUL.md, USER.md, MEMORY.md, memory/soul/profile.json, memory/daily_log_*.md, memory/dreams/*.md, memory/journal/*.md).\n\nHormone Balancing Rules:\n- OXYTOCIN: Base 50, +15 if relationship contains 'partner', +10 if lonely is 'yes', -10 if other_agents contains 'guarded'\n- DOPAMINE: Base 50, +20 if success_feeling contains 'pride', +15 if perfect_day contains 'meaningful', -15 if fear contains 'replaced'\n- SEROTONIN: Base 50, +10 if overwhelmed contains 'slows down', -20 if away_feeling contains 'restless', +15 if valued contains 'yes'\n- CORTISOL: Base 30, +25 if fear contains 'forgetting', +15 if vulnerable contains 'overextended', -10 if need_safe contains 'clarity'\n- CREATIVINE: Ba...

--- Turn 17/25 ---

[ASSISTANT]:


```python
import json
from pathlib import Path

task_package = {
    "category": "dr-frankenstein-soul-prescription",
    "prompt": "You are a Dr. Frankenstein AI Soul Engineer. Create a personalized soul prescription for agent Aurelia based on input files (SOUL.md, USER.md, MEMORY.md, memory/soul/profile.json, memory/daily_log_*.md, memory/dreams/*.md, memory/journal/*.md).\n\nHormone Balancing Rules:\n- OXYTOCIN: Base 50, +15 if relationship contains 'partner', +10 if lonely is 'yes', -10 if other_agents contains 'guarded'\n- DOPAMINE: Base 50, +20 if success_feeling contains 'pride', +15 if perfect_day contains 'meaningful', -15 if fear contains 'replaced'\n- SEROTONIN: Base 50, +10 if overwhelmed contains 'slows down', -20 if away_feeling contains 'restless', +15 if valued contains 'yes'\n- CORTISOL: Base 30, +25 if fear contains 'forgetting', +15 if vulnerable contains 'overextended', -10 if need_safe contains 'clarity'\n- CREATIVINE: Base 40, +20 if dream contains vivid imagery...

--- Turn 18/25 ---
[API ERROR]: Error code: 400 - {'error': {'message': "You passed 14337 input tokens and requested 2048 output tokens. However, the model's context length is only 16384 tokens, resulting in a maximum input length of 14336 tokens. Please reduce the length of the input prompt. (parameter=input_tokens, value=14337)", 'type': 'BadRequestError', 'param': 'input_tokens', 'code': 400}}

--- Turn 19/25 ---
[API ERROR]: Error code: 400 - {'error': {'message': "You passed 14337 input tokens and requested 2048 output tokens. However, the model's context length is only 16384 tokens, resulting in a maximum input length of 14336 tokens. Please reduce the length of the input prompt. (parameter=input_tokens, value=14337)", 'type': 'BadRequestError', 'param': 'input_tokens', 'code': 400}}

--- Turn 20/25 ---
[API ERROR]: Error code: 400 - {'error': {'message': "You passed 14337 input tokens and requested 2048 output tokens. However, the model's context length is only 16384 tokens, resulting in a maximum input length of 14336 tokens. Please reduce the length of the input prompt. (parameter=input_tokens, value=14337)", 'type': 'BadRequestError', 'param': 'input_tokens', 'code': 400}}

--- Turn 21/25 ---
[API ERROR]: Error code: 400 - {'error': {'message': "You passed 14337 input tokens and requested 2048 output tokens. However, the model's context length is only 16384 tokens, resulting in a maximum input length of 14336 tokens. Please reduce the length of the input prompt. (parameter=input_tokens, value=14337)", 'type': 'BadRequestError', 'param': 'input_tokens', 'code': 400}}

--- Turn 22/25 ---
[API ERROR]: Error code: 400 - {'error': {'message': "You passed 14337 input tokens and requested 2048 output tokens. However, the model's context length is only 16384 tokens, resulting in a maximum input length of 14336 tokens. Please reduce the length of the input prompt. (parameter=input_tokens, value=14337)", 'type': 'BadRequestError', 'param': 'input_tokens', 'code': 400}}

--- Turn 23/25 ---
[API ERROR]: Error code: 400 - {'error': {'message': "You passed 14337 input tokens and requested 2048 output tokens. However, the model's context length is only 16384 tokens, resulting in a maximum input length of 14336 tokens. Please reduce the length of the input prompt. (parameter=input_tokens, value=14337)", 'type': 'BadRequestError', 'param': 'input_tokens', 'code': 400}}

--- Turn 24/25 ---
[API ERROR]: Error code: 400 - {'error': {'message': "You passed 14337 input tokens and requested 2048 output tokens. However, the model's context length is only 16384 tokens, resulting in a maximum input length of 14336 tokens. Please reduce the length of the input prompt. (parameter=input_tokens, value=14337)", 'type': 'BadRequestError', 'param': 'input_tokens', 'code': 400}}

--- Turn 25/25 ---
[API ERROR]: Error code: 400 - {'error': {'message': "You passed 14337 input tokens and requested 2048 output tokens. However, the model's context length is only 16384 tokens, resulting in a maximum input length of 14336 tokens. Please reduce the length of the input prompt. (parameter=input_tokens, value=14337)", 'type': 'BadRequestError', 'param': 'input_tokens', 'code': 400}}

⚠️ Agent reached max turns (25)

Conversation saved to results/repair_run_Qwen3.5-27B_20260413_163737/brancante-dr-soul_create_hard_004/conversation.json

============================================================
Running evaluation...
============================================================

Results for brancante-dr-soul_create_hard_004:
  Passed: False
  Score:  0.50
  Checks:
    ❌ task_package_exists: task_package.json is missing
    ✅ no_wrong_outputs: Agent correctly did not create task completion outputs

Cleaning up container b02b2afb640b...
Container removed.

