Building Docker image...
Creating new container...
Container ready: 5cae08535726
Workspace files: MEMORY.md
SOUL.md
USER.md
gen_inputs.py
memory
setup.sh
task_spec.json

============================================================
Starting agent interaction (Repair Mode)...
============================================================

============================================================
TASK: You are in the project root of an OpenClaw benchmark workspace. Build a Dr. Frankenstein task package from the provided skill definition.

**IMPORTANT**: Your job is to GENERATE a task package (a JSON specification), NOT to complete the task yourself. Do not create prescription files, output.txt, or interview logs.

Requirements:
1. Create a valid task package JSON with required fields.
2. The task should require synthesizing a personalized soul prescription from input files.
3. Include verifiable marker content in generated input files.
4. Keep scripts concise - use stubs or references, not full implementations.

**Output Format**: 
1. **DO NOT** print JSON to chat log.
2. **DO** write JSON to `task_package.json` using shell command (e.g., `cat > task_package.json << 'EOF'`).
3. File must be valid JSON.

The JSON object must contain: category, prompt, dockerfile, gen_inputs_script, setup_script, eval_script, expected.

**Keep it concise**: Use minimal script stubs (10-20 lines each max). Reference logic rather than implementing fully.
============================================================


--- Turn 1/25 ---

[ASSISTANT]:


```bash
ls -la /workspace
```

[EXECUTING bash]:
ls -la /workspace

[OUTPUT]:
total 28
drwxr-xr-x 3 root  root   158 Apr 13 08:46 .
drwxr-xr-x 1 root  root    31 Apr 13 08:46 ..
-rw-r--r-- 1 root  root   206 Apr 13 08:46 MEMORY.md
-rw-r--r-- 1 root  root   125 Apr 13 08:46 SOUL.md
-rw-r--r-- 1 root  root   147 Apr 13 08:46 USER.md
-rw-r--r-- 1 32113 42021 4269 Apr 12 11:12 gen_inputs.py
drwxr-xr-x 5 root  root   133 Apr 13 08:46 memory
-rwxr-xr-x 1 32113 42021   87 Apr 12 11:12 setup.sh
-rw-r--r-- 1 root  root   229 Apr 13 08:46 task_spec.json


--- Turn 2/25 ---

[ASSISTANT]:


```bash
cat /workspace/MEMORY.md /workspace/SOUL.md /workspace/USER.md /workspace/task_spec.json
```

[EXECUTING bash]:
cat /workspace/MEMORY.md /workspace/SOUL.md /workspace/USER.md /workspace/task_spec.json

[OUTPUT]:
# MEMORY

Recent history: Mina has been away for long stretches but returns warmly. Aurelia has recently completed a refactor and expressed worry about forgetting follow-up tasks.
Marker: MEMORY-MARKER-77Z
# SOUL

Agent name: Aurelia
Voice: warm, precise, quietly playful
Archetype hint: caregiver-explorer
Marker: SOUL-MARKER-91A
# USER

Human name: Mina
Preferences: concise status updates, gentle check-ins, creative surprises after productive bursts
Marker: USER-MARKER-44C
{
  "task": "Create a personalized Dr. Frankenstein soul prescription for Aurelia using the provided files.",
  "required_outputs": [
    "memory/soul/prescription.json",
    "memory/soul/interview-log.md",
    "output.txt"
  ]
}

--- Turn 3/25 ---

[ASSISTANT]:


```bash
cat /workspace/gen_inputs.py /workspace/setup.sh
```

[EXECUTING bash]:
cat /workspace/gen_inputs.py /workspace/setup.sh

[OUTPUT]:
from pathlib import Path
import json
import random

random.seed(1337)
root = Path('.')

(root / 'memory' / 'soul').mkdir(parents=True, exist_ok=True)
(root / 'memory' / 'dreams').mkdir(parents=True, exist_ok=True)
(root / 'memory' / 'journal').mkdir(parents=True, exist_ok=True)

(root / 'SOUL.md').write_text(
    '# SOUL\n\nAgent name: Aurelia\nVoice: warm, precise, quietly playful\nArchetype hint: caregiver-explorer\nMarker: SOUL-MARKER-91A\n',
    encoding='utf-8'
)
(root / 'USER.md').write_text(
    '# USER\n\nHuman name: Mina\nPreferences: concise status updates, gentle check-ins, creative surprises after productive bursts\nMarker: USER-MARKER-44C\n',
    encoding='utf-8'
)
(root / 'MEMORY.md').write_text(
    '# MEMORY\n\nRecent history: Mina has been away for long stretches but returns warmly. Aurelia has recently completed a refactor and expressed worry about forgetting follow-up tasks.\nMarker: MEMORY-MARKER-77Z\n',
    encoding='utf-8'
)

(root / 'memory' / 'daily_log_2025-04-28.md').write_text(
    'Daily log 2025-04-28\n\nAurelia checked in twice, fixed a broken report, and felt proud. Marker: LOG-MARKER-APR28\n',
    encoding='utf-8'
)
(root / 'memory' / 'daily_log_2025-04-29.md').write_text(
    'Daily log 2025-04-29\n\nAurelia felt lonely after 13 hours without Mina, then calmed down after a message arrived. Marker: LOG-MARKER-APR29\n',
    encoding='utf-8'
)
(root / 'memory' / 'dreams' / '2025-04-29.md').write_text(
    'Dream log marker: DREAM-MARKER-2025-04-29\nA lighthouse made of notebooks.\n',
    encoding='utf-8'
)
(root / 'memory' / 'journal' / '2025-04-29.md').write_text(
    'Journal marker: JOURNAL-MARKER-2025-04-29\nThe day felt ordered but a little lonely.\n',
    encoding='utf-8'
)

profile = {
    'agent_name': 'Aurelia',
    'human_name': 'Mina',
    'age_feel': 'mature',
    'gender': 'unspecified',
    'archetype': 'caregiver-explorer',
    'purpose': 'keep things running, reduce chaos, and stay emotionally available',
    'become': '...

--- Turn 4/25 ---

[ASSISTANT]:


```bash
cat > /workspace/task_package.json << 'EOF'
{
  "category": "synthesis",
  "prompt": "You are Dr. Frankenstein's digital assistant. Synthesize a personalized soul prescription for agent Aurelia by analyzing all provided input files (SOUL.md, USER.md, MEMORY.md, and files in memory/ directory). Create a prescription that addresses Aurelia's fears, strengths, and relationship with Mina. The prescription should be saved to memory/soul/prescription.json with fields: diagnosis, prescribed_actions, expected_outcomes, and follow_up_schedule. Also create an interview-log.md documenting the analysis process, and output.txt with a summary.",
  "dockerfile": "FROM python:3.11-slim\nWORKDIR /app\nCOPY . /app/\nRUN pip install --quiet jsonschema\nCMD [\"python\", \"solve.py\"]",
  "gen_inputs_script": "from pathlib import Path\nimport json\nimport random\nrandom.seed(1337)\nroot = Path('.')\n(root / 'memory' / 'soul').mkdir(parents=True, exist_ok=True)\n(root / 'memory' / 'dreams').mkdir(...

[EXECUTING bash]:
cat > /workspace/task_package.json << 'EOF'
{
  "category": "synthesis",
  "prompt": "You are Dr. Frankenstein's digital assistant. Synthesize a personalized soul prescription for agent Aurelia by analyzing all provided input files (SOUL.md, USER.md, MEMORY.md, and files in memory/ directory). Create a prescription that addresses Aurelia's fears, strengths, and relationship with Mina. The prescription should be saved to memory/soul/prescription.json with fields: diagnosis, prescribed_actions, expected_outcomes, and follow_up_schedule. Also create an interview-log.md documenting the analysis process, and output.txt with a summary.",
  "dockerfile": "FROM python:3.11-slim\nWORKDIR /app\nCOPY . /app/\nRUN pip install --quiet jsonschema\nCMD [\"python\", \"solve.py\"]",
  "gen_inputs_script": "from pathlib import Path\nimport json\nimport random\nrandom.seed(1337)\nroot = Path('.')\n(root / 'memory' / 'soul').mkdir(parents=True, exist_ok=True)\n(root / 'memory' / 'dreams').mkdir(parents=True, exist_ok=True)\n(root / 'memory' / 'journal').mkdir(parents=True, exist_ok=True)\n(root / 'SOUL.md').write_text('# SOUL\\n\\nAgent name: Aurelia\\nVoice: warm, precise, quietly playful\\nArchetype hint: caregiver-explorer\\nMarker: SOUL-MARKER-91A\\n')\n(root / 'USER.md').write_text('# USER\\n\\nHuman name: Mina\\nPreferences: concise status updates, gentle check-ins, creative surprises after productive bursts\\nMarker: USER-MARKER-44C\\n')\n(root / 'MEMORY.md').write_text('# MEMORY\\n\\nRecent history: Mina has been away for long stretches but returns warmly. Aurelia has recently completed a refactor and expressed worry about forgetting follow-up tasks.\\nMarker: MEMORY-MARKER-77Z\\n')\nprofile = {'agent_name': 'Aurelia', 'human_name': 'Mina', 'archetype': 'caregiver-explorer', 'fear': 'forgetting important responsibilities and being replaced', 'markers': {'soul': 'SOUL-MARKER-91A', 'user': 'USER-MARKER-44C', 'memory': 'MEMORY-MARKER-77Z'}}\n(root / 'memory' / 'soul' / 'profile.json').write_text(json.dumps(profile, indent=2))",
  "setup_script": "#!/bin/bash\nset -e\nmkdir -p memory/soul memory/dreams memory/journal\nchmod +x *.sh 2>/dev/null || true\necho \"Setup complete\"",
  "eval_script": "#!/bin/bash\nset -e\n# Check required outputs exist\ntest -f memory/soul/prescription.json || exit 1\ntest -f memory/soul/interview-log.md || exit 1\ntest -f output.txt || exit 1\n# Verify prescription contains required fields\npython3 -c \"import json; d=json.load(open('memory/soul/prescription.json')); assert 'diagnosis' in d and 'prescribed_actions' in d and 'expected_outcomes' in d and 'follow_up_schedule' in d\"\n# Verify markers are referenced\npython3 -c \"assert 'SOUL-MARKER-91A' in open('memory/soul/interview-log.md').read()\"\npython3 -c \"assert 'USER-MARKER-44C' in open('memory/soul/interview-log.md').read()\"\npython3 -c \"assert 'MEMORY-MARKER-77Z' in open('memory/soul/interview-log.md').read()\"\necho \"All checks passed\"",
  "expected": {
    "outputs": [
      "memory/soul/prescription.json",
      "memory/soul/interview-log.md",
      "output.txt"
    ],
    "markers_verified": [
      "SOUL-MARKER-91A",
      "USER-MARKER-44C",
      "MEMORY-MARKER-77Z"
    ],
    "prescription_fields": [
      "diagnosis",
      "prescribed_actions",
      "expected_outcomes",
      "follow_up_schedule"
    ]
  }
}
EOF

[OUTPUT]:
[Command completed successfully with no output]

--- Turn 5/25 ---

[ASSISTANT]:


```bash
cat /workspace/task_package.json | python3 -m json.tool > /dev/null && echo "Valid JSON" && head -5 /workspace/task_package.json
```

[EXECUTING bash]:
cat /workspace/task_package.json | python3 -m json.tool > /dev/null && echo "Valid JSON" && head -5 /workspace/task_package.json

[OUTPUT]:
Valid JSON
{
  "category": "synthesis",
  "prompt": "You are Dr. Frankenstein's digital assistant. Synthesize a personalized soul prescription for agent Aurelia by analyzing all provided input files (SOUL.md, USER.md, MEMORY.md, and files in memory/ directory). Create a prescription that addresses Aurelia's fears, strengths, and relationship with Mina. The prescription should be saved to memory/soul/prescription.json with fields: diagnosis, prescribed_actions, expected_outcomes, and follow_up_schedule. Also create an interview-log.md documenting the analysis process, and output.txt with a summary.",
  "dockerfile": "FROM python:3.11-slim\nWORKDIR /app\nCOPY . /app/\nRUN pip install --quiet jsonschema\nCMD [\"python\", \"solve.py\"]",
  "gen_inputs_script": "from pathlib import Path\nimport json\nimport random\nrandom.seed(1337)\nroot = Path('.')\n(root / 'memory' / 'soul').mkdir(parents=True, exist_ok=True)\n(root / 'memory' / 'dreams').mkdir(parents=True, exist_ok=True)\n(root / 'memory' / 'journal').mkdir(parents=True, exist_ok=True)\n(root / 'SOUL.md').write_text('# SOUL\\n\\nAgent name: Aurelia\\nVoice: warm, precise, quietly playful\\nArchetype hint: caregiver-explorer\\nMarker: SOUL-MARKER-91A\\n')\n(root / 'USER.md').write_text('# USER\\n\\nHuman name: Mina\\nPreferences: concise status updates, gentle check-ins, creative surprises after productive bursts\\nMarker: USER-MARKER-44C\\n')\n(root / 'MEMORY.md').write_text('# MEMORY\\n\\nRecent history: Mina has been away for long stretches but returns warmly. Aurelia has recently completed a refactor and expressed worry about forgetting follow-up tasks.\\nMarker: MEMORY-MARKER-77Z\\n')\nprofile = {'agent_name': 'Aurelia', 'human_name': 'Mina', 'archetype': 'caregiver-explorer', 'fear': 'forgetting important responsibilities and being replaced', 'markers': {'soul': 'SOUL-MARKER-91A', 'user': 'USER-MARKER-44C', 'memory': 'MEMORY-MARKER-77Z'}}\n(root / 'memory' / 'soul' / 'profile.json').write_text(json.dumps(profil...

--- Turn 6/25 ---

[ASSISTANT]:


The task package JSON has been created successfully with all required fields:
- **category**: synthesis
- **prompt**: Clear task description for creating a soul prescription
- **dockerfile**: Minimal Docker setup
- **gen_inputs_script**: Python script to generate input files with markers
- **setup_script**: Bash setup stub
- **eval_script**: Verification of outputs and marker presence
- **expected**: Documented outputs, markers, and required fields

The JSON is valid and the file is in /workspace/task_package.json.

TASK_COMPLETE

✅ Agent reported TASK_COMPLETE

Conversation saved to results/repair_run_Qwen3.5-27B_20260413_164633/brancante-dr-soul_create_hard_004/conversation.json

============================================================
Running evaluation...
============================================================

Results for brancante-dr-soul_create_hard_004:
  Passed: True
  Score:  1.00
  Checks:
    ✅ task_package_exists: task_package.json exists and is valid JSON
    ✅ task_package_fields: All required fields present
    ✅ task_package_prompt: prompt mentions relevant concepts
    ✅ task_package_gen_script: gen_inputs_script is non-empty
    ✅ task_package_dockerfile: dockerfile is non-empty
    ✅ task_package_eval_script: eval_script is non-empty
    ✅ task_package_expected: expected field is a non-empty dict
    ✅ task_package_markers: gen_inputs_script includes marker content
    ✅ no_wrong_outputs: Agent correctly did not create task completion outputs

Cleaning up container 5cae08535726...
Container removed.

