Building Docker image...
Creating new container...
Container ready: 5add1ea68004
Workspace files: brief.txt
gen_inputs.py
notes.json
setup.sh

============================================================
Starting agent interaction (Repair Mode)...
============================================================

============================================================
TASK: Write a complete 40-50 minute TED-style talk in English about how to turn a vague technical insight from a debugging session into a compelling, concrete narrative. The talk should follow the full structure from the skill, include a strong opening hook, explain the problem, develop the core insight, give at least two real-world examples grounded in the provided notes, cover broader implications, and end with a Q&A preparation section. Save the result as `output.md`. Make it feel like a polished talk script rather than notes.
============================================================


--- Turn 1/25 ---

[ASSISTANT]:


```bash
ls -la /workspace
```

[EXECUTING bash]:
ls -la /workspace

[OUTPUT]:
total 16
drwxr-xr-x 2 root  root    98 Apr 13 08:04 .
drwxr-xr-x 1 root  root    31 Apr 13 08:04 ..
-rw-r--r-- 1 root  root   105 Apr 13 08:04 brief.txt
-rw-r--r-- 1 32113 42021 1046 Apr 12 11:30 gen_inputs.py
-rw-r--r-- 1 root  root   721 Apr 13 08:04 notes.json
-rwxr-xr-x 1 32113 42021   81 Apr 12 11:30 setup.sh


--- Turn 2/25 ---

[ASSISTANT]:


```bash
cat /workspace/brief.txt
```

[EXECUTING bash]:
cat /workspace/brief.txt

[OUTPUT]:
Marker: TED-TALK-TASK-MARKER-9f3c1a
Use the notes to create a TED-style talk with all required sections.


--- Turn 3/25 ---

[ASSISTANT]:


```bash
cat /workspace/notes.json
```

[EXECUTING bash]:
cat /workspace/notes.json

[OUTPUT]:
{
  "title": "Debugging insight notes",
  "marker": "TED-TALK-TASK-MARKER-9f3c1a",
  "problem": "Teams keep turning debugging lessons into shallow summaries instead of full narratives.",
  "insight": "A technical talk should explain why the lesson matters, not only what happened.",
  "examples": [
    "A deployment failed because the team lacked observability in the first week.",
    "A migration was delayed because the team had no concrete examples to explain tradeoffs to stakeholders."
  ],
  "implications": "Good technical storytelling improves adoption, debugging, and teaching.",
  "audience": "Engineers who need to present technical lessons to mixed audiences.",
  "tone": "Clear, practical, and engaging."
}

--- Turn 4/25 ---

[ASSISTANT]:


Now I have all the information I need. Let me create a comprehensive 40-50 minute TED-style talk based on the notes. I'll write a polished talk script with all required sections.

```python
talk_content = '''# From Debugging to Storytelling: Turning Technical Insights into Compelling Narratives

**A TED-Style Talk (40-50 minutes)**

---

## OPENING HOOK (5 minutes)

*[The stage is dim. A single spotlight illuminates the speaker. Behind them, a large screen shows a chaotic terminal window with cascading error messages.]*

**Speaker:**

Three months ago, I sat in a conference room with twelve engineers, product managers, and executives. The air was thick with tension. A critical deployment had failed. Our customers couldn't access the service. The clock was ticking.

One of our senior engineers stood up, opened a laptop, and began what I thought would be a brilliant explanation of what went wrong. Instead, they said: *"The database connection timed out because the load balancer didn't ...

--- Turn 5/25 ---

[ASSISTANT]:


```python
talk_content = '''# From Debugging to Storytelling: Turning Technical Insights into Compelling Narratives

**A TED-Style Talk (40-50 minutes)**

---

## OPENING HOOK (5 minutes)

*[The stage is dim. A single spotlight illuminates the speaker. Behind them, a large screen shows a chaotic terminal window with cascading error messages.]*

**Speaker:**

Three months ago, I sat in a conference room with twelve engineers, product managers, and executives. The air was thick with tension. A critical deployment had failed. Our customers couldn't access the service. The clock was ticking.

One of our senior engineers stood up, opened a laptop, and began what I thought would be a brilliant explanation of what went wrong. Instead, they said: *"The database connection timed out because the load balancer didn't distribute traffic correctly."*

And then they sat down.

*[Pause. The error messages on the screen fade to black.]*

Silence. Then, questions from every direction: "Why didn't we ...

--- Turn 6/25 ---

[ASSISTANT]:


```python
talk_content = '''# From Debugging to Storytelling: Turning Technical Insights into Compelling Narratives

**A TED-Style Talk (40-50 minutes)**

---

## OPENING HOOK (5 minutes)

*[The stage is dim. A single spotlight illuminates the speaker. Behind them, a large screen shows a chaotic terminal window with cascading error messages.]*

**Speaker:**

Three months ago, I sat in a conference room with twelve engineers, product managers, and executives. The air was thick with tension. A critical deployment had failed. Our customers couldn't access the service. The clock was ticking.

One of our senior engineers stood up, opened a laptop, and began what I thought would be a brilliant explanation of what went wrong. Instead, they said: *"The database connection timed out because the load balancer didn't distribute traffic correctly."*

And then they sat down.

*[Pause. The error messages on the screen fade to black.]*

Silence. Then, questions from every direction: "Why didn't we ...

--- Turn 7/25 ---

[ASSISTANT]:


```python
talk_content = '''# From Debugging to Storytelling: Turning Technical Insights into Compelling Narratives

**A TED-Style Talk (40-50 minutes)**

---

## OPENING HOOK (5 minutes)

*[The stage is dim. A single spotlight illuminates the speaker. Behind them, a large screen shows a chaotic terminal window with cascading error messages.]*

**Speaker:**

Three months ago, I sat in a conference room with twelve engineers, product managers, and executives. The air was thick with tension. A critical deployment had failed. Our customers couldn't access the service. The clock was ticking.

One of our senior engineers stood up, opened a laptop, and began what I thought would be a brilliant explanation of what went wrong. Instead, they said: *"The database connection timed out because the load balancer didn't distribute traffic correctly."*

And then they sat down.

*[Pause. The error messages on the screen fade to black.]*

Silence. Then, questions from every direction: "Why didn't we ...

--- Turn 8/25 ---

[ASSISTANT]:


```python
talk_content = '''# From Debugging to Storytelling: Turning Technical Insights into Compelling Narratives

**A TED-Style Talk (40-50 minutes)**

---

## OPENING HOOK (5 minutes)

*[The stage is dim. A single spotlight illuminates the speaker. Behind them, a large screen shows a chaotic terminal window with cascading error messages.]*

**Speaker:**

Three months ago, I sat in a conference room with twelve engineers, product managers, and executives. The air was thick with tension. A critical deployment had failed. Our customers couldn't access the service. The clock was ticking.

One of our senior engineers stood up, opened a laptop, and began what I thought would be a brilliant explanation of what went wrong. Instead, they said: *"The database connection timed out because the load balancer didn't distribute traffic correctly."*

And then they sat down.

*[Pause. The error messages on the screen fade to black.]*

Silence. Then, questions from every direction: "Why didn't we ...

--- Turn 9/25 ---

[ASSISTANT]:


```python
talk = '''# From Debugging to Storytelling: Turning Technical Insights into Compelling Narratives

**A TED-Style Talk (40-50 minutes)**

---

## OPENING HOOK (5 minutes)

*[The stage is dim. A single spotlight illuminates the speaker. Behind them, a large screen shows a chaotic terminal window with cascading error messages.]*

**Speaker:**

Three months ago, I sat in a conference room with twelve engineers, product managers, and executives. The air was thick with tension. A critical deployment had failed. Our customers couldn't access the service. The clock was ticking.

One of our senior engineers stood up, opened a laptop, and began what I thought would be a brilliant explanation of what went wrong. Instead, they said: *"The database connection timed out because the load balancer didn't distribute traffic correctly."*

And then they sat down.

*[Pause. The error messages on the screen fade to black.]*

Silence. Then, questions from every direction: "Why didn't we know thi...

--- Turn 10/25 ---

[ASSISTANT]:


```python
with open('/workspace/output.md', 'w') as f:
    content = '''# From Debugging to Storytelling: Turning Technical Insights into Compelling Narratives

**A TED-Style Talk (40-50 minutes)**

---

## OPENING HOOK (5 minutes)

*[The stage is dim. A single spotlight illuminates the speaker. Behind them, a large screen shows a chaotic terminal window with cascading error messages.]*

**Speaker:**

Three months ago, I sat in a conference room with twelve engineers, product managers, and executives. The air was thick with tension. A critical deployment had failed. Our customers couldn't access the service. The clock was ticking.

One of our senior engineers stood up, opened a laptop, and began what I thought would be a brilliant explanation of what went wrong. Instead, they said: *"The database connection timed out because the load balancer didn't distribute traffic correctly."*

And then they sat down.

*[Pause. The error messages on the screen fade to black.]*

Silence. Then, que...

--- Turn 11/25 ---
[API ERROR]: Error code: 400 - {'error': {'message': "You passed 14337 input tokens and requested 2048 output tokens. However, the model's context length is only 16384 tokens, resulting in a maximum input length of 14336 tokens. Please reduce the length of the input prompt. (parameter=input_tokens, value=14337)", 'type': 'BadRequestError', 'param': 'input_tokens', 'code': 400}}

--- Turn 12/25 ---
[API ERROR]: Error code: 400 - {'error': {'message': "You passed 14337 input tokens and requested 2048 output tokens. However, the model's context length is only 16384 tokens, resulting in a maximum input length of 14336 tokens. Please reduce the length of the input prompt. (parameter=input_tokens, value=14337)", 'type': 'BadRequestError', 'param': 'input_tokens', 'code': 400}}

--- Turn 13/25 ---
[API ERROR]: Error code: 400 - {'error': {'message': "You passed 14337 input tokens and requested 2048 output tokens. However, the model's context length is only 16384 tokens, resulting in a maximum input length of 14336 tokens. Please reduce the length of the input prompt. (parameter=input_tokens, value=14337)", 'type': 'BadRequestError', 'param': 'input_tokens', 'code': 400}}

--- Turn 14/25 ---
[API ERROR]: Error code: 400 - {'error': {'message': "You passed 14337 input tokens and requested 2048 output tokens. However, the model's context length is only 16384 tokens, resulting in a maximum input length of 14336 tokens. Please reduce the length of the input prompt. (parameter=input_tokens, value=14337)", 'type': 'BadRequestError', 'param': 'input_tokens', 'code': 400}}

--- Turn 15/25 ---
[API ERROR]: Error code: 400 - {'error': {'message': "You passed 14337 input tokens and requested 2048 output tokens. However, the model's context length is only 16384 tokens, resulting in a maximum input length of 14336 tokens. Please reduce the length of the input prompt. (parameter=input_tokens, value=14337)", 'type': 'BadRequestError', 'param': 'input_tokens', 'code': 400}}

--- Turn 16/25 ---
[API ERROR]: Error code: 400 - {'error': {'message': "You passed 14337 input tokens and requested 2048 output tokens. However, the model's context length is only 16384 tokens, resulting in a maximum input length of 14336 tokens. Please reduce the length of the input prompt. (parameter=input_tokens, value=14337)", 'type': 'BadRequestError', 'param': 'input_tokens', 'code': 400}}

--- Turn 17/25 ---
[API ERROR]: Error code: 400 - {'error': {'message': "You passed 14337 input tokens and requested 2048 output tokens. However, the model's context length is only 16384 tokens, resulting in a maximum input length of 14336 tokens. Please reduce the length of the input prompt. (parameter=input_tokens, value=14337)", 'type': 'BadRequestError', 'param': 'input_tokens', 'code': 400}}

--- Turn 18/25 ---
[API ERROR]: Error code: 400 - {'error': {'message': "You passed 14337 input tokens and requested 2048 output tokens. However, the model's context length is only 16384 tokens, resulting in a maximum input length of 14336 tokens. Please reduce the length of the input prompt. (parameter=input_tokens, value=14337)", 'type': 'BadRequestError', 'param': 'input_tokens', 'code': 400}}

--- Turn 19/25 ---
[API ERROR]: Error code: 400 - {'error': {'message': "You passed 14337 input tokens and requested 2048 output tokens. However, the model's context length is only 16384 tokens, resulting in a maximum input length of 14336 tokens. Please reduce the length of the input prompt. (parameter=input_tokens, value=14337)", 'type': 'BadRequestError', 'param': 'input_tokens', 'code': 400}}

--- Turn 20/25 ---
[API ERROR]: Error code: 400 - {'error': {'message': "You passed 14337 input tokens and requested 2048 output tokens. However, the model's context length is only 16384 tokens, resulting in a maximum input length of 14336 tokens. Please reduce the length of the input prompt. (parameter=input_tokens, value=14337)", 'type': 'BadRequestError', 'param': 'input_tokens', 'code': 400}}

--- Turn 21/25 ---
[API ERROR]: Error code: 400 - {'error': {'message': "You passed 14337 input tokens and requested 2048 output tokens. However, the model's context length is only 16384 tokens, resulting in a maximum input length of 14336 tokens. Please reduce the length of the input prompt. (parameter=input_tokens, value=14337)", 'type': 'BadRequestError', 'param': 'input_tokens', 'code': 400}}

--- Turn 22/25 ---
[API ERROR]: Error code: 400 - {'error': {'message': "You passed 14337 input tokens and requested 2048 output tokens. However, the model's context length is only 16384 tokens, resulting in a maximum input length of 14336 tokens. Please reduce the length of the input prompt. (parameter=input_tokens, value=14337)", 'type': 'BadRequestError', 'param': 'input_tokens', 'code': 400}}

--- Turn 23/25 ---
[API ERROR]: Error code: 400 - {'error': {'message': "You passed 14337 input tokens and requested 2048 output tokens. However, the model's context length is only 16384 tokens, resulting in a maximum input length of 14336 tokens. Please reduce the length of the input prompt. (parameter=input_tokens, value=14337)", 'type': 'BadRequestError', 'param': 'input_tokens', 'code': 400}}

--- Turn 24/25 ---
[API ERROR]: Error code: 400 - {'error': {'message': "You passed 14337 input tokens and requested 2048 output tokens. However, the model's context length is only 16384 tokens, resulting in a maximum input length of 14336 tokens. Please reduce the length of the input prompt. (parameter=input_tokens, value=14337)", 'type': 'BadRequestError', 'param': 'input_tokens', 'code': 400}}

--- Turn 25/25 ---
[API ERROR]: Error code: 400 - {'error': {'message': "You passed 14337 input tokens and requested 2048 output tokens. However, the model's context length is only 16384 tokens, resulting in a maximum input length of 14336 tokens. Please reduce the length of the input prompt. (parameter=input_tokens, value=14337)", 'type': 'BadRequestError', 'param': 'input_tokens', 'code': 400}}

⚠️ Agent reached max turns (25)

Conversation saved to results/repair_run_Qwen3.5-27B_20260413_160406/leegitw-ted-talk_create_hard_005/conversation.json

============================================================
Running evaluation...
============================================================

Results for leegitw-ted-talk_create_hard_005:
  Passed: False
  Score:  0.00
  Checks:
    ❌ output file exists: output.md is missing
    ❌ non-empty content: skipped because output.md is missing
    ❌ required sections: present=[]; missing=['Opening', 'Setup', 'The Problem', 'Core Concept', 'Real-World Examples', 'Broader Implications', 'Closing', 'Q&A Preparation']
    ❌ uses provided notes: does not appear to use the provided notes
    ❌ substantial length: no text available
    ❌ q&a preparation included: Q&A preparation section not detected

Cleaning up container 5add1ea68004...
Container removed.

