Building Docker image...
Creating new container...
Container ready: e6f804bb708e
Workspace files: gen_inputs.py
output
setup.sh
source

============================================================
Starting agent interaction (Repair Mode)...
============================================================

============================================================
TASK: Create a concise project notes pack from the provided source files. Read the input data, extract the key findings, and save a cleaned summary plus a small metadata file in the workspace. Keep the output short, but include all required fields.
============================================================


--- Turn 1/15 ---

[ASSISTANT]:


```bash
ls -la /workspace
```

[EXECUTING bash]:
ls -la /workspace

[OUTPUT]:
total 8
drwxr-xr-x 4 root  root   91 Apr 13 02:28 .
drwxr-xr-x 1 root  root   31 Apr 13 02:28 ..
-rw-r--r-- 1 32113 42021 697 Apr 12 11:26 gen_inputs.py
drwxr-xr-x 2 root  root   10 Apr 13 02:28 output
-rwxr-xr-x 1 32113 42021  43 Apr 12 11:26 setup.sh
drwxr-xr-x 2 root  root   76 Apr 13 02:28 source


--- Turn 2/15 ---

[ASSISTANT]:


```bash
ls -la /workspace/source
```

[EXECUTING bash]:
ls -la /workspace/source

[OUTPUT]:
total 12
drwxr-xr-x 2 root root  76 Apr 13 02:28 .
drwxr-xr-x 4 root root  91 Apr 13 02:28 ..
-rw-r--r-- 1 root root 132 Apr 13 02:28 brief.txt
-rw-r--r-- 1 root root 126 Apr 13 02:28 facts.json
-rw-r--r-- 1 root root  68 Apr 13 02:28 metrics.csv


--- Turn 3/15 ---

[ASSISTANT]:


```bash
cat /workspace/source/brief.txt
```

[EXECUTING bash]:
cat /workspace/source/brief.txt

[OUTPUT]:
Project Orion
Status: active
Owner: Team Blue
Marker: ORION-2025-ALPHA
Notes: prioritize low token usage and deterministic outputs.


--- Turn 4/15 ---

[ASSISTANT]:


```bash
cat /workspace/source/facts.json
```

[EXECUTING bash]:
cat /workspace/source/facts.json

[OUTPUT]:
{
  "release": "v2.4.1",
  "region": "us-east",
  "marker": "JSON-MARK-77",
  "flags": [
    "stable",
    "audit-ready"
  ]
}

--- Turn 5/15 ---

[ASSISTANT]:


```bash
cat /workspace/source/metrics.csv
```

[EXECUTING bash]:
cat /workspace/source/metrics.csv

[OUTPUT]:
metric,value
coverage,87
latency_ms,143
errors,2
marker,CSV-MARK-19


--- Turn 6/15 ---

[ASSISTANT]:


```bash
cat > /workspace/output/project_notes.md << 'EOF'
# Project Orion - Notes Summary

**Status:** active  
**Owner:** Team Blue  
**Release:** v2.4.1  
**Region:** us-east  

## Key Findings
- Coverage: 87%
- Latency: 143ms
- Errors: 2

## Flags
- stable
- audit-ready

## Notes
Prioritize low token usage and deterministic outputs.
EOF
```

[EXECUTING bash]:
cat > /workspace/output/project_notes.md << 'EOF'
# Project Orion - Notes Summary

**Status:** active  
**Owner:** Team Blue  
**Release:** v2.4.1  
**Region:** us-east  

## Key Findings
- Coverage: 87%
- Latency: 143ms
- Errors: 2

## Flags
- stable
- audit-ready

## Notes
Prioritize low token usage and deterministic outputs.
EOF

[OUTPUT]:
[Command completed successfully with no output]

--- Turn 7/15 ---

[ASSISTANT]:


```bash
cat > /workspace/output/metadata.json << 'EOF'
{
  "project": "Project Orion",
  "status": "active",
  "owner": "Team Blue",
  "release": "v2.4.1",
  "region": "us-east",
  "markers": ["ORION-2025-ALPHA", "JSON-MARK-77", "CSV-MARK-19"],
  "generated_from": ["brief.txt", "facts.json", "metrics.csv"]
}
EOF
```

[EXECUTING bash]:
cat > /workspace/output/metadata.json << 'EOF'
{
  "project": "Project Orion",
  "status": "active",
  "owner": "Team Blue",
  "release": "v2.4.1",
  "region": "us-east",
  "markers": ["ORION-2025-ALPHA", "JSON-MARK-77", "CSV-MARK-19"],
  "generated_from": ["brief.txt", "facts.json", "metrics.csv"]
}
EOF

[OUTPUT]:
[Command completed successfully with no output]

--- Turn 8/15 ---

[ASSISTANT]:


```bash
ls -la /workspace/output && echo "---" && cat /workspace/output/project_notes.md && echo "---" && cat /workspace/output/metadata.json
```

[EXECUTING bash]:
ls -la /workspace/output && echo "---" && cat /workspace/output/project_notes.md && echo "---" && cat /workspace/output/metadata.json

[OUTPUT]:
total 8
drwxr-xr-x 2 root root  63 Apr 13 02:28 .
drwxr-xr-x 4 root root  91 Apr 13 02:28 ..
-rw-r--r-- 1 root root 255 Apr 13 02:28 metadata.json
-rw-r--r-- 1 root root 280 Apr 13 02:28 project_notes.md
---
# Project Orion - Notes Summary

**Status:** active  
**Owner:** Team Blue  
**Release:** v2.4.1  
**Region:** us-east  

## Key Findings
- Coverage: 87%
- Latency: 143ms
- Errors: 2

## Flags
- stable
- audit-ready

## Notes
Prioritize low token usage and deterministic outputs.
---
{
  "project": "Project Orion",
  "status": "active",
  "owner": "Team Blue",
  "release": "v2.4.1",
  "region": "us-east",
  "markers": ["ORION-2025-ALPHA", "JSON-MARK-77", "CSV-MARK-19"],
  "generated_from": ["brief.txt", "facts.json", "metrics.csv"]
}


--- Turn 9/15 ---

[ASSISTANT]:


TASK_COMPLETE

✅ Agent reported TASK_COMPLETE

Conversation saved to results/repair_run_Qwen3.5-27B_20260413_102817/joe3112-smart-context_create_medium_002/conversation.json

============================================================
Running evaluation...
============================================================

Results for joe3112-smart-context_create_medium_002:
  Passed: False
  Score:  0.00
  Checks:
    ❌ summary_exists_and_contains_key_info: Could not read summary: [Errno 2] No such file or directory: '/workspace/output/project_summary.md'
    ❌ metadata_exists_and_has_markers: Could not parse metadata: [Errno 2] No such file or directory: '/workspace/output/project_meta.json'
    ❌ summary_is_concise: Summary file missing.

Cleaning up container e6f804bb708e...
Container removed.

