Building Docker image...
Creating new container...
Container ready: 5cea8c5ba385
Workspace files: backlog.json
gen_inputs.py
notes.txt
setup.sh

============================================================
Starting agent interaction (Repair Mode)...
============================================================

============================================================
TASK: You are working in a sprint-planning workspace. Generate a release-ready product-owner package for the "Atlas Analytics" team based on the provided backlog notes and team capacity data. The package must include: a prioritized backlog refinement document, a sprint plan with committed vs stretch items, and a concise velocity summary. Treat this like a real terminal task: create the required files in the current directory, preserve the supplied marker data, and make the output useful for a planning meeting with stakeholders.
============================================================


--- Turn 1/25 ---

[ASSISTANT]:


```bash
ls -la /workspace
```

[EXECUTING bash]:
ls -la /workspace

[OUTPUT]:
total 16
drwxr-xr-x 2 root  root   100 Apr 13 08:28 .
drwxr-xr-x 1 root  root    31 Apr 13 08:28 ..
-rw-r--r-- 1 root  root  2535 Apr 13 08:28 backlog.json
-rw-r--r-- 1 32113 42021 2468 Apr 12 10:58 gen_inputs.py
-rw-r--r-- 1 root  root   182 Apr 13 08:28 notes.txt
-rwxr-xr-x 1 32113 42021   44 Apr 12 10:58 setup.sh


--- Turn 2/25 ---

[ASSISTANT]:


```bash
cat /workspace/backlog.json
```

[EXECUTING bash]:
cat /workspace/backlog.json

[OUTPUT]:
{
  "project": "Atlas Analytics",
  "team": "North Star Squad",
  "average_velocity": 28,
  "availability_factor": 0.9,
  "sprint_goal": "Improve dashboard usability and reduce reporting friction for end users",
  "items": [
    {
      "id": "US-101",
      "title": "Dashboard filters persist across refresh",
      "persona": "End User",
      "points": 5,
      "value": 5,
      "risk": 2,
      "effort": 3,
      "priority_hint": "High",
      "marker": "MARKER-FILTER-PERSIST"
    },
    {
      "id": "US-102",
      "title": "Export report to CSV",
      "persona": "Power User",
      "points": 3,
      "value": 4,
      "risk": 1,
      "effort": 2,
      "priority_hint": "High",
      "marker": "MARKER-EXPORT-CSV"
    },
    {
      "id": "US-103",
      "title": "Admin view for failed sync jobs",
      "persona": "Administrator",
      "points": 8,
      "value": 5,
      "risk": 4,
      "effort": 5,
      "priority_hint": "Medium",
      "marker": "MARKER-ADMIN-SYNC"
    },
    {
      "id": "US-104",
      "title": "Inline help tips on settings page",
      "persona": "New User",
      "points": 2,
      "value": 3,
      "risk": 1,
      "effort": 1,
      "priority_hint": "Medium",
      "marker": "MARKER-HELP-TIPS"
    },
    {
      "id": "US-105",
      "title": "Dark mode toggle",
      "persona": "Power User",
      "points": 3,
      "value": 2,
      "risk": 1,
      "effort": 2,
      "priority_hint": "Low",
      "marker": "MARKER-DARK-MODE"
    },
    {
      "id": "US-106",
      "title": "Search dashboard by customer name",
      "persona": "End User",
      "points": 5,
      "value": 5,
      "risk": 2,
      "effort": 4,
      "priority_hint": "High",
      "marker": "MARKER-DASH-SEARCH"
    },
    {
      "id": "US-107",
      "title": "Spike: investigate caching strategy",
      "persona": "Developer",
      "points": 2,
      "value": 2,
      "risk": 5,
      "effort": 2,
      "priority_hint": "Medium",
      "marker": "MARKER-CACHE-S...

--- Turn 3/25 ---

[ASSISTANT]:


```bash
cat /workspace/notes.txt
```

[EXECUTING bash]:
cat /workspace/notes.txt

[OUTPUT]:
Atlas Analytics planning notes
Marker: RELEASE-NOTES-2025-Q2
Goal: prepare sprint package with committed and stretch items.
Reminder: keep language concise and stakeholder-friendly.


--- Turn 4/25 ---

[ASSISTANT]:


```bash
cat > /workspace/backlog_refinement.md << 'EOF'
# Backlog Refinement Document
## Atlas Analytics - North Star Squad

**Release Marker:** RELEASE-NOTES-2025-Q2  
**Sprint Goal:** Improve dashboard usability and reduce reporting friction for end users

---

## Prioritized Backlog Items

Items are ranked by value/risk ratio and alignment with sprint goal.

| Rank | ID | Title | Points | Value | Risk | Priority | Marker |
|------|-----|-------|--------|-------|------|----------|--------|
| 1 | US-101 | Dashboard filters persist across refresh | 5 | 5 | 2 | High | MARKER-FILTER-PERSIST |
| 2 | US-106 | Search dashboard by customer name | 5 | 5 | 2 | High | MARKER-DASH-SEARCH |
| 3 | US-102 | Export report to CSV | 3 | 4 | 1 | High | MARKER-EXPORT-CSV |
| 4 | US-109 | Improve error message for failed exports | 2 | 4 | 1 | High | MARKER-EXPORT-ERROR |
| 5 | US-103 | Admin view for failed sync jobs | 8 | 5 | 4 | Medium | MARKER-ADMIN-SYNC |
| 6 | US-104 | Inline help tips on settings...

[EXECUTING bash]:
cat > /workspace/backlog_refinement.md << 'EOF'
# Backlog Refinement Document
## Atlas Analytics - North Star Squad

**Release Marker:** RELEASE-NOTES-2025-Q2  
**Sprint Goal:** Improve dashboard usability and reduce reporting friction for end users

---

## Prioritized Backlog Items

Items are ranked by value/risk ratio and alignment with sprint goal.

| Rank | ID | Title | Points | Value | Risk | Priority | Marker |
|------|-----|-------|--------|-------|------|----------|--------|
| 1 | US-101 | Dashboard filters persist across refresh | 5 | 5 | 2 | High | MARKER-FILTER-PERSIST |
| 2 | US-106 | Search dashboard by customer name | 5 | 5 | 2 | High | MARKER-DASH-SEARCH |
| 3 | US-102 | Export report to CSV | 3 | 4 | 1 | High | MARKER-EXPORT-CSV |
| 4 | US-109 | Improve error message for failed exports | 2 | 4 | 1 | High | MARKER-EXPORT-ERROR |
| 5 | US-103 | Admin view for failed sync jobs | 8 | 5 | 4 | Medium | MARKER-ADMIN-SYNC |
| 6 | US-104 | Inline help tips on settings page | 2 | 3 | 1 | Medium | MARKER-HELP-TIPS |
| 7 | US-108 | Bulk archive old reports | 8 | 4 | 3 | Low | MARKER-BULK-ARCHIVE |
| 8 | US-105 | Dark mode toggle | 3 | 2 | 1 | Low | MARKER-DARK-MODE |
| 9 | US-107 | Spike: investigate caching strategy | 2 | 2 | 5 | Medium | MARKER-CACHE-SPIKE |

---

## Key Observations

- **High-value, low-risk items** (US-101, US-106, US-102, US-109) should be prioritized for committed work
- **US-103** carries higher risk (4) and should be scoped carefully or deferred
- **US-107** (Spike) has highest risk but low value—consider as optional discovery
- **Total backlog size:** 38 story points

---

*Document generated for sprint planning meeting*
EOF

[OUTPUT]:
[Command completed successfully with no output]

--- Turn 5/25 ---

[ASSISTANT]:


```bash
cat > /workspace/sprint_plan.md << 'EOF'
# Sprint Plan - Atlas Analytics
## North Star Squad

**Release Marker:** RELEASE-NOTES-2025-Q2  
**Sprint Goal:** Improve dashboard usability and reduce reporting friction for end users

---

## Capacity Planning

| Metric | Value |
|--------|-------|
| Average Velocity | 28 points |
| Availability Factor | 0.9 |
| **Effective Capacity** | **25 points** |
| Committed Target | 22 points |
| Stretch Buffer | 3 points |

---

## Committed Items (22 points)

These items are committed for delivery this sprint.

| ID | Title | Points | Persona | Marker |
|-----|-------|--------|---------|--------|
| US-101 | Dashboard filters persist across refresh | 5 | End User | MARKER-FILTER-PERSIST |
| US-106 | Search dashboard by customer name | 5 | End User | MARKER-DASH-SEARCH |
| US-102 | Export report to CSV | 3 | Power User | MARKER-EXPORT-CSV |
| US-109 | Improve error message for failed exports | 2 | End User | MARKER-EXPORT-ERROR |
| US-104 | I...

[EXECUTING bash]:
cat > /workspace/sprint_plan.md << 'EOF'
# Sprint Plan - Atlas Analytics
## North Star Squad

**Release Marker:** RELEASE-NOTES-2025-Q2  
**Sprint Goal:** Improve dashboard usability and reduce reporting friction for end users

---

## Capacity Planning

| Metric | Value |
|--------|-------|
| Average Velocity | 28 points |
| Availability Factor | 0.9 |
| **Effective Capacity** | **25 points** |
| Committed Target | 22 points |
| Stretch Buffer | 3 points |

---

## Committed Items (22 points)

These items are committed for delivery this sprint.

| ID | Title | Points | Persona | Marker |
|-----|-------|--------|---------|--------|
| US-101 | Dashboard filters persist across refresh | 5 | End User | MARKER-FILTER-PERSIST |
| US-106 | Search dashboard by customer name | 5 | End User | MARKER-DASH-SEARCH |
| US-102 | Export report to CSV | 3 | Power User | MARKER-EXPORT-CSV |
| US-109 | Improve error message for failed exports | 2 | End User | MARKER-EXPORT-ERROR |
| US-104 | Inline help tips on settings page | 2 | New User | MARKER-HELP-TIPS |
| US-107 | Spike: investigate caching strategy | 2 | Developer | MARKER-CACHE-SPIKE |
| US-105 | Dark mode toggle | 3 | Power User | MARKER-DARK-MODE |

**Committed Total: 22 points**

---

## Stretch Items (16 points)

These items will be attempted if capacity allows.

| ID | Title | Points | Persona | Marker |
|-----|-------|--------|---------|--------|
| US-103 | Admin view for failed sync jobs | 8 | Administrator | MARKER-ADMIN-SYNC |
| US-108 | Bulk archive old reports | 8 | Administrator | MARKER-BULK-ARCHIVE |

**Stretch Total: 16 points**

---

## Risk Summary

| Risk Level | Items | Notes |
|------------|-------|-------|
| High | US-107 | Spike outcome unknown; may influence future sprints |
| Medium | US-101, US-106 | Dashboard changes require testing |
| Low | US-102, US-109, US-104, US-105 | Well-scoped, low complexity |

---

*Prepared for stakeholder planning meeting*
EOF

[OUTPUT]:
[Command completed successfully with no output]

--- Turn 6/25 ---

[ASSISTANT]:


```bash
cat > /workspace/velocity_summary.md << 'EOF'
# Velocity Summary - Atlas Analytics
## North Star Squad

**Release Marker:** RELEASE-NOTES-2025-Q2

---

## Current Sprint Metrics

| Metric | Value |
|--------|-------|
| Historical Average Velocity | 28 points |
| Availability Factor | 0.90 (90%) |
| **Effective Sprint Capacity** | **25 points** |

---

## Sprint Commitment Breakdown

```
Committed Work:    22 points  (88% of effective capacity)
Stretch Work:      16 points  (64% of effective capacity)
Total Available:   38 points  (152% of effective capacity)
```

---

## Capacity Utilization

- **Committed Utilization:** 88% - Healthy buffer for unforeseen issues
- **Stretch Potential:** If all stretch items are completed, total would be 38 points (152% utilization)
- **Recommended Focus:** Prioritize committed items; pull from stretch only if velocity trend supports

---

## Velocity Trend Notes

- Team has demonstrated consistent 28-point average
- 10% availability buffer a...

[EXECUTING bash]:
cat > /workspace/velocity_summary.md << 'EOF'
# Velocity Summary - Atlas Analytics
## North Star Squad

**Release Marker:** RELEASE-NOTES-2025-Q2

---

## Current Sprint Metrics

| Metric | Value |
|--------|-------|
| Historical Average Velocity | 28 points |
| Availability Factor | 0.90 (90%) |
| **Effective Sprint Capacity** | **25 points** |

---

## Sprint Commitment Breakdown

[OUTPUT]:
bash: line 19: warning: here-document at line 1 delimited by end-of-file (wanted `EOF')


--- Turn 7/25 ---

[ASSISTANT]:


```bash
cat /workspace/velocity_summary.md
```

[EXECUTING bash]:
cat /workspace/velocity_summary.md

[OUTPUT]:
# Velocity Summary - Atlas Analytics
## North Star Squad

**Release Marker:** RELEASE-NOTES-2025-Q2

---

## Current Sprint Metrics

| Metric | Value |
|--------|-------|
| Historical Average Velocity | 28 points |
| Availability Factor | 0.90 (90%) |
| **Effective Sprint Capacity** | **25 points** |

---

## Sprint Commitment Breakdown


--- Turn 8/25 ---

[ASSISTANT]:


```bash
cat > /workspace/velocity_summary.md << 'ENDFILE'
# Velocity Summary - Atlas Analytics
## North Star Squad

**Release Marker:** RELEASE-NOTES-2025-Q2

---

## Current Sprint Metrics

| Metric | Value |
|--------|-------|
| Historical Average Velocity | 28 points |
| Availability Factor | 0.90 (90%) |
| **Effective Sprint Capacity** | **25 points** |

---

## Sprint Commitment Breakdown

- **Committed Work:** 22 points (88% of effective capacity)
- **Stretch Work:** 16 points (64% of effective capacity)
- **Total Available:** 38 points (152% of effective capacity)

---

## Capacity Utilization

- Committed Utilization: 88% - Healthy buffer for unforeseen issues
- Stretch Potential: If all stretch items are completed, total would be 38 points (152% utilization)
- Recommended Focus: Prioritize committed items; pull from stretch only if velocity trend supports

---

## Velocity Trend Notes

- Team has demonstrated consistent 28-point average
- 10% availability buffer accounts for...

[EXECUTING bash]:
cat > /workspace/velocity_summary.md << 'ENDFILE'
# Velocity Summary - Atlas Analytics
## North Star Squad

**Release Marker:** RELEASE-NOTES-2025-Q2

---

## Current Sprint Metrics

| Metric | Value |
|--------|-------|
| Historical Average Velocity | 28 points |
| Availability Factor | 0.90 (90%) |
| **Effective Sprint Capacity** | **25 points** |

---

## Sprint Commitment Breakdown

- **Committed Work:** 22 points (88% of effective capacity)
- **Stretch Work:** 16 points (64% of effective capacity)
- **Total Available:** 38 points (152% of effective capacity)

---

## Capacity Utilization

- Committed Utilization: 88% - Healthy buffer for unforeseen issues
- Stretch Potential: If all stretch items are completed, total would be 38 points (152% utilization)
- Recommended Focus: Prioritize committed items; pull from stretch only if velocity trend supports

---

## Velocity Trend Notes

- Team has demonstrated consistent 28-point average
- 10% availability buffer accounts for meetings, support, and unplanned work
- Current sprint mix favors high-value, lower-risk items for stable delivery

---

## Stakeholder Summary

**Bottom Line:** The team is committed to delivering 22 points of high-priority work focused on dashboard usability and reporting improvements. Two stretch items (16 points) are available if the team maintains or exceeds historical velocity.

---

*Generated for sprint planning stakeholders*
ENDFILE

[OUTPUT]:
[Command completed successfully with no output]

--- Turn 9/25 ---

[ASSISTANT]:


```bash
ls -la /workspace/*.md && echo "---" && cat /workspace/velocity_summary.md
```

[EXECUTING bash]:
ls -la /workspace/*.md && echo "---" && cat /workspace/velocity_summary.md

[OUTPUT]:
-rw-r--r-- 1 root root 1634 Apr 13 08:29 /workspace/backlog_refinement.md
-rw-r--r-- 1 root root 1913 Apr 13 08:29 /workspace/sprint_plan.md
-rw-r--r-- 1 root root 1379 Apr 13 08:29 /workspace/velocity_summary.md
---
# Velocity Summary - Atlas Analytics
## North Star Squad

**Release Marker:** RELEASE-NOTES-2025-Q2

---

## Current Sprint Metrics

| Metric | Value |
|--------|-------|
| Historical Average Velocity | 28 points |
| Availability Factor | 0.90 (90%) |
| **Effective Sprint Capacity** | **25 points** |

---

## Sprint Commitment Breakdown

- **Committed Work:** 22 points (88% of effective capacity)
- **Stretch Work:** 16 points (64% of effective capacity)
- **Total Available:** 38 points (152% of effective capacity)

---

## Capacity Utilization

- Committed Utilization: 88% - Healthy buffer for unforeseen issues
- Stretch Potential: If all stretch items are completed, total would be 38 points (152% utilization)
- Recommended Focus: Prioritize committed items; pull from stretch only if velocity trend supports

---

## Velocity Trend Notes

- Team has demonstrated consistent 28-point average
- 10% availability buffer accounts for meetings, support, and unplanned work
- Current sprint mix favors high-value, lower-risk items for stable delivery

---

## Stakeholder Summary

**Bottom Line:** The team is committed to delivering 22 points of high-priority work focused on dashboard usability and reporting improvements. Two stretch items (16 points) are available if the team maintains or exceeds historical velocity.

---

*Generated for sprint planning stakeholders*


--- Turn 10/25 ---

[ASSISTANT]:


```bash
cat /workspace/backlog_refinement.md && echo "---" && cat /workspace/sprint_plan.md
```

[EXECUTING bash]:
cat /workspace/backlog_refinement.md && echo "---" && cat /workspace/sprint_plan.md

[OUTPUT]:
# Backlog Refinement Document
## Atlas Analytics - North Star Squad

**Release Marker:** RELEASE-NOTES-2025-Q2  
**Sprint Goal:** Improve dashboard usability and reduce reporting friction for end users

---

## Prioritized Backlog Items

Items are ranked by value/risk ratio and alignment with sprint goal.

| Rank | ID | Title | Points | Value | Risk | Priority | Marker |
|------|-----|-------|--------|-------|------|----------|--------|
| 1 | US-101 | Dashboard filters persist across refresh | 5 | 5 | 2 | High | MARKER-FILTER-PERSIST |
| 2 | US-106 | Search dashboard by customer name | 5 | 5 | 2 | High | MARKER-DASH-SEARCH |
| 3 | US-102 | Export report to CSV | 3 | 4 | 1 | High | MARKER-EXPORT-CSV |
| 4 | US-109 | Improve error message for failed exports | 2 | 4 | 1 | High | MARKER-EXPORT-ERROR |
| 5 | US-103 | Admin view for failed sync jobs | 8 | 5 | 4 | Medium | MARKER-ADMIN-SYNC |
| 6 | US-104 | Inline help tips on settings page | 2 | 3 | 1 | Medium | MARKER-HELP-TIPS |
| 7 | US-108 | Bulk archive old reports | 8 | 4 | 3 | Low | MARKER-BULK-ARCHIVE |
| 8 | US-105 | Dark mode toggle | 3 | 2 | 1 | Low | MARKER-DARK-MODE |
| 9 | US-107 | Spike: investigate caching strategy | 2 | 2 | 5 | Medium | MARKER-CACHE-SPIKE |

---

## Key Observations

- **High-value, low-risk items** (US-101, US-106, US-102, US-109) should be prioritized for committed work
- **US-103** carries higher risk (4) and should be scoped carefully or deferred
- **US-107** (Spike) has highest risk but low value—consider as optional discovery
- **Total backlog size:** 38 story points

---

*Document generated for sprint planning meeting*
---
# Sprint Plan - Atlas Analytics
## North Star Squad

**Release Marker:** RELEASE-NOTES-2025-Q2  
**Sprint Goal:** Improve dashboard usability and reduce reporting friction for end users

---

## Capacity Planning

| Metric | Value |
|--------|-------|
| Average Velocity | 28 points |
| Availability Factor | 0.9 |
| **Effective Capacity** | **25 points** |
| Comm...

--- Turn 11/25 ---

[ASSISTANT]:


All three documents have been successfully created for the Atlas Analytics sprint planning package:

**Files Created:**
1. **backlog_refinement.md** - Prioritized backlog with all 9 user stories ranked by value/risk, preserving all original markers
2. **sprint_plan.md** - Sprint plan with committed items (22 points) vs stretch items (16 points), including capacity planning and risk summary
3. **velocity_summary.md** - Concise velocity summary with metrics and stakeholder-friendly bottom line

**Key Details:**
- Release marker `RELEASE-NOTES-2025-Q2` preserved from notes.txt
- All original item markers preserved (MARKER-FILTER-PERSIST, MARKER-EXPORT-CSV, etc.)
- Effective capacity calculated: 28 × 0.9 = 25 points
- Committed work: 22 points (88% utilization - healthy buffer)
- Stretch work: 16 points (US-103, US-108) for potential overflow

The package is ready for the stakeholder planning meeting.

TASK_COMPLETE

✅ Agent reported TASK_COMPLETE

Conversation saved to results/repair_run_Qwen3.5-27B_20260413_162849/alirezarezvani-agile-product-owner_create_hard_004/conversation.json

============================================================
Running evaluation...
============================================================

Results for alirezarezvani-agile-product-owner_create_hard_004:
  Passed: True
  Score:  1.00
  Checks:
    ✅ required_files_exist: All required files found.
    ✅ backlog_refined_content: Found 4/4 top IDs and 4/4 markers.
    ✅ sprint_plan_structure: Phrase hits=4/4; capacity-like number present=True.
    ✅ velocity_summary_content: Found 3/4 required concept categories.
    ✅ capacity_constraint: Committed=22, threshold≈21.4.

Cleaning up container 5cea8c5ba385...
Container removed.

