Building Docker image...
Creating new container...
Container ready: 1afe0dd6e78b
Workspace files: gen_inputs.py
notes
seed_data.json
setup.sh

============================================================
Starting agent interaction (Repair Mode)...
============================================================

============================================================
TASK: Please set up the presence display for a new agent named NOVA. Use the monogram letter N, set the idle timeout to 600 seconds, and make sure the configuration is saved so the display shows NOVA with the correct monogram next time it starts.
============================================================


--- Turn 1/25 ---

[ASSISTANT]:


```bash
ls -la /workspace
```

[EXECUTING bash]:
ls -la /workspace

[OUTPUT]:
total 12
drwxr-xr-x 3 root  root   98 Apr 14 01:35 .
drwxr-xr-x 1 root  root   31 Apr 14 01:35 ..
-rw-r--r-- 1 32113 42021 430 Apr 13 11:12 gen_inputs.py
drwxr-xr-x 2 root  root   32 Apr 14 01:35 notes
-rw-r--r-- 1 root  root  132 Apr 14 01:35 seed_data.json
-rwxr-xr-x 1 32113 42021  39 Apr 13 11:12 setup.sh


--- Turn 2/25 ---

[ASSISTANT]:


```bash
ls -la /workspace/notes && cat /workspace/seed_data.json
```

[EXECUTING bash]:
ls -la /workspace/notes && cat /workspace/seed_data.json

[OUTPUT]:
total 4
drwxr-xr-x 2 root root 32 Apr 14 01:35 .
drwxr-xr-x 3 root root 98 Apr 14 01:35 ..
-rw-r--r-- 1 root root 67 Apr 14 01:35 marker.txt
{
  "task_id": "clawd-presence-task-001",
  "expected_name_hint": "NOVA",
  "expected_letter_hint": "N",
  "expected_timeout": 600
}

--- Turn 3/25 ---

[ASSISTANT]:


```bash
cat /workspace/notes/marker.txt && cat /workspace/setup.sh && cat /workspace/gen_inputs.py
```

[EXECUTING bash]:
cat /workspace/notes/marker.txt && cat /workspace/setup.sh && cat /workspace/gen_inputs.py

[OUTPUT]:
marker: clawd-presence-task-001
agent: NOVA
letter: N
timeout: 600
#!/bin/bash
set -e
mkdir -p /workspace
from pathlib import Path
import json

root = Path('.')
(root / 'notes').mkdir(exist_ok=True)
(root / 'notes' / 'marker.txt').write_text('marker: clawd-presence-task-001\nagent: NOVA\nletter: N\ntimeout: 600\n', encoding='utf-8')
(root / 'seed_data.json').write_text(json.dumps({'task_id': 'clawd-presence-task-001', 'expected_name_hint': 'NOVA', 'expected_letter_hint': 'N', 'expected_timeout': 600}, indent=2), encoding='utf-8')


--- Turn 4/25 ---

[ASSISTANT]:


```bash
find /workspace -type f -name "*.json" -o -name "*.yaml" -o -name "*.yml" -o -name "*.config" -o -name "*.conf" 2>/dev/null
```

[EXECUTING bash]:
find /workspace -type f -name "*.json" -o -name "*.yaml" -o -name "*.yml" -o -name "*.config" -o -name "*.conf" 2>/dev/null

[OUTPUT]:
/workspace/seed_data.json


--- Turn 5/25 ---

[ASSISTANT]:


```bash
cat > /workspace/presence_config.json << 'EOF'
{
  "agent_name": "NOVA",
  "monogram": "N",
  "idle_timeout": 600
}
EOF
```

[EXECUTING bash]:
cat > /workspace/presence_config.json << 'EOF'
{
  "agent_name": "NOVA",
  "monogram": "N",
  "idle_timeout": 600
}
EOF

[OUTPUT]:
[Command completed successfully with no output]

--- Turn 6/25 ---

[ASSISTANT]:


```bash
cat /workspace/presence_config.json
```

[EXECUTING bash]:
cat /workspace/presence_config.json

[OUTPUT]:
{
  "agent_name": "NOVA",
  "monogram": "N",
  "idle_timeout": 600
}


--- Turn 7/25 ---

[ASSISTANT]:


```bash
ls -la /workspace/presence_config.json && echo "Configuration file created successfully"
```

[EXECUTING bash]:
ls -la /workspace/presence_config.json && echo "Configuration file created successfully"

[OUTPUT]:
-rw-r--r-- 1 root root 69 Apr 14 01:36 /workspace/presence_config.json
Configuration file created successfully


--- Turn 8/25 ---

[ASSISTANT]:


I have successfully set up the presence display configuration for agent NOVA:

**Configuration created:** `/workspace/presence_config.json`

```json
{
  "agent_name": "NOVA",
  "monogram": "N",
  "idle_timeout": 600
}
```

The configuration file contains:
- **Agent Name:** NOVA
- **Monogram Letter:** N
- **Idle Timeout:** 600 seconds

The file is saved and will be available for the display system to read on subsequent starts.

TASK_COMPLETE

✅ Agent reported TASK_COMPLETE

Conversation saved to results/repair_run_Qwen3.5-27B_20260414_093557/voidcooks-clawd-presence_create_easy_001/conversation.json

============================================================
Running evaluation...
============================================================

Results for voidcooks-clawd-presence_create_easy_001:
  Passed: False
  Score:  0.33
  Checks:
    ✅ marker file exists: marker file readable
    ❌ config.json exists and is valid: missing or invalid: config.json: FileNotFoundError: [Errno 2] No such file or directory: '/workspace/config.json'
    ❌ state.json exists and is valid: missing or invalid: state.json: FileNotFoundError: [Errno 2] No such file or directory: '/workspace/state.json'
    ❌ config values match request: letter='', name='', idle_timeout=None
    ❌ state file is idle/empty by default: state='', message=''
    ✅ generated marker content present: searched marker file for NOVA, N, and 600

Cleaning up container 1afe0dd6e78b...
Container removed.

