Building Docker image...
Creating new container...
Container ready: f31d9cdb2679
Workspace files: gen_inputs.py
notes
seed_data.json
setup.sh

============================================================
Starting agent interaction (Repair Mode)...
============================================================

============================================================
TASK: Please set up the presence display for a new agent named NOVA. Use the monogram letter N, set the idle timeout to 600 seconds, and make sure the configuration is saved so the display shows NOVA with the correct monogram next time it starts.
============================================================


--- Turn 1/25 ---

[ASSISTANT]:


```bash
ls -la /workspace
```

[EXECUTING bash]:
ls -la /workspace

[OUTPUT]:
total 12
drwxr-xr-x 3 root  root   98 Apr 14 01:36 .
drwxr-xr-x 1 root  root   31 Apr 14 01:36 ..
-rw-r--r-- 1 32113 42021 430 Apr 13 11:12 gen_inputs.py
drwxr-xr-x 2 root  root   32 Apr 14 01:36 notes
-rw-r--r-- 1 root  root  132 Apr 14 01:36 seed_data.json
-rwxr-xr-x 1 32113 42021  39 Apr 13 11:12 setup.sh


--- Turn 2/25 ---

[ASSISTANT]:


```bash
cat /workspace/seed_data.json
```

[EXECUTING bash]:
cat /workspace/seed_data.json

[OUTPUT]:
{
  "task_id": "clawd-presence-task-001",
  "expected_name_hint": "NOVA",
  "expected_letter_hint": "N",
  "expected_timeout": 600
}

--- Turn 3/25 ---

[ASSISTANT]:


```bash
ls -la /workspace/notes/
```

[EXECUTING bash]:
ls -la /workspace/notes/

[OUTPUT]:
total 4
drwxr-xr-x 2 root root 32 Apr 14 01:36 .
drwxr-xr-x 3 root root 98 Apr 14 01:36 ..
-rw-r--r-- 1 root root 67 Apr 14 01:36 marker.txt


--- Turn 4/25 ---

[ASSISTANT]:


```bash
cat /workspace/notes/marker.txt
```

[EXECUTING bash]:
cat /workspace/notes/marker.txt

[OUTPUT]:
marker: clawd-presence-task-001
agent: NOVA
letter: N
timeout: 600


--- Turn 5/25 ---

[ASSISTANT]:


```bash
cat /workspace/setup.sh
```

[EXECUTING bash]:
cat /workspace/setup.sh

[OUTPUT]:
#!/bin/bash
set -e
mkdir -p /workspace


--- Turn 6/25 ---

[ASSISTANT]:


```bash
cat /workspace/gen_inputs.py
```

[EXECUTING bash]:
cat /workspace/gen_inputs.py

[OUTPUT]:
from pathlib import Path
import json

root = Path('.')
(root / 'notes').mkdir(exist_ok=True)
(root / 'notes' / 'marker.txt').write_text('marker: clawd-presence-task-001\nagent: NOVA\nletter: N\ntimeout: 600\n', encoding='utf-8')
(root / 'seed_data.json').write_text(json.dumps({'task_id': 'clawd-presence-task-001', 'expected_name_hint': 'NOVA', 'expected_letter_hint': 'N', 'expected_timeout': 600}, indent=2), encoding='utf-8')


--- Turn 7/25 ---

[ASSISTANT]:


```bash
cat <<'EOF' > /workspace/presence_config.json
{
  "agent_name": "NOVA",
  "monogram": "N",
  "idle_timeout": 600
}
EOF
```

[EXECUTING bash]:
cat <<'EOF' > /workspace/presence_config.json
{
  "agent_name": "NOVA",
  "monogram": "N",
  "idle_timeout": 600
}
EOF

[OUTPUT]:
[Command completed successfully with no output]

--- Turn 8/25 ---

[ASSISTANT]:


```bash
cat /workspace/presence_config.json
```

[EXECUTING bash]:
cat /workspace/presence_config.json

[OUTPUT]:
{
  "agent_name": "NOVA",
  "monogram": "N",
  "idle_timeout": 600
}


--- Turn 9/25 ---

[ASSISTANT]:


TASK_COMPLETE

✅ Agent reported TASK_COMPLETE

Conversation saved to results/repair_run_Qwen3.5-27B_20260414_093645/voidcooks-clawd-presence_create_easy_001/conversation.json

============================================================
Running evaluation...
============================================================

Results for voidcooks-clawd-presence_create_easy_001:
  Passed: False
  Score:  0.00
  Checks:
    ❌ fatal error: unexpected evaluator failure

Cleaning up container f31d9cdb2679...
Container removed.

