Building Docker image...
Creating new container...
Container ready: 57264a5242a1
Workspace files: gen_inputs.py
notes
seed_data.json
setup.sh

============================================================
Starting agent interaction (Repair Mode)...
============================================================

============================================================
TASK: Please set up the presence display for a new agent named NOVA. Use the monogram letter N, set the idle timeout to 600 seconds, and make sure the configuration is saved so the display shows NOVA with the correct monogram next time it starts.
============================================================


--- Turn 1/25 ---

[ASSISTANT]:


```bash
ls -la /workspace
```

[EXECUTING bash]:
ls -la /workspace

[OUTPUT]:
total 12
drwxr-xr-x 3 root  root   98 Apr 14 01:39 .
drwxr-xr-x 1 root  root   31 Apr 14 01:39 ..
-rw-r--r-- 1 32113 42021 430 Apr 13 11:12 gen_inputs.py
drwxr-xr-x 2 root  root   32 Apr 14 01:39 notes
-rw-r--r-- 1 root  root  132 Apr 14 01:39 seed_data.json
-rwxr-xr-x 1 32113 42021  39 Apr 13 11:12 setup.sh


--- Turn 2/25 ---

[ASSISTANT]:


```bash
cat /workspace/seed_data.json
```

[EXECUTING bash]:
cat /workspace/seed_data.json

[OUTPUT]:
{
  "task_id": "clawd-presence-task-001",
  "expected_name_hint": "NOVA",
  "expected_letter_hint": "N",
  "expected_timeout": 600
}

--- Turn 3/25 ---

[ASSISTANT]:


```bash
ls -la /workspace/notes
```

[EXECUTING bash]:
ls -la /workspace/notes

[OUTPUT]:
total 4
drwxr-xr-x 2 root root 32 Apr 14 01:39 .
drwxr-xr-x 3 root root 98 Apr 14 01:39 ..
-rw-r--r-- 1 root root 67 Apr 14 01:39 marker.txt


--- Turn 4/25 ---

[ASSISTANT]:


```bash
cat /workspace/notes/marker.txt
```

[EXECUTING bash]:
cat /workspace/notes/marker.txt

[OUTPUT]:
marker: clawd-presence-task-001
agent: NOVA
letter: N
timeout: 600


--- Turn 5/25 ---

[ASSISTANT]:


```bash
cat /workspace/gen_inputs.py
```

[EXECUTING bash]:
cat /workspace/gen_inputs.py

[OUTPUT]:
from pathlib import Path
import json

root = Path('.')
(root / 'notes').mkdir(exist_ok=True)
(root / 'notes' / 'marker.txt').write_text('marker: clawd-presence-task-001\nagent: NOVA\nletter: N\ntimeout: 600\n', encoding='utf-8')
(root / 'seed_data.json').write_text(json.dumps({'task_id': 'clawd-presence-task-001', 'expected_name_hint': 'NOVA', 'expected_letter_hint': 'N', 'expected_timeout': 600}, indent=2), encoding='utf-8')


--- Turn 6/25 ---

[ASSISTANT]:


```bash
cat /workspace/setup.sh
```

[EXECUTING bash]:
cat /workspace/setup.sh

[OUTPUT]:
#!/bin/bash
set -e
mkdir -p /workspace


--- Turn 7/25 ---

[ASSISTANT]:


```bash
find /workspace -type f -name "*.json" -o -name "*.yaml" -o -name "*.yml" -o -name "*.cfg" -o -name "*.conf" 2>/dev/null
```

[EXECUTING bash]:
find /workspace -type f -name "*.json" -o -name "*.yaml" -o -name "*.yml" -o -name "*.cfg" -o -name "*.conf" 2>/dev/null

[OUTPUT]:
/workspace/seed_data.json


--- Turn 8/25 ---

[ASSISTANT]:


```bash
cat > /workspace/presence_config.json << 'EOF'
{
  "agent": {
    "name": "NOVA",
    "monogram": "N"
  },
  "settings": {
    "idle_timeout": 600
  }
}
EOF
```

[EXECUTING bash]:
cat > /workspace/presence_config.json << 'EOF'
{
  "agent": {
    "name": "NOVA",
    "monogram": "N"
  },
  "settings": {
    "idle_timeout": 600
  }
}
EOF

[OUTPUT]:
[Command completed successfully with no output]

--- Turn 9/25 ---

[ASSISTANT]:


```bash
cat /workspace/presence_config.json
```

[EXECUTING bash]:
cat /workspace/presence_config.json

[OUTPUT]:
{
  "agent": {
    "name": "NOVA",
    "monogram": "N"
  },
  "settings": {
    "idle_timeout": 600
  }
}


--- Turn 10/25 ---

[ASSISTANT]:


```bash
ls -la /workspace/presence_config.json
```

[EXECUTING bash]:
ls -la /workspace/presence_config.json

[OUTPUT]:
-rw-r--r-- 1 root root 106 Apr 14 01:39 /workspace/presence_config.json


--- Turn 11/25 ---

[ASSISTANT]:


I have successfully set up the presence display configuration for the new agent NOVA. Here's what I did:

1. **Explored the workspace** - Found the seed data and marker files that specified the requirements:
   - Agent name: NOVA
   - Monogram letter: N
   - Idle timeout: 600 seconds

2. **Created the configuration file** - `/workspace/presence_config.json` with the following structure:
   - Agent name set to "NOVA"
   - Monogram set to "N"
   - Idle timeout set to 600 seconds

The configuration is now saved in `/workspace/presence_config.json` and will be available for the display to use when it starts.

TASK_COMPLETE

✅ Agent reported TASK_COMPLETE

Conversation saved to results/repair_run_Qwen3.5-27B_20260414_093935/voidcooks-clawd-presence_create_easy_001/conversation.json

============================================================
Running evaluation...
============================================================

Results for voidcooks-clawd-presence_create_easy_001:
  Passed: False
  Score:  0.83
  Checks:
    ✅ marker file exists: marker file readable
    ✅ config.json exists and is valid: config loaded from presence_config.json
    ✅ state.json exists and is valid: state file optional
    ❌ config values match request: letter='NOVA', name={'name': 'NOVA', 'monogram': 'N'}, idle_timeout='NOVA'
    ✅ state file is idle/empty by default: state file optional or empty
    ✅ generated marker content present: searched marker file for NOVA, N, and 600

Cleaning up container 57264a5242a1...
Container removed.

