Building Docker image...
Creating new container...
Container ready: 7588e8b5d4b3
Workspace files: gen_inputs.py
input.txt
setup.sh

============================================================
Starting agent interaction (Repair Mode)...
============================================================

============================================================
TASK: You are in a repository with a humanization utility skill already available. Your task is to prepare a cleaned, natural-sounding version of the draft text below and save it as output.txt in the workspace root.

Requirements:
- Remove obvious AI-writing patterns, stock transitions, and performative sign-offs.
- Keep the meaning intact.
- Make it read like a polished human draft, not a template.
- Preserve factual content and named entities.
- Do not add bullet points unless they are already necessary for meaning.

Input draft:
"At the end of the day, the project was successful because it was able to bring together the team, the timeline, and the budget in a way that was both efficient and effective. First, the planning phase was completed, and secondly, the implementation phase was finished on schedule. I hope this helps, and let me know if you have any questions."

Save the result to output.txt only.
============================================================


--- Turn 1/15 ---

[ASSISTANT]:


```bash
ls -la /workspace
```

[EXECUTING bash]:
ls -la /workspace

[OUTPUT]:
total 12
drwxr-xr-x 2 root  root   76 Apr 13 00:05 .
drwxr-xr-x 1 root  root   31 Apr 13 00:05 ..
-rw-r--r-- 1 32113 42021 485 Apr 12 11:22 gen_inputs.py
-rw-r--r-- 1 root  root  366 Apr 13 00:05 input.txt
-rwxr-xr-x 1 32113 42021  47 Apr 12 11:22 setup.sh


--- Turn 2/15 ---

[ASSISTANT]:


```bash
cat /workspace/input.txt
```

[EXECUTING bash]:
cat /workspace/input.txt

[OUTPUT]:
MARKER_HUMANIZER_INPUT
At the end of the day, the project was successful because it was able to bring together the team, the timeline, and the budget in a way that was both efficient and effective. First, the planning phase was completed, and secondly, the implementation phase was finished on schedule. I hope this helps, and let me know if you have any questions.


--- Turn 3/15 ---

[ASSISTANT]:


```bash
cat > /workspace/output.txt << 'EOF'
The project succeeded by aligning the team, timeline, and budget efficiently. The planning phase wrapped up, and implementation finished on schedule.
EOF
```

[EXECUTING bash]:
cat > /workspace/output.txt << 'EOF'
The project succeeded by aligning the team, timeline, and budget efficiently. The planning phase wrapped up, and implementation finished on schedule.
EOF

[OUTPUT]:
[Command completed successfully with no output]

--- Turn 4/15 ---

[ASSISTANT]:


```bash
cat /workspace/output.txt
```

[EXECUTING bash]:
cat /workspace/output.txt

[OUTPUT]:
The project succeeded by aligning the team, timeline, and budget efficiently. The planning phase wrapped up, and implementation finished on schedule.


--- Turn 5/15 ---

[ASSISTANT]:


TASK_COMPLETE

✅ Agent reported TASK_COMPLETE

Conversation saved to results/repair_run_Qwen3.5-27B_20260413_080501/hosthobbit-ai-writing-humanizer_create_hard_005/conversation.json

============================================================
Running evaluation...
============================================================

Results for hosthobbit-ai-writing-humanizer_create_hard_005:
  Passed: True
  Score:  1.00
  Checks:
    ✅ output_exists: output.txt found
    ✅ no_stock_phrases: stock phrases removed
    ✅ meaning_preserved: required concepts found
    ✅ not_identical_to_input: output differs from input

Cleaning up container 7588e8b5d4b3...
Container removed.

