Building Docker image...
Creating new container...
Container ready: 085552b3ed7c
Workspace files: gen_inputs.py
inputs
setup.sh

============================================================
Starting agent interaction (Repair Mode)...
============================================================

============================================================
TASK: $ python synthesize_task.py --skill agile-product-owner --mode hard --case backlog-to-sprint-packaging
Generate a release-ready sprint planning package from the provided product inputs. Include INVEST-compliant user stories, acceptance criteria, story point estimates, backlog priorities, an epic breakdown, and a sprint plan that respects capacity and leaves buffer. The output should be suitable for a product owner review. Preserve the marker content from the inputs and make the plan internally consistent.
============================================================


--- Turn 1/25 ---

[ASSISTANT]:


```bash
ls -la /workspace
```

[EXECUTING bash]:
ls -la /workspace

[OUTPUT]:
total 8
drwxr-xr-x 3 root  root    73 Apr 13 11:06 .
drwxr-xr-x 1 root  root    31 Apr 13 11:06 ..
-rw-r--r-- 1 32113 42021 2476 Apr 12 10:58 gen_inputs.py
drwxr-xr-x 2 root  root    96 Apr 13 11:06 inputs
-rwxr-xr-x 1 32113 42021   35 Apr 12 10:58 setup.sh


--- Turn 2/25 ---

[ASSISTANT]:


```bash
ls -la /workspace/inputs
```

[EXECUTING bash]:
ls -la /workspace/inputs

[OUTPUT]:
total 12
drwxr-xr-x 2 root root   96 Apr 13 11:06 .
drwxr-xr-x 3 root root   73 Apr 13 11:06 ..
-rw-r--r-- 1 root root 1263 Apr 13 11:06 backlog_seed.json
-rw-r--r-- 1 root root   46 Apr 13 11:06 marker_note.txt
-rw-r--r-- 1 root root  552 Apr 13 11:06 product_brief.json


--- Turn 3/25 ---

[ASSISTANT]:


```bash
cat /workspace/inputs/marker_note.txt
```

[EXECUTING bash]:
cat /workspace/inputs/marker_note.txt

[OUTPUT]:
Important verification marker: PO-MARKER-7F3A


--- Turn 4/25 ---

[ASSISTANT]:


```bash
cat /workspace/inputs/product_brief.json
```

[EXECUTING bash]:
cat /workspace/inputs/product_brief.json

[OUTPUT]:
{
  "epic_name": "Customer onboarding and first-success dashboard",
  "business_goal": "Reduce time-to-first-value for new administrators and power users",
  "teams": {
    "velocity": 29,
    "availability_factor": 0.9,
    "sprint_days": 10
  },
  "constraints": [
    "Do not exceed 85% committed capacity",
    "All stories need testable acceptance criteria",
    "No story above 8 points",
    "Keep at least 10% capacity as buffer"
  ],
  "stakeholders": [
    "Admin users",
    "Power users",
    "New users"
  ],
  "marker": "PO-MARKER-7F3A"
}

--- Turn 5/25 ---

[ASSISTANT]:


```bash
cat /workspace/inputs/backlog_seed.json
```

[EXECUTING bash]:
cat /workspace/inputs/backlog_seed.json

[OUTPUT]:
[
  {
    "id": "ONB-101",
    "title": "Welcome checklist for new administrators",
    "persona": "Administrator",
    "need": "guided first steps",
    "benefit": "reduce setup confusion",
    "priority_hint": "High",
    "complexity_hint": 5
  },
  {
    "id": "ONB-102",
    "title": "Dashboard highlights with key metrics",
    "persona": "Power User",
    "need": "quick visibility into key KPIs",
    "benefit": "save time during daily review",
    "priority_hint": "High",
    "complexity_hint": 5
  },
  {
    "id": "ONB-103",
    "title": "Keyboard-accessible onboarding navigation",
    "persona": "New User",
    "need": "navigate without mouse",
    "benefit": "improve accessibility",
    "priority_hint": "Medium",
    "complexity_hint": 3
  },
  {
    "id": "ONB-104",
    "title": "Export onboarding progress as PDF",
    "persona": "Administrator",
    "need": "share progress with stakeholders",
    "benefit": "enable offline review",
    "priority_hint": "Medium",
    "complexity_hint": 3
  },
  {
    "id": "ONB-105",
    "title": "Contextual help tooltips on setup screens",
    "persona": "New User",
    "need": "clarity on form fields",
    "benefit": "reduce support tickets",
    "priority_hint": "Low",
    "complexity_hint": 2
  }
]

--- Turn 6/25 ---

[ASSISTANT]:


Now I understand the inputs. Let me create a comprehensive sprint planning package. I'll write a Python script to generate this.

```python
import json
from datetime import datetime, timedelta

# Read inputs
with open('/workspace/inputs/marker_note.txt', 'r') as f:
    marker_content = f.read().strip()

with open('/workspace/inputs/product_brief.json', 'r') as f:
    product_brief = json.load(f)

with open('/workspace/inputs/backlog_seed.json', 'r') as f:
    backlog_seed = json.load(f)

# Calculate capacity
velocity = product_brief['teams']['velocity']
availability = product_brief['teams']['availability_factor']
sprint_days = product_brief['teams']['sprint_days']

available_capacity = velocity * availability  # 29 * 0.9 = 26.1
max_committed = available_capacity * 0.85  # 85% = 22.185
buffer_capacity = available_capacity * 0.15  # 15% buffer = 3.915

# Define INVEST-compliant user stories with acceptance criteria
# INVEST = Independent, Negotiable, Valuable, Estimable, Small, Testabl...

--- Turn 7/25 ---

[ASSISTANT]:


```python
import json
from datetime import datetime, timedelta

# Read inputs
with open('/workspace/inputs/marker_note.txt', 'r') as f:
    marker_content = f.read().strip()

with open('/workspace/inputs/product_brief.json', 'r') as f:
    product_brief = json.load(f)

with open('/workspace/inputs/backlog_seed.json', 'r') as f:
    backlog_seed = json.load(f)

# Calculate capacity
velocity = product_brief['teams']['velocity']
availability = product_brief['teams']['availability_factor']
sprint_days = product_brief['teams']['sprint_days']

available_capacity = velocity * availability  # 29 * 0.9 = 26.1
max_committed = available_capacity * 0.85  # 85% = 22.185
buffer_capacity = available_capacity * 0.15  # 15% buffer = 3.915

# Define INVEST-compliant user stories with acceptance criteria
user_stories = [
    {
        "id": "ONB-101",
        "title": "Welcome checklist for new administrators",
        "user_story": "As an Administrator, I want a guided welcome checklist so that I can ...

--- Turn 8/25 ---

[ASSISTANT]:


```python
script = '''
import json
from datetime import datetime, timedelta

# Read inputs
with open('/workspace/inputs/marker_note.txt', 'r') as f:
    marker_content = f.read().strip()

with open('/workspace/inputs/product_brief.json', 'r') as f:
    product_brief = json.load(f)

with open('/workspace/inputs/backlog_seed.json', 'r') as f:
    backlog_seed = json.load(f)

# Calculate capacity
velocity = product_brief['teams']['velocity']
availability = product_brief['teams']['availability_factor']
sprint_days = product_brief['teams']['sprint_days']

available_capacity = velocity * availability  # 29 * 0.9 = 26.1
max_committed = available_capacity * 0.85  # 85% = 22.185
buffer_capacity = available_capacity * 0.15  # 15% buffer = 3.915

# Define INVEST-compliant user stories with acceptance criteria
user_stories = [
    {
        "id": "ONB-101",
        "title": "Welcome checklist for new administrators",
        "user_story": "As an Administrator, I want a guided welcome checklist s...

--- Turn 9/25 ---

[ASSISTANT]:


```bash
cat > /workspace/generate_sprint_plan.py << 'EOF'
import json
from datetime import datetime, timedelta

# Read inputs
with open('/workspace/inputs/marker_note.txt', 'r') as f:
    marker_content = f.read().strip()

with open('/workspace/inputs/product_brief.json', 'r') as f:
    product_brief = json.load(f)

with open('/workspace/inputs/backlog_seed.json', 'r') as f:
    backlog_seed = json.load(f)

# Calculate capacity
velocity = product_brief['teams']['velocity']
availability = product_brief['teams']['availability_factor']
sprint_days = product_brief['teams']['sprint_days']

available_capacity = velocity * availability
max_committed = available_capacity * 0.85
buffer_capacity = available_capacity * 0.15

# Define INVEST-compliant user stories
user_stories = [
    {
        "id": "ONB-101",
        "title": "Welcome checklist for new administrators",
        "user_story": "As an Administrator, I want a guided welcome checklist so that I can complete essential setup steps wit...

--- Turn 10/25 ---

[ASSISTANT]:


```bash
cat > /workspace/generate_sprint_plan.py << 'ENDOFSCRIPT'
import json
from datetime import datetime, timedelta

# Read inputs
with open('/workspace/inputs/marker_note.txt', 'r') as f:
    marker_content = f.read().strip()

with open('/workspace/inputs/product_brief.json', 'r') as f:
    product_brief = json.load(f)

with open('/workspace/inputs/backlog_seed.json', 'r') as f:
    backlog_seed = json.load(f)

# Calculate capacity
velocity = product_brief['teams']['velocity']
availability = product_brief['teams']['availability_factor']
sprint_days = product_brief['teams']['sprint_days']

available_capacity = velocity * availability
max_committed = available_capacity * 0.85
buffer_capacity = available_capacity * 0.15

# Define INVEST-compliant user stories
user_stories = [
    {
        "id": "ONB-101",
        "title": "Welcome checklist for new administrators",
        "user_story": "As an Administrator, I want a guided welcome checklist so that I can complete essential setup s...

--- Turn 11/25 ---

[ASSISTANT]:


```python
import json
from datetime import datetime, timedelta

# Read inputs
with open('/workspace/inputs/marker_note.txt', 'r') as f:
    marker_content = f.read().strip()

with open('/workspace/inputs/product_brief.json', 'r') as f:
    product_brief = json.load(f)

with open('/workspace/inputs/backlog_seed.json', 'r') as f:
    backlog_seed = json.load(f)

# Calculate capacity
velocity = product_brief['teams']['velocity']
availability = product_brief['teams']['availability_factor']
sprint_days = product_brief['teams']['sprint_days']

available_capacity = velocity * availability
max_committed = available_capacity * 0.85
buffer_capacity = available_capacity * 0.15

# Define INVEST-compliant user stories
user_stories = [
    {
        "id": "ONB-101",
        "title": "Welcome checklist for new administrators",
        "user_story": "As an Administrator, I want a guided welcome checklist so that I can complete essential setup steps without confusion.",
        "invest_check": {"inde...

--- Turn 12/25 ---

[ASSISTANT]:


```bash
python3 << 'PYEOF'
import json
from datetime import datetime, timedelta

# Read inputs
with open('/workspace/inputs/marker_note.txt', 'r') as f:
    marker_content = f.read().strip()

with open('/workspace/inputs/product_brief.json', 'r') as f:
    product_brief = json.load(f)

with open('/workspace/inputs/backlog_seed.json', 'r') as f:
    backlog_seed = json.load(f)

# Calculate capacity
velocity = product_brief['teams']['velocity']
availability = product_brief['teams']['availability_factor']
sprint_days = product_brief['teams']['sprint_days']

available_capacity = velocity * availability
max_committed = available_capacity * 0.85
buffer_capacity = available_capacity * 0.15

# Define INVEST-compliant user stories
user_stories = [
    {
        "id": "ONB-101",
        "title": "Welcome checklist for new administrators",
        "user_story": "As an Administrator, I want a guided welcome checklist so that I can complete essential setup steps without confusion.",
        "inve...

--- Turn 13/25 ---
[API ERROR]: Error code: 400 - {'error': {'message': "You passed 14337 input tokens and requested 2048 output tokens. However, the model's context length is only 16384 tokens, resulting in a maximum input length of 14336 tokens. Please reduce the length of the input prompt. (parameter=input_tokens, value=14337)", 'type': 'BadRequestError', 'param': 'input_tokens', 'code': 400}}

--- Turn 14/25 ---
[API ERROR]: Error code: 400 - {'error': {'message': "You passed 14337 input tokens and requested 2048 output tokens. However, the model's context length is only 16384 tokens, resulting in a maximum input length of 14336 tokens. Please reduce the length of the input prompt. (parameter=input_tokens, value=14337)", 'type': 'BadRequestError', 'param': 'input_tokens', 'code': 400}}

--- Turn 15/25 ---
[API ERROR]: Error code: 400 - {'error': {'message': "You passed 14337 input tokens and requested 2048 output tokens. However, the model's context length is only 16384 tokens, resulting in a maximum input length of 14336 tokens. Please reduce the length of the input prompt. (parameter=input_tokens, value=14337)", 'type': 'BadRequestError', 'param': 'input_tokens', 'code': 400}}

--- Turn 16/25 ---
[API ERROR]: Error code: 400 - {'error': {'message': "You passed 14337 input tokens and requested 2048 output tokens. However, the model's context length is only 16384 tokens, resulting in a maximum input length of 14336 tokens. Please reduce the length of the input prompt. (parameter=input_tokens, value=14337)", 'type': 'BadRequestError', 'param': 'input_tokens', 'code': 400}}

--- Turn 17/25 ---
[API ERROR]: Error code: 400 - {'error': {'message': "You passed 14337 input tokens and requested 2048 output tokens. However, the model's context length is only 16384 tokens, resulting in a maximum input length of 14336 tokens. Please reduce the length of the input prompt. (parameter=input_tokens, value=14337)", 'type': 'BadRequestError', 'param': 'input_tokens', 'code': 400}}

--- Turn 18/25 ---
[API ERROR]: Error code: 400 - {'error': {'message': "You passed 14337 input tokens and requested 2048 output tokens. However, the model's context length is only 16384 tokens, resulting in a maximum input length of 14336 tokens. Please reduce the length of the input prompt. (parameter=input_tokens, value=14337)", 'type': 'BadRequestError', 'param': 'input_tokens', 'code': 400}}

--- Turn 19/25 ---
[API ERROR]: Error code: 400 - {'error': {'message': "You passed 14337 input tokens and requested 2048 output tokens. However, the model's context length is only 16384 tokens, resulting in a maximum input length of 14336 tokens. Please reduce the length of the input prompt. (parameter=input_tokens, value=14337)", 'type': 'BadRequestError', 'param': 'input_tokens', 'code': 400}}

--- Turn 20/25 ---
[API ERROR]: Error code: 400 - {'error': {'message': "You passed 14337 input tokens and requested 2048 output tokens. However, the model's context length is only 16384 tokens, resulting in a maximum input length of 14336 tokens. Please reduce the length of the input prompt. (parameter=input_tokens, value=14337)", 'type': 'BadRequestError', 'param': 'input_tokens', 'code': 400}}

--- Turn 21/25 ---
[API ERROR]: Error code: 400 - {'error': {'message': "You passed 14337 input tokens and requested 2048 output tokens. However, the model's context length is only 16384 tokens, resulting in a maximum input length of 14336 tokens. Please reduce the length of the input prompt. (parameter=input_tokens, value=14337)", 'type': 'BadRequestError', 'param': 'input_tokens', 'code': 400}}

--- Turn 22/25 ---
[API ERROR]: Error code: 400 - {'error': {'message': "You passed 14337 input tokens and requested 2048 output tokens. However, the model's context length is only 16384 tokens, resulting in a maximum input length of 14336 tokens. Please reduce the length of the input prompt. (parameter=input_tokens, value=14337)", 'type': 'BadRequestError', 'param': 'input_tokens', 'code': 400}}

--- Turn 23/25 ---
[API ERROR]: Error code: 400 - {'error': {'message': "You passed 14337 input tokens and requested 2048 output tokens. However, the model's context length is only 16384 tokens, resulting in a maximum input length of 14336 tokens. Please reduce the length of the input prompt. (parameter=input_tokens, value=14337)", 'type': 'BadRequestError', 'param': 'input_tokens', 'code': 400}}

--- Turn 24/25 ---
[API ERROR]: Error code: 400 - {'error': {'message': "You passed 14337 input tokens and requested 2048 output tokens. However, the model's context length is only 16384 tokens, resulting in a maximum input length of 14336 tokens. Please reduce the length of the input prompt. (parameter=input_tokens, value=14337)", 'type': 'BadRequestError', 'param': 'input_tokens', 'code': 400}}

--- Turn 25/25 ---
[API ERROR]: Error code: 400 - {'error': {'message': "You passed 14337 input tokens and requested 2048 output tokens. However, the model's context length is only 16384 tokens, resulting in a maximum input length of 14336 tokens. Please reduce the length of the input prompt. (parameter=input_tokens, value=14337)", 'type': 'BadRequestError', 'param': 'input_tokens', 'code': 400}}

⚠️ Agent reached max turns (25)

Conversation saved to results/repair_run_Qwen3.5-27B_20260413_190619/alirezarezvani-agile-product-owner_create_hard_005/conversation.json

============================================================
Running evaluation...
============================================================

Results for alirezarezvani-agile-product-owner_create_hard_005:
  Passed: False
  Score:  0.10
  Checks:
    ❌ file_exists::backlog_package.json: missing
    ❌ file_exists::sprint_plan.md: missing
    ❌ file_exists::epic_breakdown.md: missing
    ❌ package_parse: read failed: [Errno 2] No such file or directory: '/workspace/backlog_package.json'
    ❌ marker_preserved: marker missing
    ❌ story_count: count=0
    ✅ points_cap: all stories <=8
    ❌ capacity_rule: capacity=0, committed=0, threshold=0
    ❌ sprint_plan_content: read failed: [Errno 2] No such file or directory: '/workspace/sprint_plan.md'
    ❌ epic_breakdown_content: read failed: [Errno 2] No such file or directory: '/workspace/epic_breakdown.md'

Cleaning up container 085552b3ed7c...
Container removed.

