Building Docker image...
Creating new container...
Container ready: 11c42cf2925e
Workspace files: gen_inputs.py
inputs
setup.sh

============================================================
Starting agent interaction (Repair Mode)...
============================================================

============================================================
TASK: $ python synthesize_task.py --skill agile-product-owner --mode hard --case backlog-to-sprint-packaging
Generate a release-ready sprint planning package from the provided product inputs. Include INVEST-compliant user stories, acceptance criteria, story point estimates, backlog priorities, an epic breakdown, and a sprint plan that respects capacity and leaves buffer. The output should be suitable for a product owner review. Preserve the marker content from the inputs and make the plan internally consistent.

**Output Requirements:**
- Create `/workspace/backlog_package.json` containing all user stories with INVEST checks, acceptance criteria, and story points
- Create `/workspace/sprint_plan.md` with sprint goal, committed stories, and stretch goals
- Create `/workspace/epic_breakdown.md` with epic name, business goal, and story dependencies

All files must be in the `/workspace` directory.
============================================================


--- Turn 1/25 ---

[ASSISTANT]:


```bash
ls -la /workspace
```

[EXECUTING bash]:
ls -la /workspace

[OUTPUT]:
total 8
drwxr-xr-x 3 root  root    73 Apr 13 11:15 .
drwxr-xr-x 1 root  root    31 Apr 13 11:15 ..
-rw-r--r-- 1 32113 42021 2476 Apr 12 10:58 gen_inputs.py
drwxr-xr-x 2 root  root    96 Apr 13 11:15 inputs
-rwxr-xr-x 1 32113 42021   35 Apr 12 10:58 setup.sh


--- Turn 2/25 ---

[ASSISTANT]:


```bash
ls -la /workspace/inputs
```

[EXECUTING bash]:
ls -la /workspace/inputs

[OUTPUT]:
total 12
drwxr-xr-x 2 root root   96 Apr 13 11:15 .
drwxr-xr-x 3 root root   73 Apr 13 11:15 ..
-rw-r--r-- 1 root root 1263 Apr 13 11:15 backlog_seed.json
-rw-r--r-- 1 root root   46 Apr 13 11:15 marker_note.txt
-rw-r--r-- 1 root root  552 Apr 13 11:15 product_brief.json


--- Turn 3/25 ---

[ASSISTANT]:


```bash
cat /workspace/inputs/product_brief.json
```

[EXECUTING bash]:
cat /workspace/inputs/product_brief.json

[OUTPUT]:
{
  "epic_name": "Customer onboarding and first-success dashboard",
  "business_goal": "Reduce time-to-first-value for new administrators and power users",
  "teams": {
    "velocity": 29,
    "availability_factor": 0.9,
    "sprint_days": 10
  },
  "constraints": [
    "Do not exceed 85% committed capacity",
    "All stories need testable acceptance criteria",
    "No story above 8 points",
    "Keep at least 10% capacity as buffer"
  ],
  "stakeholders": [
    "Admin users",
    "Power users",
    "New users"
  ],
  "marker": "PO-MARKER-7F3A"
}

--- Turn 4/25 ---

[ASSISTANT]:


```bash
cat /workspace/inputs/backlog_seed.json
```

[EXECUTING bash]:
cat /workspace/inputs/backlog_seed.json

[OUTPUT]:
[
  {
    "id": "ONB-101",
    "title": "Welcome checklist for new administrators",
    "persona": "Administrator",
    "need": "guided first steps",
    "benefit": "reduce setup confusion",
    "priority_hint": "High",
    "complexity_hint": 5
  },
  {
    "id": "ONB-102",
    "title": "Dashboard highlights with key metrics",
    "persona": "Power User",
    "need": "quick visibility into key KPIs",
    "benefit": "save time during daily review",
    "priority_hint": "High",
    "complexity_hint": 5
  },
  {
    "id": "ONB-103",
    "title": "Keyboard-accessible onboarding navigation",
    "persona": "New User",
    "need": "navigate without mouse",
    "benefit": "improve accessibility",
    "priority_hint": "Medium",
    "complexity_hint": 3
  },
  {
    "id": "ONB-104",
    "title": "Export onboarding progress as PDF",
    "persona": "Administrator",
    "need": "share progress with stakeholders",
    "benefit": "enable offline review",
    "priority_hint": "Medium",
    "complexity_hint": 3
  },
  {
    "id": "ONB-105",
    "title": "Contextual help tooltips on setup screens",
    "persona": "New User",
    "need": "clarity on form fields",
    "benefit": "reduce support tickets",
    "priority_hint": "Low",
    "complexity_hint": 2
  }
]

--- Turn 5/25 ---

[ASSISTANT]:


```bash
cat /workspace/inputs/marker_note.txt
```

[EXECUTING bash]:
cat /workspace/inputs/marker_note.txt

[OUTPUT]:
Important verification marker: PO-MARKER-7F3A


--- Turn 6/25 ---

[ASSISTANT]:


Now I understand the inputs. Let me create the required output files. I'll start by creating the `backlog_package.json` with INVEST-compliant user stories.

```python
import json

# Read marker from input
marker = "PO-MARKER-7F3A"

# Create INVEST-compliant user stories based on backlog seed
backlog_package = {
    "marker": marker,
    "epic_name": "Customer onboarding and first-success dashboard",
    "business_goal": "Reduce time-to-first-value for new administrators and power users",
    "sprint_capacity": {
        "velocity": 29,
        "availability_factor": 0.9,
        "effective_capacity": 26,
        "committed_capacity_pct": 85,
        "committed_points": 22,
        "buffer_points": 4
    },
    "user_stories": [
        {
            "id": "ONB-101",
            "title": "Welcome checklist for new administrators",
            "user_story_format": "As an Administrator, I want a guided welcome checklist so that I can complete essential setup steps without confusion",
  ...

--- Turn 7/25 ---

[ASSISTANT]:


```python
import json

# Read marker from input
marker = "PO-MARKER-7F3A"

# Create INVEST-compliant user stories based on backlog seed
backlog_package = {
    "marker": marker,
    "epic_name": "Customer onboarding and first-success dashboard",
    "business_goal": "Reduce time-to-first-value for new administrators and power users",
    "sprint_capacity": {
        "velocity": 29,
        "availability_factor": 0.9,
        "effective_capacity": 26,
        "committed_capacity_pct": 85,
        "committed_points": 22,
        "buffer_points": 4
    },
    "user_stories": [
        {
            "id": "ONB-101",
            "title": "Welcome checklist for new administrators",
            "user_story_format": "As an Administrator, I want a guided welcome checklist so that I can complete essential setup steps without confusion",
            "priority": "High",
            "story_points": 5,
            "invest_check": {
                "Independent": True,
                "Negotiable":...

[EXECUTING python]:
import json

# Read marker from input
marker = "PO-MARKER-7F3A"

# Create INVEST-compliant user stories based on backlog seed
backlog_package = {
    "marker": marker,
    "epic_name": "Customer onboarding and first-success dashboard",
    "business_goal": "Reduce time-to-first-value for new administrators and power users",
    "sprint_capacity": {
        "velocity": 29,
        "availability_factor": 0.9,
        "effective_capacity": 26,
        "committed_capacity_pct": 85,
        "committed_points": 22,
        "buffer_points": 4
    },
    "user_stories": [
        {
            "id": "ONB-101",
            "title": "Welcome checklist for new administrators",
            "user_story_format": "As an Administrator, I want a guided welcome checklist so that I can complete essential setup steps without confusion",
            "priority": "High",
            "story_points": 5,
            "invest_check": {
                "Independent": True,
                "Negotiable": True,
                "Valuable": True,
                "Estimable": True,
                "Small": True,
                "Testable": True,
                "notes": "Story is self-contained, can be implemented independently, delivers clear value to administrators"
            },
            "acceptance_criteria": [
                "Given a new administrator account, when they log in for the first time, then they see a welcome checklist with at least 5 setup items",
                "Given the welcome checklist, when I complete an item, then it is marked as complete and progress is shown",
                "Given the welcome checklist, when all items are complete, then I see a congratulatory message and the checklist is archived",
                "Given the welcome checklist, when I navigate away and return, then my progress is preserved"
            ],
            "complexity": "Medium",
            "dependencies": []
        },
        {
            "id": "ONB-102",
            "title": "Dashboard highlights with key metrics",
            "user_story_format": "As a Power User, I want to see key metrics highlighted on my dashboard so that I can quickly review important KPIs",
            "priority": "High",
            "story_points": 5,
            "invest_check": {
                "Independent": True,
                "Negotiable": True,
                "Valuable": True,
                "Estimable": True,
                "Small": True,
                "Testable": True,
                "notes": "Dashboard metrics can be defined and adjusted, delivers immediate value for daily reviews"
            },
            "acceptance_criteria": [
                "Given I am logged in, when I view my dashboard, then I see at least 3 key metric cards prominently displayed",
                "Given the dashboard metrics, when I hover over a metric card, then I see additional context and a trend indicator",
                "Given the dashboard metrics, when I refresh the page, then metrics are updated with current data",
                "Given the dashboard, when I have no data available, then I see a placeholder with helpful guidance"
            ],
            "complexity": "Medium",
            "dependencies": []
        },
        {
            "id": "ONB-103",
            "title": "Keyboard-accessible onboarding navigation",
            "user_story_format": "As a New User, I want to navigate the onboarding flow using only my keyboard so that I can set up my account without a mouse",
            "priority": "Medium",
            "story_points": 3,
            "invest_check": {
                "Independent": True,
                "Negotiable": True,
                "Valuable": True,
                "Estimable": True,
                "Small": True,
                "Testable": True,
                "notes": "Accessibility feature that can be tested with keyboard-only navigation"
            },
            "acceptance_criteria": [
                "Given I am on an onboarding screen, when I press Tab, then focus moves to the next interactive element",
                "Given I am on an onboarding screen, when I press Shift+Tab, then focus moves to the previous interactive element",
                "Given I am focused on a button, when I press Enter or Space, then the button action is triggered",
                "Given I am navigating with keyboard, then a visible focus indicator is always shown on the active element"
            ],
            "complexity": "Low",
            "dependencies": []
        },
        {
            "id": "ONB-104",
            "title": "Export onboarding progress as PDF",
            "user_story_format": "As an Administrator, I want to export my onboarding progress as a PDF so that I can share it with stakeholders for offline review",
            "priority": "Medium",
            "story_points": 3,
            "invest_check": {
                "Independent": True,
                "Negotiable": True,
                "Valuable": True,
                "Estimable": True,
                "Small": True,
                "Testable": True,
                "notes": "Export feature is self-contained and can be tested with PDF validation"
            },
            "acceptance_criteria": [
                "Given I have completed some onboarding items, when I click the export button, then a PDF is generated and downloaded",
                "Given the exported PDF, when I open it, then it contains my onboarding progress with all completed items listed",
                "Given the exported PDF, when I open it, then it includes my account name and export date",
                "Given the export button, when I have no progress to export, then I see a message indicating no data available"
            ],
            "complexity": "Low",
            "dependencies": ["ONB-101"]
        },
        {
            "id": "ONB-105",
            "title": "Contextual help tooltips on setup screens",
            "user_story_format": "As a New User, I want contextual help tooltips on setup form fields so that I understand what information is required",
            "priority": "Low",
            "story_points": 2,
            "invest_check": {
                "Independent": True,
                "Negotiable": True,
                "Valuable": True,
                "Estimable": True,
                "Small": True,
                "Testable": True,
                "notes": "Small enhancement that can be added incrementally to any form field"
            },
            "acceptance_criteria": [
                "Given I am on a setup screen with form fields, when I hover over a field with a help icon, then a tooltip appears with guidance",
                "Given the tooltip, when I move my cursor away, then the tooltip disappears",
                "Given the tooltip, when I press Escape, then the tooltip is dismissed",
                "Given a required field, when I view its tooltip, then it clearly indicates the field is mandatory"
            ],
            "complexity": "Low",
            "dependencies": []
        }
    ]
}

# Write backlog_package.json
with open('/workspace/backlog_package.json', 'w') as f:
    json.dump(backlog_package, f, indent=2)

print("Created backlog_package.json")

[OUTPUT]:
Created backlog_package.json


--- Turn 8/25 ---

[ASSISTANT]:


```python
# Create sprint_plan.md
sprint_plan = """# Sprint Plan: Customer Onboarding and First-Success Dashboard

**Marker:** PO-MARKER-7F3A  
**Sprint Duration:** 10 days  
**Team Velocity:** 29 points  
**Availability Factor:** 90%  
**Effective Capacity:** 26 points

---

## Sprint Goal

Enable new administrators and power users to achieve first-value quickly through an intuitive onboarding experience with a clear progress tracking dashboard.

---

## Capacity Planning

| Metric | Value |
|--------|-------|
| Team Velocity | 29 points |
| Availability Factor | 90% |
| Effective Capacity | 26 points |
| Committed Capacity (85%) | 22 points |
| Buffer (15%) | 4 points |

**Capacity Constraints Met:**
- ✅ Committed capacity does not exceed 85% (22/26 = 84.6%)
- ✅ Buffer of 10%+ reserved for unplanned work (4 points)
- ✅ No single story exceeds 8 story points
- ✅ All stories have testable acceptance criteria

---

## Committed Stories (22 points)

| ID | Story | Priority | Points |
|...

[EXECUTING python]:
# Create sprint_plan.md
sprint_plan = """# Sprint Plan: Customer Onboarding and First-Success Dashboard

**Marker:** PO-MARKER-7F3A  
**Sprint Duration:** 10 days  
**Team Velocity:** 29 points  
**Availability Factor:** 90%  
**Effective Capacity:** 26 points

---

## Sprint Goal

Enable new administrators and power users to achieve first-value quickly through an intuitive onboarding experience with a clear progress tracking dashboard.

---

## Capacity Planning

| Metric | Value |
|--------|-------|
| Team Velocity | 29 points |
| Availability Factor | 90% |
| Effective Capacity | 26 points |
| Committed Capacity (85%) | 22 points |
| Buffer (15%) | 4 points |

**Capacity Constraints Met:**
- ✅ Committed capacity does not exceed 85% (22/26 = 84.6%)
- ✅ Buffer of 10%+ reserved for unplanned work (4 points)
- ✅ No single story exceeds 8 story points
- ✅ All stories have testable acceptance criteria

---

## Committed Stories (22 points)

| ID | Story | Priority | Points |
|----|-------|----------|--------|
| ONB-101 | Welcome checklist for new administrators | High | 5 |
| ONB-102 | Dashboard highlights with key metrics | High | 5 |
| ONB-103 | Keyboard-accessible onboarding navigation | Medium | 3 |
| ONB-104 | Export onboarding progress as PDF | Medium | 3 |
| ONB-105 | Contextual help tooltips on setup screens | Low | 2 |
| **Total** | | | **18** |

*Note: Total committed is 18 points, leaving 4 points buffer within the 85% commitment limit.*

### Detailed Commitment Breakdown

#### ONB-101: Welcome checklist for new administrators (5 pts)
**User Story:** As an Administrator, I want a guided welcome checklist so that I can complete essential setup steps without confusion.

**Dependencies:** None

#### ONB-102: Dashboard highlights with key metrics (5 pts)
**User Story:** As a Power User, I want to see key metrics highlighted on my dashboard so that I can quickly review important KPIs.

**Dependencies:** None

#### ONB-103: Keyboard-accessible onboarding navigation (3 pts)
**User Story:** As a New User, I want to navigate the onboarding flow using only my keyboard so that I can set up my account without a mouse.

**Dependencies:** None

#### ONB-104: Export onboarding progress as PDF (3 pts)
**User Story:** As an Administrator, I want to export my onboarding progress as a PDF so that I can share it with stakeholders for offline review.

**Dependencies:** ONB-101 (must complete welcome checklist first)

#### ONB-105: Contextual help tooltips on setup screens (2 pts)
**User Story:** As a New User, I want contextual help tooltips on setup form fields so that I understand what information is required.

**Dependencies:** None

---

## Stretch Goals (Buffer: 4 points)

If the team completes all committed stories ahead of schedule, consider:

1. **Analytics Integration** (3-4 pts): Track onboarding completion rates and drop-off points
2. **Email Reminders** (2-3 pts): Send gentle reminders to administrators who haven't completed their checklist
3. **Dark Mode Support** (2-3 pts): Ensure onboarding screens support dark theme

---

## Risk Assessment

| Risk | Impact | Mitigation |
|------|--------|------------|
| ONB-104 depends on ONB-101 completion | Medium | Schedule ONB-101 early in sprint |
| Dashboard metrics data availability | Medium | Use mock data for initial development |
| Accessibility testing time | Low | Allocate dedicated testing time |

---

## Definition of Done

- [ ] Code complete and reviewed
- [ ] All acceptance criteria met
- [ ] Unit tests passing
- [ ] Integration tests passing
- [ ] Accessibility checks passed (WCAG 2.1 AA)
- [ ] Documentation updated
- [ ] Product Owner approval

---

*Generated for Product Owner Review | Marker: PO-MARKER-7F3A*
"""

with open('/workspace/sprint_plan.md', 'w') as f:
    f.write(sprint_plan)

print("Created sprint_plan.md")

[OUTPUT]:
Created sprint_plan.md


--- Turn 9/25 ---

[ASSISTANT]:


```python
# Create epic_breakdown.md
epic_breakdown = """# Epic Breakdown: Customer Onboarding and First-Success Dashboard

**Marker:** PO-MARKER-7F3A  
**Epic Name:** Customer onboarding and first-success dashboard  
**Business Goal:** Reduce time-to-first-value for new administrators and power users

---

## Epic Overview

This epic focuses on creating a streamlined onboarding experience that guides new users through essential setup steps while providing visibility into progress and key metrics. The goal is to reduce confusion, accelerate time-to-value, and improve the overall user experience for all user types.

### Target Stakeholders

- **Admin users** - Need structured onboarding and progress tracking
- **Power users** - Need quick access to key metrics and KPIs
- **New users** - Need accessible, guided onboarding with helpful context

---

## Story Dependencies Map

```
ONB-101 ────────┐
  │             │
  │ (depends)   │
  ▼             │
ONB-104         │
                │
...

[EXECUTING python]:
# Create epic_breakdown.md
epic_breakdown = """# Epic Breakdown: Customer Onboarding and First-Success Dashboard

**Marker:** PO-MARKER-7F3A  
**Epic Name:** Customer onboarding and first-success dashboard  
**Business Goal:** Reduce time-to-first-value for new administrators and power users

---

## Epic Overview

This epic focuses on creating a streamlined onboarding experience that guides new users through essential setup steps while providing visibility into progress and key metrics. The goal is to reduce confusion, accelerate time-to-value, and improve the overall user experience for all user types.

### Target Stakeholders

- **Admin users** - Need structured onboarding and progress tracking
- **Power users** - Need quick access to key metrics and KPIs
- **New users** - Need accessible, guided onboarding with helpful context

---

## Story Dependencies Map

[OUTPUT]:
[EXIT CODE: 1]
  File "/tmp/_agent_script.py", line 2
    epic_breakdown = """# Epic Breakdown: Customer Onboarding and First-Success Dashboard
                     ^
SyntaxError: unterminated triple-quoted string literal (detected at line 22)


--- Turn 10/25 ---

[ASSISTANT]:


```python
# Create epic_breakdown.md
epic_breakdown = '''# Epic Breakdown: Customer Onboarding and First-Success Dashboard

**Marker:** PO-MARKER-7F3A  
**Epic Name:** Customer onboarding and first-success dashboard  
**Business Goal:** Reduce time-to-first-value for new administrators and power users

---

## Epic Overview

This epic focuses on creating a streamlined onboarding experience that guides new users through essential setup steps while providing visibility into progress and key metrics. The goal is to reduce confusion, accelerate time-to-value, and improve the overall user experience for all user types.

### Target Stakeholders

- **Admin users** - Need structured onboarding and progress tracking
- **Power users** - Need quick access to key metrics and KPIs
- **New users** - Need accessible, guided onboarding with helpful context

---

## Story Dependencies Map

ONB-101 (Welcome checklist) 
    |
    +---> ONB-104 (Export progress PDF) [depends on checklist data]

ONB-102 ...

[EXECUTING python]:
# Create epic_breakdown.md
epic_breakdown = '''# Epic Breakdown: Customer Onboarding and First-Success Dashboard

**Marker:** PO-MARKER-7F3A  
**Epic Name:** Customer onboarding and first-success dashboard  
**Business Goal:** Reduce time-to-first-value for new administrators and power users

---

## Epic Overview

This epic focuses on creating a streamlined onboarding experience that guides new users through essential setup steps while providing visibility into progress and key metrics. The goal is to reduce confusion, accelerate time-to-value, and improve the overall user experience for all user types.

### Target Stakeholders

- **Admin users** - Need structured onboarding and progress tracking
- **Power users** - Need quick access to key metrics and KPIs
- **New users** - Need accessible, guided onboarding with helpful context

---

## Story Dependencies Map

ONB-101 (Welcome checklist) 
    |
    +---> ONB-104 (Export progress PDF) [depends on checklist data]

ONB-102 (Dashboard metrics) - Independent

ONB-103 (Keyboard navigation) - Independent

ONB-105 (Help tooltips) - Independent

### Dependency Details

| Story ID | Depends On | Reason |
|----------|------------|--------|
| ONB-101 | None | Foundation story - no dependencies |
| ONB-102 | None | Independent dashboard feature |
| ONB-103 | None | Independent accessibility feature |
| ONB-104 | ONB-101 | Export requires progress data from checklist |
| ONB-105 | None | Independent UI enhancement |

---

## Story Breakdown by Theme

### Theme 1: Guided Onboarding (High Priority)
**Goal:** Provide clear, actionable steps for new administrators

| Story | Points | Status |
|-------|--------|--------|
| ONB-101: Welcome checklist for new administrators | 5 | Committed |

### Theme 2: Visibility and Metrics (High Priority)
**Goal:** Enable quick access to important information

| Story | Points | Status |
|-------|--------|--------|
| ONB-102: Dashboard highlights with key metrics | 5 | Committed |

### Theme 3: Accessibility and UX (Medium Priority)
**Goal:** Ensure inclusive and intuitive user experience

| Story | Points | Status |
|-------|--------|--------|
| ONB-103: Keyboard-accessible onboarding navigation | 3 | Committed |
| ONB-105: Contextual help tooltips on setup screens | 2 | Committed |

### Theme 4: Reporting and Sharing (Medium Priority)
**Goal:** Enable stakeholders to review onboarding progress

| Story | Points | Status |
|-------|--------|--------|
| ONB-104: Export onboarding progress as PDF | 3 | Committed |

---

## Success Metrics

| Metric | Target | Measurement |
|--------|--------|-------------|
| Onboarding completion rate | >80% | % of new users completing checklist |
| Time to first dashboard view | <5 minutes | Average time from signup to dashboard |
| Support tickets related to setup | -50% | Month-over-month reduction |
| Accessibility compliance | WCAG 2.1 AA | Automated + manual testing |

---

## Acceptance Criteria for Epic Completion

- [ ] All committed stories completed and merged
- [ ] Onboarding checklist has at least 5 actionable items
- [ ] Dashboard displays at least 3 key metrics with trend indicators
- [ ] Full keyboard navigation support verified
- [ ] PDF export generates valid, readable documents
- [ ] All tooltips display relevant, accurate information
- [ ] Product Owner sign-off obtained

---

## Notes for Product Owner

1. **Priority Sequencing:** ONB-101 should be developed early as it is a dependency for ONB-104
2. **Testing Focus:** Accessibility testing for ONB-103 requires dedicated time
3. **Data Considerations:** ONB-102 may need backend support for metric calculations
4. **Buffer Utilization:** 4 points reserved for unexpected issues or scope adjustments

---

*Generated for Product Owner Review | Marker: PO-MARKER-7F3A*
'''

with open('/workspace/epic_breakdown.md', 'w') as f:
    f.write(epic_breakdown)

print("Created epic_breakdown.md")

[OUTPUT]:
Created epic_breakdown.md


--- Turn 11/25 ---

[ASSISTANT]:


```bash
ls -la /workspace/*.json /workspace/*.md
```

[EXECUTING bash]:
ls -la /workspace/*.json /workspace/*.md

[OUTPUT]:
-rw-r--r-- 1 root root 6138 Apr 13 11:15 /workspace/backlog_package.json
-rw-r--r-- 1 root root 3759 Apr 13 11:16 /workspace/epic_breakdown.md
-rw-r--r-- 1 root root 3702 Apr 13 11:16 /workspace/sprint_plan.md


--- Turn 12/25 ---

[ASSISTANT]:


```bash
cat /workspace/backlog_package.json | head -50
```

[EXECUTING bash]:
cat /workspace/backlog_package.json | head -50

[OUTPUT]:
{
  "marker": "PO-MARKER-7F3A",
  "epic_name": "Customer onboarding and first-success dashboard",
  "business_goal": "Reduce time-to-first-value for new administrators and power users",
  "sprint_capacity": {
    "velocity": 29,
    "availability_factor": 0.9,
    "effective_capacity": 26,
    "committed_capacity_pct": 85,
    "committed_points": 22,
    "buffer_points": 4
  },
  "user_stories": [
    {
      "id": "ONB-101",
      "title": "Welcome checklist for new administrators",
      "user_story_format": "As an Administrator, I want a guided welcome checklist so that I can complete essential setup steps without confusion",
      "priority": "High",
      "story_points": 5,
      "invest_check": {
        "Independent": true,
        "Negotiable": true,
        "Valuable": true,
        "Estimable": true,
        "Small": true,
        "Testable": true,
        "notes": "Story is self-contained, can be implemented independently, delivers clear value to administrators"
      },
      "acceptance_criteria": [
        "Given a new administrator account, when they log in for the first time, then they see a welcome checklist with at least 5 setup items",
        "Given the welcome checklist, when I complete an item, then it is marked as complete and progress is shown",
        "Given the welcome checklist, when all items are complete, then I see a congratulatory message and the checklist is archived",
        "Given the welcome checklist, when I navigate away and return, then my progress is preserved"
      ],
      "complexity": "Medium",
      "dependencies": []
    },
    {
      "id": "ONB-102",
      "title": "Dashboard highlights with key metrics",
      "user_story_format": "As a Power User, I want to see key metrics highlighted on my dashboard so that I can quickly review important KPIs",
      "priority": "High",
      "story_points": 5,
      "invest_check": {
        "Independent": true,
        "Negotiable": true,
        "Valuable": true,
        "Estim...

--- Turn 13/25 ---

[ASSISTANT]:


All three required files have been created successfully:

1. **`/workspace/backlog_package.json`** - Contains all 5 user stories with:
   - INVEST compliance checks (all 6 criteria marked with notes)
   - Testable acceptance criteria (Given/When/Then format)
   - Story point estimates (2-5 points, none exceeding 8)
   - Priority levels and dependencies

2. **`/workspace/sprint_plan.md`** - Contains:
   - Sprint goal for the 10-day sprint
   - Capacity planning (29 velocity, 90% availability, 26 effective capacity)
   - Committed stories (18 points, within 85% limit of 22 points)
   - Stretch goals for the 4-point buffer
   - Risk assessment and Definition of Done

3. **`/workspace/epic_breakdown.md`** - Contains:
   - Epic name: "Customer onboarding and first-success dashboard"
   - Business goal: "Reduce time-to-first-value for new administrators and power users"
   - Story dependency map (ONB-104 depends on ONB-101)
   - Theme-based story breakdown
   - Success metrics and acceptan...

✅ Agent reported TASK_COMPLETE

Conversation saved to results/repair_run_Qwen3.5-27B_20260413_191518/alirezarezvani-agile-product-owner_create_hard_005/conversation.json

============================================================
Running evaluation...
============================================================

Results for alirezarezvani-agile-product-owner_create_hard_005:
  Passed: False
  Score:  0.90
  Checks:
    ✅ file_exists::backlog_package.json: found
    ✅ file_exists::sprint_plan.md: found
    ✅ file_exists::epic_breakdown.md: found
    ✅ package_parse: json parsed
    ✅ marker_preserved: marker present
    ✅ story_count: count=5
    ✅ points_cap: all stories <=8
    ❌ capacity_rule: capacity=0, committed=0, threshold=0
    ✅ sprint_plan_content: goal=True, committed=True, stretch=True
    ✅ epic_breakdown_content: independent=True, value=True, sequence=True

Cleaning up container 11c42cf2925e...
Container removed.

