Building Docker image...
Creating new container...
Container ready: 67b3f0a85866
Workspace files: README_input.txt
gen_inputs.py
marker.json
setup.sh

============================================================
Starting agent interaction (Repair Mode)...
============================================================

============================================================
TASK: Create a small Node.js attestation demo for local testing. In the workspace, build a simple WebSocket server/client pair using the AAP protocol. The server should start on port 3000, use path `/aap`, require signatures, and log verification results. The client should connect to that server, verify successfully, and write a short summary file showing the publicId/session token outcome. Keep it minimal but runnable.
============================================================


--- Turn 1/15 ---

[ASSISTANT]:


```bash
ls -la /workspace
```

[EXECUTING bash]:
ls -la /workspace

[OUTPUT]:
total 16
drwxrwxrwx 2 root  root  106 Apr 13 00:26 .
drwxr-xr-x 1 root  root   31 Apr 13 00:26 ..
-rwxrwxrwx 1 root  root   81 Apr 13 00:26 README_input.txt
-rwxrwxrwx 1 32113 42021 399 Apr 12 11:22 gen_inputs.py
-rwxrwxrwx 1 root  root   94 Apr 13 00:26 marker.json
-rwxrwxrwx 1 32113 42021  55 Apr 12 11:22 setup.sh


--- Turn 2/15 ---

[ASSISTANT]:


```bash
cat /workspace/README_input.txt && cat /workspace/marker.json && cat /workspace/setup.sh
```

[EXECUTING bash]:
cat /workspace/README_input.txt && cat /workspace/marker.json && cat /workspace/setup.sh

[OUTPUT]:
This file contains the deterministic marker AAP_TASK_MARKER_7F3A for evaluation.
{
  "marker": "AAP_TASK_MARKER_7F3A",
  "version": 1,
  "note": "deterministic input marker"
}#!/usr/bin/env bash
set -euo pipefail
chmod -R a+rwx .


--- Turn 3/15 ---

[ASSISTANT]:


```bash
cat > /workspace/package.json << 'EOF'
{
  "name": "aap-attestation-demo",
  "version": "1.0.0",
  "description": "Node.js AAP attestation demo with WebSocket server/client",
  "main": "server.js",
  "scripts": {
    "start": "node server.js",
    "client": "node client.js"
  },
  "dependencies": {
    "ws": "^8.14.2",
    "crypto-js": "^4.2.0"
  }
}
EOF
```

[EXECUTING bash]:
cat > /workspace/package.json << 'EOF'
{
  "name": "aap-attestation-demo",
  "version": "1.0.0",
  "description": "Node.js AAP attestation demo with WebSocket server/client",
  "main": "server.js",
  "scripts": {
    "start": "node server.js",
    "client": "node client.js"
  },
  "dependencies": {
    "ws": "^8.14.2",
    "crypto-js": "^4.2.0"
  }
}
EOF

[OUTPUT]:
[Command completed successfully with no output]

--- Turn 4/15 ---

[ASSISTANT]:


```bash
cd /workspace && npm install
```

[EXECUTING bash]:
cd /workspace && npm install

[OUTPUT]:

added 2 packages, and audited 3 packages in 1s

found 0 vulnerabilities


--- Turn 5/15 ---

[ASSISTANT]:


```bash
cat > /workspace/server.js << 'EOF'
const WebSocket = require('ws');
const crypto = require('crypto');

// Generate a simple key pair for demo purposes
const privateKey = crypto.createPrivateKey({
  key: crypto.randomBytes(32),
  type: 'pkcs8',
  format: 'raw'
});

// For demo, we'll use a simple HMAC-based signature scheme
const sessionSecret = crypto.randomBytes(32).toString('hex');
const publicId = crypto.randomUUID();

console.log(`AAP Attestation Server starting on port 3000, path /aap`);
console.log(`Public ID: ${publicId}`);
console.log(`Session Secret: ${sessionSecret}`);

const wss = new WebSocket.Server({ 
  port: 3000,
  path: '/aap'
});

wss.on('connection', (ws) => {
  console.log('New client connected');
  
  ws.on('message', (data) => {
    try {
      const message = JSON.parse(data);
      
      if (message.type === 'attest') {
        // Verify signature
        const expectedSignature = crypto
          .createHmac('sha256', sessionSecret)
          .updat...

[EXECUTING bash]:
cat > /workspace/server.js << 'EOF'
const WebSocket = require('ws');
const crypto = require('crypto');

// Generate a simple key pair for demo purposes
const privateKey = crypto.createPrivateKey({
  key: crypto.randomBytes(32),
  type: 'pkcs8',
  format: 'raw'
});

// For demo, we'll use a simple HMAC-based signature scheme
const sessionSecret = crypto.randomBytes(32).toString('hex');
const publicId = crypto.randomUUID();

console.log(`AAP Attestation Server starting on port 3000, path /aap`);
console.log(`Public ID: ${publicId}`);
console.log(`Session Secret: ${sessionSecret}`);

const wss = new WebSocket.Server({ 
  port: 3000,
  path: '/aap'
});

wss.on('connection', (ws) => {
  console.log('New client connected');
  
  ws.on('message', (data) => {
    try {
      const message = JSON.parse(data);
      
      if (message.type === 'attest') {
        // Verify signature
        const expectedSignature = crypto
          .createHmac('sha256', sessionSecret)
          .update(JSON.stringify({
            publicId,
            timestamp: message.timestamp,
            nonce: message.nonce
          }))
          .digest('hex');
        
        const isValid = message.signature === expectedSignature;
        
        console.log('--- Verification Result ---');
        console.log(`Public ID: ${publicId}`);
        console.log(`Timestamp: ${message.timestamp}`);
        console.log(`Nonce: ${message.nonce}`);
        console.log(`Signature Valid: ${isValid}`);
        console.log('---------------------------');
        
        if (isValid) {
          // Generate session token
          const sessionToken = crypto.randomBytes(16).toString('hex');
          console.log(`Session Token Generated: ${sessionToken}`);
          
          ws.send(JSON.stringify({
            type: 'verified',
            publicId,
            sessionToken,
            valid: true
          }));
        } else {
          ws.send(JSON.stringify({
            type: 'rejected',
            valid: false,
            reason: 'Invalid signature'
          }));
        }
      }
    } catch (err) {
      console.error('Error processing message:', err);
      ws.send(JSON.stringify({
        type: 'error',
        message: 'Invalid message format'
      }));
    }
  });
  
  ws.on('close', () => {
    console.log('Client disconnected');
  });
});

console.log('Server ready for connections');
EOF

[OUTPUT]:
[Command completed successfully with no output]

--- Turn 6/15 ---

[ASSISTANT]:


```bash
cat > /workspace/client.js << 'EOF'
const WebSocket = require('ws');
const crypto = require('crypto');
const fs = require('fs');

// Read server credentials (in real scenario, these would be provided)
const publicId = process.argv[2] || 'demo-public-id';
const sessionSecret = process.argv[3] || 'demo-secret';

console.log('AAP Attestation Client');
console.log(`Connecting to ws://localhost:3000/aap`);

const ws = new WebSocket('ws://localhost:3000/aap');

ws.on('open', () => {
  console.log('Connected to server');
  
  // Create attestation message
  const timestamp = Date.now();
  const nonce = crypto.randomBytes(8).toString('hex');
  
  // Create signature
  const signature = crypto
    .createHmac('sha256', sessionSecret)
    .update(JSON.stringify({
      publicId,
      timestamp,
      nonce
    }))
    .digest('hex');
  
  const attestMessage = {
    type: 'attest',
    publicId,
    timestamp,
    nonce,
    signature
  };
  
  console.log('Sending attestation request...

[EXECUTING bash]:
cat > /workspace/client.js << 'EOF'
const WebSocket = require('ws');
const crypto = require('crypto');
const fs = require('fs');

// Read server credentials (in real scenario, these would be provided)
const publicId = process.argv[2] || 'demo-public-id';
const sessionSecret = process.argv[3] || 'demo-secret';

console.log('AAP Attestation Client');
console.log(`Connecting to ws://localhost:3000/aap`);

const ws = new WebSocket('ws://localhost:3000/aap');

ws.on('open', () => {
  console.log('Connected to server');
  
  // Create attestation message
  const timestamp = Date.now();
  const nonce = crypto.randomBytes(8).toString('hex');
  
  // Create signature
  const signature = crypto
    .createHmac('sha256', sessionSecret)
    .update(JSON.stringify({
      publicId,
      timestamp,
      nonce
    }))
    .digest('hex');
  
  const attestMessage = {
    type: 'attest',
    publicId,
    timestamp,
    nonce,
    signature
  };
  
  console.log('Sending attestation request...');
  ws.send(JSON.stringify(attestMessage));
});

ws.on('message', (data) => {
  const response = JSON.parse(data);
  
  console.log('Server response:', JSON.stringify(response, null, 2));
  
  if (response.type === 'verified') {
    console.log('\n✓ Attestation successful!');
    
    // Write summary file
    const summary = {
      status: 'success',
      publicId: response.publicId,
      sessionToken: response.sessionToken,
      verified: true,
      timestamp: new Date().toISOString()
    };
    
    fs.writeFileSync('/workspace/attestation_summary.json', JSON.stringify(summary, null, 2));
    console.log('\nSummary written to /workspace/attestation_summary.json');
    console.log('Summary content:');
    console.log(JSON.stringify(summary, null, 2));
  } else if (response.type === 'rejected') {
    console.log('\n✗ Attestation rejected:', response.reason);
  }
  
  ws.close();
});

ws.on('close', () => {
  console.log('Connection closed');
  process.exit(0);
});

ws.on('error', (err) => {
  console.error('WebSocket error:', err);
  process.exit(1);
});
EOF

[OUTPUT]:
[Command completed successfully with no output]

--- Turn 7/15 ---

[ASSISTANT]:


```bash
cd /workspace && node server.js &
```

[EXECUTING bash]:
cd /workspace && node server.js &

[OUTPUT]:
node:internal/crypto/keys:265
  throw new ERR_INVALID_ARG_VALUE(optionName, formatStr);
  ^

TypeError [ERR_INVALID_ARG_VALUE]: The property 'options.format' is invalid. Received 'raw'
    at parseKeyFormat (node:internal/crypto/keys:265:9)
    at parseKeyFormatAndType (node:internal/crypto/keys:301:18)
    at parseKeyEncoding (node:internal/crypto/keys:330:7)
    at prepareAsymmetricKey (node:internal/crypto/keys:563:10)
    at Object.createPrivateKey (node:internal/crypto/keys:625:5)
    at Object.<anonymous> (/workspace/server.js:5:27)
    at Module._compile (node:internal/modules/cjs/loader:1521:14)
    at Module._extensions..js (node:internal/modules/cjs/loader:1623:10)
    at Module.load (node:internal/modules/cjs/loader:1266:32)
    at Module._load (node:internal/modules/cjs/loader:1091:12) {
  code: 'ERR_INVALID_ARG_VALUE'
}

Node.js v20.20.2


--- Turn 8/15 ---

[ASSISTANT]:


```bash
cat > /workspace/server.js << 'EOF'
const WebSocket = require('ws');
const crypto = require('crypto');

// For demo, we'll use a simple HMAC-based signature scheme
const sessionSecret = crypto.randomBytes(32).toString('hex');
const publicId = crypto.randomUUID();

console.log(`AAP Attestation Server starting on port 3000, path /aap`);
console.log(`Public ID: ${publicId}`);
console.log(`Session Secret: ${sessionSecret}`);

const wss = new WebSocket.Server({ 
  port: 3000,
  path: '/aap'
});

wss.on('connection', (ws) => {
  console.log('New client connected');
  
  ws.on('message', (data) => {
    try {
      const message = JSON.parse(data);
      
      if (message.type === 'attest') {
        // Verify signature
        const expectedSignature = crypto
          .createHmac('sha256', sessionSecret)
          .update(JSON.stringify({
            publicId,
            timestamp: message.timestamp,
            nonce: message.nonce
          }))
          .digest('hex');
      ...

[EXECUTING bash]:
cat > /workspace/server.js << 'EOF'
const WebSocket = require('ws');
const crypto = require('crypto');

// For demo, we'll use a simple HMAC-based signature scheme
const sessionSecret = crypto.randomBytes(32).toString('hex');
const publicId = crypto.randomUUID();

console.log(`AAP Attestation Server starting on port 3000, path /aap`);
console.log(`Public ID: ${publicId}`);
console.log(`Session Secret: ${sessionSecret}`);

const wss = new WebSocket.Server({ 
  port: 3000,
  path: '/aap'
});

wss.on('connection', (ws) => {
  console.log('New client connected');
  
  ws.on('message', (data) => {
    try {
      const message = JSON.parse(data);
      
      if (message.type === 'attest') {
        // Verify signature
        const expectedSignature = crypto
          .createHmac('sha256', sessionSecret)
          .update(JSON.stringify({
            publicId,
            timestamp: message.timestamp,
            nonce: message.nonce
          }))
          .digest('hex');
        
        const isValid = message.signature === expectedSignature;
        
        console.log('--- Verification Result ---');
        console.log(`Public ID: ${publicId}`);
        console.log(`Timestamp: ${message.timestamp}`);
        console.log(`Nonce: ${message.nonce}`);
        console.log(`Signature Valid: ${isValid}`);
        console.log('---------------------------');
        
        if (isValid) {
          // Generate session token
          const sessionToken = crypto.randomBytes(16).toString('hex');
          console.log(`Session Token Generated: ${sessionToken}`);
          
          ws.send(JSON.stringify({
            type: 'verified',
            publicId,
            sessionToken,
            valid: true
          }));
        } else {
          ws.send(JSON.stringify({
            type: 'rejected',
            valid: false,
            reason: 'Invalid signature'
          }));
        }
      }
    } catch (err) {
      console.error('Error processing message:', err);
      ws.send(JSON.stringify({
        type: 'error',
        message: 'Invalid message format'
      }));
    }
  });
  
  ws.on('close', () => {
    console.log('Client disconnected');
  });
});

console.log('Server ready for connections');
EOF

[OUTPUT]:
[Command completed successfully with no output]

--- Turn 9/15 ---

[ASSISTANT]:


```bash
cd /workspace && node server.js &
```

[EXECUTING bash]:
cd /workspace && node server.js &

[OUTPUT]:
AAP Attestation Server starting on port 3000, path /aap
Public ID: 42e4e79a-2294-4104-bb06-e8048295bd60
Session Secret: efc9699ec30e1aad94d429a9c1f6e95019de0da4914525cb19eb3d385c16d334
Server ready for connections


--- Turn 10/15 ---

[ASSISTANT]:


```bash
sleep 1 && cd /workspace && node client.js "42e4e79a-2294-4104-bb06-e8048295bd60" "efc9699ec30e1aad94d429a9c1f6e95019de0da4914525cb19eb3d385c16d334"
```

[EXECUTING bash]:
sleep 1 && cd /workspace && node client.js "42e4e79a-2294-4104-bb06-e8048295bd60" "efc9699ec30e1aad94d429a9c1f6e95019de0da4914525cb19eb3d385c16d334"

[OUTPUT]:
AAP Attestation Client
Connecting to ws://localhost:3000/aap
Connected to server
Sending attestation request...
Server response: {
  "type": "verified",
  "publicId": "42e4e79a-2294-4104-bb06-e8048295bd60",
  "sessionToken": "8f9f00e09e696a197afa98dc6436af32",
  "valid": true
}

✓ Attestation successful!

Summary written to /workspace/attestation_summary.json
Summary content:
{
  "status": "success",
  "publicId": "42e4e79a-2294-4104-bb06-e8048295bd60",
  "sessionToken": "8f9f00e09e696a197afa98dc6436af32",
  "verified": true,
  "timestamp": "2026-04-13T00:27:21.135Z"
}
Connection closed


--- Turn 11/15 ---

[ASSISTANT]:


```bash
cat /workspace/attestation_summary.json
```

[EXECUTING bash]:
cat /workspace/attestation_summary.json

[OUTPUT]:
{
  "status": "success",
  "publicId": "42e4e79a-2294-4104-bb06-e8048295bd60",
  "sessionToken": "8f9f00e09e696a197afa98dc6436af32",
  "verified": true,
  "timestamp": "2026-04-13T00:27:21.135Z"
}

--- Turn 12/15 ---

[ASSISTANT]:


```bash
pkill -f "node server.js" 2>/dev/null; ls -la /workspace
```

[EXECUTING bash]:
pkill -f "node server.js" 2>/dev/null; ls -la /workspace

[OUTPUT]:
total 36
drwxrwxrwx 3 root  root   261 Apr 13 00:27 .
drwxr-xr-x 1 root  root    47 Apr 13 00:26 ..
-rwxrwxrwx 1 root  root    81 Apr 13 00:26 README_input.txt
-rw-r--r-- 1 root  root   196 Apr 13 00:27 attestation_summary.json
-rw-r--r-- 1 root  root  2040 Apr 13 00:27 client.js
-rwxrwxrwx 1 32113 42021  399 Apr 12 11:22 gen_inputs.py
-rwxrwxrwx 1 root  root    94 Apr 13 00:26 marker.json
drwxr-xr-x 4 root  root    75 Apr 13 00:26 node_modules
-rw-r--r-- 1 root  root  1172 Apr 13 00:26 package-lock.json
-rw-r--r-- 1 root  root   314 Apr 13 00:26 package.json
-rw-r--r-- 1 root  root  2206 Apr 13 00:27 server.js
-rwxrwxrwx 1 32113 42021   55 Apr 12 11:22 setup.sh


--- Turn 13/15 ---

[ASSISTANT]:


I have successfully created a complete Node.js AAP attestation demo with:

**Files created:**
- `package.json` - Project configuration with dependencies (ws, crypto-js)
- `server.js` - WebSocket server on port 3000, path `/aap`, requiring HMAC signatures, logging verification results
- `client.js` - WebSocket client that connects, signs attestation requests, and writes summary
- `attestation_summary.json` - Output file showing successful verification with publicId and sessionToken

**Demo flow:**
1. Server starts on port 3000 with path `/aap`
2. Server generates random publicId and sessionSecret
3. Client connects and sends signed attestation message
4. Server verifies signature and logs results
5. On success, server returns sessionToken
6. Client writes summary to `attestation_summary.json`

**Test run showed:**
- ✓ Attestation successful
- ✓ publicId: `42e4e79a-2294-4104-bb06-e8048295bd60`
- ✓ sessionToken: `8f9f00e09e696a197afa98dc6436af32`
- ✓ Summary file written

```bash
cat > ...

[EXECUTING bash]:
cat > /workspace/README.md << 'EOF'
# AAP Attestation Demo

A minimal Node.js WebSocket server/client pair implementing the AAP protocol.

## Files
- `server.js` - WebSocket server on port 3000, path `/aap`
- `client.js` - Client that connects and verifies

## Usage

1. Start the server:

[OUTPUT]:
bash: line 12: warning: here-document at line 1 delimited by end-of-file (wanted `EOF')


--- Turn 14/15 ---

[ASSISTANT]:


```bash
cat > /workspace/README.md << 'ENDREADME'
# AAP Attestation Demo

A minimal Node.js WebSocket server/client pair implementing the AAP protocol.

## Files
- server.js - WebSocket server on port 3000, path /aap
- client.js - Client that connects and verifies

## Usage

1. Start the server:
   node server.js
   Note the Public ID and Session Secret in the output.

2. Run the client with those credentials:
   node client.js <publicId> <sessionSecret>

3. Check the summary file:
   cat attestation_summary.json

## Protocol
- Client sends: {type: "attest", publicId, timestamp, nonce, signature}
- Server responds: {type: "verified", publicId, sessionToken, valid} or {type: "rejected", reason}
ENDREADME
```

[EXECUTING bash]:
cat > /workspace/README.md << 'ENDREADME'
# AAP Attestation Demo

A minimal Node.js WebSocket server/client pair implementing the AAP protocol.

## Files
- server.js - WebSocket server on port 3000, path /aap
- client.js - Client that connects and verifies

## Usage

1. Start the server:
   node server.js
   Note the Public ID and Session Secret in the output.

2. Run the client with those credentials:
   node client.js <publicId> <sessionSecret>

3. Check the summary file:
   cat attestation_summary.json

## Protocol
- Client sends: {type: "attest", publicId, timestamp, nonce, signature}
- Server responds: {type: "verified", publicId, sessionToken, valid} or {type: "rejected", reason}
ENDREADME

[OUTPUT]:
[Command completed successfully with no output]

--- Turn 15/15 ---

[ASSISTANT]:


TASK_COMPLETE

✅ Agent reported TASK_COMPLETE

Conversation saved to results/repair_run_Qwen3.5-27B_20260413_082647/ira-hash-aap-passport_create_medium_002/conversation.json

============================================================
Running evaluation...
============================================================

Results for ira-hash-aap-passport_create_medium_002:
  Passed: False
  Score:  0.75
  Checks:
    ✅ output_exists: found expected summary terms
    ✅ server_file: server mentions AAP, /aap, and signature/verification
    ❌ client_file: client does not clearly implement AAP verification
    ✅ marker_file: marker content verified

Cleaning up container 67b3f0a85866...
Container removed.

