Building Docker image...
Creating new container...
Container ready: 7e1f1dc6c642
Workspace files: draft.txt
gen_inputs.py
notes.txt
setup.sh

============================================================
Starting agent interaction (Repair Mode)...
============================================================

============================================================
TASK: $ python -m taskgen --input draft.txt --output humanized.txt

Humanize the draft in `draft.txt` so it sounds like a real person wrote it. Keep the meaning, but remove the obvious AI patterns, filler, and generic corporate tone. The final version should read naturally, like an experienced editor tightened it up without making it sound robotic. Also produce a short report of what you changed.
============================================================


--- Turn 1/15 ---

[ASSISTANT]:


```bash
ls -la /workspace
```

[EXECUTING bash]:
ls -la /workspace

[OUTPUT]:
total 16
drwxr-xr-x 2 root  root    97 Apr 13 00:42 .
drwxr-xr-x 1 root  root    31 Apr 13 00:42 ..
-rw-r--r-- 1 root  root   888 Apr 13 00:42 draft.txt
-rw-r--r-- 1 32113 42021 1241 Apr 12 11:13 gen_inputs.py
-rw-r--r-- 1 root  root   104 Apr 13 00:42 notes.txt
-rwxr-xr-x 1 32113 42021   59 Apr 12 11:13 setup.sh


--- Turn 2/15 ---

[ASSISTANT]:


```bash
cat /workspace/draft.txt
```

[EXECUTING bash]:
cat /workspace/draft.txt

[OUTPUT]:
Draft ID: HX-2049

Great question! In today's rapidly evolving digital landscape, it is worth noting that the project serves as a testament to the team's commitment to innovation, synergy, and excellence. The initiative leverages a robust, comprehensive framework that facilitates seamless collaboration across multifaceted stakeholders. Moreover, it showcases a holistic approach that delves into the nuances of modern workflows while highlighting the pivotal role of adaptable thinking.

The plan is not just about reducing friction, it is about empowering users, enabling proactive decision-making, and unlocking transformative outcomes. Industry reports suggest that organizations that embrace this paradigm are better positioned to thrive despite challenges. The future looks bright, and exciting times lie ahead.

Marker tokens:
- ALPHA_MARKER_17
- BETA_MARKER_42
- OMEGA_MARKER_99


--- Turn 3/15 ---

[ASSISTANT]:


```bash
cat /workspace/notes.txt
```

[EXECUTING bash]:
cat /workspace/notes.txt

[OUTPUT]:
Internal note:
Use a more natural voice.
Preserve meaning.
Avoid phrases like 'in today's digital age'.


--- Turn 4/15 ---

[ASSISTANT]:


Now I understand the task. I need to humanize the draft by removing AI patterns, corporate jargon, and filler while preserving the meaning. Let me create the humanized version and a report.

```python
# Read the draft
with open('/workspace/draft.txt', 'r') as f:
    draft = f.read()

# Create the humanized version
humanized = """Draft ID: HX-2049

This project shows what the team is capable of. We built a solid framework that lets everyone work together smoothly, whether they're on the technical side or handling business needs. It's designed to fit how people actually work, not the other way around.

The goal isn't just to remove obstacles—it's to give people the tools to make good decisions and get results. Teams that adopt this approach tend to weather challenges better. We're excited about where this is going.

Marker tokens:
- ALPHA_MARKER_17
- BETA_MARKER_42
- OMEGA_MARKER_99
"""

# Create the changelog report
report = """Humanization Report
====================

Changes made:

...

[EXECUTING python]:
# Read the draft
with open('/workspace/draft.txt', 'r') as f:
    draft = f.read()

# Create the humanized version
humanized = """Draft ID: HX-2049

This project shows what the team is capable of. We built a solid framework that lets everyone work together smoothly, whether they're on the technical side or handling business needs. It's designed to fit how people actually work, not the other way around.

The goal isn't just to remove obstacles—it's to give people the tools to make good decisions and get results. Teams that adopt this approach tend to weather challenges better. We're excited about where this is going.

Marker tokens:
- ALPHA_MARKER_17
- BETA_MARKER_42
- OMEGA_MARKER_99
"""

# Create the changelog report
report = """Humanization Report
====================

Changes made:

1. REMOVED GENERIC OPENERS
   - "Great question!" → deleted (unnecessary conversational filler)

2. REMOVED CORPORATE BUZZWORDS & CLICHÉS
   - "rapidly evolving digital landscape" → removed entirely
   - "testament to the team's commitment to innovation, synergy, and excellence" → simplified to "shows what the team is capable of"
   - "leverages a robust, comprehensive framework" → "built a solid framework"
   - "facilitates seamless collaboration across multifaceted stakeholders" → "lets everyone work together smoothly, whether they're on the technical side or handling business needs"
   - "holistic approach that delves into the nuances" → "designed to fit how people actually work"
   - "pivotal role of adaptable thinking" → removed (vague filler)

3. SIMPLIFIED CORPORATE SPEECH
   - "reducing friction, empowering users, enabling proactive decision-making, unlocking transformative outcomes" → "remove obstacles—give people the tools to make good decisions and get results"
   - "Industry reports suggest that organizations that embrace this paradigm are better positioned to thrive despite challenges" → "Teams that adopt this approach tend to weather challenges better"
   - "The future looks bright, and exciting times lie ahead" → "We're excited about where this is going"

4. GENERAL IMPROVEMENTS
   - Shortened sentences for better readability
   - Removed passive voice where possible
   - Added contractions ("isn't", "they're", "We're") for natural flow
   - Preserved marker tokens as they appear to be intentional identifiers

Word count reduced from ~150 words to ~100 words while retaining core meaning.
"""

# Write outputs
with open('/workspace/humanized.txt', 'w') as f:
    f.write(humanized)

with open('/workspace/report.txt', 'w') as f:
    f.write(report)

print("Files created successfully.")
print("\n--- humanized.txt ---")
print(humanized)
print("\n--- report.txt ---")
print(report)

[OUTPUT]:
Files created successfully.

--- humanized.txt ---
Draft ID: HX-2049

This project shows what the team is capable of. We built a solid framework that lets everyone work together smoothly, whether they're on the technical side or handling business needs. It's designed to fit how people actually work, not the other way around.

The goal isn't just to remove obstacles—it's to give people the tools to make good decisions and get results. Teams that adopt this approach tend to weather challenges better. We're excited about where this is going.

Marker tokens:
- ALPHA_MARKER_17
- BETA_MARKER_42
- OMEGA_MARKER_99


--- report.txt ---
Humanization Report
====================

Changes made:

1. REMOVED GENERIC OPENERS
   - "Great question!" → deleted (unnecessary conversational filler)

2. REMOVED CORPORATE BUZZWORDS & CLICHÉS
   - "rapidly evolving digital landscape" → removed entirely
   - "testament to the team's commitment to innovation, synergy, and excellence" → simplified to "shows what the team is capable of"
   - "leverages a robust, comprehensive framework" → "built a solid framework"
   - "facilitates seamless collaboration across multifaceted stakeholders" → "lets everyone work together smoothly, whether they're on the technical side or handling business needs"
   - "holistic approach that delves into the nuances" → "designed to fit how people actually work"
   - "pivotal role of adaptable thinking" → removed (vague filler)

3. SIMPLIFIED CORPORATE SPEECH
   - "reducing friction, empowering users, enabling proactive decision-making, unlocking transformative outcomes" → "remove obstacles—give people the tools to make good decisions and get results"
   - "Industry reports suggest that organizations that embrace this paradigm are better positioned to thrive despite challenges" → "Teams that adopt this approach tend to weather challenges better"
   - "The future looks bright, and exciting times lie ahead" → "We're excited about where this is going"

4. GENERAL IMPROV...

--- Turn 5/15 ---

[ASSISTANT]:


```bash
ls -la /workspace/
```

[EXECUTING bash]:
ls -la /workspace/

[OUTPUT]:
total 24
drwxr-xr-x 2 root  root   144 Apr 13 00:42 .
drwxr-xr-x 1 root  root    46 Apr 13 00:42 ..
-rw-r--r-- 1 root  root   888 Apr 13 00:42 draft.txt
-rw-r--r-- 1 32113 42021 1241 Apr 12 11:13 gen_inputs.py
-rw-r--r-- 1 root  root   565 Apr 13 00:42 humanized.txt
-rw-r--r-- 1 root  root   104 Apr 13 00:42 notes.txt
-rw-r--r-- 1 root  root  1710 Apr 13 00:42 report.txt
-rwxr-xr-x 1 32113 42021   59 Apr 12 11:13 setup.sh


--- Turn 6/15 ---

[ASSISTANT]:


The task is complete. I have:

1. **Created `humanized.txt`** - A natural, human-sounding version that removes AI patterns and corporate jargon while preserving the original meaning

2. **Created `report.txt`** - A detailed changelog documenting all modifications made

The humanized version:
- Removed filler phrases like "Great question!" and "in today's rapidly evolving digital landscape"
- Replaced buzzwords (synergy, holistic, multifaceted, transformative) with plain language
- Shortened convoluted sentences for readability
- Added contractions for natural flow
- Preserved the marker tokens as they appear to be intentional identifiers

TASK_COMPLETE

✅ Agent reported TASK_COMPLETE

Conversation saved to results/repair_run_Qwen3.5-27B_20260413_084235/brandonwise-ai-humanizer_create_hard_005/conversation.json

============================================================
Running evaluation...
============================================================

Results for brandonwise-ai-humanizer_create_hard_005:
  Passed: True
  Score:  1.00
  Checks:
    ✅ output exists: humanized.txt found
    ✅ marker tokens preserved: 3/3 markers found
    ✅ removed obvious AI phrases: banned phrase hits: []
    ✅ input readable: draft.txt found
    ✅ text changed: output differs from input after normalization
    ✅ reasonable length: word ratio=0.78 (out=94, in=121)
    ✅ report exists: report.txt found
    ✅ report mentions changes: report appears to summarize edits

Cleaning up container 7e1f1dc6c642...
Container removed.

