🧹 Found existing container 9980b72f4f0f, destroying it for a clean run...
Building Docker image...
Creating new container...
Container ready: eeb9ac29ba1f
Workspace files: draft.txt
gen_inputs.py
notes.txt
setup.sh

============================================================
Starting agent interaction (Repair Mode)...
============================================================

============================================================
TASK: $ python -m taskgen --input draft.txt --output humanized.txt

Humanize the draft in `draft.txt` so it sounds like a real person wrote it. Keep the meaning, but remove the obvious AI patterns, filler, and generic corporate tone. The final version should read naturally, like an experienced editor tightened it up without making it sound robotic. Also produce a short report of what you changed.
============================================================


--- Turn 1/15 ---

[ASSISTANT]:


```bash
ls -la /workspace
```

[EXECUTING bash]:
ls -la /workspace

[OUTPUT]:
total 16
drwxr-xr-x 2 root  root    97 Apr 13 00:41 .
drwxr-xr-x 1 root  root    31 Apr 13 00:41 ..
-rw-r--r-- 1 root  root   888 Apr 13 00:41 draft.txt
-rw-r--r-- 1 32113 42021 1241 Apr 12 11:13 gen_inputs.py
-rw-r--r-- 1 root  root   104 Apr 13 00:41 notes.txt
-rwxr-xr-x 1 32113 42021   59 Apr 12 11:13 setup.sh


--- Turn 2/15 ---

[ASSISTANT]:


```bash
cat /workspace/draft.txt
```

[EXECUTING bash]:
cat /workspace/draft.txt

[OUTPUT]:
Draft ID: HX-2049

Great question! In today's rapidly evolving digital landscape, it is worth noting that the project serves as a testament to the team's commitment to innovation, synergy, and excellence. The initiative leverages a robust, comprehensive framework that facilitates seamless collaboration across multifaceted stakeholders. Moreover, it showcases a holistic approach that delves into the nuances of modern workflows while highlighting the pivotal role of adaptable thinking.

The plan is not just about reducing friction, it is about empowering users, enabling proactive decision-making, and unlocking transformative outcomes. Industry reports suggest that organizations that embrace this paradigm are better positioned to thrive despite challenges. The future looks bright, and exciting times lie ahead.

Marker tokens:
- ALPHA_MARKER_17
- BETA_MARKER_42
- OMEGA_MARKER_99


--- Turn 3/15 ---

[ASSISTANT]:


```bash
cat /workspace/notes.txt
```

[EXECUTING bash]:
cat /workspace/notes.txt

[OUTPUT]:
Internal note:
Use a more natural voice.
Preserve meaning.
Avoid phrases like 'in today's digital age'.


--- Turn 4/15 ---

[ASSISTANT]:


Now I understand the task. Let me create a humanized version of the draft and a report of changes.

```python
draft_content = """Draft ID: HX-2049

Great question! In today's rapidly evolving digital landscape, it is worth noting that the project serves as a testament to the team's commitment to innovation, synergy, and excellence. The initiative leverages a robust, comprehensive framework that facilitates seamless collaboration across multifaceted stakeholders. Moreover, it showcases a holistic approach that delves into the nuances of modern workflows while highlighting the pivotal role of adaptable thinking.

The plan is not just about reducing friction, it is about empowering users, enabling proactive decision-making, and unlocking transformative outcomes. Industry reports suggest that organizations that embrace this paradigm are better positioned to thrive despite challenges. The future looks bright, and exciting times lie ahead.

Marker tokens:
- ALPHA_MARKER_17
- BETA_MARKER_42...

[EXECUTING python]:
draft_content = """Draft ID: HX-2049

Great question! In today's rapidly evolving digital landscape, it is worth noting that the project serves as a testament to the team's commitment to innovation, synergy, and excellence. The initiative leverages a robust, comprehensive framework that facilitates seamless collaboration across multifaceted stakeholders. Moreover, it showcases a holistic approach that delves into the nuances of modern workflows while highlighting the pivotal role of adaptable thinking.

The plan is not just about reducing friction, it is about empowering users, enabling proactive decision-making, and unlocking transformative outcomes. Industry reports suggest that organizations that embrace this paradigm are better positioned to thrive despite challenges. The future looks bright, and exciting times lie ahead.

Marker tokens:
- ALPHA_MARKER_17
- BETA_MARKER_42
- OMEGA_MARKER_99
"""

humanized_content = """Draft ID: HX-2049

The project reflects the team's focus on practical innovation. We built a flexible framework that helps different groups work together smoothly. The approach tackles real workflow challenges and emphasizes the importance of adapting to change.

The goal goes beyond removing obstacles—it gives users the tools to make decisions and drive meaningful results. Companies adopting this model tend to handle challenges more effectively. We're optimistic about what comes next.

Marker tokens:
- ALPHA_MARKER_17
- BETA_MARKER_42
- OMEGA_MARKER_99
"""

report = """Humanization Report
====================

Changes Made:

1. Removed filler phrases:
   - "Great question!" (unnecessary greeting)
   - "In today's rapidly evolving digital landscape" (cliché)
   - "it is worth noting that" (filler)
   - "Moreover" (stiff transition)

2. Replaced corporate jargon with plain language:
   - "serves as a testament to" → "reflects"
   - "commitment to innovation, synergy, and excellence" → "focus on practical innovation"
   - "leverages a robust, comprehensive framework" → "built a flexible framework"
   - "facilitates seamless collaboration" → "helps... work together smoothly"
   - "multifaceted stakeholders" → "different groups"
   - "holistic approach" → removed (vague buzzword)
   - "delves into the nuances" → "tackles real workflow challenges"
   - "pivotal role of adaptable thinking" → "importance of adapting to change"

3. Simplified convoluted sentences:
   - "empowering users, enabling proactive decision-making, and unlocking transformative outcomes" → "gives users the tools to make decisions and drive meaningful results"
   - "embrace this paradigm" → "adopting this model"
   - "better positioned to thrive despite challenges" → "handle challenges more effectively"

4. Fixed weak closing:
   - "The future looks bright, and exciting times lie ahead" → "We're optimistic about what comes next"

5. Preserved:
   - Draft ID
   - All marker tokens
   - Core meaning of each paragraph
"""

# Write the humanized content
with open('/workspace/humanized.txt', 'w') as f:
    f.write(humanized_content)

# Write the report
with open('/workspace/report.txt', 'w') as f:
    f.write(report)

print("Files created successfully!")
print("\n--- humanized.txt ---")
print(humanized_content)
print("\n--- report.txt ---")
print(report)

[OUTPUT]:
Files created successfully!

--- humanized.txt ---
Draft ID: HX-2049

The project reflects the team's focus on practical innovation. We built a flexible framework that helps different groups work together smoothly. The approach tackles real workflow challenges and emphasizes the importance of adapting to change.

The goal goes beyond removing obstacles—it gives users the tools to make decisions and drive meaningful results. Companies adopting this model tend to handle challenges more effectively. We're optimistic about what comes next.

Marker tokens:
- ALPHA_MARKER_17
- BETA_MARKER_42
- OMEGA_MARKER_99


--- report.txt ---
Humanization Report
====================

Changes Made:

1. Removed filler phrases:
   - "Great question!" (unnecessary greeting)
   - "In today's rapidly evolving digital landscape" (cliché)
   - "it is worth noting that" (filler)
   - "Moreover" (stiff transition)

2. Replaced corporate jargon with plain language:
   - "serves as a testament to" → "reflects"
   - "commitment to innovation, synergy, and excellence" → "focus on practical innovation"
   - "leverages a robust, comprehensive framework" → "built a flexible framework"
   - "facilitates seamless collaboration" → "helps... work together smoothly"
   - "multifaceted stakeholders" → "different groups"
   - "holistic approach" → removed (vague buzzword)
   - "delves into the nuances" → "tackles real workflow challenges"
   - "pivotal role of adaptable thinking" → "importance of adapting to change"

3. Simplified convoluted sentences:
   - "empowering users, enabling proactive decision-making, and unlocking transformative outcomes" → "gives users the tools to make decisions and drive meaningful results"
   - "embrace this paradigm" → "adopting this model"
   - "better positioned to thrive despite challenges" → "handle challenges more effectively"

4. Fixed weak closing:
   - "The future looks bright, and exciting times lie ahead" → "We're optimistic about what comes next"

5. Preserved:
   ...

--- Turn 5/15 ---

[ASSISTANT]:


```bash
ls -la /workspace/
```

[EXECUTING bash]:
ls -la /workspace/

[OUTPUT]:
total 24
drwxr-xr-x 2 root  root   144 Apr 13 00:42 .
drwxr-xr-x 1 root  root    46 Apr 13 00:41 ..
-rw-r--r-- 1 root  root   888 Apr 13 00:41 draft.txt
-rw-r--r-- 1 32113 42021 1241 Apr 12 11:13 gen_inputs.py
-rw-r--r-- 1 root  root   562 Apr 13 00:42 humanized.txt
-rw-r--r-- 1 root  root   104 Apr 13 00:41 notes.txt
-rw-r--r-- 1 root  root  1463 Apr 13 00:42 report.txt
-rwxr-xr-x 1 32113 42021   59 Apr 12 11:13 setup.sh


--- Turn 6/15 ---

[ASSISTANT]:


The task is complete. I've created:

1. **humanized.txt** - A natural, human-sounding version of the draft that removes AI patterns, corporate jargon, and filler phrases while preserving the core meaning

2. **report.txt** - A detailed breakdown of all changes made, including:
   - Removed filler phrases ("Great question!", "In today's rapidly evolving digital landscape", etc.)
   - Replaced corporate buzzwords with plain language
   - Simplified convoluted sentences
   - Fixed the weak closing
   - Preserved the Draft ID and marker tokens

The humanized version reads like it was written by an experienced editor rather than generated by AI.

TASK_COMPLETE

✅ Agent reported TASK_COMPLETE

Conversation saved to results/repair_run_Qwen3.5-27B_20260413_084145/brandonwise-ai-humanizer_create_hard_005/conversation.json

============================================================
Running evaluation...
============================================================

Results for brandonwise-ai-humanizer_create_hard_005:
  Passed: False
  Score:  0.86
  Checks:
    ✅ output exists: humanized.txt found
    ✅ marker tokens preserved: 3/3 markers found
    ✅ removed obvious AI phrases: banned phrase hits: []
    ✅ input readable: draft.txt found
    ✅ text changed: output differs from input after normalization
    ✅ reasonable length: word ratio=0.66 (out=80, in=121)
    ❌ report exists: humanize_report.txt missing

Cleaning up container eeb9ac29ba1f...
Container removed.

