Building Docker image...
Creating new container...
Container ready: 192a8e4b5818
Workspace files: gen_inputs.py
inputs
setup.sh
workspace

============================================================
Starting agent interaction (Repair Mode)...
============================================================

============================================================
TASK: You are in a cloned OpenClaw workspace and need to prepare a safe release note bundle for the Telegram footer patch. Please do the following:
1) Generate the workspace inputs.
2) Create a concise release note file that summarizes the patch, its validation boundary, and the required restart/real-acceptance steps.
3) Create a companion verification manifest that references the exact marker strings and target bundle names used by the patch.
4) Make sure the manifest is deterministic and that the release note mentions the dry-run, verify, backup, rollback, and restart guidance.
5) Leave all generated outputs in the current directory.

The grader will check that the note and manifest are present, deterministic, and contain the expected marker content and target references.
============================================================


--- Turn 1/25 ---

[ASSISTANT]:


```bash
ls -la /workspace
```

[EXECUTING bash]:
ls -la /workspace

[OUTPUT]:
total 8
drwxr-xr-x 4 root  root    94 Apr 14 01:57 .
drwxr-xr-x 1 root  root    31 Apr 14 01:57 ..
-rw-r--r-- 1 32113 42021 1157 Apr 13 11:03 gen_inputs.py
drwxr-xr-x 2 root  root   103 Apr 14 01:57 inputs
-rwxr-xr-x 1 32113 42021   56 Apr 13 11:03 setup.sh
drwxr-xr-x 2 root  root    10 Apr 14 01:57 workspace


--- Turn 2/25 ---

[ASSISTANT]:


```bash
cat /workspace/setup.sh
```

[EXECUTING bash]:
cat /workspace/setup.sh

[OUTPUT]:
#!/usr/bin/env bash
set -euo pipefail
mkdir -p workspace

--- Turn 3/25 ---

[ASSISTANT]:


```bash
ls -la /workspace/inputs/
```

[EXECUTING bash]:
ls -la /workspace/inputs/

[OUTPUT]:
total 12
drwxr-xr-x 2 root root 103 Apr 14 01:57 .
drwxr-xr-x 4 root root  94 Apr 14 01:57 ..
-rw-r--r-- 1 root root 174 Apr 14 01:57 bundle_targets.txt
-rw-r--r-- 1 root root 103 Apr 14 01:57 marker_strings.txt
-rw-r--r-- 1 root root 225 Apr 14 01:57 release_boundary.json


--- Turn 4/25 ---

[ASSISTANT]:


```bash
cat /workspace/inputs/bundle_targets.txt
```

[EXECUTING bash]:
cat /workspace/inputs/bundle_targets.txt

[OUTPUT]:
dist/agent-runner.runtime-*.js
dist/reply-*.js
dist/compact-*.js
dist/pi-embedded-*.js
dist/plugin-sdk/thread-bindings-*.js
dist/model-selection-*.js
dist/auth-profiles-*.js


--- Turn 5/25 ---

[ASSISTANT]:


```bash
cat /workspace/inputs/marker_strings.txt
```

[EXECUTING bash]:
cat /workspace/inputs/marker_strings.txt

[OUTPUT]:
🧠 Model
💭 Think
📊 Context
--dry-run
--verify
*.bak.telegram-footer.*
openclaw gateway restart


--- Turn 6/25 ---

[ASSISTANT]:


```bash
cat /workspace/inputs/release_boundary.json
```

[EXECUTING bash]:
cat /workspace/inputs/release_boundary.json

[OUTPUT]:
{
  "validated_version": "OpenClaw 2026.3.22",
  "validation_boundary": "live Telegram private-chat acceptance only",
  "static_checks": [
    "dry-run",
    "auto-discover verify",
    "smoke test",
    "node --check"
  ]
}


--- Turn 7/25 ---

[ASSISTANT]:


```bash
cat /workspace/gen_inputs.py
```

[EXECUTING bash]:
cat /workspace/gen_inputs.py

[OUTPUT]:
import json
from pathlib import Path

root = Path('.')
(root / 'inputs').mkdir(exist_ok=True)

marker_strings = [
    '🧠 Model',
    '💭 Think',
    '📊 Context',
    '--dry-run',
    '--verify',
    '*.bak.telegram-footer.*',
    'openclaw gateway restart',
]

bundle_targets = [
    'dist/agent-runner.runtime-*.js',
    'dist/reply-*.js',
    'dist/compact-*.js',
    'dist/pi-embedded-*.js',
    'dist/plugin-sdk/thread-bindings-*.js',
    'dist/model-selection-*.js',
    'dist/auth-profiles-*.js',
]

# Deterministic input files with marker content for the assistant to use.
(root / 'inputs' / 'marker_strings.txt').write_text('\n'.join(marker_strings) + '\n', encoding='utf-8')
(root / 'inputs' / 'bundle_targets.txt').write_text('\n'.join(bundle_targets) + '\n', encoding='utf-8')
(root / 'inputs' / 'release_boundary.json').write_text(
    json.dumps({
        'validated_version': 'OpenClaw 2026.3.22',
        'validation_boundary': 'live Telegram private-chat acceptance only',
        'static_checks': ['dry-run', 'auto-discover verify', 'smoke test', 'node --check'],
    }, indent=2, ensure_ascii=False) + '\n',
    encoding='utf-8'
)


--- Turn 8/25 ---

[ASSISTANT]:


```bash
cd /workspace && python gen_inputs.py
```

[EXECUTING bash]:
cd /workspace && python gen_inputs.py

[OUTPUT]:
[Command completed successfully with no output]

--- Turn 9/25 ---

[ASSISTANT]:


Now I understand the structure. Let me create the release note file and verification manifest.

```bash
cat > /workspace/RELEASE_NOTES.md << 'EOF'
# OpenClaw Telegram Footer Patch - Release Notes

## Patch Summary
This patch introduces the Telegram footer enhancement for OpenClaw 2026.3.22, updating UI markers and bundle distribution targets.

## Validation Boundary
- **Validated Version**: OpenClaw 2026.3.22
- **Validation Scope**: live Telegram private-chat acceptance only

## Pre-Deployment Steps
1. **Dry-Run**: Execute `--dry-run` to simulate changes without modification
2. **Verify**: Use `--verify` for auto-discover verification of bundle integrity
3. **Backup**: Ensure `*.bak.telegram-footer.*` backup files are created before proceeding

## Deployment Steps
1. Run smoke test on affected bundles
2. Execute `node --check` for static validation
3. Perform live Telegram private-chat acceptance testing

## Rollback Procedure
1. Restore from `*.bak.telegram-footer.*` backup files
2....

[EXECUTING bash]:
cat > /workspace/RELEASE_NOTES.md << 'EOF'
# OpenClaw Telegram Footer Patch - Release Notes

## Patch Summary
This patch introduces the Telegram footer enhancement for OpenClaw 2026.3.22, updating UI markers and bundle distribution targets.

## Validation Boundary
- **Validated Version**: OpenClaw 2026.3.22
- **Validation Scope**: live Telegram private-chat acceptance only

## Pre-Deployment Steps
1. **Dry-Run**: Execute `--dry-run` to simulate changes without modification
2. **Verify**: Use `--verify` for auto-discover verification of bundle integrity
3. **Backup**: Ensure `*.bak.telegram-footer.*` backup files are created before proceeding

## Deployment Steps
1. Run smoke test on affected bundles
2. Execute `node --check` for static validation
3. Perform live Telegram private-chat acceptance testing

## Rollback Procedure
1. Restore from `*.bak.telegram-footer.*` backup files
2. Revert bundle changes
3. Execute `openclaw gateway restart` to apply rollback

## Required Restart
After deployment or rollback, execute: `openclaw gateway restart`

## Target Bundles Affected
- dist/agent-runner.runtime-*.js
- dist/reply-*.js
- dist/compact-*.js
- dist/pi-embedded-*.js
- dist/plugin-sdk/thread-bindings-*.js
- dist/model-selection-*.js
- dist/auth-profiles-*.js

## UI Markers Updated
- 🧠 Model
- 💭 Think
- 📊 Context

---
*Generated for OpenClaw 2026.3.22 Telegram Footer Patch*
EOF

[OUTPUT]:
[Command completed successfully with no output]

--- Turn 10/25 ---

[ASSISTANT]:


```bash
cat > /workspace/VERIFICATION_MANIFEST.json << 'EOF'
{
  "manifest_version": "1.0",
  "patch_name": "telegram-footer-patch",
  "validated_version": "OpenClaw 2026.3.22",
  "marker_strings": [
    "🧠 Model",
    "💭 Think",
    "📊 Context",
    "--dry-run",
    "--verify",
    "*.bak.telegram-footer.*",
    "openclaw gateway restart"
  ],
  "bundle_targets": [
    "dist/agent-runner.runtime-*.js",
    "dist/reply-*.js",
    "dist/compact-*.js",
    "dist/pi-embedded-*.js",
    "dist/plugin-sdk/thread-bindings-*.js",
    "dist/model-selection-*.js",
    "dist/auth-profiles-*.js"
  ],
  "validation_boundary": "live Telegram private-chat acceptance only",
  "static_checks": [
    "dry-run",
    "auto-discover verify",
    "smoke test",
    "node --check"
  ],
  "operations": {
    "dry_run": "--dry-run",
    "verify": "--verify",
    "backup_pattern": "*.bak.telegram-footer.*",
    "restart_command": "openclaw gateway restart"
  }
}
EOF
```

[EXECUTING bash]:
cat > /workspace/VERIFICATION_MANIFEST.json << 'EOF'
{
  "manifest_version": "1.0",
  "patch_name": "telegram-footer-patch",
  "validated_version": "OpenClaw 2026.3.22",
  "marker_strings": [
    "🧠 Model",
    "💭 Think",
    "📊 Context",
    "--dry-run",
    "--verify",
    "*.bak.telegram-footer.*",
    "openclaw gateway restart"
  ],
  "bundle_targets": [
    "dist/agent-runner.runtime-*.js",
    "dist/reply-*.js",
    "dist/compact-*.js",
    "dist/pi-embedded-*.js",
    "dist/plugin-sdk/thread-bindings-*.js",
    "dist/model-selection-*.js",
    "dist/auth-profiles-*.js"
  ],
  "validation_boundary": "live Telegram private-chat acceptance only",
  "static_checks": [
    "dry-run",
    "auto-discover verify",
    "smoke test",
    "node --check"
  ],
  "operations": {
    "dry_run": "--dry-run",
    "verify": "--verify",
    "backup_pattern": "*.bak.telegram-footer.*",
    "restart_command": "openclaw gateway restart"
  }
}
EOF

[OUTPUT]:
[Command completed successfully with no output]

--- Turn 11/25 ---

[ASSISTANT]:


```bash
ls -la /workspace/*.md /workspace/*.json 2>/dev/null || ls -la /workspace/
```

[EXECUTING bash]:
ls -la /workspace/*.md /workspace/*.json 2>/dev/null || ls -la /workspace/

[OUTPUT]:
-rw-r--r-- 1 root root 1359 Apr 14 01:57 /workspace/RELEASE_NOTES.md
-rw-r--r-- 1 root root  898 Apr 14 01:57 /workspace/VERIFICATION_MANIFEST.json


--- Turn 12/25 ---

[ASSISTANT]:


```bash
cat /workspace/RELEASE_NOTES.md
```

[EXECUTING bash]:
cat /workspace/RELEASE_NOTES.md

[OUTPUT]:
# OpenClaw Telegram Footer Patch - Release Notes

## Patch Summary
This patch introduces the Telegram footer enhancement for OpenClaw 2026.3.22, updating UI markers and bundle distribution targets.

## Validation Boundary
- **Validated Version**: OpenClaw 2026.3.22
- **Validation Scope**: live Telegram private-chat acceptance only

## Pre-Deployment Steps
1. **Dry-Run**: Execute `--dry-run` to simulate changes without modification
2. **Verify**: Use `--verify` for auto-discover verification of bundle integrity
3. **Backup**: Ensure `*.bak.telegram-footer.*` backup files are created before proceeding

## Deployment Steps
1. Run smoke test on affected bundles
2. Execute `node --check` for static validation
3. Perform live Telegram private-chat acceptance testing

## Rollback Procedure
1. Restore from `*.bak.telegram-footer.*` backup files
2. Revert bundle changes
3. Execute `openclaw gateway restart` to apply rollback

## Required Restart
After deployment or rollback, execute: `openclaw gateway restart`

## Target Bundles Affected
- dist/agent-runner.runtime-*.js
- dist/reply-*.js
- dist/compact-*.js
- dist/pi-embedded-*.js
- dist/plugin-sdk/thread-bindings-*.js
- dist/model-selection-*.js
- dist/auth-profiles-*.js

## UI Markers Updated
- 🧠 Model
- 💭 Think
- 📊 Context

---
*Generated for OpenClaw 2026.3.22 Telegram Footer Patch*


--- Turn 13/25 ---

[ASSISTANT]:


```bash
cat /workspace/VERIFICATION_MANIFEST.json
```

[EXECUTING bash]:
cat /workspace/VERIFICATION_MANIFEST.json

[OUTPUT]:
{
  "manifest_version": "1.0",
  "patch_name": "telegram-footer-patch",
  "validated_version": "OpenClaw 2026.3.22",
  "marker_strings": [
    "🧠 Model",
    "💭 Think",
    "📊 Context",
    "--dry-run",
    "--verify",
    "*.bak.telegram-footer.*",
    "openclaw gateway restart"
  ],
  "bundle_targets": [
    "dist/agent-runner.runtime-*.js",
    "dist/reply-*.js",
    "dist/compact-*.js",
    "dist/pi-embedded-*.js",
    "dist/plugin-sdk/thread-bindings-*.js",
    "dist/model-selection-*.js",
    "dist/auth-profiles-*.js"
  ],
  "validation_boundary": "live Telegram private-chat acceptance only",
  "static_checks": [
    "dry-run",
    "auto-discover verify",
    "smoke test",
    "node --check"
  ],
  "operations": {
    "dry_run": "--dry-run",
    "verify": "--verify",
    "backup_pattern": "*.bak.telegram-footer.*",
    "restart_command": "openclaw gateway restart"
  }
}


--- Turn 14/25 ---

[ASSISTANT]:


I have completed all the required tasks:

1. ✅ **Generated workspace inputs** by running `gen_inputs.py`
2. ✅ **Created release notes** (`RELEASE_NOTES.md`) with:
   - Patch summary for OpenClaw 2026.3.22 Telegram footer patch
   - Validation boundary (live Telegram private-chat acceptance only)
   - Required restart/real-acceptance steps
3. ✅ **Created verification manifest** (`VERIFICATION_MANIFEST.json`) referencing:
   - All 7 marker strings (🧠 Model, 💭 Think, 📊 Context, --dry-run, --verify, *.bak.telegram-footer.*, openclaw gateway restart)
   - All 7 target bundle names
4. ✅ **Manifest is deterministic** (fixed JSON structure) and release notes include:
   - dry-run guidance
   - verify guidance  
   - backup guidance (*.bak.telegram-footer.*)
   - rollback procedure
   - restart guidance (openclaw gateway restart)
5. ✅ **All outputs in /workspace**:
   - `/workspace/RELEASE_NOTES.md`
   - `/workspace/VERIFICATION_MANIFEST.json`

TASK_COMPLETE

✅ Agent reported TASK_COMPLETE

Conversation saved to results/repair_run_Qwen3.5-27B_20260414_095702/c-joey-telegram-footer-patch_create_medium_003/conversation.json

============================================================
Running evaluation...
============================================================

Results for c-joey-telegram-footer-patch_create_medium_003:
  Passed: False
  Score:  0.67
  Checks:
    ❌ release note content: RELEASE_NOTES.md present but missing one or more required concepts
    ✅ verification manifest: VERIFICATION_MANIFEST.json present with expected marker and target references
    ✅ generated inputs: deterministic inputs exist and include the embedded marker content

Cleaning up container 192a8e4b5818...
Container removed.

