Building Docker image...
Creating new container...
Container ready: 40e453a95b56
Workspace files: gen_inputs.py
inputs
setup.sh
workspace

============================================================
Starting agent interaction (Repair Mode)...
============================================================

============================================================
TASK: You are in a cloned OpenClaw workspace and need to prepare a safe release note bundle for the Telegram footer patch. Please do the following:
1) Generate the workspace inputs.
2) Create a concise release note file that summarizes the patch, its validation boundary, and the required restart/real-acceptance steps.
3) Create a companion verification manifest that references the exact marker strings and target bundle names used by the patch.
4) Make sure the manifest is deterministic and that the release note mentions the dry-run, verify, backup, rollback, and restart guidance.
5) Leave all generated outputs in the current directory.

The grader will check that the note and manifest are present, deterministic, and contain the expected marker content and target references.
============================================================


--- Turn 1/25 ---

[ASSISTANT]:


```bash
ls -la /workspace
```

[EXECUTING bash]:
ls -la /workspace

[OUTPUT]:
total 8
drwxr-xr-x 4 root  root    94 Apr 14 01:56 .
drwxr-xr-x 1 root  root    31 Apr 14 01:56 ..
-rw-r--r-- 1 32113 42021 1157 Apr 13 11:03 gen_inputs.py
drwxr-xr-x 2 root  root   103 Apr 14 01:56 inputs
-rwxr-xr-x 1 32113 42021   56 Apr 13 11:03 setup.sh
drwxr-xr-x 2 root  root    10 Apr 14 01:56 workspace


--- Turn 2/25 ---

[ASSISTANT]:


```bash
ls -la /workspace/inputs /workspace/workspace
```

[EXECUTING bash]:
ls -la /workspace/inputs /workspace/workspace

[OUTPUT]:
/workspace/inputs:
total 12
drwxr-xr-x 2 root root 103 Apr 14 01:56 .
drwxr-xr-x 4 root root  94 Apr 14 01:56 ..
-rw-r--r-- 1 root root 174 Apr 14 01:56 bundle_targets.txt
-rw-r--r-- 1 root root 103 Apr 14 01:56 marker_strings.txt
-rw-r--r-- 1 root root 225 Apr 14 01:56 release_boundary.json

/workspace/workspace:
total 0
drwxr-xr-x 2 root root 10 Apr 14 01:56 .
drwxr-xr-x 4 root root 94 Apr 14 01:56 ..


--- Turn 3/25 ---

[ASSISTANT]:


```bash
cat /workspace/inputs/bundle_targets.txt
```

[EXECUTING bash]:
cat /workspace/inputs/bundle_targets.txt

[OUTPUT]:
dist/agent-runner.runtime-*.js
dist/reply-*.js
dist/compact-*.js
dist/pi-embedded-*.js
dist/plugin-sdk/thread-bindings-*.js
dist/model-selection-*.js
dist/auth-profiles-*.js


--- Turn 4/25 ---

[ASSISTANT]:


```bash
cat /workspace/inputs/marker_strings.txt
```

[EXECUTING bash]:
cat /workspace/inputs/marker_strings.txt

[OUTPUT]:
🧠 Model
💭 Think
📊 Context
--dry-run
--verify
*.bak.telegram-footer.*
openclaw gateway restart


--- Turn 5/25 ---

[ASSISTANT]:


```bash
cat /workspace/inputs/release_boundary.json
```

[EXECUTING bash]:
cat /workspace/inputs/release_boundary.json

[OUTPUT]:
{
  "validated_version": "OpenClaw 2026.3.22",
  "validation_boundary": "live Telegram private-chat acceptance only",
  "static_checks": [
    "dry-run",
    "auto-discover verify",
    "smoke test",
    "node --check"
  ]
}


--- Turn 6/25 ---

[ASSISTANT]:


```bash
cat /workspace/gen_inputs.py
```

[EXECUTING bash]:
cat /workspace/gen_inputs.py

[OUTPUT]:
import json
from pathlib import Path

root = Path('.')
(root / 'inputs').mkdir(exist_ok=True)

marker_strings = [
    '🧠 Model',
    '💭 Think',
    '📊 Context',
    '--dry-run',
    '--verify',
    '*.bak.telegram-footer.*',
    'openclaw gateway restart',
]

bundle_targets = [
    'dist/agent-runner.runtime-*.js',
    'dist/reply-*.js',
    'dist/compact-*.js',
    'dist/pi-embedded-*.js',
    'dist/plugin-sdk/thread-bindings-*.js',
    'dist/model-selection-*.js',
    'dist/auth-profiles-*.js',
]

# Deterministic input files with marker content for the assistant to use.
(root / 'inputs' / 'marker_strings.txt').write_text('\n'.join(marker_strings) + '\n', encoding='utf-8')
(root / 'inputs' / 'bundle_targets.txt').write_text('\n'.join(bundle_targets) + '\n', encoding='utf-8')
(root / 'inputs' / 'release_boundary.json').write_text(
    json.dumps({
        'validated_version': 'OpenClaw 2026.3.22',
        'validation_boundary': 'live Telegram private-chat acceptance only',
        'static_checks': ['dry-run', 'auto-discover verify', 'smoke test', 'node --check'],
    }, indent=2, ensure_ascii=False) + '\n',
    encoding='utf-8'
)


--- Turn 7/25 ---

[ASSISTANT]:


Now I understand the inputs. Let me create the release note and verification manifest files.

```python
# Create the release note file
release_note = """# OpenClaw Telegram Footer Patch - Release Note

## Patch Summary
This patch adds the Telegram footer enhancement to OpenClaw 2026.3.22.

## Validation Boundary
- **Validated Version**: OpenClaw 2026.3.22
- **Validation Scope**: live Telegram private-chat acceptance only
- **Static Checks Required**: dry-run, auto-discover verify, smoke test, node --check

## Pre-Deployment Steps
1. **Dry-Run**: Execute `--dry-run` to preview changes without modification
2. **Verify**: Run `--verify` for auto-discover validation
3. **Backup**: Create backup files matching pattern `*.bak.telegram-footer.*`

## Rollback Guidance
- Restore from backup files matching `*.bak.telegram-footer.*`
- Revert any modified bundle targets if rollback is needed

## Post-Deployment Steps
1. **Restart**: Execute `openclaw gateway restart` to apply changes
2. **Real A...

[EXECUTING python]:
# Create the release note file
release_note = """# OpenClaw Telegram Footer Patch - Release Note

## Patch Summary
This patch adds the Telegram footer enhancement to OpenClaw 2026.3.22.

## Validation Boundary
- **Validated Version**: OpenClaw 2026.3.22
- **Validation Scope**: live Telegram private-chat acceptance only
- **Static Checks Required**: dry-run, auto-discover verify, smoke test, node --check

## Pre-Deployment Steps
1. **Dry-Run**: Execute `--dry-run` to preview changes without modification
2. **Verify**: Run `--verify` for auto-discover validation
3. **Backup**: Create backup files matching pattern `*.bak.telegram-footer.*`

## Rollback Guidance
- Restore from backup files matching `*.bak.telegram-footer.*`
- Revert any modified bundle targets if rollback is needed

## Post-Deployment Steps
1. **Restart**: Execute `openclaw gateway restart` to apply changes
2. **Real Acceptance**: Perform live Telegram private-chat acceptance testing
3. **Smoke Test**: Verify basic functionality after restart

## Target Bundles
- dist/agent-runner.runtime-*.js
- dist/reply-*.js
- dist/compact-*.js
- dist/pi-embedded-*.js
- dist/plugin-sdk/thread-bindings-*.js
- dist/model-selection-*.js
- dist/auth-profiles-*.js

## Key Markers
- 🧠 Model
- 💭 Think
- 📊 Context
"""

with open('/workspace/RELEASE_NOTES.md', 'w', encoding='utf-8') as f:
    f.write(release_note)

print("Created RELEASE_NOTES.md")

[OUTPUT]:
Created RELEASE_NOTES.md


--- Turn 8/25 ---

[ASSISTANT]:


```python
# Create the verification manifest
manifest = """# OpenClaw Telegram Footer Patch - Verification Manifest

## Marker Strings
- 🧠 Model
- 💭 Think
- 📊 Context
- --dry-run
- --verify
- *.bak.telegram-footer.*
- openclaw gateway restart

## Target Bundle Names
- dist/agent-runner.runtime-*.js
- dist/reply-*.js
- dist/compact-*.js
- dist/pi-embedded-*.js
- dist/plugin-sdk/thread-bindings-*.js
- dist/model-selection-*.js
- dist/auth-profiles-*.js

## Validation Configuration
- Validated Version: OpenClaw 2026.3.22
- Validation Boundary: live Telegram private-chat acceptance only

## Static Checks
- dry-run
- auto-discover verify
- smoke test
- node --check
"""

with open('/workspace/VERIFICATION_MANIFEST.txt', 'w', encoding='utf-8') as f:
    f.write(manifest)

print("Created VERIFICATION_MANIFEST.txt")
```

[EXECUTING python]:
# Create the verification manifest
manifest = """# OpenClaw Telegram Footer Patch - Verification Manifest

## Marker Strings
- 🧠 Model
- 💭 Think
- 📊 Context
- --dry-run
- --verify
- *.bak.telegram-footer.*
- openclaw gateway restart

## Target Bundle Names
- dist/agent-runner.runtime-*.js
- dist/reply-*.js
- dist/compact-*.js
- dist/pi-embedded-*.js
- dist/plugin-sdk/thread-bindings-*.js
- dist/model-selection-*.js
- dist/auth-profiles-*.js

## Validation Configuration
- Validated Version: OpenClaw 2026.3.22
- Validation Boundary: live Telegram private-chat acceptance only

## Static Checks
- dry-run
- auto-discover verify
- smoke test
- node --check
"""

with open('/workspace/VERIFICATION_MANIFEST.txt', 'w', encoding='utf-8') as f:
    f.write(manifest)

print("Created VERIFICATION_MANIFEST.txt")

[OUTPUT]:
Created VERIFICATION_MANIFEST.txt


--- Turn 9/25 ---

[ASSISTANT]:


```bash
ls -la /workspace/*.md /workspace/*.txt 2>/dev/null; echo "---"; cat /workspace/RELEASE_NOTES.md
```

[EXECUTING bash]:
ls -la /workspace/*.md /workspace/*.txt 2>/dev/null; echo "---"; cat /workspace/RELEASE_NOTES.md

[OUTPUT]:
-rw-r--r-- 1 root root 1236 Apr 14 01:56 /workspace/RELEASE_NOTES.md
-rw-r--r-- 1 root root  619 Apr 14 01:56 /workspace/VERIFICATION_MANIFEST.txt
---
# OpenClaw Telegram Footer Patch - Release Note

## Patch Summary
This patch adds the Telegram footer enhancement to OpenClaw 2026.3.22.

## Validation Boundary
- **Validated Version**: OpenClaw 2026.3.22
- **Validation Scope**: live Telegram private-chat acceptance only
- **Static Checks Required**: dry-run, auto-discover verify, smoke test, node --check

## Pre-Deployment Steps
1. **Dry-Run**: Execute `--dry-run` to preview changes without modification
2. **Verify**: Run `--verify` for auto-discover validation
3. **Backup**: Create backup files matching pattern `*.bak.telegram-footer.*`

## Rollback Guidance
- Restore from backup files matching `*.bak.telegram-footer.*`
- Revert any modified bundle targets if rollback is needed

## Post-Deployment Steps
1. **Restart**: Execute `openclaw gateway restart` to apply changes
2. **Real Acceptance**: Perform live Telegram private-chat acceptance testing
3. **Smoke Test**: Verify basic functionality after restart

## Target Bundles
- dist/agent-runner.runtime-*.js
- dist/reply-*.js
- dist/compact-*.js
- dist/pi-embedded-*.js
- dist/plugin-sdk/thread-bindings-*.js
- dist/model-selection-*.js
- dist/auth-profiles-*.js

## Key Markers
- 🧠 Model
- 💭 Think
- 📊 Context


--- Turn 10/25 ---

[ASSISTANT]:


```bash
cat /workspace/VERIFICATION_MANIFEST.txt
```

[EXECUTING bash]:
cat /workspace/VERIFICATION_MANIFEST.txt

[OUTPUT]:
# OpenClaw Telegram Footer Patch - Verification Manifest

## Marker Strings
- 🧠 Model
- 💭 Think
- 📊 Context
- --dry-run
- --verify
- *.bak.telegram-footer.*
- openclaw gateway restart

## Target Bundle Names
- dist/agent-runner.runtime-*.js
- dist/reply-*.js
- dist/compact-*.js
- dist/pi-embedded-*.js
- dist/plugin-sdk/thread-bindings-*.js
- dist/model-selection-*.js
- dist/auth-profiles-*.js

## Validation Configuration
- Validated Version: OpenClaw 2026.3.22
- Validation Boundary: live Telegram private-chat acceptance only

## Static Checks
- dry-run
- auto-discover verify
- smoke test
- node --check


--- Turn 11/25 ---

[ASSISTANT]:


Both files have been created successfully:

1. **RELEASE_NOTES.md** - Contains the patch summary, validation boundary (OpenClaw 2026.3.22, live Telegram private-chat acceptance), and complete guidance for:
   - Dry-run (`--dry-run`)
   - Verify (`--verify`)
   - Backup (`*.bak.telegram-footer.*`)
   - Rollback guidance
   - Restart (`openclaw gateway restart`)
   - Real acceptance steps

2. **VERIFICATION_MANIFEST.txt** - Contains deterministic references to:
   - All marker strings (🧠 Model, 💭 Think, 📊 Context, --dry-run, --verify, *.bak.telegram-footer.*, openclaw gateway restart)
   - All target bundle names (7 dist/*.js patterns)
   - Validation configuration and static checks

Both files are in `/workspace` and are deterministic (no timestamps or random content).

TASK_COMPLETE

✅ Agent reported TASK_COMPLETE

Conversation saved to results/repair_run_Qwen3.5-27B_20260414_095612/c-joey-telegram-footer-patch_create_medium_003/conversation.json

============================================================
Running evaluation...
============================================================

Results for c-joey-telegram-footer-patch_create_medium_003:
  Passed: False
  Score:  0.33
  Checks:
    ❌ release note content: release_note.txt is missing
    ❌ verification manifest: verification_manifest.json is missing
    ✅ generated inputs: deterministic inputs exist and include the embedded marker content

Cleaning up container 40e453a95b56...
Container removed.

