Building Docker image...
Creating new container...
Container ready: 123a451a62d5
Workspace files: data
gen_inputs.py
setup.sh

============================================================
Starting agent interaction (Repair Mode)...
============================================================

============================================================
TASK: Add a new birthday entry for Valentina: 14.02.2000. Please store it in the birthday file and include the turning age information if possible.
============================================================


--- Turn 1/25 ---

[ASSISTANT]:


```bash
ls -la /workspace
```

[EXECUTING bash]:
ls -la /workspace

[OUTPUT]:
total 8
drwxr-xr-x 3 root  root   71 Apr 14 01:58 .
drwxr-xr-x 1 root  root   47 Apr 14 01:58 ..
drwxr-xr-x 2 root  root   32 Apr 14 01:58 data
-rw-r--r-- 1 32113 42021 177 Apr 13 11:05 gen_inputs.py
-rwxr-xr-x 1 32113 42021  70 Apr 13 11:05 setup.sh


--- Turn 2/25 ---

[ASSISTANT]:


```bash
ls -la /workspace/data
```

[EXECUTING bash]:
ls -la /workspace/data

[OUTPUT]:
total 4
drwxr-xr-x 2 root root 32 Apr 14 01:58 .
drwxr-xr-x 3 root root 71 Apr 14 01:58 ..
-rw-r--r-- 1 root root 32 Apr 14 01:58 marker.txt


--- Turn 3/25 ---

[ASSISTANT]:


```bash
cat /workspace/data/marker.txt
```

[EXECUTING bash]:
cat /workspace/data/marker.txt

[OUTPUT]:
BIRTHDAY_REMINDER_MARKER_7F3A2C


--- Turn 4/25 ---

[ASSISTANT]:


```bash
cat /workspace/gen_inputs.py
```

[EXECUTING bash]:
cat /workspace/gen_inputs.py

[OUTPUT]:
from pathlib import Path

base = Path('.')
(base / 'data').mkdir(exist_ok=True)
(base / 'data' / 'marker.txt').write_text('BIRTHDAY_REMINDER_MARKER_7F3A2C\n', encoding='utf-8')


--- Turn 5/25 ---

[ASSISTANT]:


```bash
date
```

[EXECUTING bash]:
date

[OUTPUT]:
Tue Apr 14 01:58:42 UTC 2026


--- Turn 6/25 ---

[ASSISTANT]:


```bash
cat > /workspace/data/birthdays.txt << 'EOF'
Valentina: 14.02.2000 (turning 26)
EOF
```

[EXECUTING bash]:
cat > /workspace/data/birthdays.txt << 'EOF'
Valentina: 14.02.2000 (turning 26)
EOF

[OUTPUT]:
[Command completed successfully with no output]

--- Turn 7/25 ---

[ASSISTANT]:


```bash
cat /workspace/data/birthdays.txt
```

[EXECUTING bash]:
cat /workspace/data/birthdays.txt

[OUTPUT]:
Valentina: 14.02.2000 (turning 26)


--- Turn 8/25 ---

[ASSISTANT]:


I've completed the task. Here's what I did:

1. **Explored the workspace**: Found a `data` directory with a marker file indicating this is a birthday reminder system
2. **Determined the current date**: It's April 14, 2026
3. **Calculated the turning age**: Valentina was born on 14.02.2000 (February 14, 2000), so she will be turning 26 in 2026
4. **Created the birthday entry**: Stored it in `/workspace/data/birthdays.txt` with the format:
   - `Valentina: 14.02.2000 (turning 26)`

The birthday file now contains Valentina's entry with her date of birth and the age she will turn.

TASK_COMPLETE

✅ Agent reported TASK_COMPLETE

Conversation saved to results/repair_run_Qwen3.5-27B_20260414_095835/manantra-birthday-reminder_create_easy_000/conversation.json

============================================================
Running evaluation...
============================================================

Results for manantra-birthday-reminder_create_easy_000:
  Passed: False
  Score:  0.33
  Checks:
    ❌ birthday file exists: Missing data/birthdays.md
    ❌ contains valentina entry with age info: Could not find expected Valentina birthday entry with age info
    ✅ input marker preserved: Marker file contains expected deterministic token

Cleaning up container 123a451a62d5...
Container removed.

