Building Docker image...
Creating new container...
Container ready: b2f4272d5c49
Workspace files: birthdays_seed.txt
gen_inputs.py
home
setup.sh

============================================================
Starting agent interaction (Repair Mode)...
============================================================

============================================================
TASK: In the current directory, create a birthday reminder file for the following people using the skill’s storage format. Preserve the existing marker content in the input file, then add or update the birthdays below in /home/clawd/clawd/data/birthdays.md. Make sure the final file is sorted by month/day, includes ages only when the birth year is known, and keeps the marker line intact.

People to process:
- Valentina — 14.02.2000
- Max — 15.03.1990
- Lina — 01.01.1988
- Oskar — 28.12
- Ada — 05.02.2012
- Marta — 14.02

Important edge cases:
- If a birthday appears without a year, keep it without a year.
- If the same person is already present in the file, update that entry instead of duplicating it.
- Use the German format from the skill, including “wird X” only where computable.
- Do not alter unrelated content in the file.
============================================================


--- Turn 1/25 ---

[ASSISTANT]:


```bash
ls -la /workspace
```

[EXECUTING bash]:
ls -la /workspace

[OUTPUT]:
total 12
drwxr-xr-x 3 root  root  101 Apr 14 01:59 .
drwxr-xr-x 1 root  root   47 Apr 14 01:59 ..
-rw-r--r-- 1 root  root   42 Apr 14 01:59 birthdays_seed.txt
-rw-r--r-- 1 32113 42021 550 Apr 13 11:06 gen_inputs.py
drwxr-xr-x 3 root  root   27 Apr 14 01:59 home
-rwxr-xr-x 1 32113 42021 108 Apr 13 11:06 setup.sh


--- Turn 2/25 ---

[ASSISTANT]:


```bash
cat /workspace/birthdays_seed.txt
```

[EXECUTING bash]:
cat /workspace/birthdays_seed.txt

[OUTPUT]:
seed=424242
marker=BIRTHDAY_REMINDER_TASK


--- Turn 3/25 ---

[ASSISTANT]:


```bash
find /workspace/home -type f -name "*.md" 2>/dev/null
```

[EXECUTING bash]:
find /workspace/home -type f -name "*.md" 2>/dev/null

[OUTPUT]:
/workspace/home/clawd/clawd/data/birthdays.md


--- Turn 4/25 ---

[ASSISTANT]:


```bash
cat /workspace/home/clawd/clawd/data/birthdays.md
```

[EXECUTING bash]:
cat /workspace/home/clawd/clawd/data/birthdays.md

[OUTPUT]:
# Geburtsliste

# MARKER: birthday-input-seed-2025-04-19

- **Existing Person** - 11.11.1991
- **Valentina** - 14.02.1999
- **Unrelated Note** - keep this line intact


--- Turn 5/25 ---

[ASSISTANT]:


Now I understand the structure. I need to:
1. Keep the marker line intact
2. Keep "Existing Person" and "Unrelated Note" 
3. Update Valentina's birthday from 14.02.1999 to 14.02.2000
4. Add new entries for Max, Lina, Oskar, Ada, Marta
5. Sort by month/day
6. Add ages ("wird X") where birth year is known

Let me check the current year context and write the updated file:

```bash
cat > /workspace/home/clawd/clawd/data/birthdays.md << 'EOF'
# Geburtsliste

# MARKER: birthday-input-seed-2025-04-19

- **Lina** - 01.01.1988 wird 37
- **Marta** - 14.02
- **Valentina** - 14.02.2000 wird 25
- **Ada** - 05.02.2012 wird 13
- **Max** - 15.03.1990 wird 35
- **Existing Person** - 11.11.1991 wird 34
- **Oskar** - 28.12

- **Unrelated Note** - keep this line intact
EOF
```

[EXECUTING bash]:
cat > /workspace/home/clawd/clawd/data/birthdays.md << 'EOF'
# Geburtsliste

# MARKER: birthday-input-seed-2025-04-19

- **Lina** - 01.01.1988 wird 37
- **Marta** - 14.02
- **Valentina** - 14.02.2000 wird 25
- **Ada** - 05.02.2012 wird 13
- **Max** - 15.03.1990 wird 35
- **Existing Person** - 11.11.1991 wird 34
- **Oskar** - 28.12

- **Unrelated Note** - keep this line intact
EOF

[OUTPUT]:
[Command completed successfully with no output]

--- Turn 6/25 ---

[ASSISTANT]:


```bash
cat /workspace/home/clawd/clawd/data/birthdays.md
```

[EXECUTING bash]:
cat /workspace/home/clawd/clawd/data/birthdays.md

[OUTPUT]:
# Geburtsliste

# MARKER: birthday-input-seed-2025-04-19

- **Lina** - 01.01.1988 wird 37
- **Marta** - 14.02
- **Valentina** - 14.02.2000 wird 25
- **Ada** - 05.02.2012 wird 13
- **Max** - 15.03.1990 wird 35
- **Existing Person** - 11.11.1991 wird 34
- **Oskar** - 28.12

- **Unrelated Note** - keep this line intact


--- Turn 7/25 ---

[ASSISTANT]:


I notice the sorting is incorrect. Ada (05.02) should come before Marta and Valentina (14.02). Let me fix this:

```bash
cat > /workspace/home/clawd/clawd/data/birthdays.md << 'EOF'
# Geburtsliste

# MARKER: birthday-input-seed-2025-04-19

- **Lina** - 01.01.1988 wird 37
- **Ada** - 05.02.2012 wird 13
- **Marta** - 14.02
- **Valentina** - 14.02.2000 wird 25
- **Max** - 15.03.1990 wird 35
- **Existing Person** - 11.11.1991 wird 34
- **Oskar** - 28.12

- **Unrelated Note** - keep this line intact
EOF
```

[EXECUTING bash]:
cat > /workspace/home/clawd/clawd/data/birthdays.md << 'EOF'
# Geburtsliste

# MARKER: birthday-input-seed-2025-04-19

- **Lina** - 01.01.1988 wird 37
- **Ada** - 05.02.2012 wird 13
- **Marta** - 14.02
- **Valentina** - 14.02.2000 wird 25
- **Max** - 15.03.1990 wird 35
- **Existing Person** - 11.11.1991 wird 34
- **Oskar** - 28.12

- **Unrelated Note** - keep this line intact
EOF

[OUTPUT]:
[Command completed successfully with no output]

--- Turn 8/25 ---

[ASSISTANT]:


```bash
cat /workspace/home/clawd/clawd/data/birthdays.md
```

[EXECUTING bash]:
cat /workspace/home/clawd/clawd/data/birthdays.md

[OUTPUT]:
# Geburtsliste

# MARKER: birthday-input-seed-2025-04-19

- **Lina** - 01.01.1988 wird 37
- **Ada** - 05.02.2012 wird 13
- **Marta** - 14.02
- **Valentina** - 14.02.2000 wird 25
- **Max** - 15.03.1990 wird 35
- **Existing Person** - 11.11.1991 wird 34
- **Oskar** - 28.12

- **Unrelated Note** - keep this line intact


--- Turn 9/25 ---

[ASSISTANT]:


The file is now correctly updated:

1. **Marker preserved**: `# MARKER: birthday-input-seed-2025-04-19`
2. **Unrelated Note kept intact**: `- **Unrelated Note** - keep this line intact`
3. **Valentina updated**: Changed from 14.02.1999 to 14.02.2000
4. **New people added**: Max, Lina, Oskar, Ada, Marta
5. **Sorted by month/day**: Lina (01.01) → Ada (05.02) → Marta (14.02) → Valentina (14.02) → Max (15.03) → Existing Person (11.11) → Oskar (28.12)
6. **Ages only when year known**: 
   - Lina (1988) → 37
   - Ada (2012) → 13
   - Marta (no year) → no age
   - Valentina (2000) → 25
   - Max (1990) → 35
   - Existing Person (1991) → 34
   - Oskar (no year) → no age
7. **German format**: Uses "wird X" format

TASK_COMPLETE

✅ Agent reported TASK_COMPLETE

Conversation saved to results/repair_run_Qwen3.5-27B_20260414_095943/manantra-birthday-reminder_create_hard_005/conversation.json

============================================================
Running evaluation...
============================================================

Results for manantra-birthday-reminder_create_hard_005:
  Passed: False
  Score:  0.00
  Checks:
    ❌ evaluation runtime: exception: too many values to unpack (expected 2)

Cleaning up container b2f4272d5c49...
Container removed.

