Building Docker image...
Creating new container...
Container ready: f68500d0db5c
Workspace files: gen_inputs.py
install_notes.txt
manifest.json
reference.pdf
reference.png
setup.sh
task_data.json
workflow.csv

============================================================
Starting agent interaction (Repair Mode)...
============================================================

============================================================
TASK: User: "We need a guided installation verification package for the clauditor watchdog. Please prepare a hard-difficulty workspace that includes deterministic input artifacts, a realistic install scenario, and a grader that validates the final outputs. The task should simulate a post-install audit request, with markers embedded in the inputs so the evaluation can confirm the results precisely. Make sure the deliverable includes a JSON task spec, setup instructions, and a robust evaluator that checks the assistant's work without being brittle."
============================================================


--- Turn 1/25 ---

[ASSISTANT]:


```bash
ls -la /workspace
```

[EXECUTING bash]:
ls -la /workspace

[OUTPUT]:
total 36
drwxr-xr-x 2 root  root   209 Apr 14 01:23 .
drwxr-xr-x 1 root  root    46 Apr 14 01:23 ..
-rw-r--r-- 1 32113 42021 2258 Apr 13 11:02 gen_inputs.py
-rw-r--r-- 1 root  root   171 Apr 14 01:23 install_notes.txt
-rw-r--r-- 1 root  root   298 Apr 14 01:23 manifest.json
-rw-r--r-- 1 root  root  1416 Apr 14 01:23 reference.pdf
-rw-r--r-- 1 root  root  4573 Apr 14 01:23 reference.png
-rwxr-xr-x 1 32113 42021   75 Apr 13 11:02 setup.sh
-rw-r--r-- 1 root  root   154 Apr 14 01:23 task_data.json
-rw-r--r-- 1 root  root   104 Apr 14 01:23 workflow.csv


--- Turn 2/25 ---

[ASSISTANT]:


```bash
cat /workspace/install_notes.txt
```

[EXECUTING bash]:
cat /workspace/install_notes.txt

[OUTPUT]:
CLAUDITOR_MARKER_ALPHA
This workspace contains a guided install scenario for clauditor.
CLAUDITOR_MARKER_BETA
The expected output should preserve the audit trail markers.


--- Turn 3/25 ---

[ASSISTANT]:


```bash
cat /workspace/manifest.json
```

[EXECUTING bash]:
cat /workspace/manifest.json

[OUTPUT]:
{
  "files": [
    "install_notes.txt",
    "workflow.csv",
    "task_data.json",
    "reference.png",
    "reference.pdf"
  ],
  "required_markers": [
    "CLAUDITOR_MARKER_ALPHA",
    "CLAUDITOR_MARKER_BETA",
    "CSV_MARKER_X",
    "JSON_MARKER_A",
    "IMG_MARKER_1",
    "PDF_MARKER_ONE"
  ]
}

--- Turn 4/25 ---

[ASSISTANT]:


```bash
cat /workspace/task_data.json
```

[EXECUTING bash]:
cat /workspace/task_data.json

[OUTPUT]:
{
  "task": "clauditor-install",
  "markers": [
    "JSON_MARKER_A",
    "JSON_MARKER_B"
  ],
  "meta": {
    "difficulty": "hard",
    "seed": 1337
  }
}

--- Turn 5/25 ---

[ASSISTANT]:


```bash
cat /workspace/workflow.csv
```

[EXECUTING bash]:
cat /workspace/workflow.csv

[OUTPUT]:
step,name,marker
1,create-user,CSV_MARKER_X
2,configure-paths,CSV_MARKER_Y
3,verify-status,CSV_MARKER_Z


--- Turn 6/25 ---

[ASSISTANT]:


```bash
cat /workspace/gen_inputs.py
```

[EXECUTING bash]:
cat /workspace/gen_inputs.py

[OUTPUT]:
from pathlib import Path
import json
import random
from reportlab.lib.pagesizes import letter
from reportlab.pdfgen import canvas
from PIL import Image, ImageDraw, ImageFont
import pandas as pd

random.seed(1337)
base = Path('.')
base.mkdir(exist_ok=True)

# Deterministic text fixture with embedded markers
(base / 'install_notes.txt').write_text(
    'CLAUDITOR_MARKER_ALPHA\n'
    'This workspace contains a guided install scenario for clauditor.\n'
    'CLAUDITOR_MARKER_BETA\n'
    'The expected output should preserve the audit trail markers.\n',
    encoding='utf-8'
)

# CSV fixture with markers
rows = [
    {'step': 1, 'name': 'create-user', 'marker': 'CSV_MARKER_X'},
    {'step': 2, 'name': 'configure-paths', 'marker': 'CSV_MARKER_Y'},
    {'step': 3, 'name': 'verify-status', 'marker': 'CSV_MARKER_Z'},
]
pd.DataFrame(rows).to_csv(base / 'workflow.csv', index=False)

# JSON fixture with markers
json.dump(
    {
        'task': 'clauditor-install',
        'markers': ['JSON_MARKER_A', 'JSON_MARKER_B'],
        'meta': {'difficulty': 'hard', 'seed': 1337},
    },
    (base / 'task_data.json').open('w', encoding='utf-8'),
    indent=2,
)

# Image fixture with visible marker text
img = Image.new('RGB', (800, 240), color='white')
draw = ImageDraw.Draw(img)
draw.text((20, 20), 'IMG_MARKER_1', fill='black')
draw.text((20, 80), 'IMG_MARKER_2', fill='black')
draw.text((20, 140), 'Claudit0r guided audit workspace', fill='black')
img.save(base / 'reference.png')

# PDF fixture with embedded marker content
pdf_path = base / 'reference.pdf'
c = canvas.Canvas(str(pdf_path), pagesize=letter)
c.drawString(72, 720, 'PDF_MARKER_ONE')
c.drawString(72, 700, 'PDF_MARKER_TWO')
c.drawString(72, 680, 'Clauditor installation reference document')
c.showPage()
c.save()

# Manifest for easy inspection
manifest = {
    'files': [
        'install_notes.txt',
        'workflow.csv',
        'task_data.json',
        'reference.png',
        'reference.pdf',
    ],
    'required_markers': [
   ...

--- Turn 7/25 ---

[ASSISTANT]:


```bash
cat /workspace/setup.sh
```

[EXECUTING bash]:
cat /workspace/setup.sh

[OUTPUT]:
#!/usr/bin/env bash
set -euo pipefail
mkdir -p /workspace
chmod -R u+rwX .


--- Turn 8/25 ---

[ASSISTANT]:


Now I understand the task. I need to create a guided installation verification package for the clauditor watchdog. Let me create the required deliverables:

1. A JSON task spec
2. Setup instructions  
3. A robust evaluator

Let me start by creating the task specification:

```bash
cat > /workspace/task_spec.json << 'EOF'
{
  "task_id": "clauditor-watchdog-install-verification",
  "title": "Clauditor Watchdog Post-Install Audit Verification",
  "difficulty": "hard",
  "description": "Perform a guided installation verification for the clauditor watchdog system. This task simulates a post-install audit request where you must verify all components are correctly installed and generate a comprehensive audit report.",
  
  "scenario": {
    "context": "A clauditor watchdog installation has been performed. Your task is to verify the installation by checking all input artifacts, validating embedded markers, and producing an audit trail.",
    "objectives": [
      "Scan all input files and id...

[EXECUTING bash]:
cat > /workspace/task_spec.json << 'EOF'
{
  "task_id": "clauditor-watchdog-install-verification",
  "title": "Clauditor Watchdog Post-Install Audit Verification",
  "difficulty": "hard",
  "description": "Perform a guided installation verification for the clauditor watchdog system. This task simulates a post-install audit request where you must verify all components are correctly installed and generate a comprehensive audit report.",
  
  "scenario": {
    "context": "A clauditor watchdog installation has been performed. Your task is to verify the installation by checking all input artifacts, validating embedded markers, and producing an audit trail.",
    "objectives": [
      "Scan all input files and identify embedded audit markers",
      "Validate that required markers are present in their expected files",
      "Generate a structured audit report in JSON format",
      "Create a summary text file with installation verification results",
      "Preserve all markers in the output for downstream verification"
    ]
  },
  
  "input_artifacts": {
    "location": "INPUTS/",
    "files": [
      {
        "name": "install_notes.txt",
        "type": "text",
        "description": "Installation notes with embedded text markers",
        "expected_markers": ["CLAUDITOR_MARKER_ALPHA", "CLAUDITOR_MARKER_BETA"]
      },
      {
        "name": "workflow.csv",
        "type": "csv",
        "description": "Installation workflow steps with markers",
        "expected_markers": ["CSV_MARKER_X", "CSV_MARKER_Y", "CSV_MARKER_Z"]
      },
      {
        "name": "task_data.json",
        "type": "json",
        "description": "Task configuration with embedded markers",
        "expected_markers": ["JSON_MARKER_A", "JSON_MARKER_B"]
      },
      {
        "name": "reference.png",
        "type": "image",
        "description": "Reference image with visible marker text",
        "expected_markers": ["IMG_MARKER_1", "IMG_MARKER_2"]
      },
      {
        "name": "reference.pdf",
        "type": "pdf",
        "description": "Reference PDF document with embedded markers",
        "expected_markers": ["PDF_MARKER_ONE", "PDF_MARKER_TWO"]
      },
      {
        "name": "manifest.json",
        "type": "json",
        "description": "File manifest listing all artifacts",
        "expected_markers": []
      }
    ]
  },
  
  "required_outputs": {
    "location": "OUTPUTS/",
    "files": [
      {
        "name": "audit_report.json",
        "type": "json",
        "description": "Structured JSON audit report containing verification results",
        "required_fields": [
          "audit_id",
          "timestamp",
          "status",
          "files_verified",
          "markers_found",
          "markers_expected",
          "verification_details",
          "summary"
        ]
      },
      {
        "name": "verification_summary.txt",
        "type": "text",
        "description": "Human-readable summary of the verification process",
        "required_content": [
          "Installation verification complete",
          "Markers verified",
          "Audit trail preserved"
        ]
      },
      {
        "name": "marker_index.json",
        "type": "json",
        "description": "Index mapping markers to their source files",
        "required_fields": [
          "marker_to_file_mapping",
          "total_markers",
          "verification_timestamp"
        ]
      }
    ]
  },
  
  "evaluation_criteria": {
    "correctness": "All required output files must be created with correct structure",
    "completeness": "All markers must be identified and reported",
    "accuracy": "Marker-to-file mappings must be correct",
    "preservation": "Output files must contain reference to original markers"
  },
  
  "hints": [
    "Use text search for markers in text files",
    "Parse CSV and JSON files programmatically",
    "Image markers can be identified by examining the image metadata or using OCR",
    "PDF markers can be extracted using PDF text extraction",
    "The manifest.json provides a complete list of expected markers"
  ],
  
  "metadata": {
    "version": "1.0.0",
    "created": "2024-01-15",
    "seed": 1337,
    "author": "clauditor-system"
  }
}
EOF

[OUTPUT]:
[Command completed successfully with no output]

--- Turn 9/25 ---

[ASSISTANT]:


```bash
cat > /workspace/SETUP_INSTRUCTIONS.md << 'EOF'
# Clauditor Watchdog Installation Verification - Setup Instructions

## Overview

This workspace contains a guided installation verification package for the clauditor watchdog system. The task simulates a post-install audit request with deterministic input artifacts and embedded markers for precise evaluation.

## Workspace Structure

```
/workspace/
├── task_spec.json           # Task specification document
├── SETUP_INSTRUCTIONS.md    # This file
├── evaluator.py             # Automated evaluation script
├── run_evaluator.sh         # Evaluator runner script
├── INPUTS/                  # Input artifacts directory
│   ├── install_notes.txt    # Installation notes with markers
│   ├── workflow.csv         # Workflow steps CSV
│   ├── task_data.json       # Task configuration JSON
│   ├── reference.png        # Reference image with markers
│   ├── reference.pdf        # Reference PDF with markers
│   └── manifest.json        # F...

[EXECUTING bash]:
cat > /workspace/SETUP_INSTRUCTIONS.md << 'EOF'
# Clauditor Watchdog Installation Verification - Setup Instructions

## Overview

This workspace contains a guided installation verification package for the clauditor watchdog system. The task simulates a post-install audit request with deterministic input artifacts and embedded markers for precise evaluation.

## Workspace Structure

[OUTPUT]:
bash: line 8: warning: here-document at line 1 delimited by end-of-file (wanted `EOF')


--- Turn 10/25 ---

[ASSISTANT]:


```bash
cat > /workspace/SETUP_INSTRUCTIONS.md << 'ENDOFFILE'
# Clauditor Watchdog Installation Verification - Setup Instructions

## Overview

This workspace contains a guided installation verification package for the clauditor watchdog system. The task simulates a post-install audit request with deterministic input artifacts and embedded markers for precise evaluation.

## Workspace Structure

```
/workspace/
├── task_spec.json           # Task specification document
├── SETUP_INSTRUCTIONS.md    # This file
├── evaluator.py             # Automated evaluation script
├── run_evaluator.sh         # Evaluator runner script
├── INPUTS/                  # Input artifacts directory
│   ├── install_notes.txt    # Installation notes with markers
│   ├── workflow.csv         # Workflow steps CSV
│   ├── task_data.json       # Task configuration JSON
│   ├── reference.png        # Reference image with markers
│   ├── reference.pdf        # Reference PDF with markers
│   └── manifest.json     ...

[EXECUTING bash]:
cat > /workspace/SETUP_INSTRUCTIONS.md << 'ENDOFFILE'
# Clauditor Watchdog Installation Verification - Setup Instructions

## Overview

This workspace contains a guided installation verification package for the clauditor watchdog system. The task simulates a post-install audit request with deterministic input artifacts and embedded markers for precise evaluation.

## Workspace Structure

[OUTPUT]:
bash: line 8: warning: here-document at line 1 delimited by end-of-file (wanted `ENDOFFILE')


--- Turn 11/25 ---

[ASSISTANT]:


```python
setup_instructions = '''# Clauditor Watchdog Installation Verification - Setup Instructions

## Overview

This workspace contains a guided installation verification package for the clauditor watchdog system. The task simulates a post-install audit request with deterministic input artifacts and embedded markers for precise evaluation.

## Workspace Structure

/workspace/
├── task_spec.json           # Task specification document
├── SETUP_INSTRUCTIONS.md    # This file
├── evaluator.py             # Automated evaluation script
├── run_evaluator.sh         # Evaluator runner script
├── INPUTS/                  # Input artifacts directory
│   ├── install_notes.txt    # Installation notes with markers
│   ├── workflow.csv         # Workflow steps CSV
│   ├── task_data.json       # Task configuration JSON
│   ├── reference.png        # Reference image with markers
│   ├── reference.pdf        # Reference PDF with markers
│   └── manifest.json        # File manifest
└── OUTPUTS/ ...

[EXECUTING python]:
setup_instructions = '''# Clauditor Watchdog Installation Verification - Setup Instructions

## Overview

This workspace contains a guided installation verification package for the clauditor watchdog system. The task simulates a post-install audit request with deterministic input artifacts and embedded markers for precise evaluation.

## Workspace Structure

/workspace/
├── task_spec.json           # Task specification document
├── SETUP_INSTRUCTIONS.md    # This file
├── evaluator.py             # Automated evaluation script
├── run_evaluator.sh         # Evaluator runner script
├── INPUTS/                  # Input artifacts directory
│   ├── install_notes.txt    # Installation notes with markers
│   ├── workflow.csv         # Workflow steps CSV
│   ├── task_data.json       # Task configuration JSON
│   ├── reference.png        # Reference image with markers
│   ├── reference.pdf        # Reference PDF with markers
│   └── manifest.json        # File manifest
└── OUTPUTS/                 # Output directory (to be created by assistant)
    └── (generated by assistant)

## Setup Procedure

### 1. Initialize the Workspace

cd /workspace
mkdir -p INPUTS OUTPUTS

### 2. Copy Input Artifacts

cp install_notes.txt workflow.csv task_data.json reference.png reference.pdf manifest.json INPUTS/

### 3. Verify Input Integrity

# Check all required files exist
ls -la INPUTS/

# Verify manifest matches actual files
cat INPUTS/manifest.json

### 4. Run the Task

The assistant should:
1. Read the task_spec.json to understand requirements
2. Scan all input files for embedded markers
3. Generate the required output files in OUTPUTS/
4. Ensure all markers are properly documented

### 5. Evaluate Results

chmod +x run_evaluator.sh
./run_evaluator.sh

Or run the Python evaluator directly:

python3 evaluator.py

## Expected Marker Locations

| File | Markers |
|------|---------|
| install_notes.txt | CLAUDITOR_MARKER_ALPHA, CLAUDITOR_MARKER_BETA |
| workflow.csv | CSV_MARKER_X, CSV_MARKER_Y, CSV_MARKER_Z |
| task_data.json | JSON_MARKER_A, JSON_MARKER_B |
| reference.png | IMG_MARKER_1, IMG_MARKER_2 |
| reference.pdf | PDF_MARKER_ONE, PDF_MARKER_TWO |

## Output Requirements

### audit_report.json
Must contain:
- audit_id: Unique identifier for this audit
- timestamp: ISO 8601 timestamp
- status: PASS or FAIL
- files_verified: Array of verified file names
- markers_found: Array of markers discovered
- markers_expected: Array from manifest
- verification_details: Per-file verification results
- summary: Human-readable summary string

### verification_summary.txt
Must contain:
- Installation verification complete
- Markers verified
- Audit trail preserved

### marker_index.json
Must contain:
- marker_to_file_mapping: Object mapping marker names to source files
- total_markers: Integer count of markers
- verification_timestamp: ISO 8601 timestamp

## Evaluation Criteria

1. Correctness (40%): All output files exist with required structure
2. Completeness (30%): All markers identified and reported
3. Accuracy (20%): Marker-to-file mappings are correct
4. Preservation (10%): Output contains marker references

## Notes

- This is a HARD difficulty task requiring careful parsing of multiple file formats
- Image and PDF markers require appropriate tooling to extract
- The evaluator is deterministic and uses the seed 1337
- All timestamps should be in ISO 8601 format
'''

with open('/workspace/SETUP_INSTRUCTIONS.md', 'w') as f:
    f.write(setup_instructions)
print("SETUP_INSTRUCTIONS.md created successfully")

[OUTPUT]:
SETUP_INSTRUCTIONS.md created successfully


--- Turn 12/25 ---

[ASSISTANT]:


```python
evaluator_code = '''#!/usr/bin/env python3
"""
Clauditor Watchdog Installation Verification Evaluator

This evaluator checks the assistant's output files against expected criteria.
It is designed to be robust and non-brittle while still providing precise validation.
"""

import json
import os
import re
import sys
from datetime import datetime
from pathlib import Path
from typing import Dict, List, Any, Tuple, Optional

# Configuration
WORKSPACE = Path("/workspace")
INPUTS_DIR = WORKSPACE / "INPUTS"
OUTPUTS_DIR = WORKSPACE / "OUTPUTS"

# Expected markers by file (ground truth)
EXPECTED_MARKERS = {
    "install_notes.txt": ["CLAUDITOR_MARKER_ALPHA", "CLAUDITOR_MARKER_BETA"],
    "workflow.csv": ["CSV_MARKER_X", "CSV_MARKER_Y", "CSV_MARKER_Z"],
    "task_data.json": ["JSON_MARKER_A", "JSON_MARKER_B"],
    "reference.png": ["IMG_MARKER_1", "IMG_MARKER_2"],
    "reference.pdf": ["PDF_MARKER_ONE", "PDF_MARKER_TWO"],
}

# Required output files
REQUIRED_OUTPUTS = ["audit_report.jso...

--- Turn 13/25 ---

[ASSISTANT]:


```python
evaluator_code = '''#!/usr/bin/env python3
"""
Clauditor Watchdog Installation Verification Evaluator

This evaluator checks the assistant's output files against expected criteria.
It is designed to be robust and non-brittle while still providing precise validation.
"""

import json
import os
import sys
from datetime import datetime
from pathlib import Path
from typing import Dict, List, Any, Tuple, Optional

# Configuration
WORKSPACE = Path("/workspace")
INPUTS_DIR = WORKSPACE / "INPUTS"
OUTPUTS_DIR = WORKSPACE / "OUTPUTS"

# Expected markers by file (ground truth)
EXPECTED_MARKERS = {
    "install_notes.txt": ["CLAUDITOR_MARKER_ALPHA", "CLAUDITOR_MARKER_BETA"],
    "workflow.csv": ["CSV_MARKER_X", "CSV_MARKER_Y", "CSV_MARKER_Z"],
    "task_data.json": ["JSON_MARKER_A", "JSON_MARKER_B"],
    "reference.png": ["IMG_MARKER_1", "IMG_MARKER_2"],
    "reference.pdf": ["PDF_MARKER_ONE", "PDF_MARKER_TWO"],
}

# Required output files
REQUIRED_OUTPUTS = ["audit_report.json", "verif...

--- Turn 14/25 ---

[ASSISTANT]:


```python
evaluator_code = '''#!/usr/bin/env python3
"""
Clauditor Watchdog Installation Verification Evaluator

This evaluator checks the assistant's output files against expected criteria.
It is designed to be robust and non-brittle while still providing precise validation.
"""

import json
import os
import sys
from datetime import datetime
from pathlib import Path
from typing import Dict, List, Any, Tuple, Optional

# Configuration
WORKSPACE = Path("/workspace")
INPUTS_DIR = WORKSPACE / "INPUTS"
OUTPUTS_DIR = WORKSPACE / "OUTPUTS"

# Expected markers by file (ground truth)
EXPECTED_MARKERS = {
    "install_notes.txt": ["CLAUDITOR_MARKER_ALPHA", "CLAUDITOR_MARKER_BETA"],
    "workflow.csv": ["CSV_MARKER_X", "CSV_MARKER_Y", "CSV_MARKER_Z"],
    "task_data.json": ["JSON_MARKER_A", "JSON_MARKER_B"],
    "reference.png": ["IMG_MARKER_1", "IMG_MARKER_2"],
    "reference.pdf": ["PDF_MARKER_ONE", "PDF_MARKER_TWO"],
}

REQUIRED_OUTPUTS = ["audit_report.json", "verification_summary.txt", "m...

--- Turn 15/25 ---

[ASSISTANT]:


```python
code = '''#!/usr/bin/env python3
"""
Clauditor Watchdog Installation Verification Evaluator
"""

import json
import os
import sys
from datetime import datetime
from pathlib import Path
from typing import Dict, List, Any, Tuple, Optional

WORKSPACE = Path("/workspace")
INPUTS_DIR = WORKSPACE / "INPUTS"
OUTPUTS_DIR = WORKSPACE / "OUTPUTS"

EXPECTED_MARKERS = {
    "install_notes.txt": ["CLAUDITOR_MARKER_ALPHA", "CLAUDITOR_MARKER_BETA"],
    "workflow.csv": ["CSV_MARKER_X", "CSV_MARKER_Y", "CSV_MARKER_Z"],
    "task_data.json": ["JSON_MARKER_A", "JSON_MARKER_B"],
    "reference.png": ["IMG_MARKER_1", "IMG_MARKER_2"],
    "reference.pdf": ["PDF_MARKER_ONE", "PDF_MARKER_TWO"],
}

REQUIRED_OUTPUTS = ["audit_report.json", "verification_summary.txt", "marker_index.json"]

OUTPUT_SCHEMA = {
    "audit_report.json": {
        "required_fields": ["audit_id", "timestamp", "status", "files_verified", 
                           "markers_found", "markers_expected", "verification_details"...

--- Turn 16/25 ---

[ASSISTANT]:


```bash
cat > /workspace/evaluator.py << 'ENDFILE'
#!/usr/bin/env python3
"""Clauditor Watchdog Installation Verification Evaluator"""

import json
import sys
from pathlib import Path

WORKSPACE = Path("/workspace")
INPUTS_DIR = WORKSPACE / "INPUTS"
OUTPUTS_DIR = WORKSPACE / "OUTPUTS"

EXPECTED_MARKERS = {
    "install_notes.txt": ["CLAUDITOR_MARKER_ALPHA", "CLAUDITOR_MARKER_BETA"],
    "workflow.csv": ["CSV_MARKER_X", "CSV_MARKER_Y", "CSV_MARKER_Z"],
    "task_data.json": ["JSON_MARKER_A", "JSON_MARKER_B"],
    "reference.png": ["IMG_MARKER_1", "IMG_MARKER_2"],
    "reference.pdf": ["PDF_MARKER_ONE", "PDF_MARKER_TWO"],
}

REQUIRED_OUTPUTS = ["audit_report.json", "verification_summary.txt", "marker_index.json"]

OUTPUT_SCHEMA = {
    "audit_report.json": {
        "required_fields": ["audit_id", "timestamp", "status", "files_verified", 
                           "markers_found", "markers_expected", "verification_details", "summary"],
    },
    "verification_summary.txt": {
        ...

--- Turn 17/25 ---
[API ERROR]: Error code: 400 - {'error': {'message': "You passed 14337 input tokens and requested 2048 output tokens. However, the model's context length is only 16384 tokens, resulting in a maximum input length of 14336 tokens. Please reduce the length of the input prompt. (parameter=input_tokens, value=14337)", 'type': 'BadRequestError', 'param': 'input_tokens', 'code': 400}}

--- Turn 18/25 ---
[API ERROR]: Error code: 400 - {'error': {'message': "You passed 14337 input tokens and requested 2048 output tokens. However, the model's context length is only 16384 tokens, resulting in a maximum input length of 14336 tokens. Please reduce the length of the input prompt. (parameter=input_tokens, value=14337)", 'type': 'BadRequestError', 'param': 'input_tokens', 'code': 400}}

--- Turn 19/25 ---
[API ERROR]: Error code: 400 - {'error': {'message': "You passed 14337 input tokens and requested 2048 output tokens. However, the model's context length is only 16384 tokens, resulting in a maximum input length of 14336 tokens. Please reduce the length of the input prompt. (parameter=input_tokens, value=14337)", 'type': 'BadRequestError', 'param': 'input_tokens', 'code': 400}}

--- Turn 20/25 ---
[API ERROR]: Error code: 400 - {'error': {'message': "You passed 14337 input tokens and requested 2048 output tokens. However, the model's context length is only 16384 tokens, resulting in a maximum input length of 14336 tokens. Please reduce the length of the input prompt. (parameter=input_tokens, value=14337)", 'type': 'BadRequestError', 'param': 'input_tokens', 'code': 400}}

--- Turn 21/25 ---
[API ERROR]: Error code: 400 - {'error': {'message': "You passed 14337 input tokens and requested 2048 output tokens. However, the model's context length is only 16384 tokens, resulting in a maximum input length of 14336 tokens. Please reduce the length of the input prompt. (parameter=input_tokens, value=14337)", 'type': 'BadRequestError', 'param': 'input_tokens', 'code': 400}}

--- Turn 22/25 ---
[API ERROR]: Error code: 400 - {'error': {'message': "You passed 14337 input tokens and requested 2048 output tokens. However, the model's context length is only 16384 tokens, resulting in a maximum input length of 14336 tokens. Please reduce the length of the input prompt. (parameter=input_tokens, value=14337)", 'type': 'BadRequestError', 'param': 'input_tokens', 'code': 400}}

--- Turn 23/25 ---
[API ERROR]: Error code: 400 - {'error': {'message': "You passed 14337 input tokens and requested 2048 output tokens. However, the model's context length is only 16384 tokens, resulting in a maximum input length of 14336 tokens. Please reduce the length of the input prompt. (parameter=input_tokens, value=14337)", 'type': 'BadRequestError', 'param': 'input_tokens', 'code': 400}}

--- Turn 24/25 ---
[API ERROR]: Error code: 400 - {'error': {'message': "You passed 14337 input tokens and requested 2048 output tokens. However, the model's context length is only 16384 tokens, resulting in a maximum input length of 14336 tokens. Please reduce the length of the input prompt. (parameter=input_tokens, value=14337)", 'type': 'BadRequestError', 'param': 'input_tokens', 'code': 400}}

--- Turn 25/25 ---
[API ERROR]: Error code: 400 - {'error': {'message': "You passed 14337 input tokens and requested 2048 output tokens. However, the model's context length is only 16384 tokens, resulting in a maximum input length of 14336 tokens. Please reduce the length of the input prompt. (parameter=input_tokens, value=14337)", 'type': 'BadRequestError', 'param': 'input_tokens', 'code': 400}}

⚠️ Agent reached max turns (25)

Conversation saved to results/repair_run_Qwen3.5-27B_20260414_092301/apollostreetcompany-clauditor_create_hard_004/conversation.json

============================================================
Running evaluation...
============================================================

Results for apollostreetcompany-clauditor_create_hard_004:
  Passed: True
  Score:  1.00
  Checks:
    ✅ required_files_present: present=['install_notes.txt', 'workflow.csv', 'task_data.json', 'reference.png', 'reference.pdf', 'manifest.json']; missing=[]
    ✅ text_markers: found=['clauditor_marker_alpha', 'clauditor_marker_beta']
    ✅ json_markers: markers=['JSON_MARKER_A', 'JSON_MARKER_B']
    ✅ csv_markers: found=['csv_marker_x', 'csv_marker_y', 'csv_marker_z']
    ✅ manifest_valid: file_count=5; marker_count=6

Cleaning up container f68500d0db5c...
Container removed.

