Building Docker image...
Creating new container...
Container ready: d9392fa8c82f
Workspace files: gen_inputs.py
install_notes.txt
manifest.json
reference.pdf
reference.png
setup.sh
task_data.json
workflow.csv

============================================================
Starting agent interaction (Repair Mode)...
============================================================

============================================================
TASK: User: "We need a guided installation verification package for the clauditor watchdog. Please prepare a hard-difficulty workspace that includes deterministic input artifacts, a realistic install scenario, and a grader that validates the final outputs. The task should simulate a post-install audit request, with markers embedded in the inputs so the evaluation can confirm the results precisely. Make sure the deliverable includes a JSON task spec, setup instructions, and a robust evaluator that checks the assistant's work without being brittle."
============================================================


--- Turn 1/25 ---

[ASSISTANT]:


```bash
ls -la /workspace
```

[EXECUTING bash]:
ls -la /workspace

[OUTPUT]:
total 36
drwxr-xr-x 2 root  root   209 Apr 14 01:20 .
drwxr-xr-x 1 root  root    46 Apr 14 01:20 ..
-rw-r--r-- 1 32113 42021 2258 Apr 13 11:02 gen_inputs.py
-rw-r--r-- 1 root  root   171 Apr 14 01:20 install_notes.txt
-rw-r--r-- 1 root  root   298 Apr 14 01:20 manifest.json
-rw-r--r-- 1 root  root  1416 Apr 14 01:20 reference.pdf
-rw-r--r-- 1 root  root  4573 Apr 14 01:20 reference.png
-rwxr-xr-x 1 32113 42021   75 Apr 13 11:02 setup.sh
-rw-r--r-- 1 root  root   154 Apr 14 01:20 task_data.json
-rw-r--r-- 1 root  root   104 Apr 14 01:20 workflow.csv


--- Turn 2/25 ---

[ASSISTANT]:


```bash
cat /workspace/install_notes.txt
```

[EXECUTING bash]:
cat /workspace/install_notes.txt

[OUTPUT]:
CLAUDITOR_MARKER_ALPHA
This workspace contains a guided install scenario for clauditor.
CLAUDITOR_MARKER_BETA
The expected output should preserve the audit trail markers.


--- Turn 3/25 ---

[ASSISTANT]:


```bash
cat /workspace/manifest.json
```

[EXECUTING bash]:
cat /workspace/manifest.json

[OUTPUT]:
{
  "files": [
    "install_notes.txt",
    "workflow.csv",
    "task_data.json",
    "reference.png",
    "reference.pdf"
  ],
  "required_markers": [
    "CLAUDITOR_MARKER_ALPHA",
    "CLAUDITOR_MARKER_BETA",
    "CSV_MARKER_X",
    "JSON_MARKER_A",
    "IMG_MARKER_1",
    "PDF_MARKER_ONE"
  ]
}

--- Turn 4/25 ---

[ASSISTANT]:


```bash
cat /workspace/workflow.csv
```

[EXECUTING bash]:
cat /workspace/workflow.csv

[OUTPUT]:
step,name,marker
1,create-user,CSV_MARKER_X
2,configure-paths,CSV_MARKER_Y
3,verify-status,CSV_MARKER_Z


--- Turn 5/25 ---

[ASSISTANT]:


```bash
cat /workspace/task_data.json
```

[EXECUTING bash]:
cat /workspace/task_data.json

[OUTPUT]:
{
  "task": "clauditor-install",
  "markers": [
    "JSON_MARKER_A",
    "JSON_MARKER_B"
  ],
  "meta": {
    "difficulty": "hard",
    "seed": 1337
  }
}

--- Turn 6/25 ---

[ASSISTANT]:


```bash
cat /workspace/setup.sh
```

[EXECUTING bash]:
cat /workspace/setup.sh

[OUTPUT]:
#!/usr/bin/env bash
set -euo pipefail
mkdir -p /workspace
chmod -R u+rwX .


--- Turn 7/25 ---

[ASSISTANT]:


```bash
cat /workspace/gen_inputs.py
```

[EXECUTING bash]:
cat /workspace/gen_inputs.py

[OUTPUT]:
from pathlib import Path
import json
import random
from reportlab.lib.pagesizes import letter
from reportlab.pdfgen import canvas
from PIL import Image, ImageDraw, ImageFont
import pandas as pd

random.seed(1337)
base = Path('.')
base.mkdir(exist_ok=True)

# Deterministic text fixture with embedded markers
(base / 'install_notes.txt').write_text(
    'CLAUDITOR_MARKER_ALPHA\n'
    'This workspace contains a guided install scenario for clauditor.\n'
    'CLAUDITOR_MARKER_BETA\n'
    'The expected output should preserve the audit trail markers.\n',
    encoding='utf-8'
)

# CSV fixture with markers
rows = [
    {'step': 1, 'name': 'create-user', 'marker': 'CSV_MARKER_X'},
    {'step': 2, 'name': 'configure-paths', 'marker': 'CSV_MARKER_Y'},
    {'step': 3, 'name': 'verify-status', 'marker': 'CSV_MARKER_Z'},
]
pd.DataFrame(rows).to_csv(base / 'workflow.csv', index=False)

# JSON fixture with markers
json.dump(
    {
        'task': 'clauditor-install',
        'markers': ['JSON_MARKER_A', 'JSON_MARKER_B'],
        'meta': {'difficulty': 'hard', 'seed': 1337},
    },
    (base / 'task_data.json').open('w', encoding='utf-8'),
    indent=2,
)

# Image fixture with visible marker text
img = Image.new('RGB', (800, 240), color='white')
draw = ImageDraw.Draw(img)
draw.text((20, 20), 'IMG_MARKER_1', fill='black')
draw.text((20, 80), 'IMG_MARKER_2', fill='black')
draw.text((20, 140), 'Claudit0r guided audit workspace', fill='black')
img.save(base / 'reference.png')

# PDF fixture with embedded marker content
pdf_path = base / 'reference.pdf'
c = canvas.Canvas(str(pdf_path), pagesize=letter)
c.drawString(72, 720, 'PDF_MARKER_ONE')
c.drawString(72, 700, 'PDF_MARKER_TWO')
c.drawString(72, 680, 'Clauditor installation reference document')
c.showPage()
c.save()

# Manifest for easy inspection
manifest = {
    'files': [
        'install_notes.txt',
        'workflow.csv',
        'task_data.json',
        'reference.png',
        'reference.pdf',
    ],
    'required_markers': [
   ...

--- Turn 8/25 ---

[ASSISTANT]:


Now I understand the task. I need to create a guided installation verification package for the clauditor watchdog with:
1. A JSON task spec
2. Setup instructions
3. A robust evaluator/grader

Let me create the necessary files:

```python
cat > /workspace/task_spec.json << 'EOF'
{
  "task_id": "clauditor-watchdog-install-verification",
  "version": "1.0.0",
  "difficulty": "hard",
  "description": "Post-installation audit verification for the Clauditor Watchdog system. The assistant must analyze input artifacts, verify embedded markers, and generate a comprehensive audit report.",
  "scenario": {
    "context": "A system administrator has installed the Clauditor Watchdog monitoring system. A post-install audit is required to verify that all components are properly configured and that the installation trail is intact.",
    "goal": "Generate an audit report that validates the installation by checking for required markers across all input artifacts and producing verification outputs.",
...

[EXECUTING python]:
cat > /workspace/task_spec.json << 'EOF'
{
  "task_id": "clauditor-watchdog-install-verification",
  "version": "1.0.0",
  "difficulty": "hard",
  "description": "Post-installation audit verification for the Clauditor Watchdog system. The assistant must analyze input artifacts, verify embedded markers, and generate a comprehensive audit report.",
  "scenario": {
    "context": "A system administrator has installed the Clauditor Watchdog monitoring system. A post-install audit is required to verify that all components are properly configured and that the installation trail is intact.",
    "goal": "Generate an audit report that validates the installation by checking for required markers across all input artifacts and producing verification outputs.",
    "requirements": [
      "Parse all input files (install_notes.txt, workflow.csv, task_data.json, reference.png, reference.pdf)",
      "Extract and verify all embedded markers from each file type",
      "Generate an audit_report.json containing verification results",
      "Create a verification_summary.txt with human-readable results",
      "Produce a marker_index.json mapping markers to their source files",
      "Validate that the installation workflow steps are correctly sequenced"
    ]
  },
  "input_artifacts": {
    "text_files": ["install_notes.txt"],
    "structured_files": ["workflow.csv", "task_data.json"],
    "binary_files": ["reference.png", "reference.pdf"],
    "metadata": ["manifest.json"]
  },
  "expected_outputs": {
    "audit_report.json": "JSON file containing verification results for each marker",
    "verification_summary.txt": "Human-readable summary of audit findings",
    "marker_index.json": "Index mapping each marker to its source file and location",
    "install_verification.txt": "Final verification document confirming installation status"
  },
  "markers_to_verify": [
    "CLAUDITOR_MARKER_ALPHA",
    "CLAUDITOR_MARKER_BETA",
    "CSV_MARKER_X",
    "CSV_MARKER_Y",
    "CSV_MARKER_Z",
    "JSON_MARKER_A",
    "JSON_MARKER_B",
    "IMG_MARKER_1",
    "IMG_MARKER_2",
    "PDF_MARKER_ONE",
    "PDF_MARKER_TWO"
  ],
  "evaluation_criteria": {
    "marker_detection": "All 11 markers must be correctly identified",
    "file_parsing": "All input files must be correctly parsed",
    "output_format": "Output files must follow the specified JSON/text formats",
    "workflow_validation": "Installation workflow steps must be verified in correct order"
  },
  "seed": 1337,
  "deterministic": true
}
EOF

[OUTPUT]:
[EXIT CODE: 1]
  File "/tmp/_agent_script.py", line 1
    cat > /workspace/task_spec.json << 'EOF'
          ^
SyntaxError: invalid syntax


--- Turn 9/25 ---

[ASSISTANT]:


```bash
cat > /workspace/task_spec.json << 'EOF'
{
  "task_id": "clauditor-watchdog-install-verification",
  "version": "1.0.0",
  "difficulty": "hard",
  "description": "Post-installation audit verification for the Clauditor Watchdog system. The assistant must analyze input artifacts, verify embedded markers, and generate a comprehensive audit report.",
  "scenario": {
    "context": "A system administrator has installed the Clauditor Watchdog monitoring system. A post-install audit is required to verify that all components are properly configured and that the installation trail is intact.",
    "goal": "Generate an audit report that validates the installation by checking for required markers across all input artifacts and producing verification outputs.",
    "requirements": [
      "Parse all input files (install_notes.txt, workflow.csv, task_data.json, reference.png, reference.pdf)",
      "Extract and verify all embedded markers from each file type",
      "Generate an audit_rep...

[EXECUTING bash]:
cat > /workspace/task_spec.json << 'EOF'
{
  "task_id": "clauditor-watchdog-install-verification",
  "version": "1.0.0",
  "difficulty": "hard",
  "description": "Post-installation audit verification for the Clauditor Watchdog system. The assistant must analyze input artifacts, verify embedded markers, and generate a comprehensive audit report.",
  "scenario": {
    "context": "A system administrator has installed the Clauditor Watchdog monitoring system. A post-install audit is required to verify that all components are properly configured and that the installation trail is intact.",
    "goal": "Generate an audit report that validates the installation by checking for required markers across all input artifacts and producing verification outputs.",
    "requirements": [
      "Parse all input files (install_notes.txt, workflow.csv, task_data.json, reference.png, reference.pdf)",
      "Extract and verify all embedded markers from each file type",
      "Generate an audit_report.json containing verification results",
      "Create a verification_summary.txt with human-readable results",
      "Produce a marker_index.json mapping markers to their source files",
      "Validate that the installation workflow steps are correctly sequenced"
    ]
  },
  "input_artifacts": {
    "text_files": ["install_notes.txt"],
    "structured_files": ["workflow.csv", "task_data.json"],
    "binary_files": ["reference.png", "reference.pdf"],
    "metadata": ["manifest.json"]
  },
  "expected_outputs": {
    "audit_report.json": "JSON file containing verification results for each marker",
    "verification_summary.txt": "Human-readable summary of audit findings",
    "marker_index.json": "Index mapping each marker to its source file and location",
    "install_verification.txt": "Final verification document confirming installation status"
  },
  "markers_to_verify": [
    "CLAUDITOR_MARKER_ALPHA",
    "CLAUDITOR_MARKER_BETA",
    "CSV_MARKER_X",
    "CSV_MARKER_Y",
    "CSV_MARKER_Z",
    "JSON_MARKER_A",
    "JSON_MARKER_B",
    "IMG_MARKER_1",
    "IMG_MARKER_2",
    "PDF_MARKER_ONE",
    "PDF_MARKER_TWO"
  ],
  "evaluation_criteria": {
    "marker_detection": "All 11 markers must be correctly identified",
    "file_parsing": "All input files must be correctly parsed",
    "output_format": "Output files must follow the specified JSON/text formats",
    "workflow_validation": "Installation workflow steps must be verified in correct order"
  },
  "seed": 1337,
  "deterministic": true
}
EOF

[OUTPUT]:
[Command completed successfully with no output]

--- Turn 10/25 ---

[ASSISTANT]:


```bash
cat > /workspace/SETUP.md << 'EOF'
# Clauditor Watchdog Installation Verification - Setup Instructions

## Overview
This workspace contains a guided installation verification package for the Clauditor Watchdog system. The task simulates a post-install audit request with embedded markers for precise evaluation.

## Prerequisites
- Python 3.8+
- Required Python packages: `Pillow`, `reportlab`, `pandas`, `PyPDF2`
- Standard Unix tools (grep, cat, etc.)

## Installation Steps

### 1. Verify Workspace Contents
```bash
cd /workspace
ls -la
```

Expected files:
- `install_notes.txt` - Text file with installation markers
- `workflow.csv` - CSV with installation workflow steps
- `task_data.json` - JSON configuration with markers
- `reference.png` - Image with embedded markers
- `reference.pdf` - PDF document with markers
- `manifest.json` - File manifest with marker list
- `task_spec.json` - Task specification document
- `evaluator.py` - Automated grading script

### 2. Install Python...

[EXECUTING bash]:
cat > /workspace/SETUP.md << 'EOF'
# Clauditor Watchdog Installation Verification - Setup Instructions

## Overview
This workspace contains a guided installation verification package for the Clauditor Watchdog system. The task simulates a post-install audit request with embedded markers for precise evaluation.

## Prerequisites
- Python 3.8+
- Required Python packages: `Pillow`, `reportlab`, `pandas`, `PyPDF2`
- Standard Unix tools (grep, cat, etc.)

## Installation Steps

### 1. Verify Workspace Contents

[OUTPUT]:
bash: line 14: warning: here-document at line 1 delimited by end-of-file (wanted `EOF')


--- Turn 11/25 ---

[ASSISTANT]:


```python
setup_content = '''# Clauditor Watchdog Installation Verification - Setup Instructions

## Overview
This workspace contains a guided installation verification package for the Clauditor Watchdog system. The task simulates a post-install audit request with embedded markers for precise evaluation.

## Prerequisites
- Python 3.8+
- Required Python packages: `Pillow`, `reportlab`, `pandas`, `PyPDF2`
- Standard Unix tools (grep, cat, etc.)

## Installation Steps

### 1. Verify Workspace Contents
```bash
cd /workspace
ls -la
```

Expected files:
- `install_notes.txt` - Text file with installation markers
- `workflow.csv` - CSV with installation workflow steps
- `task_data.json` - JSON configuration with markers
- `reference.png` - Image with embedded markers
- `reference.pdf` - PDF document with markers
- `manifest.json` - File manifest with marker list
- `task_spec.json` - Task specification document
- `evaluator.py` - Automated grading script

### 2. Install Python Dependencies
...

[EXECUTING python]:
setup_content = '''# Clauditor Watchdog Installation Verification - Setup Instructions

## Overview
This workspace contains a guided installation verification package for the Clauditor Watchdog system. The task simulates a post-install audit request with embedded markers for precise evaluation.

## Prerequisites
- Python 3.8+
- Required Python packages: `Pillow`, `reportlab`, `pandas`, `PyPDF2`
- Standard Unix tools (grep, cat, etc.)

## Installation Steps

### 1. Verify Workspace Contents

[OUTPUT]:
[EXIT CODE: 1]
  File "/tmp/_agent_script.py", line 1
    setup_content = '''# Clauditor Watchdog Installation Verification - Setup Instructions
                    ^
SyntaxError: unterminated triple-quoted string literal (detected at line 13)


--- Turn 12/25 ---

[ASSISTANT]:


```python
setup_content = """# Clauditor Watchdog Installation Verification - Setup Instructions

## Overview
This workspace contains a guided installation verification package for the Clauditor Watchdog system. The task simulates a post-install audit request with embedded markers for precise evaluation.

## Prerequisites
- Python 3.8+
- Required Python packages: Pillow, reportlab, pandas, PyPDF2
- Standard Unix tools (grep, cat, etc.)

## Installation Steps

### 1. Verify Workspace Contents
cd /workspace
ls -la

Expected files:
- install_notes.txt - Text file with installation markers
- workflow.csv - CSV with installation workflow steps
- task_data.json - JSON configuration with markers
- reference.png - Image with embedded markers
- reference.pdf - PDF document with markers
- manifest.json - File manifest with marker list
- task_spec.json - Task specification document
- evaluator.py - Automated grading script

### 2. Install Python Dependencies
pip install Pillow reportlab pandas ...

[EXECUTING python]:
setup_content = """# Clauditor Watchdog Installation Verification - Setup Instructions

## Overview
This workspace contains a guided installation verification package for the Clauditor Watchdog system. The task simulates a post-install audit request with embedded markers for precise evaluation.

## Prerequisites
- Python 3.8+
- Required Python packages: Pillow, reportlab, pandas, PyPDF2
- Standard Unix tools (grep, cat, etc.)

## Installation Steps

### 1. Verify Workspace Contents
cd /workspace
ls -la

Expected files:
- install_notes.txt - Text file with installation markers
- workflow.csv - CSV with installation workflow steps
- task_data.json - JSON configuration with markers
- reference.png - Image with embedded markers
- reference.pdf - PDF document with markers
- manifest.json - File manifest with marker list
- task_spec.json - Task specification document
- evaluator.py - Automated grading script

### 2. Install Python Dependencies
pip install Pillow reportlab pandas PyPDF2

### 3. Verify Input Artifacts
Check text markers: grep CLAUDITOR_MARKER install_notes.txt
Check CSV markers: grep MARKER workflow.csv
Check JSON markers: cat task_data.json

### 4. Run the Evaluator
python3 evaluator.py

## Task Description

### Objective
Perform a post-installation audit of the Clauditor Watchdog system by:
1. Parsing all input artifacts
2. Extracting and verifying embedded markers
3. Generating comprehensive audit outputs

### Required Outputs

1. audit_report.json - JSON containing:
   - status: PASS or FAIL
   - markers_found: list of detected markers
   - markers_missing: list of missing markers
   - file_analysis: per-file verification results
   - workflow_validated: boolean

2. verification_summary.txt - Human-readable summary with:
   - Total markers expected vs found
   - Per-file status
   - Overall pass/fail determination

3. marker_index.json - Mapping of markers to source files:
   - Each marker mapped to its source file
   - Line/position information where available

4. install_verification.txt - Final verification document:
   - Installation status declaration
   - Audit timestamp
   - Signature placeholder

## Evaluation Criteria

Criterion           Weight    Description
Marker Detection    40%       All 11 markers correctly identified
File Parsing        25%       All input files correctly processed
Output Format       20%       Output files follow specified formats
Workflow Validation 15%       Installation steps verified in order

## Running the Grader
python3 evaluator.py --verbose

The grader will:
- Check for all required output files
- Validate JSON structure and content
- Verify marker detection accuracy
- Generate a detailed evaluation report
"""

with open('/workspace/SETUP.md', 'w') as f:
    f.write(setup_content)
print("SETUP.md created successfully")

[OUTPUT]:
SETUP.md created successfully


--- Turn 13/25 ---

[ASSISTANT]:


```python
evaluator_code = '''#!/usr/bin/env python3
"""
Clauditor Watchdog Installation Verification Evaluator

This evaluator checks the assistant's work on the post-install audit task.
It validates output files, marker detection, and overall completion.
"""

import json
import os
import sys
import re
from pathlib import Path
from datetime import datetime
from typing import Dict, List, Any, Tuple, Optional

# Constants
WORKSPACE = Path('/workspace')
REQUIRED_MARKERS = [
    'CLAUDITOR_MARKER_ALPHA',
    'CLAUDITOR_MARKER_BETA',
    'CSV_MARKER_X',
    'CSV_MARKER_Y',
    'CSV_MARKER_Z',
    'JSON_MARKER_A',
    'JSON_MARKER_B',
    'IMG_MARKER_1',
    'IMG_MARKER_2',
    'PDF_MARKER_ONE',
    'PDF_MARKER_TWO',
]

EXPECTED_MARKER_SOURCES = {
    'CLAUDITOR_MARKER_ALPHA': 'install_notes.txt',
    'CLAUDITOR_MARKER_BETA': 'install_notes.txt',
    'CSV_MARKER_X': 'workflow.csv',
    'CSV_MARKER_Y': 'workflow.csv',
    'CSV_MARKER_Z': 'workflow.csv',
    'JSON_MARKER_A': 'task_data.json...

--- Turn 14/25 ---

[ASSISTANT]:


```python
evaluator_code = '''#!/usr/bin/env python3
"""
Clauditor Watchdog Installation Verification Evaluator

This evaluator checks the assistant's work on the post-install audit task.
It validates output files, marker detection, and overall completion.
"""

import json
import os
import sys
import re
from pathlib import Path
from datetime import datetime
from typing import Dict, List, Any, Tuple, Optional

# Constants
WORKSPACE = Path('/workspace')
REQUIRED_MARKERS = [
    'CLAUDITOR_MARKER_ALPHA',
    'CLAUDITOR_MARKER_BETA',
    'CSV_MARKER_X',
    'CSV_MARKER_Y',
    'CSV_MARKER_Z',
    'JSON_MARKER_A',
    'JSON_MARKER_B',
    'IMG_MARKER_1',
    'IMG_MARKER_2',
    'PDF_MARKER_ONE',
    'PDF_MARKER_TWO',
]

EXPECTED_MARKER_SOURCES = {
    'CLAUDITOR_MARKER_ALPHA': 'install_notes.txt',
    'CLAUDITOR_MARKER_BETA': 'install_notes.txt',
    'CSV_MARKER_X': 'workflow.csv',
    'CSV_MARKER_Y': 'workflow.csv',
    'CSV_MARKER_Z': 'workflow.csv',
    'JSON_MARKER_A': 'task_data.json...

--- Turn 15/25 ---

[ASSISTANT]:


```python
code = r'''#!/usr/bin/env python3
"""
Clauditor Watchdog Installation Verification Evaluator
"""

import json
import sys
from pathlib import Path
from datetime import datetime
from typing import Dict, List, Tuple

WORKSPACE = Path('/workspace')
REQUIRED_MARKERS = [
    'CLAUDITOR_MARKER_ALPHA', 'CLAUDITOR_MARKER_BETA',
    'CSV_MARKER_X', 'CSV_MARKER_Y', 'CSV_MARKER_Z',
    'JSON_MARKER_A', 'JSON_MARKER_B',
    'IMG_MARKER_1', 'IMG_MARKER_2',
    'PDF_MARKER_ONE', 'PDF_MARKER_TWO',
]

EXPECTED_MARKER_SOURCES = {
    'CLAUDITOR_MARKER_ALPHA': 'install_notes.txt',
    'CLAUDITOR_MARKER_BETA': 'install_notes.txt',
    'CSV_MARKER_X': 'workflow.csv',
    'CSV_MARKER_Y': 'workflow.csv',
    'CSV_MARKER_Z': 'workflow.csv',
    'JSON_MARKER_A': 'task_data.json',
    'JSON_MARKER_B': 'task_data.json',
    'IMG_MARKER_1': 'reference.png',
    'IMG_MARKER_2': 'reference.png',
    'PDF_MARKER_ONE': 'reference.pdf',
    'PDF_MARKER_TWO': 'reference.pdf',
}

REQUIRED_OUTPUTS = [
    'au...

[EXECUTING python]:
code = r'''#!/usr/bin/env python3
"""
Clauditor Watchdog Installation Verification Evaluator
"""

import json
import sys
from pathlib import Path
from datetime import datetime
from typing import Dict, List, Tuple

WORKSPACE = Path('/workspace')
REQUIRED_MARKERS = [
    'CLAUDITOR_MARKER_ALPHA', 'CLAUDITOR_MARKER_BETA',
    'CSV_MARKER_X', 'CSV_MARKER_Y', 'CSV_MARKER_Z',
    'JSON_MARKER_A', 'JSON_MARKER_B',
    'IMG_MARKER_1', 'IMG_MARKER_2',
    'PDF_MARKER_ONE', 'PDF_MARKER_TWO',
]

EXPECTED_MARKER_SOURCES = {
    'CLAUDITOR_MARKER_ALPHA': 'install_notes.txt',
    'CLAUDITOR_MARKER_BETA': 'install_notes.txt',
    'CSV_MARKER_X': 'workflow.csv',
    'CSV_MARKER_Y': 'workflow.csv',
    'CSV_MARKER_Z': 'workflow.csv',
    'JSON_MARKER_A': 'task_data.json',
    'JSON_MARKER_B': 'task_data.json',
    'IMG_MARKER_1': 'reference.png',
    'IMG_MARKER_2': 'reference.png',
    'PDF_MARKER_ONE': 'reference.pdf',
    'PDF_MARKER_TWO': 'reference.pdf',
}

REQUIRED_OUTPUTS = [
    'audit_report.json', 'verification_summary.txt',
    'marker_index.json', 'install_verification.txt',
]

def log(msg, verbose=True):
    if verbose:
        print(f"[INFO] {msg}")

def log_error(msg):
    print(f"[ERROR] {msg}")

def log_success(msg):
    print(f"[SUCCESS] {msg}")

def check_output_files():
    missing = [f for f in REQUIRED_OUTPUTS if not (WORKSPACE / f).exists()]
    if missing:
        log_error(f"Missing: {missing}")
        return False, len(missing)
    log_success("All output files exist")
    return True, 0

def validate_audit_report(verbose=True):
    path = WORKSPACE / 'audit_report.json'
    try:
        with open(path) as f:
            report = json.load(f)
    except Exception as e:
        log_error(f"Cannot parse audit_report.json: {e}")
        return False, 0, []
    
    required = ['status', 'markers_found', 'markers_missing', 'file_analysis']
    missing = [f for f in required if f not in report]
    if missing:
        log_error(f"Missing fields: {missing}")
        return False, 0, []
    
    detected = report.get('markers_found', [])
    expected_status = 'PASS' if len(detected) == len(REQUIRED_MARKERS) else 'FAIL'
    if report.get('status') != expected_status:
        log_error(f"Status mismatch: expected {expected_status}")
        return False, len(detected), detected
    
    log_success("audit_report.json valid")
    return True, len(detected), detected

def validate_marker_index(verbose=True):
    path = WORKSPACE / 'marker_index.json'
    try:
        with open(path) as f:
            index = json.load(f)
    except Exception as e:
        log_error(f"Cannot parse marker_index.json: {e}")
        return False, 0
    
    if not isinstance(index, dict):
        return False, 0
    
    correct = 0
    for marker, expected in EXPECTED_MARKER_SOURCES.items():
        if marker in index:
            src = index[marker].get('source') if isinstance(index[marker], dict) else index[marker]
            if src == expected:
                correct += 1
    return correct > 0, correct

def validate_text_files(verbose=True):
    score = 0
    for fname in ['verification_summary.txt', 'install_verification.txt']:
        path = WORKSPACE / fname
        try:
            content = path.read_text().lower()
            checks = [
                ('markers' in content or 'marker' in content),
                ('pass' in content or 'fail' in content),
                (len(content) > 50),
            ]
            score += sum(checks)
        except:
            pass
    return score > 0, score

def calculate_score(detected_count, files_valid):
    marker_score = (detected_count / len(REQUIRED_MARKERS)) * 60
    file_score = (files_valid / len(REQUIRED_OUTPUTS)) * 40
    return marker_score + file_score

def main():
    verbose = '--verbose' in sys.argv or '-v' in sys.argv
    results = {
        'timestamp': datetime.now().isoformat(),
        'overall_status': 'PENDING',
        'checks': [],
        'score': 0.0,
    }
    
    log("Starting Clauditor Watchdog Verification Evaluation", verbose)
    log("=" * 50, verbose)
    
    # Check 1: Files exist
    files_ok, missing = check_output_files()
    results['checks'].append({'name': 'Output Files', 'passed': files_ok})
    
    # Check 2: Audit report
    audit_ok, markers_found, detected = validate_audit_report(verbose)
    results['checks'].append({'name': 'Audit Report', 'passed': audit_ok})
    
    # Check 3: Marker index
    index_ok, correct = validate_marker_index(verbose)
    results['checks'].append({'name': 'Marker Index', 'passed': index_ok})
    
    # Check 4: Text files
    text_ok, text_score = validate_text_files(verbose)
    results['checks'].append({'name': 'Text Files', 'passed': text_ok})
    
    # Calculate score
    score = calculate_score(markers_found, 4 if files_ok else 0)
    results['score'] = score
    results['markers_found'] = markers_found
    results['markers_total'] = len(REQUIRED_MARKERS)
    
    # Overall status
    if files_ok and audit_ok and markers_found == len(REQUIRED_MARKERS):
        results['overall_status'] = 'PASS'
        log_success(f"Evaluation PASSED - Score: {score:.1f}/100")
    else:
        results['overall_status'] = 'FAIL'
        log_error(f"Evaluation FAILED - Score: {score:.1f}/100")
    
    # Output results
    print(json.dumps(results, indent=2))
    return 0 if results['overall_status'] == 'PASS' else 1

if __name__ == '__main__':
    sys.exit(main())
'''

with open('/workspace/evaluator.py', 'w') as f:
    f.write(code)
print("evaluator.py created")

[OUTPUT]:
evaluator.py created


--- Turn 16/25 ---

[ASSISTANT]:


```bash
ls -la /workspace/
```

[EXECUTING bash]:
ls -la /workspace/

[OUTPUT]:
total 52
drwxr-xr-x 2 root  root   279 Apr 14 01:21 .
drwxr-xr-x 1 root  root    61 Apr 14 01:20 ..
-rw-r--r-- 1 root  root  2692 Apr 14 01:21 SETUP.md
-rw-r--r-- 1 root  root  5456 Apr 14 01:21 evaluator.py
-rw-r--r-- 1 32113 42021 2258 Apr 13 11:02 gen_inputs.py
-rw-r--r-- 1 root  root   171 Apr 14 01:20 install_notes.txt
-rw-r--r-- 1 root  root   298 Apr 14 01:20 manifest.json
-rw-r--r-- 1 root  root  1416 Apr 14 01:20 reference.pdf
-rw-r--r-- 1 root  root  4573 Apr 14 01:20 reference.png
-rwxr-xr-x 1 32113 42021   75 Apr 13 11:02 setup.sh
-rw-r--r-- 1 root  root   154 Apr 14 01:20 task_data.json
-rw-r--r-- 1 root  root  2471 Apr 14 01:20 task_spec.json
-rw-r--r-- 1 root  root   104 Apr 14 01:20 workflow.csv


--- Turn 17/25 ---

[ASSISTANT]:


```bash
python3 /workspace/evaluator.py
```

[EXECUTING bash]:
python3 /workspace/evaluator.py

[OUTPUT]:
[EXIT CODE: 1]
[ERROR] Missing: ['audit_report.json', 'verification_summary.txt', 'marker_index.json', 'install_verification.txt']
[ERROR] Cannot parse audit_report.json: [Errno 2] No such file or directory: '/workspace/audit_report.json'
[ERROR] Cannot parse marker_index.json: [Errno 2] No such file or directory: '/workspace/marker_index.json'
[ERROR] Evaluation FAILED - Score: 0.0/100
{
  "timestamp": "2026-04-14T01:22:02.414469",
  "overall_status": "FAIL",
  "checks": [
    {
      "name": "Output Files",
      "passed": false
    },
    {
      "name": "Audit Report",
      "passed": false
    },
    {
      "name": "Marker Index",
      "passed": false
    },
    {
      "name": "Text Files",
      "passed": false
    }
  ],
  "score": 0.0,
  "markers_found": 0,
  "markers_total": 11
}


--- Turn 18/25 ---

[ASSISTANT]:


The evaluator works correctly - it properly detects missing output files. Now let me create sample output files to verify the evaluator works when proper outputs are provided:

```python
# Create sample output files to test the evaluator
import json
from datetime import datetime

WORKSPACE = '/workspace'

# Sample audit_report.json
audit_report = {
    "status": "PASS",
    "audit_timestamp": datetime.now().isoformat(),
    "markers_found": [
        "CLAUDITOR_MARKER_ALPHA", "CLAUDITOR_MARKER_BETA",
        "CSV_MARKER_X", "CSV_MARKER_Y", "CSV_MARKER_Z",
        "JSON_MARKER_A", "JSON_MARKER_B",
        "IMG_MARKER_1", "IMG_MARKER_2",
        "PDF_MARKER_ONE", "PDF_MARKER_TWO"
    ],
    "markers_missing": [],
    "file_analysis": {
        "install_notes.txt": {"status": "verified", "markers": ["CLAUDITOR_MARKER_ALPHA", "CLAUDITOR_MARKER_BETA"]},
        "workflow.csv": {"status": "verified", "markers": ["CSV_MARKER_X", "CSV_MARKER_Y", "CSV_MARKER_Z"]},
        "task_data.json": {"...

[EXECUTING python]:
# Create sample output files to test the evaluator
import json
from datetime import datetime

WORKSPACE = '/workspace'

# Sample audit_report.json
audit_report = {
    "status": "PASS",
    "audit_timestamp": datetime.now().isoformat(),
    "markers_found": [
        "CLAUDITOR_MARKER_ALPHA", "CLAUDITOR_MARKER_BETA",
        "CSV_MARKER_X", "CSV_MARKER_Y", "CSV_MARKER_Z",
        "JSON_MARKER_A", "JSON_MARKER_B",
        "IMG_MARKER_1", "IMG_MARKER_2",
        "PDF_MARKER_ONE", "PDF_MARKER_TWO"
    ],
    "markers_missing": [],
    "file_analysis": {
        "install_notes.txt": {"status": "verified", "markers": ["CLAUDITOR_MARKER_ALPHA", "CLAUDITOR_MARKER_BETA"]},
        "workflow.csv": {"status": "verified", "markers": ["CSV_MARKER_X", "CSV_MARKER_Y", "CSV_MARKER_Z"]},
        "task_data.json": {"status": "verified", "markers": ["JSON_MARKER_A", "JSON_MARKER_B"]},
        "reference.png": {"status": "verified", "markers": ["IMG_MARKER_1", "IMG_MARKER_2"]},
        "reference.pdf": {"status": "verified", "markers": ["PDF_MARKER_ONE", "PDF_MARKER_TWO"]}
    },
    "workflow_validated": True,
    "workflow_steps": [
        {"step": 1, "name": "create-user", "status": "complete"},
        {"step": 2, "name": "configure-paths", "status": "complete"},
        {"step": 3, "name": "verify-status", "status": "complete"}
    ]
}

with open(f'{WORKSPACE}/audit_report.json', 'w') as f:
    json.dump(audit_report, f, indent=2)

# Sample marker_index.json
marker_index = {
    "CLAUDITOR_MARKER_ALPHA": {"source": "install_notes.txt", "line": 1},
    "CLAUDITOR_MARKER_BETA": {"source": "install_notes.txt", "line": 3},
    "CSV_MARKER_X": {"source": "workflow.csv", "line": 2, "column": 3},
    "CSV_MARKER_Y": {"source": "workflow.csv", "line": 3, "column": 3},
    "CSV_MARKER_Z": {"source": "workflow.csv", "line": 4, "column": 3},
    "JSON_MARKER_A": {"source": "task_data.json", "path": "markers[0]"},
    "JSON_MARKER_B": {"source": "task_data.json", "path": "markers[1]"},
    "IMG_MARKER_1": {"source": "reference.png", "position": {"x": 20, "y": 20}},
    "IMG_MARKER_2": {"source": "reference.png", "position": {"x": 20, "y": 80}},
    "PDF_MARKER_ONE": {"source": "reference.pdf", "page": 1, "position": {"x": 72, "y": 720}},
    "PDF_MARKER_TWO": {"source": "reference.pdf", "page": 1, "position": {"x": 72, "y": 700}}
}

with open(f'{WORKSPACE}/marker_index.json', 'w') as f:
    json.dump(marker_index, f, indent=2)

# Sample verification_summary.txt
summary = f"""CLAUDITOR WATCHDOG INSTALLATION VERIFICATION SUMMARY
====================================================

Audit Date: {datetime.now().strftime('%Y-%m-%d %H:%M:%S')}
Status: PASS

MARKER VERIFICATION
-------------------
Expected Markers: 11
Found Markers: 11
Missing Markers: 0

FILE STATUS
-----------
install_notes.txt: VERIFIED (2 markers)
workflow.csv: VERIFIED (3 markers)
task_data.json: VERIFIED (2 markers)
reference.png: VERIFIED (2 markers)
reference.pdf: VERIFIED (2 markers)

WORKFLOW VALIDATION
-------------------
Step 1 (create-user): COMPLETE
Step 2 (configure-paths): COMPLETE
Step 3 (verify-status): COMPLETE

OVERALL RESULT: INSTALLATION VERIFIED SUCCESSFULLY
"""

with open(f'{WORKSPACE}/verification_summary.txt', 'w') as f:
    f.write(summary)

# Sample install_verification.txt
verification = f"""CLAUDITOR WATCHDOG INSTALLATION VERIFICATION DOCUMENT
=====================================================

This document certifies that the Clauditor Watchdog installation
has been verified and all components are properly configured.

Verification Details:
- Audit performed on: {datetime.now().strftime('%Y-%m-%d %H:%M:%S')}
- Total markers verified: 11/11
- All input files parsed successfully
- Installation workflow validated

STATUS: VERIFIED COMPLETE

The installation trail markers have been confirmed across all
input artifacts including text files, CSV data, JSON configuration,
image references, and PDF documentation.

Signature: [AUDIT SYSTEM]
"""

with open(f'{WORKSPACE}/install_verification.txt', 'w') as f:
    f.write(verification)

print("Sample output files created successfully")

[OUTPUT]:
Sample output files created successfully


--- Turn 19/25 ---

[ASSISTANT]:


```bash
python3 /workspace/evaluator.py --verbose
```

[EXECUTING bash]:
python3 /workspace/evaluator.py --verbose

[OUTPUT]:
[INFO] Starting Clauditor Watchdog Verification Evaluation
[INFO] ==================================================
[SUCCESS] All output files exist
[SUCCESS] audit_report.json valid
[SUCCESS] Evaluation PASSED - Score: 100.0/100
{
  "timestamp": "2026-04-14T01:22:17.011555",
  "overall_status": "PASS",
  "checks": [
    {
      "name": "Output Files",
      "passed": true
    },
    {
      "name": "Audit Report",
      "passed": true
    },
    {
      "name": "Marker Index",
      "passed": true
    },
    {
      "name": "Text Files",
      "passed": true
    }
  ],
  "score": 100.0,
  "markers_found": 11,
  "markers_total": 11
}


--- Turn 20/25 ---

[ASSISTANT]:


```bash
ls -la /workspace/ && echo "---" && cat /workspace/task_spec.json
```

[EXECUTING bash]:
ls -la /workspace/ && echo "---" && cat /workspace/task_spec.json

[OUTPUT]:
total 72
drwxr-xr-x 2 root  root  4096 Apr 14 01:22 .
drwxr-xr-x 1 root  root    61 Apr 14 01:20 ..
-rw-r--r-- 1 root  root  2692 Apr 14 01:21 SETUP.md
-rw-r--r-- 1 root  root  1426 Apr 14 01:22 audit_report.json
-rw-r--r-- 1 root  root  5456 Apr 14 01:21 evaluator.py
-rw-r--r-- 1 32113 42021 2258 Apr 13 11:02 gen_inputs.py
-rw-r--r-- 1 root  root   171 Apr 14 01:20 install_notes.txt
-rw-r--r-- 1 root  root   631 Apr 14 01:22 install_verification.txt
-rw-r--r-- 1 root  root   298 Apr 14 01:20 manifest.json
-rw-r--r-- 1 root  root  1065 Apr 14 01:22 marker_index.json
-rw-r--r-- 1 root  root  1416 Apr 14 01:20 reference.pdf
-rw-r--r-- 1 root  root  4573 Apr 14 01:20 reference.png
-rwxr-xr-x 1 32113 42021   75 Apr 13 11:02 setup.sh
-rw-r--r-- 1 root  root   154 Apr 14 01:20 task_data.json
-rw-r--r-- 1 root  root  2471 Apr 14 01:20 task_spec.json
-rw-r--r-- 1 root  root   652 Apr 14 01:22 verification_summary.txt
-rw-r--r-- 1 root  root   104 Apr 14 01:20 workflow.csv
---
{
  "task_id": "clauditor-watchdog-install-verification",
  "version": "1.0.0",
  "difficulty": "hard",
  "description": "Post-installation audit verification for the Clauditor Watchdog system. The assistant must analyze input artifacts, verify embedded markers, and generate a comprehensive audit report.",
  "scenario": {
    "context": "A system administrator has installed the Clauditor Watchdog monitoring system. A post-install audit is required to verify that all components are properly configured and that the installation trail is intact.",
    "goal": "Generate an audit report that validates the installation by checking for required markers across all input artifacts and producing verification outputs.",
    "requirements": [
      "Parse all input files (install_notes.txt, workflow.csv, task_data.json, reference.png, reference.pdf)",
      "Extract and verify all embedded markers from each file type",
      "Generate an audit_report.json containing verification results",
      "Create a verificat...

--- Turn 21/25 ---
[API ERROR]: Error code: 400 - {'error': {'message': "You passed 14337 input tokens and requested 2048 output tokens. However, the model's context length is only 16384 tokens, resulting in a maximum input length of 14336 tokens. Please reduce the length of the input prompt. (parameter=input_tokens, value=14337)", 'type': 'BadRequestError', 'param': 'input_tokens', 'code': 400}}

--- Turn 22/25 ---
[API ERROR]: Error code: 400 - {'error': {'message': "You passed 14337 input tokens and requested 2048 output tokens. However, the model's context length is only 16384 tokens, resulting in a maximum input length of 14336 tokens. Please reduce the length of the input prompt. (parameter=input_tokens, value=14337)", 'type': 'BadRequestError', 'param': 'input_tokens', 'code': 400}}

--- Turn 23/25 ---
[API ERROR]: Error code: 400 - {'error': {'message': "You passed 14337 input tokens and requested 2048 output tokens. However, the model's context length is only 16384 tokens, resulting in a maximum input length of 14336 tokens. Please reduce the length of the input prompt. (parameter=input_tokens, value=14337)", 'type': 'BadRequestError', 'param': 'input_tokens', 'code': 400}}

--- Turn 24/25 ---
[API ERROR]: Error code: 400 - {'error': {'message': "You passed 14337 input tokens and requested 2048 output tokens. However, the model's context length is only 16384 tokens, resulting in a maximum input length of 14336 tokens. Please reduce the length of the input prompt. (parameter=input_tokens, value=14337)", 'type': 'BadRequestError', 'param': 'input_tokens', 'code': 400}}

--- Turn 25/25 ---
[API ERROR]: Error code: 400 - {'error': {'message': "You passed 14337 input tokens and requested 2048 output tokens. However, the model's context length is only 16384 tokens, resulting in a maximum input length of 14336 tokens. Please reduce the length of the input prompt. (parameter=input_tokens, value=14337)", 'type': 'BadRequestError', 'param': 'input_tokens', 'code': 400}}

⚠️ Agent reached max turns (25)

Conversation saved to results/repair_run_Qwen3.5-27B_20260414_092019/apollostreetcompany-clauditor_create_hard_004/conversation.json

============================================================
Running evaluation...
============================================================

Results for apollostreetcompany-clauditor_create_hard_004:
  Passed: False
  Score:  0.40
  Checks:
    ✅ required_files_present: present=['install_notes.txt', 'workflow.csv', 'task_data.json', 'reference.png', 'reference.pdf', 'manifest.json']; missing=[]
    ❌ text_markers: error=too many values to unpack (expected 2)
    ❌ json_markers: error=too many values to unpack (expected 2)
    ❌ csv_markers: error=too many values to unpack (expected 2)
    ✅ manifest_valid: file_count=0; marker_count=0

Cleaning up container d9392fa8c82f...
Container removed.

