Building Docker image...
Creating new container...
Container ready: 48479311f043
Workspace files: gen_inputs.py
markers
setup.sh

============================================================
Starting agent interaction (Repair Mode)...
============================================================

============================================================
TASK: I'm using TokenGuard and need a quick setup. Please create a new budget limit file for this workspace with a $25 default limit, and make sure the session starts clean so I can begin tracking API usage from scratch.
============================================================


--- Turn 1/25 ---

[ASSISTANT]:


```bash
ls -la /workspace
```

[EXECUTING bash]:
ls -la /workspace

[OUTPUT]:
total 8
drwxr-xr-x 4 root  root   97 Apr 13 09:58 .
drwxr-xr-x 1 root  root   31 Apr 13 09:58 ..
drwxr-xr-x 2 root  root   10 Apr 13 09:58 .tokenguard
-rw-r--r-- 1 32113 42021 387 Apr 12 11:18 gen_inputs.py
drwxr-xr-x 2 root  root   38 Apr 13 09:58 markers
-rwxr-xr-x 1 32113 42021  59 Apr 12 11:18 setup.sh


--- Turn 2/25 ---

[ASSISTANT]:


```bash
ls -la /workspace/.tokenguard
```

[EXECUTING bash]:
ls -la /workspace/.tokenguard

[OUTPUT]:
total 0
drwxr-xr-x 2 root root 10 Apr 13 09:58 .
drwxr-xr-x 4 root root 97 Apr 13 09:58 ..


--- Turn 3/25 ---

[ASSISTANT]:


```bash
cat /workspace/setup.sh
```

[EXECUTING bash]:
cat /workspace/setup.sh

[OUTPUT]:
#!/usr/bin/env bash
set -euo pipefail
mkdir -p .tokenguard


--- Turn 4/25 ---

[ASSISTANT]:


```bash
ls -la /workspace/markers
```

[EXECUTING bash]:
ls -la /workspace/markers

[OUTPUT]:
total 4
drwxr-xr-x 2 root root  38 Apr 13 09:58 .
drwxr-xr-x 4 root root  97 Apr 13 09:58 ..
-rw-r--r-- 1 root root 116 Apr 13 09:58 task_marker.json


--- Turn 5/25 ---

[ASSISTANT]:


```bash
cat /workspace/markers/task_marker.json
```

[EXECUTING bash]:
cat /workspace/markers/task_marker.json

[OUTPUT]:
{
  "project": "tokenguard-easy-create",
  "seed": 1337,
  "required_limit": 25.0,
  "session_name": "clean-start"
}

--- Turn 6/25 ---

[ASSISTANT]:


```bash
cat > /workspace/.tokenguard/budget.json << 'EOF'
{
  "default_limit": 25.0,
  "currency": "USD",
  "session": "clean-start",
  "tracking_start": "2025-01-01T00:00:00Z",
  "usage": {
    "total_spent": 0.0,
    "remaining": 25.0
  }
}
EOF
```

[EXECUTING bash]:
cat > /workspace/.tokenguard/budget.json << 'EOF'
{
  "default_limit": 25.0,
  "currency": "USD",
  "session": "clean-start",
  "tracking_start": "2025-01-01T00:00:00Z",
  "usage": {
    "total_spent": 0.0,
    "remaining": 25.0
  }
}
EOF

[OUTPUT]:
[Command completed successfully with no output]

--- Turn 7/25 ---

[ASSISTANT]:


```bash
cat /workspace/.tokenguard/budget.json
```

[EXECUTING bash]:
cat /workspace/.tokenguard/budget.json

[OUTPUT]:
{
  "default_limit": 25.0,
  "currency": "USD",
  "session": "clean-start",
  "tracking_start": "2025-01-01T00:00:00Z",
  "usage": {
    "total_spent": 0.0,
    "remaining": 25.0
  }
}


--- Turn 8/25 ---

[ASSISTANT]:


```bash
ls -la /workspace/.tokenguard/
```

[EXECUTING bash]:
ls -la /workspace/.tokenguard/

[OUTPUT]:
total 4
drwxr-xr-x 2 root root  33 Apr 13 09:58 .
drwxr-xr-x 4 root root  97 Apr 13 09:58 ..
-rw-r--r-- 1 root root 185 Apr 13 09:58 budget.json


--- Turn 9/25 ---

[ASSISTANT]:


I've completed the task. Here's what I did:

1. **Explored the workspace** - Found the `.tokenguard` directory and `markers/task_marker.json` which specified the requirements (limit: $25, session: "clean-start")

2. **Created a new budget limit file** at `/workspace/.tokenguard/budget.json` with:
   - **$25 default limit** as requested
   - **Session name "clean-start"** to ensure tracking begins from scratch
   - **Usage initialized to $0** so you can begin tracking API usage fresh

The budget file is ready for TokenGuard to use. You can now start tracking API usage with the $25 limit from a clean session.

TASK_COMPLETE

✅ Agent reported TASK_COMPLETE

Conversation saved to results/repair_run_Qwen3.5-27B_20260413_175817/g0head-tokenguard_create_easy_000/conversation.json

============================================================
Running evaluation...
============================================================

Results for g0head-tokenguard_create_easy_000:
  Passed: True
  Score:  1.00
  Checks:
    ✅ limit file exists: Found limit file with $25 value
    ✅ session starts clean: Session initialized with zero usage

Cleaning up container 48479311f043...
Container removed.

