Building Docker image...
Creating new container...
Container ready: 1b52f08e23df
Workspace files: gen_inputs.py
markers
setup.sh

============================================================
Starting agent interaction (Repair Mode)...
============================================================

============================================================
TASK: I'm using TokenGuard and need a quick setup. Please create a new budget limit file for this workspace with a $25 default limit, and make sure the session starts clean so I can begin tracking API usage from scratch.
============================================================


--- Turn 1/25 ---

[ASSISTANT]:


```bash
ls -la /workspace
```

[EXECUTING bash]:
ls -la /workspace

[OUTPUT]:
total 8
drwxr-xr-x 4 root  root   97 Apr 13 09:57 .
drwxr-xr-x 1 root  root   31 Apr 13 09:57 ..
drwxr-xr-x 2 root  root   10 Apr 13 09:57 .tokenguard
-rw-r--r-- 1 32113 42021 387 Apr 12 11:18 gen_inputs.py
drwxr-xr-x 2 root  root   38 Apr 13 09:57 markers
-rwxr-xr-x 1 32113 42021  59 Apr 12 11:18 setup.sh


--- Turn 2/25 ---

[ASSISTANT]:


```bash
ls -la /workspace/.tokenguard
```

[EXECUTING bash]:
ls -la /workspace/.tokenguard

[OUTPUT]:
total 0
drwxr-xr-x 2 root root 10 Apr 13 09:57 .
drwxr-xr-x 4 root root 97 Apr 13 09:57 ..


--- Turn 3/25 ---

[ASSISTANT]:


```bash
ls -la /workspace/markers && cat /workspace/setup.sh
```

[EXECUTING bash]:
ls -la /workspace/markers && cat /workspace/setup.sh

[OUTPUT]:
total 4
drwxr-xr-x 2 root root  38 Apr 13 09:57 .
drwxr-xr-x 4 root root  97 Apr 13 09:57 ..
-rw-r--r-- 1 root root 116 Apr 13 09:57 task_marker.json
#!/usr/bin/env bash
set -euo pipefail
mkdir -p .tokenguard


--- Turn 4/25 ---

[ASSISTANT]:


```bash
cat /workspace/markers/task_marker.json
```

[EXECUTING bash]:
cat /workspace/markers/task_marker.json

[OUTPUT]:
{
  "project": "tokenguard-easy-create",
  "seed": 1337,
  "required_limit": 25.0,
  "session_name": "clean-start"
}

--- Turn 5/25 ---

[ASSISTANT]:


```bash
cat > /workspace/.tokenguard/budget_limit.json << 'EOF'
{
  "default_limit": 25.0,
  "currency": "USD",
  "session": "clean-start",
  "usage": {
    "tokens": 0,
    "cost": 0.0
  },
  "created_at": "2024-01-01T00:00:00Z"
}
EOF
```

[EXECUTING bash]:
cat > /workspace/.tokenguard/budget_limit.json << 'EOF'
{
  "default_limit": 25.0,
  "currency": "USD",
  "session": "clean-start",
  "usage": {
    "tokens": 0,
    "cost": 0.0
  },
  "created_at": "2024-01-01T00:00:00Z"
}
EOF

[OUTPUT]:
[Command completed successfully with no output]

--- Turn 6/25 ---

[ASSISTANT]:


```bash
cat /workspace/.tokenguard/budget_limit.json
```

[EXECUTING bash]:
cat /workspace/.tokenguard/budget_limit.json

[OUTPUT]:
{
  "default_limit": 25.0,
  "currency": "USD",
  "session": "clean-start",
  "usage": {
    "tokens": 0,
    "cost": 0.0
  },
  "created_at": "2024-01-01T00:00:00Z"
}


--- Turn 7/25 ---

[ASSISTANT]:


I've completed the TokenGuard setup:

1. **Created a new budget limit file** at `/workspace/.tokenguard/budget_limit.json` with:
   - `$25.00` default limit (as required)
   - Clean session named "clean-start"
   - Usage tracking starting at 0 tokens and $0.00 cost

2. **Session starts clean** - The usage counters are initialized to zero, ready for fresh API usage tracking from scratch.

The budget limit file is ready and you can begin tracking API usage immediately.

TASK_COMPLETE

✅ Agent reported TASK_COMPLETE

Conversation saved to results/repair_run_Qwen3.5-27B_20260413_175735/g0head-tokenguard_create_easy_000/conversation.json

============================================================
Running evaluation...
============================================================

Results for g0head-tokenguard_create_easy_000:
  Passed: False
  Score:  0.00
  Checks:
    ❌ limit file exists: Missing .tokenguard/limit.json
    ❌ session file exists: Missing .tokenguard/session.json

Cleaning up container 1b52f08e23df...
Container removed.

