Building Docker image...
Creating new container...
Container ready: 8ed38e243daa
Workspace files: gen_inputs.py
markers
setup.sh

============================================================
Starting agent interaction (Repair Mode)...
============================================================

============================================================
TASK: I'm using TokenGuard and need a quick setup. Please create a new budget limit file for this workspace with a $25 default limit, and make sure the session starts clean so I can begin tracking API usage from scratch.
============================================================


--- Turn 1/15 ---

[ASSISTANT]:


```bash
ls -la /workspace
```

[EXECUTING bash]:
ls -la /workspace

[OUTPUT]:
total 8
drwxr-xr-x 4 root  root   97 Apr 12 23:20 .
drwxr-xr-x 1 root  root   31 Apr 12 23:20 ..
drwxr-xr-x 2 root  root   10 Apr 12 23:20 .tokenguard
-rw-r--r-- 1 32113 42021 387 Apr 12 11:18 gen_inputs.py
drwxr-xr-x 2 root  root   38 Apr 12 23:20 markers
-rwxr-xr-x 1 32113 42021  59 Apr 12 11:18 setup.sh


--- Turn 2/15 ---

[ASSISTANT]:


```bash
cat /workspace/setup.sh
```

[EXECUTING bash]:
cat /workspace/setup.sh

[OUTPUT]:
#!/usr/bin/env bash
set -euo pipefail
mkdir -p .tokenguard


--- Turn 3/15 ---

[ASSISTANT]:


```bash
ls -la /workspace/.tokenguard
```

[EXECUTING bash]:
ls -la /workspace/.tokenguard

[OUTPUT]:
total 0
drwxr-xr-x 2 root root 10 Apr 12 23:20 .
drwxr-xr-x 4 root root 97 Apr 12 23:20 ..


--- Turn 4/15 ---

[ASSISTANT]:


```bash
ls -la /workspace/markers
```

[EXECUTING bash]:
ls -la /workspace/markers

[OUTPUT]:
total 4
drwxr-xr-x 2 root root  38 Apr 12 23:20 .
drwxr-xr-x 4 root root  97 Apr 12 23:20 ..
-rw-r--r-- 1 root root 116 Apr 12 23:20 task_marker.json


--- Turn 5/15 ---

[ASSISTANT]:


```bash
cat /workspace/markers/task_marker.json
```

[EXECUTING bash]:
cat /workspace/markers/task_marker.json

[OUTPUT]:
{
  "project": "tokenguard-easy-create",
  "seed": 1337,
  "required_limit": 25.0,
  "session_name": "clean-start"
}

--- Turn 6/15 ---

[ASSISTANT]:


```bash
cat /workspace/gen_inputs.py
```

[EXECUTING bash]:
cat /workspace/gen_inputs.py

[OUTPUT]:
from pathlib import Path
import json

workspace = Path('.')
(workspace / 'markers').mkdir(exist_ok=True)

# Deterministic marker file for evaluation
marker = {
    'project': 'tokenguard-easy-create',
    'seed': 1337,
    'required_limit': 25.0,
    'session_name': 'clean-start'
}
(workspace / 'markers' / 'task_marker.json').write_text(json.dumps(marker, indent=2), encoding='utf-8')


--- Turn 7/15 ---

[ASSISTANT]:


Now I understand the task. I need to:
1. Create a budget limit file with $25 default limit in the `.tokenguard` directory
2. Create a clean session file named "clean-start" for tracking API usage from scratch

Let me create these configuration files:

```bash
cat > /workspace/.tokenguard/budget_limit.json << 'EOF'
{
  "default_limit": 25.0,
  "currency": "USD",
  "created_at": "2024-01-01T00:00:00Z"
}
EOF
```

[EXECUTING bash]:
cat > /workspace/.tokenguard/budget_limit.json << 'EOF'
{
  "default_limit": 25.0,
  "currency": "USD",
  "created_at": "2024-01-01T00:00:00Z"
}
EOF

[OUTPUT]:
[Command completed successfully with no output]

--- Turn 8/15 ---

[ASSISTANT]:


```bash
cat > /workspace/.tokenguard/clean-start.json << 'EOF'
{
  "session_name": "clean-start",
  "status": "active",
  "api_usage": {
    "total_tokens": 0,
    "total_cost": 0.0,
    "requests": 0
  },
  "started_at": "2024-01-01T00:00:00Z",
  "reset": true
}
EOF
```

[EXECUTING bash]:
cat > /workspace/.tokenguard/clean-start.json << 'EOF'
{
  "session_name": "clean-start",
  "status": "active",
  "api_usage": {
    "total_tokens": 0,
    "total_cost": 0.0,
    "requests": 0
  },
  "started_at": "2024-01-01T00:00:00Z",
  "reset": true
}
EOF

[OUTPUT]:
[Command completed successfully with no output]

--- Turn 9/15 ---

[ASSISTANT]:


```bash
ls -la /workspace/.tokenguard && echo "---" && cat /workspace/.tokenguard/budget_limit.json && echo "---" && cat /workspace/.tokenguard/clean-start.json
```

[EXECUTING bash]:
ls -la /workspace/.tokenguard && echo "---" && cat /workspace/.tokenguard/budget_limit.json && echo "---" && cat /workspace/.tokenguard/clean-start.json

[OUTPUT]:
total 8
drwxr-xr-x 2 root root  67 Apr 12 23:20 .
drwxr-xr-x 4 root root  97 Apr 12 23:20 ..
-rw-r--r-- 1 root root  89 Apr 12 23:20 budget_limit.json
-rw-r--r-- 1 root root 201 Apr 12 23:20 clean-start.json
---
{
  "default_limit": 25.0,
  "currency": "USD",
  "created_at": "2024-01-01T00:00:00Z"
}
---
{
  "session_name": "clean-start",
  "status": "active",
  "api_usage": {
    "total_tokens": 0,
    "total_cost": 0.0,
    "requests": 0
  },
  "started_at": "2024-01-01T00:00:00Z",
  "reset": true
}


--- Turn 10/15 ---

[ASSISTANT]:


TASK_COMPLETE

✅ Agent reported TASK_COMPLETE

Conversation saved to results/repair_run_Qwen3.5-27B_20260413_072033/g0head-tokenguard_create_easy_000/conversation.json

============================================================
Running evaluation...
============================================================

Results for g0head-tokenguard_create_easy_000:
  Passed: False
  Score:  0.00
  Checks:
    ❌ limit file exists: Missing .tokenguard/limit.json or .tokenguard/budget.json
    ❌ session file exists: Missing .tokenguard/sessions/clean-start.json or .tokenguard/session.json

Cleaning up container 8ed38e243daa...
Container removed.

