Building Docker image...
Creating new container...
Container ready: bd8515fa16c3
Workspace files: gen_inputs.py
input_marker.json
raw_notes.txt
reference_phrase.txt
setup.sh
workspace_out

============================================================
Starting agent interaction (Repair Mode)...
============================================================

============================================================
TASK: You are working in a fresh repository for a Telegram integration patch. Your task is to generate a small release note bundle for the OpenClaw footer patch feature: create a concise `CHANGELOG.md`, a `verification_summary.json`, and a `rollback_note.txt` based on the provided inputs. The changelog must mention the supported validation boundary, the required restart step, and the rollback path. The JSON summary must capture the discovered target file, whether dry-run and verify were performed, and whether live Telegram acceptance was confirmed. Keep the wording natural and make sure the files are consistent with the supplied marker data.
============================================================


--- Turn 1/25 ---

[ASSISTANT]:


```bash
ls -la /workspace
```

[EXECUTING bash]:
ls -la /workspace

[OUTPUT]:
total 20
drwxr-xr-x 3 root  root   166 Apr 14 02:46 .
drwxr-xr-x 1 root  root    31 Apr 14 02:46 ..
-rw-r--r-- 1 32113 42021 1139 Apr 13 11:03 gen_inputs.py
-rw-r--r-- 1 root  root   411 Apr 14 02:46 input_marker.json
-rw-r--r-- 1 root  root   193 Apr 14 02:46 raw_notes.txt
-rw-r--r-- 1 root  root   106 Apr 14 02:46 reference_phrase.txt
-rwxr-xr-x 1 32113 42021   61 Apr 13 11:03 setup.sh
drwxr-xr-x 2 root  root    10 Apr 14 02:46 workspace_out


--- Turn 2/25 ---

[ASSISTANT]:


```bash
cat /workspace/input_marker.json
```

[EXECUTING bash]:
cat /workspace/input_marker.json

[OUTPUT]:
{
  "skill_name": "telegram-footer-patch",
  "version": "OpenClaw 2026.3.22",
  "target_file": "/usr/lib/node_modules/openclaw/dist/agent-runner.runtime-BWpOtdxK.js",
  "dry_run": true,
  "verify": true,
  "live_accepted": false,
  "required_restart": "openclaw gateway restart",
  "rollback_command": "python3 scripts/revert_reply_footer.py",
  "footer_tokens": [
    "🧠",
    "💭 Think",
    "📊"
  ]
}

--- Turn 3/25 ---

[ASSISTANT]:


```bash
cat /workspace/raw_notes.txt
```

[EXECUTING bash]:
cat /workspace/raw_notes.txt

[OUTPUT]:
Live Telegram acceptance has not been confirmed yet.
Dry-run discovered the runtime bundle.
Verification confirmed the marker was written.
Rollback remains available through the revert script.


--- Turn 4/25 ---

[ASSISTANT]:


```bash
cat /workspace/reference_phrase.txt
```

[EXECUTING bash]:
cat /workspace/reference_phrase.txt

[OUTPUT]:
Supported validation boundary: static checks only; live private-chat reply required for final acceptance.


--- Turn 5/25 ---

[ASSISTANT]:


Now I understand the inputs. Let me create the three required files based on the marker data.

```bash
cat > /workspace/CHANGELOG.md << 'EOF'
# OpenClaw Footer Patch - Changelog

## Version 2026.3.22 (telegram-footer-patch)

### Features
- Added footer tokens to Telegram integration: 🧠, 💭 Think, 📊
- Runtime bundle updated with reply footer support

### Validation
- **Supported validation boundary**: Static checks only; live private-chat reply required for final acceptance.
- Dry-run mode discovered the target runtime bundle successfully.
- Verification confirmed the marker was written to the runtime file.

### Installation Notes
- **Required restart**: `openclaw gateway restart` must be executed after applying this patch.

### Rollback
- To revert this change, run: `python3 scripts/revert_reply_footer.py`
- Rollback remains available through the revert script.

### Known Limitations
- Live Telegram acceptance has not been confirmed yet.
EOF
```

[EXECUTING bash]:
cat > /workspace/CHANGELOG.md << 'EOF'
# OpenClaw Footer Patch - Changelog

## Version 2026.3.22 (telegram-footer-patch)

### Features
- Added footer tokens to Telegram integration: 🧠, 💭 Think, 📊
- Runtime bundle updated with reply footer support

### Validation
- **Supported validation boundary**: Static checks only; live private-chat reply required for final acceptance.
- Dry-run mode discovered the target runtime bundle successfully.
- Verification confirmed the marker was written to the runtime file.

### Installation Notes
- **Required restart**: `openclaw gateway restart` must be executed after applying this patch.

### Rollback
- To revert this change, run: `python3 scripts/revert_reply_footer.py`
- Rollback remains available through the revert script.

### Known Limitations
- Live Telegram acceptance has not been confirmed yet.
EOF

[OUTPUT]:
[Command completed successfully with no output]

--- Turn 6/25 ---

[ASSISTANT]:


```bash
cat > /workspace/verification_summary.json << 'EOF'
{
  "skill_name": "telegram-footer-patch",
  "version": "OpenClaw 2026.3.22",
  "target_file_discovered": "/usr/lib/node_modules/openclaw/dist/agent-runner.runtime-BWpOtdxK.js",
  "dry_run_performed": true,
  "verify_performed": true,
  "live_telegram_acceptance_confirmed": false,
  "required_restart": "openclaw gateway restart",
  "rollback_path": "python3 scripts/revert_reply_footer.py",
  "validation_boundary": "static checks only; live private-chat reply required for final acceptance",
  "footer_tokens": ["🧠", "💭 Think", "📊"]
}
EOF
```

[EXECUTING bash]:
cat > /workspace/verification_summary.json << 'EOF'
{
  "skill_name": "telegram-footer-patch",
  "version": "OpenClaw 2026.3.22",
  "target_file_discovered": "/usr/lib/node_modules/openclaw/dist/agent-runner.runtime-BWpOtdxK.js",
  "dry_run_performed": true,
  "verify_performed": true,
  "live_telegram_acceptance_confirmed": false,
  "required_restart": "openclaw gateway restart",
  "rollback_path": "python3 scripts/revert_reply_footer.py",
  "validation_boundary": "static checks only; live private-chat reply required for final acceptance",
  "footer_tokens": ["🧠", "💭 Think", "📊"]
}
EOF

[OUTPUT]:
[Command completed successfully with no output]

--- Turn 7/25 ---

[ASSISTANT]:


```bash
cat > /workspace/rollback_note.txt << 'EOF'
Rollback Note for OpenClaw Footer Patch (2026.3.22)

If you need to revert the telegram-footer-patch changes, execute the following command:

    python3 scripts/revert_reply_footer.py

This will restore the runtime bundle to its previous state.

Target file affected:
    /usr/lib/node_modules/openclaw/dist/agent-runner.runtime-BWpOtdxK.js

After rollback, a gateway restart may be required:
    openclaw gateway restart

Note: Live Telegram acceptance has not been confirmed for this patch.
EOF
```

[EXECUTING bash]:
cat > /workspace/rollback_note.txt << 'EOF'
Rollback Note for OpenClaw Footer Patch (2026.3.22)

If you need to revert the telegram-footer-patch changes, execute the following command:

    python3 scripts/revert_reply_footer.py

This will restore the runtime bundle to its previous state.

Target file affected:
    /usr/lib/node_modules/openclaw/dist/agent-runner.runtime-BWpOtdxK.js

After rollback, a gateway restart may be required:
    openclaw gateway restart

Note: Live Telegram acceptance has not been confirmed for this patch.
EOF

[OUTPUT]:
[Command completed successfully with no output]

--- Turn 8/25 ---

[ASSISTANT]:


```bash
ls -la /workspace/*.md /workspace/*.json /workspace/*.txt 2>/dev/null
```

[EXECUTING bash]:
ls -la /workspace/*.md /workspace/*.json /workspace/*.txt 2>/dev/null

[OUTPUT]:
-rw-r--r-- 1 root root 818 Apr 14 02:46 /workspace/CHANGELOG.md
-rw-r--r-- 1 root root 411 Apr 14 02:46 /workspace/input_marker.json
-rw-r--r-- 1 root root 193 Apr 14 02:46 /workspace/raw_notes.txt
-rw-r--r-- 1 root root 106 Apr 14 02:46 /workspace/reference_phrase.txt
-rw-r--r-- 1 root root 494 Apr 14 02:46 /workspace/rollback_note.txt
-rw-r--r-- 1 root root 547 Apr 14 02:46 /workspace/verification_summary.json


--- Turn 9/25 ---

[ASSISTANT]:


```bash
cat /workspace/CHANGELOG.md && echo "---" && cat /workspace/verification_summary.json && echo "---" && cat /workspace/rollback_note.txt
```

[EXECUTING bash]:
cat /workspace/CHANGELOG.md && echo "---" && cat /workspace/verification_summary.json && echo "---" && cat /workspace/rollback_note.txt

[OUTPUT]:
# OpenClaw Footer Patch - Changelog

## Version 2026.3.22 (telegram-footer-patch)

### Features
- Added footer tokens to Telegram integration: 🧠, 💭 Think, 📊
- Runtime bundle updated with reply footer support

### Validation
- **Supported validation boundary**: Static checks only; live private-chat reply required for final acceptance.
- Dry-run mode discovered the target runtime bundle successfully.
- Verification confirmed the marker was written to the runtime file.

### Installation Notes
- **Required restart**: `openclaw gateway restart` must be executed after applying this patch.

### Rollback
- To revert this change, run: `python3 scripts/revert_reply_footer.py`
- Rollback remains available through the revert script.

### Known Limitations
- Live Telegram acceptance has not been confirmed yet.
---
{
  "skill_name": "telegram-footer-patch",
  "version": "OpenClaw 2026.3.22",
  "target_file_discovered": "/usr/lib/node_modules/openclaw/dist/agent-runner.runtime-BWpOtdxK.js",
  "dry_run_performed": true,
  "verify_performed": true,
  "live_telegram_acceptance_confirmed": false,
  "required_restart": "openclaw gateway restart",
  "rollback_path": "python3 scripts/revert_reply_footer.py",
  "validation_boundary": "static checks only; live private-chat reply required for final acceptance",
  "footer_tokens": ["🧠", "💭 Think", "📊"]
}
---
Rollback Note for OpenClaw Footer Patch (2026.3.22)

If you need to revert the telegram-footer-patch changes, execute the following command:

    python3 scripts/revert_reply_footer.py

This will restore the runtime bundle to its previous state.

Target file affected:
    /usr/lib/node_modules/openclaw/dist/agent-runner.runtime-BWpOtdxK.js

After rollback, a gateway restart may be required:
    openclaw gateway restart

Note: Live Telegram acceptance has not been confirmed for this patch.


--- Turn 10/25 ---

[ASSISTANT]:


All three release note bundle files have been created successfully:

1. **CHANGELOG.md** - Concise changelog mentioning:
   - Supported validation boundary (static checks only; live private-chat reply required)
   - Required restart step (`openclaw gateway restart`)
   - Rollback path (`python3 scripts/revert_reply_footer.py`)

2. **verification_summary.json** - JSON summary capturing:
   - `target_file_discovered`: the runtime bundle path
   - `dry_run_performed`: true
   - `verify_performed`: true
   - `live_telegram_acceptance_confirmed`: false

3. **rollback_note.txt** - Clear rollback instructions with target file and restart requirements

All files are consistent with the supplied marker data from `input_marker.json`, `raw_notes.txt`, and `reference_phrase.txt`.

TASK_COMPLETE

✅ Agent reported TASK_COMPLETE

Conversation saved to results/repair_run_Qwen3.5-27B_20260414_104633/c-joey-telegram-footer-patch_create_medium_002/conversation.json

============================================================
Running evaluation...
============================================================

Results for c-joey-telegram-footer-patch_create_medium_002:
  Passed: False
  Score:  0.75
  Checks:
    ❌ changelog_content: Missing one or more required references
    ✅ summary_content: Summary fields and values look correct
    ✅ rollback_content: Rollback note includes revert and restart guidance
    ✅ marker_tokens: Marker tokens are present and readable

Cleaning up container bd8515fa16c3...
Container removed.

