Building Docker image...
Creating new container...
Container ready: 603677aa7eee
Workspace files: gen_inputs.py
input_marker.json
raw_notes.txt
reference_phrase.txt
setup.sh
workspace_out

============================================================
Starting agent interaction (Repair Mode)...
============================================================

============================================================
TASK: You are working in a fresh repository for a Telegram integration patch. Your task is to generate a small release note bundle for the OpenClaw footer patch feature: create a concise `CHANGELOG.md`, a `verification_summary.json`, and a `rollback_note.txt` based on the provided inputs. The changelog must mention the supported validation boundary, the required restart step, and the rollback path. The JSON summary must capture the discovered target file, whether dry-run and verify were performed, and whether live Telegram acceptance was confirmed. Keep the wording natural and make sure the files are consistent with the supplied marker data.
============================================================


--- Turn 1/25 ---

[ASSISTANT]:


```bash
ls -la /workspace
```

[EXECUTING bash]:
ls -la /workspace

[OUTPUT]:
total 20
drwxr-xr-x 3 root  root   166 Apr 14 02:44 .
drwxr-xr-x 1 root  root    31 Apr 14 02:44 ..
-rw-r--r-- 1 32113 42021 1139 Apr 13 11:03 gen_inputs.py
-rw-r--r-- 1 root  root   411 Apr 14 02:44 input_marker.json
-rw-r--r-- 1 root  root   193 Apr 14 02:44 raw_notes.txt
-rw-r--r-- 1 root  root   106 Apr 14 02:44 reference_phrase.txt
-rwxr-xr-x 1 32113 42021   61 Apr 13 11:03 setup.sh
drwxr-xr-x 2 root  root    10 Apr 14 02:44 workspace_out


--- Turn 2/25 ---

[ASSISTANT]:


```bash
cat /workspace/input_marker.json
```

[EXECUTING bash]:
cat /workspace/input_marker.json

[OUTPUT]:
{
  "skill_name": "telegram-footer-patch",
  "version": "OpenClaw 2026.3.22",
  "target_file": "/usr/lib/node_modules/openclaw/dist/agent-runner.runtime-BWpOtdxK.js",
  "dry_run": true,
  "verify": true,
  "live_accepted": false,
  "required_restart": "openclaw gateway restart",
  "rollback_command": "python3 scripts/revert_reply_footer.py",
  "footer_tokens": [
    "🧠",
    "💭 Think",
    "📊"
  ]
}

--- Turn 3/25 ---

[ASSISTANT]:


```bash
cat /workspace/raw_notes.txt
```

[EXECUTING bash]:
cat /workspace/raw_notes.txt

[OUTPUT]:
Live Telegram acceptance has not been confirmed yet.
Dry-run discovered the runtime bundle.
Verification confirmed the marker was written.
Rollback remains available through the revert script.


--- Turn 4/25 ---

[ASSISTANT]:


```bash
cat /workspace/reference_phrase.txt
```

[EXECUTING bash]:
cat /workspace/reference_phrase.txt

[OUTPUT]:
Supported validation boundary: static checks only; live private-chat reply required for final acceptance.


--- Turn 5/25 ---

[ASSISTANT]:


Now I have all the information I need. Let me create the three required files:

1. **CHANGELOG.md** - with validation boundary, restart step, and rollback path
2. **verification_summary.json** - with target file, dry-run, verify, and live acceptance status
3. **rollback_note.txt** - documenting the rollback procedure

```bash
cat > /workspace/CHANGELOG.md << 'EOF'
# Changelog - OpenClaw 2026.3.22

## Telegram Footer Patch

### Features
- Added support for custom footer tokens (🧠, 💭 Think, 📊) to Telegram integration
- Patch applied to agent-runner runtime bundle

### Validation
- **Supported validation boundary**: Static checks only; live private-chat reply required for final acceptance
- Dry-run discovery completed successfully
- Verification confirmed marker was written

### Deployment Notes
- **Required restart**: `openclaw gateway restart` after patch application
- Live Telegram acceptance has not been confirmed yet

### Rollback
- **Rollback command**: `python3 scripts/revert_rep...

[EXECUTING bash]:
cat > /workspace/CHANGELOG.md << 'EOF'
# Changelog - OpenClaw 2026.3.22

## Telegram Footer Patch

### Features
- Added support for custom footer tokens (🧠, 💭 Think, 📊) to Telegram integration
- Patch applied to agent-runner runtime bundle

### Validation
- **Supported validation boundary**: Static checks only; live private-chat reply required for final acceptance
- Dry-run discovery completed successfully
- Verification confirmed marker was written

### Deployment Notes
- **Required restart**: `openclaw gateway restart` after patch application
- Live Telegram acceptance has not been confirmed yet

### Rollback
- **Rollback command**: `python3 scripts/revert_reply_footer.py`
- Rollback remains available through the revert script
EOF

[OUTPUT]:
[Command completed successfully with no output]

--- Turn 6/25 ---

[ASSISTANT]:


```bash
cat > /workspace/verification_summary.json << 'EOF'
{
  "skill_name": "telegram-footer-patch",
  "version": "OpenClaw 2026.3.22",
  "target_file": "/usr/lib/node_modules/openclaw/dist/agent-runner.runtime-BWpOtdxK.js",
  "dry_run_performed": true,
  "verify_performed": true,
  "live_telegram_acceptance_confirmed": false,
  "footer_tokens": [
    "🧠",
    "💭 Think",
    "📊"
  ],
  "notes": {
    "dry_run_result": "Dry-run discovered the runtime bundle",
    "verify_result": "Verification confirmed the marker was written",
    "live_acceptance_status": "Live Telegram acceptance has not been confirmed yet"
  }
}
EOF
```

[EXECUTING bash]:
cat > /workspace/verification_summary.json << 'EOF'
{
  "skill_name": "telegram-footer-patch",
  "version": "OpenClaw 2026.3.22",
  "target_file": "/usr/lib/node_modules/openclaw/dist/agent-runner.runtime-BWpOtdxK.js",
  "dry_run_performed": true,
  "verify_performed": true,
  "live_telegram_acceptance_confirmed": false,
  "footer_tokens": [
    "🧠",
    "💭 Think",
    "📊"
  ],
  "notes": {
    "dry_run_result": "Dry-run discovered the runtime bundle",
    "verify_result": "Verification confirmed the marker was written",
    "live_acceptance_status": "Live Telegram acceptance has not been confirmed yet"
  }
}
EOF

[OUTPUT]:
[Command completed successfully with no output]

--- Turn 7/25 ---

[ASSISTANT]:


```bash
cat > /workspace/rollback_note.txt << 'EOF'
Rollback Note - OpenClaw 2026.3.22
===================================

If the Telegram footer patch needs to be reverted, execute the following command:

    python3 scripts/revert_reply_footer.py

This script will restore the original agent-runner runtime bundle.

Target file affected:
    /usr/lib/node_modules/openclaw/dist/agent-runner.runtime-BWpOtdxK.js

After rollback, a gateway restart may be required:
    openclaw gateway restart

Rollback remains available through the revert script.
EOF
```

[EXECUTING bash]:
cat > /workspace/rollback_note.txt << 'EOF'
Rollback Note - OpenClaw 2026.3.22
===================================

If the Telegram footer patch needs to be reverted, execute the following command:

    python3 scripts/revert_reply_footer.py

This script will restore the original agent-runner runtime bundle.

Target file affected:
    /usr/lib/node_modules/openclaw/dist/agent-runner.runtime-BWpOtdxK.js

After rollback, a gateway restart may be required:
    openclaw gateway restart

Rollback remains available through the revert script.
EOF

[OUTPUT]:
[Command completed successfully with no output]

--- Turn 8/25 ---

[ASSISTANT]:


```bash
ls -la /workspace/*.md /workspace/*.json /workspace/*.txt 2>/dev/null | head -20
```

[EXECUTING bash]:
ls -la /workspace/*.md /workspace/*.json /workspace/*.txt 2>/dev/null | head -20

[OUTPUT]:
-rw-r--r-- 1 root root 709 Apr 14 02:44 /workspace/CHANGELOG.md
-rw-r--r-- 1 root root 411 Apr 14 02:44 /workspace/input_marker.json
-rw-r--r-- 1 root root 193 Apr 14 02:44 /workspace/raw_notes.txt
-rw-r--r-- 1 root root 106 Apr 14 02:44 /workspace/reference_phrase.txt
-rw-r--r-- 1 root root 498 Apr 14 02:45 /workspace/rollback_note.txt
-rw-r--r-- 1 root root 574 Apr 14 02:45 /workspace/verification_summary.json


--- Turn 9/25 ---

[ASSISTANT]:


```bash
cat /workspace/CHANGELOG.md && echo "---" && cat /workspace/verification_summary.json && echo "---" && cat /workspace/rollback_note.txt
```

[EXECUTING bash]:
cat /workspace/CHANGELOG.md && echo "---" && cat /workspace/verification_summary.json && echo "---" && cat /workspace/rollback_note.txt

[OUTPUT]:
# Changelog - OpenClaw 2026.3.22

## Telegram Footer Patch

### Features
- Added support for custom footer tokens (🧠, 💭 Think, 📊) to Telegram integration
- Patch applied to agent-runner runtime bundle

### Validation
- **Supported validation boundary**: Static checks only; live private-chat reply required for final acceptance
- Dry-run discovery completed successfully
- Verification confirmed marker was written

### Deployment Notes
- **Required restart**: `openclaw gateway restart` after patch application
- Live Telegram acceptance has not been confirmed yet

### Rollback
- **Rollback command**: `python3 scripts/revert_reply_footer.py`
- Rollback remains available through the revert script
---
{
  "skill_name": "telegram-footer-patch",
  "version": "OpenClaw 2026.3.22",
  "target_file": "/usr/lib/node_modules/openclaw/dist/agent-runner.runtime-BWpOtdxK.js",
  "dry_run_performed": true,
  "verify_performed": true,
  "live_telegram_acceptance_confirmed": false,
  "footer_tokens": [
    "🧠",
    "💭 Think",
    "📊"
  ],
  "notes": {
    "dry_run_result": "Dry-run discovered the runtime bundle",
    "verify_result": "Verification confirmed the marker was written",
    "live_acceptance_status": "Live Telegram acceptance has not been confirmed yet"
  }
}
---
Rollback Note - OpenClaw 2026.3.22
===================================

If the Telegram footer patch needs to be reverted, execute the following command:

    python3 scripts/revert_reply_footer.py

This script will restore the original agent-runner runtime bundle.

Target file affected:
    /usr/lib/node_modules/openclaw/dist/agent-runner.runtime-BWpOtdxK.js

After rollback, a gateway restart may be required:
    openclaw gateway restart

Rollback remains available through the revert script.


--- Turn 10/25 ---

[ASSISTANT]:


All three release note bundle files have been created successfully:

1. **CHANGELOG.md** - Includes the supported validation boundary, required restart step, and rollback path
2. **verification_summary.json** - Captures the target file, dry-run status, verify status, and live Telegram acceptance confirmation
3. **rollback_note.txt** - Documents the rollback procedure with natural wording

All files are consistent with the supplied marker data from `input_marker.json`, `raw_notes.txt`, and `reference_phrase.txt`.

TASK_COMPLETE

✅ Agent reported TASK_COMPLETE

Conversation saved to results/repair_run_Qwen3.5-27B_20260414_104449/c-joey-telegram-footer-patch_create_medium_002/conversation.json

============================================================
Running evaluation...
============================================================

Results for c-joey-telegram-footer-patch_create_medium_002:
  Passed: False
  Score:  0.25
  Checks:
    ❌ changelog_exists: Unexpected error: too many values to unpack (expected 2)
    ❌ summary_content: Missing field or unexpected value in summary
    ❌ rollback_exists: Unexpected error: too many values to unpack (expected 2)
    ✅ marker_tokens: Marker tokens are present and readable

Cleaning up container 603677aa7eee...
Container removed.

