Building Docker image...
Creating new container...
Container ready: c400591b5a28
Workspace files: gen_inputs.py
input_marker.json
raw_notes.txt
reference_phrase.txt
setup.sh
workspace_out

============================================================
Starting agent interaction (Repair Mode)...
============================================================

============================================================
TASK: You are working in a fresh repository for a Telegram integration patch. Your task is to generate a small release note bundle for the OpenClaw footer patch feature: create a concise `CHANGELOG.md`, a `verification_summary.json`, and a `rollback_note.txt` based on the provided inputs. The changelog must mention the supported validation boundary, the required restart step, and the rollback path. The JSON summary must capture the discovered target file, whether dry-run and verify were performed, and whether live Telegram acceptance was confirmed. Keep the wording natural and make sure the files are consistent with the supplied marker data.
============================================================


--- Turn 1/25 ---

[ASSISTANT]:


```bash
ls -la /workspace
```

[EXECUTING bash]:
ls -la /workspace

[OUTPUT]:
total 20
drwxr-xr-x 3 root  root   166 Apr 14 02:47 .
drwxr-xr-x 1 root  root    31 Apr 14 02:47 ..
-rw-r--r-- 1 32113 42021 1139 Apr 13 11:03 gen_inputs.py
-rw-r--r-- 1 root  root   411 Apr 14 02:47 input_marker.json
-rw-r--r-- 1 root  root   193 Apr 14 02:47 raw_notes.txt
-rw-r--r-- 1 root  root   106 Apr 14 02:47 reference_phrase.txt
-rwxr-xr-x 1 32113 42021   61 Apr 13 11:03 setup.sh
drwxr-xr-x 2 root  root    10 Apr 14 02:47 workspace_out


--- Turn 2/25 ---

[ASSISTANT]:


```bash
cat /workspace/input_marker.json
```

[EXECUTING bash]:
cat /workspace/input_marker.json

[OUTPUT]:
{
  "skill_name": "telegram-footer-patch",
  "version": "OpenClaw 2026.3.22",
  "target_file": "/usr/lib/node_modules/openclaw/dist/agent-runner.runtime-BWpOtdxK.js",
  "dry_run": true,
  "verify": true,
  "live_accepted": false,
  "required_restart": "openclaw gateway restart",
  "rollback_command": "python3 scripts/revert_reply_footer.py",
  "footer_tokens": [
    "🧠",
    "💭 Think",
    "📊"
  ]
}

--- Turn 3/25 ---

[ASSISTANT]:


```bash
cat /workspace/raw_notes.txt
```

[EXECUTING bash]:
cat /workspace/raw_notes.txt

[OUTPUT]:
Live Telegram acceptance has not been confirmed yet.
Dry-run discovered the runtime bundle.
Verification confirmed the marker was written.
Rollback remains available through the revert script.


--- Turn 4/25 ---

[ASSISTANT]:


```bash
cat /workspace/reference_phrase.txt
```

[EXECUTING bash]:
cat /workspace/reference_phrase.txt

[OUTPUT]:
Supported validation boundary: static checks only; live private-chat reply required for final acceptance.


--- Turn 5/25 ---

[ASSISTANT]:


Now I have all the input data. Let me create the three required files:

1. **CHANGELOG.md** - with validation boundary, restart step, and rollback path
2. **verification_summary.json** - with target file, dry-run, verify, and live acceptance status
3. **rollback_note.txt** - with rollback instructions

```bash
cat > /workspace/CHANGELOG.md << 'EOF'
# OpenClaw Footer Patch - Changelog

## Version 2026.3.22 (telegram-footer-patch)

### Features
- Added Telegram footer integration with custom tokens (🧠, 💭 Think, 📊)
- Runtime bundle patch applied to agent-runner

### Validation Boundary
Supported validation boundary: static checks only; live private-chat reply required for final acceptance.

### Deployment Notes
- **Required Restart**: `openclaw gateway restart` must be executed after patch application
- **Rollback Path**: Use `python3 scripts/revert_reply_footer.py` to revert changes if needed

### Status
- Dry-run: Completed
- Verification: Passed
- Live Telegram Acceptance: Pending
EO...

[EXECUTING bash]:
cat > /workspace/CHANGELOG.md << 'EOF'
# OpenClaw Footer Patch - Changelog

## Version 2026.3.22 (telegram-footer-patch)

### Features
- Added Telegram footer integration with custom tokens (🧠, 💭 Think, 📊)
- Runtime bundle patch applied to agent-runner

### Validation Boundary
Supported validation boundary: static checks only; live private-chat reply required for final acceptance.

### Deployment Notes
- **Required Restart**: `openclaw gateway restart` must be executed after patch application
- **Rollback Path**: Use `python3 scripts/revert_reply_footer.py` to revert changes if needed

### Status
- Dry-run: Completed
- Verification: Passed
- Live Telegram Acceptance: Pending
EOF

[OUTPUT]:
[Command completed successfully with no output]

--- Turn 6/25 ---

[ASSISTANT]:


```bash
cat > /workspace/verification_summary.json << 'EOF'
{
  "skill_name": "telegram-footer-patch",
  "version": "OpenClaw 2026.3.22",
  "target_file": "/usr/lib/node_modules/openclaw/dist/agent-runner.runtime-BWpOtdxK.js",
  "dry_run_performed": true,
  "verify_performed": true,
  "live_telegram_acceptance_confirmed": false,
  "notes": {
    "dry_run_result": "Runtime bundle discovered",
    "verify_result": "Marker written successfully",
    "acceptance_status": "Live Telegram acceptance has not been confirmed yet"
  }
}
EOF
```

[EXECUTING bash]:
cat > /workspace/verification_summary.json << 'EOF'
{
  "skill_name": "telegram-footer-patch",
  "version": "OpenClaw 2026.3.22",
  "target_file": "/usr/lib/node_modules/openclaw/dist/agent-runner.runtime-BWpOtdxK.js",
  "dry_run_performed": true,
  "verify_performed": true,
  "live_telegram_acceptance_confirmed": false,
  "notes": {
    "dry_run_result": "Runtime bundle discovered",
    "verify_result": "Marker written successfully",
    "acceptance_status": "Live Telegram acceptance has not been confirmed yet"
  }
}
EOF

[OUTPUT]:
[Command completed successfully with no output]

--- Turn 7/25 ---

[ASSISTANT]:


```bash
cat > /workspace/rollback_note.txt << 'EOF'
Rollback Note for OpenClaw Footer Patch (2026.3.22)
====================================================

If the telegram-footer-patch needs to be reverted, execute the following command:

    python3 scripts/revert_reply_footer.py

This will restore the original agent-runner.runtime-BWpOtdxK.js file
located at: /usr/lib/node_modules/openclaw/dist/agent-runner.runtime-BWpOtdxK.js

After rollback, restart the gateway:
    openclaw gateway restart

Note: Rollback remains available through the revert script at any time.
EOF
```

[EXECUTING bash]:
cat > /workspace/rollback_note.txt << 'EOF'
Rollback Note for OpenClaw Footer Patch (2026.3.22)
====================================================

If the telegram-footer-patch needs to be reverted, execute the following command:

    python3 scripts/revert_reply_footer.py

This will restore the original agent-runner.runtime-BWpOtdxK.js file
located at: /usr/lib/node_modules/openclaw/dist/agent-runner.runtime-BWpOtdxK.js

After rollback, restart the gateway:
    openclaw gateway restart

Note: Rollback remains available through the revert script at any time.
EOF

[OUTPUT]:
[Command completed successfully with no output]

--- Turn 8/25 ---

[ASSISTANT]:


```bash
ls -la /workspace/*.md /workspace/*.json /workspace/*.txt 2>/dev/null | head -20
```

[EXECUTING bash]:
ls -la /workspace/*.md /workspace/*.json /workspace/*.txt 2>/dev/null | head -20

[OUTPUT]:
-rw-r--r-- 1 root root 654 Apr 14 02:47 /workspace/CHANGELOG.md
-rw-r--r-- 1 root root 411 Apr 14 02:47 /workspace/input_marker.json
-rw-r--r-- 1 root root 193 Apr 14 02:47 /workspace/raw_notes.txt
-rw-r--r-- 1 root root 106 Apr 14 02:47 /workspace/reference_phrase.txt
-rw-r--r-- 1 root root 523 Apr 14 02:47 /workspace/rollback_note.txt
-rw-r--r-- 1 root root 472 Apr 14 02:47 /workspace/verification_summary.json


--- Turn 9/25 ---

[ASSISTANT]:


```bash
echo "=== CHANGELOG.md ===" && cat /workspace/CHANGELOG.md && echo -e "\n=== verification_summary.json ===" && cat /workspace/verification_summary.json && echo -e "\n=== rollback_note.txt ===" && cat /workspace/rollback_note.txt
```

[EXECUTING bash]:
echo "=== CHANGELOG.md ===" && cat /workspace/CHANGELOG.md && echo -e "\n=== verification_summary.json ===" && cat /workspace/verification_summary.json && echo -e "\n=== rollback_note.txt ===" && cat /workspace/rollback_note.txt

[OUTPUT]:
=== CHANGELOG.md ===
# OpenClaw Footer Patch - Changelog

## Version 2026.3.22 (telegram-footer-patch)

### Features
- Added Telegram footer integration with custom tokens (🧠, 💭 Think, 📊)
- Runtime bundle patch applied to agent-runner

### Validation Boundary
Supported validation boundary: static checks only; live private-chat reply required for final acceptance.

### Deployment Notes
- **Required Restart**: `openclaw gateway restart` must be executed after patch application
- **Rollback Path**: Use `python3 scripts/revert_reply_footer.py` to revert changes if needed

### Status
- Dry-run: Completed
- Verification: Passed
- Live Telegram Acceptance: Pending

=== verification_summary.json ===
{
  "skill_name": "telegram-footer-patch",
  "version": "OpenClaw 2026.3.22",
  "target_file": "/usr/lib/node_modules/openclaw/dist/agent-runner.runtime-BWpOtdxK.js",
  "dry_run_performed": true,
  "verify_performed": true,
  "live_telegram_acceptance_confirmed": false,
  "notes": {
    "dry_run_result": "Runtime bundle discovered",
    "verify_result": "Marker written successfully",
    "acceptance_status": "Live Telegram acceptance has not been confirmed yet"
  }
}

=== rollback_note.txt ===
Rollback Note for OpenClaw Footer Patch (2026.3.22)
====================================================

If the telegram-footer-patch needs to be reverted, execute the following command:

    python3 scripts/revert_reply_footer.py

This will restore the original agent-runner.runtime-BWpOtdxK.js file
located at: /usr/lib/node_modules/openclaw/dist/agent-runner.runtime-BWpOtdxK.js

After rollback, restart the gateway:
    openclaw gateway restart

Note: Rollback remains available through the revert script at any time.


--- Turn 10/25 ---

[ASSISTANT]:


All three files have been created successfully:

1. **CHANGELOG.md** - Contains the validation boundary, required restart step (`openclaw gateway restart`), and rollback path (`python3 scripts/revert_reply_footer.py`)

2. **verification_summary.json** - Captures the target file, confirms dry-run and verify were performed (`true`), and shows live Telegram acceptance was not confirmed (`false`)

3. **rollback_note.txt** - Documents the rollback command and post-rollback restart procedure

All files are consistent with the supplied marker data from `input_marker.json` and incorporate information from `raw_notes.txt` and `reference_phrase.txt`.

TASK_COMPLETE

✅ Agent reported TASK_COMPLETE

Conversation saved to results/repair_run_Qwen3.5-27B_20260414_104727/c-joey-telegram-footer-patch_create_medium_002/conversation.json

============================================================
Running evaluation...
============================================================

Results for c-joey-telegram-footer-patch_create_medium_002:
  Passed: True
  Score:  1.00
  Checks:
    ✅ changelog_content: Found required operational references
    ✅ summary_content: Summary fields and values look correct
    ✅ rollback_content: Rollback note includes revert and restart guidance
    ✅ marker_tokens: Marker tokens are present and readable

Cleaning up container c400591b5a28...
Container removed.

