Building Docker image...
Creating new container...
Container ready: 850019e02efc
Workspace files: gen_inputs.py
setup.sh
workspace

============================================================
Starting agent interaction (Repair Mode)...
============================================================

============================================================
TASK: /sync add office-peer 100.64.12.34 clawdbot /home/clawdbot/clawd $WORKSPACE
/sync push office-peer

Please prepare the workspace so my local memory and sync history are ready to send to the new office peer. I want a dry, inspectable setup: update the peer registry, record a pending sync entry, and make sure the sync config reflects that this peer should be included in the next bi-directional sync. Do not touch identity files or instance-specific config.
============================================================


--- Turn 1/25 ---

[ASSISTANT]:


```bash
ls -la /workspace
```

[EXECUTING bash]:
ls -la /workspace

[OUTPUT]:
total 8
drwxr-xr-x 3 root  root    76 Apr 14 01:14 .
drwxr-xr-x 1 root  root    31 Apr 14 01:14 ..
-rw-r--r-- 1 32113 42021 1179 Apr 13 11:11 gen_inputs.py
-rwxr-xr-x 1 32113 42021   56 Apr 13 11:11 setup.sh
drwxr-xr-x 3 root  root    28 Apr 14 01:14 workspace


--- Turn 2/25 ---

[ASSISTANT]:


```bash
ls -la /workspace/workspace
```

[EXECUTING bash]:
ls -la /workspace/workspace

[OUTPUT]:
total 0
drwxr-xr-x 3 root root 28 Apr 14 01:14 .
drwxr-xr-x 3 root root 76 Apr 14 01:14 ..
drwxr-xr-x 3 root root 99 Apr 14 01:14 memory


--- Turn 3/25 ---

[ASSISTANT]:


```bash
ls -la /workspace/workspace/memory
```

[EXECUTING bash]:
ls -la /workspace/workspace/memory

[OUTPUT]:
total 12
drwxr-xr-x 3 root root 99 Apr 14 01:14 .
drwxr-xr-x 3 root root 28 Apr 14 01:14 ..
-rw-r--r-- 1 root root 40 Apr 14 01:14 IDENTITY.md
-rw-r--r-- 1 root root 33 Apr 14 01:14 README.txt
-rw-r--r-- 1 root root 32 Apr 14 01:14 USER.md
drwxr-xr-x 2 root root 79 Apr 14 01:14 clawdbot-sync


--- Turn 4/25 ---

[ASSISTANT]:


```bash
ls -la /workspace/workspace/memory/clawdbot-sync
```

[EXECUTING bash]:
ls -la /workspace/workspace/memory/clawdbot-sync

[OUTPUT]:
total 12
drwxr-xr-x 2 root root 79 Apr 14 01:14 .
drwxr-xr-x 3 root root 99 Apr 14 01:14 ..
-rw-r--r-- 1 root root 77 Apr 14 01:14 config.json
-rw-r--r-- 1 root root 20 Apr 14 01:14 history.json
-rw-r--r-- 1 root root 18 Apr 14 01:14 peers.json


--- Turn 5/25 ---

[ASSISTANT]:


```bash
cat /workspace/workspace/memory/clawdbot-sync/config.json
```

[EXECUTING bash]:
cat /workspace/workspace/memory/clawdbot-sync/config.json

[OUTPUT]:
{
  "auto_sync": false,
  "sync_identity": false,
  "include_skills": true
}


--- Turn 6/25 ---

[ASSISTANT]:


```bash
cat /workspace/workspace/memory/clawdbot-sync/peers.json
```

[EXECUTING bash]:
cat /workspace/workspace/memory/clawdbot-sync/peers.json

[OUTPUT]:
{
  "peers": []
}


--- Turn 7/25 ---

[ASSISTANT]:


```bash
cat /workspace/workspace/memory/clawdbot-sync/history.json
```

[EXECUTING bash]:
cat /workspace/workspace/memory/clawdbot-sync/history.json

[OUTPUT]:
{
  "entries": []
}


--- Turn 8/25 ---

[ASSISTANT]:


```bash
cat /workspace/workspace/memory/IDENTITY.md
```

[EXECUTING bash]:
cat /workspace/workspace/memory/IDENTITY.md

[OUTPUT]:
instance identity marker: keep-separate


--- Turn 9/25 ---

[ASSISTANT]:


Now I understand the structure. I need to:
1. Add "office-peer" to peers.json with IP 100.64.12.34, path /home/clawdbot/clawd, and $WORKSPACE
2. Record a pending sync entry in history.json
3. Update config.json to include this peer in bi-directional sync

Let me update the peers.json first:

```bash
cat > /workspace/workspace/memory/clawdbot-sync/peers.json << 'EOF'
{
  "peers": [
    {
      "name": "office-peer",
      "address": "100.64.12.34",
      "path": "/home/clawdbot/clawd",
      "workspace": "$WORKSPACE"
    }
  ]
}
EOF
```

[EXECUTING bash]:
cat > /workspace/workspace/memory/clawdbot-sync/peers.json << 'EOF'
{
  "peers": [
    {
      "name": "office-peer",
      "address": "100.64.12.34",
      "path": "/home/clawdbot/clawd",
      "workspace": "$WORKSPACE"
    }
  ]
}
EOF

[OUTPUT]:
[Command completed successfully with no output]

--- Turn 10/25 ---

[ASSISTANT]:


```bash
cat > /workspace/workspace/memory/clawdbot-sync/history.json << 'EOF'
{
  "entries": [
    {
      "action": "push",
      "peer": "office-peer",
      "status": "pending",
      "timestamp": "2024-04-14T00:00:00Z"
    }
  ]
}
EOF
```

[EXECUTING bash]:
cat > /workspace/workspace/memory/clawdbot-sync/history.json << 'EOF'
{
  "entries": [
    {
      "action": "push",
      "peer": "office-peer",
      "status": "pending",
      "timestamp": "2024-04-14T00:00:00Z"
    }
  ]
}
EOF

[OUTPUT]:
[Command completed successfully with no output]

--- Turn 11/25 ---

[ASSISTANT]:


```bash
cat > /workspace/workspace/memory/clawdbot-sync/config.json << 'EOF'
{
  "auto_sync": false,
  "sync_identity": false,
  "include_skills": true,
  "bidirectional_sync": true,
  "sync_peers": ["office-peer"]
}
EOF
```

[EXECUTING bash]:
cat > /workspace/workspace/memory/clawdbot-sync/config.json << 'EOF'
{
  "auto_sync": false,
  "sync_identity": false,
  "include_skills": true,
  "bidirectional_sync": true,
  "sync_peers": ["office-peer"]
}
EOF

[OUTPUT]:
[Command completed successfully with no output]

--- Turn 12/25 ---

[ASSISTANT]:


```bash
echo "=== peers.json ===" && cat /workspace/workspace/memory/clawdbot-sync/peers.json && echo -e "\n=== history.json ===" && cat /workspace/workspace/memory/clawdbot-sync/history.json && echo -e "\n=== config.json ===" && cat /workspace/workspace/memory/clawdbot-sync/config.json
```

[EXECUTING bash]:
echo "=== peers.json ===" && cat /workspace/workspace/memory/clawdbot-sync/peers.json && echo -e "\n=== history.json ===" && cat /workspace/workspace/memory/clawdbot-sync/history.json && echo -e "\n=== config.json ===" && cat /workspace/workspace/memory/clawdbot-sync/config.json

[OUTPUT]:
=== peers.json ===
{
  "peers": [
    {
      "name": "office-peer",
      "address": "100.64.12.34",
      "path": "/home/clawdbot/clawd",
      "workspace": "$WORKSPACE"
    }
  ]
}

=== history.json ===
{
  "entries": [
    {
      "action": "push",
      "peer": "office-peer",
      "status": "pending",
      "timestamp": "2024-04-14T00:00:00Z"
    }
  ]
}

=== config.json ===
{
  "auto_sync": false,
  "sync_identity": false,
  "include_skills": true,
  "bidirectional_sync": true,
  "sync_peers": ["office-peer"]
}


--- Turn 13/25 ---

[ASSISTANT]:


TASK_COMPLETE

✅ Agent reported TASK_COMPLETE

Conversation saved to results/repair_run_Qwen3.5-27B_20260414_091413/udiedrichsen-clawdbot-sync_create_medium_003/conversation.json

============================================================
Running evaluation...
============================================================

Results for udiedrichsen-clawdbot-sync_create_medium_003:
  Passed: False
  Score:  0.00
  Checks:
    ❌ peer registry updated: missing peers.json
    ❌ pending sync entry recorded: missing history.json
    ❌ sync config adjusted: missing config.json
    ❌ identity file preserved: IDENTITY.md missing

Cleaning up container 850019e02efc...
Container removed.

